<?xml version="1.0" encoding="UTF-8"?>
<testsuites>
  <testsuite name="C:\Users\USUARIO\Documents\Documentos Christian\Archivos Estudio\Sena\PROYECTO FORMATIVO\BackEnd\Conexion-EcoRisaralda\phpunit.xml" tests="66" assertions="2" errors="65" failures="0" skipped="0" time="0.087754">
    <testsuite name="Unit" tests="6" assertions="0" errors="6" failures="0" skipped="0" time="0.000000">
      <testsuite name="Tests\Unit\TuristicPlaceModelTest" file="C:\Users\USUARIO\Documents\Documentos Christian\Archivos Estudio\Sena\PROYECTO FORMATIVO\BackEnd\Conexion-EcoRisaralda\tests\Unit\TuristicPlaceModelTest.php" tests="6" assertions="0" errors="6" failures="0" skipped="0" time="0.000000">
        <testcase name="test_place_has_fillable_attributes" file="C:\Users\USUARIO\Documents\Documentos Christian\Archivos Estudio\Sena\PROYECTO FORMATIVO\BackEnd\Conexion-EcoRisaralda\tests\Unit\TuristicPlaceModelTest.php" line="14" class="Tests\Unit\TuristicPlaceModelTest" classname="Tests.Unit.TuristicPlaceModelTest" assertions="0" time="0.000000">
          <error type="Illuminate\Database\QueryException">Tests\Unit\TuristicPlaceModelTest::test_place_has_fillable_attributes&#13;
Illuminate\Database\QueryException: SQLSTATE[HY000]: General error: 1 near "MODIFY": syntax error (Connection: sqlite, Database: :memory:, SQL: ALTER TABLE users MODIFY status ENUM('pending','approved','rejected','active','inactive') DEFAULT 'active')
&#13;
C:\Users\USUARIO\Documents\Documentos Christian\Archivos Estudio\Sena\PROYECTO FORMATIVO\BackEnd\Conexion-EcoRisaralda\vendor\laravel\framework\src\Illuminate\Database\Connection.php:838
C:\Users\USUARIO\Documents\Documentos Christian\Archivos Estudio\Sena\PROYECTO FORMATIVO\BackEnd\Conexion-EcoRisaralda\vendor\laravel\framework\src\Illuminate\Database\Connection.php:794
C:\Users\USUARIO\Documents\Documentos Christian\Archivos Estudio\Sena\PROYECTO FORMATIVO\BackEnd\Conexion-EcoRisaralda\vendor\laravel\framework\src\Illuminate\Database\Connection.php:573
C:\Users\USUARIO\Documents\Documentos Christian\Archivos Estudio\Sena\PROYECTO FORMATIVO\BackEnd\Conexion-EcoRisaralda\vendor\laravel\framework\src\Illuminate\Database\DatabaseManager.php:491
C:\Users\USUARIO\Documents\Documentos Christian\Archivos Estudio\Sena\PROYECTO FORMATIVO\BackEnd\Conexion-EcoRisaralda\vendor\laravel\framework\src\Illuminate\Support\Facades\Facade.php:363
C:\Users\USUARIO\Documents\Documentos Christian\Archivos Estudio\Sena\PROYECTO FORMATIVO\BackEnd\Conexion-EcoRisaralda\database\migrations\2026_02_09_000001_add_inactive_to_status_enum_on_users_table.php:16
C:\Users\USUARIO\Documents\Documentos Christian\Archivos Estudio\Sena\PROYECTO FORMATIVO\BackEnd\Conexion-EcoRisaralda\vendor\laravel\framework\src\Illuminate\Database\Migrations\Migrator.php:517
C:\Users\USUARIO\Documents\Documentos Christian\Archivos Estudio\Sena\PROYECTO FORMATIVO\BackEnd\Conexion-EcoRisaralda\vendor\laravel\framework\src\Illuminate\Database\Migrations\Migrator.php:442
C:\Users\USUARIO\Documents\Documentos Christian\Archivos Estudio\Sena\PROYECTO FORMATIVO\BackEnd\Conexion-EcoRisaralda\vendor\laravel\framework\src\Illuminate\Database\Migrations\Migrator.php:451
C:\Users\USUARIO\Documents\Documentos Christian\Archivos Estudio\Sena\PROYECTO FORMATIVO\BackEnd\Conexion-EcoRisaralda\vendor\laravel\framework\src\Illuminate\Database\Migrations\Migrator.php:253
C:\Users\USUARIO\Documents\Documentos Christian\Archivos Estudio\Sena\PROYECTO FORMATIVO\BackEnd\Conexion-EcoRisaralda\vendor\laravel\framework\src\Illuminate\Console\View\Components\Task.php:41
C:\Users\USUARIO\Documents\Documentos Christian\Archivos Estudio\Sena\PROYECTO FORMATIVO\BackEnd\Conexion-EcoRisaralda\vendor\laravel\framework\src\Illuminate\Database\Migrations\Migrator.php:814
C:\Users\USUARIO\Documents\Documentos Christian\Archivos Estudio\Sena\PROYECTO FORMATIVO\BackEnd\Conexion-EcoRisaralda\vendor\laravel\framework\src\Illuminate\Database\Migrations\Migrator.php:253
C:\Users\USUARIO\Documents\Documentos Christian\Archivos Estudio\Sena\PROYECTO FORMATIVO\BackEnd\Conexion-EcoRisaralda\vendor\laravel\framework\src\Illuminate\Database\Migrations\Migrator.php:211
C:\Users\USUARIO\Documents\Documentos Christian\Archivos Estudio\Sena\PROYECTO FORMATIVO\BackEnd\Conexion-EcoRisaralda\vendor\laravel\framework\src\Illuminate\Database\Migrations\Migrator.php:138
C:\Users\USUARIO\Documents\Documentos Christian\Archivos Estudio\Sena\PROYECTO FORMATIVO\BackEnd\Conexion-EcoRisaralda\vendor\laravel\framework\src\Illuminate\Database\Console\Migrations\MigrateCommand.php:116
C:\Users\USUARIO\Documents\Documentos Christian\Archivos Estudio\Sena\PROYECTO FORMATIVO\BackEnd\Conexion-EcoRisaralda\vendor\laravel\framework\src\Illuminate\Database\Migrations\Migrator.php:671
C:\Users\USUARIO\Documents\Documentos Christian\Archivos Estudio\Sena\PROYECTO FORMATIVO\BackEnd\Conexion-EcoRisaralda\vendor\laravel\framework\src\Illuminate\Database\Console\Migrations\MigrateCommand.php:109
C:\Users\USUARIO\Documents\Documentos Christian\Archivos Estudio\Sena\PROYECTO FORMATIVO\BackEnd\Conexion-EcoRisaralda\vendor\laravel\framework\src\Illuminate\Database\Console\Migrations\MigrateCommand.php:88
C:\Users\USUARIO\Documents\Documentos Christian\Archivos Estudio\Sena\PROYECTO FORMATIVO\BackEnd\Conexion-EcoRisaralda\vendor\laravel\framework\src\Illuminate\Container\BoundMethod.php:36
C:\Users\USUARIO\Documents\Documentos Christian\Archivos Estudio\Sena\PROYECTO FORMATIVO\BackEnd\Conexion-EcoRisaralda\vendor\laravel\framework\src\Illuminate\Container\Util.php:43
C:\Users\USUARIO\Documents\Documentos Christian\Archivos Estudio\Sena\PROYECTO FORMATIVO\BackEnd\Conexion-EcoRisaralda\vendor\laravel\framework\src\Illuminate\Container\BoundMethod.php:96
C:\Users\USUARIO\Documents\Documentos Christian\Archivos Estudio\Sena\PROYECTO FORMATIVO\BackEnd\Conexion-EcoRisaralda\vendor\laravel\framework\src\Illuminate\Container\BoundMethod.php:35
C:\Users\USUARIO\Documents\Documentos Christian\Archivos Estudio\Sena\PROYECTO FORMATIVO\BackEnd\Conexion-EcoRisaralda\vendor\laravel\framework\src\Illuminate\Container\Container.php:799
C:\Users\USUARIO\Documents\Documentos Christian\Archivos Estudio\Sena\PROYECTO FORMATIVO\BackEnd\Conexion-EcoRisaralda\vendor\laravel\framework\src\Illuminate\Console\Command.php:211
C:\Users\USUARIO\Documents\Documentos Christian\Archivos Estudio\Sena\PROYECTO FORMATIVO\BackEnd\Conexion-EcoRisaralda\vendor\symfony\console\Command\Command.php:341
C:\Users\USUARIO\Documents\Documentos Christian\Archivos Estudio\Sena\PROYECTO FORMATIVO\BackEnd\Conexion-EcoRisaralda\vendor\laravel\framework\src\Illuminate\Console\Command.php:180
C:\Users\USUARIO\Documents\Documentos Christian\Archivos Estudio\Sena\PROYECTO FORMATIVO\BackEnd\Conexion-EcoRisaralda\vendor\laravel\framework\src\Illuminate\Console\Concerns\CallsCommands.php:68
C:\Users\USUARIO\Documents\Documentos Christian\Archivos Estudio\Sena\PROYECTO FORMATIVO\BackEnd\Conexion-EcoRisaralda\vendor\laravel\framework\src\Illuminate\Console\Concerns\CallsCommands.php:29
C:\Users\USUARIO\Documents\Documentos Christian\Archivos Estudio\Sena\PROYECTO FORMATIVO\BackEnd\Conexion-EcoRisaralda\vendor\laravel\framework\src\Illuminate\Database\Console\Migrations\FreshCommand.php:81
C:\Users\USUARIO\Documents\Documentos Christian\Archivos Estudio\Sena\PROYECTO FORMATIVO\BackEnd\Conexion-EcoRisaralda\vendor\laravel\framework\src\Illuminate\Container\BoundMethod.php:36
C:\Users\USUARIO\Documents\Documentos Christian\Archivos Estudio\Sena\PROYECTO FORMATIVO\BackEnd\Conexion-EcoRisaralda\vendor\laravel\framework\src\Illuminate\Container\Util.php:43
C:\Users\USUARIO\Documents\Documentos Christian\Archivos Estudio\Sena\PROYECTO FORMATIVO\BackEnd\Conexion-EcoRisaralda\vendor\laravel\framework\src\Illuminate\Container\BoundMethod.php:96
C:\Users\USUARIO\Documents\Documentos Christian\Archivos Estudio\Sena\PROYECTO FORMATIVO\BackEnd\Conexion-EcoRisaralda\vendor\laravel\framework\src\Illuminate\Container\BoundMethod.php:35
C:\Users\USUARIO\Documents\Documentos Christian\Archivos Estudio\Sena\PROYECTO FORMATIVO\BackEnd\Conexion-EcoRisaralda\vendor\laravel\framework\src\Illuminate\Container\Container.php:799
C:\Users\USUARIO\Documents\Documentos Christian\Archivos Estudio\Sena\PROYECTO FORMATIVO\BackEnd\Conexion-EcoRisaralda\vendor\laravel\framework\src\Illuminate\Console\Command.php:211
C:\Users\USUARIO\Documents\Documentos Christian\Archivos Estudio\Sena\PROYECTO FORMATIVO\BackEnd\Conexion-EcoRisaralda\vendor\symfony\console\Command\Command.php:341
C:\Users\USUARIO\Documents\Documentos Christian\Archivos Estudio\Sena\PROYECTO FORMATIVO\BackEnd\Conexion-EcoRisaralda\vendor\laravel\framework\src\Illuminate\Console\Command.php:180
C:\Users\USUARIO\Documents\Documentos Christian\Archivos Estudio\Sena\PROYECTO FORMATIVO\BackEnd\Conexion-EcoRisaralda\vendor\symfony\console\Application.php:1079
C:\Users\USUARIO\Documents\Documentos Christian\Archivos Estudio\Sena\PROYECTO FORMATIVO\BackEnd\Conexion-EcoRisaralda\vendor\symfony\console\Application.php:356
C:\Users\USUARIO\Documents\Documentos Christian\Archivos Estudio\Sena\PROYECTO FORMATIVO\BackEnd\Conexion-EcoRisaralda\vendor\symfony\console\Application.php:195
C:\Users\USUARIO\Documents\Documentos Christian\Archivos Estudio\Sena\PROYECTO FORMATIVO\BackEnd\Conexion-EcoRisaralda\vendor\laravel\framework\src\Illuminate\Console\Application.php:165
C:\Users\USUARIO\Documents\Documentos Christian\Archivos Estudio\Sena\PROYECTO FORMATIVO\BackEnd\Conexion-EcoRisaralda\vendor\laravel\framework\src\Illuminate\Foundation\Console\Kernel.php:447
C:\Users\USUARIO\Documents\Documentos Christian\Archivos Estudio\Sena\PROYECTO FORMATIVO\BackEnd\Conexion-EcoRisaralda\vendor\laravel\framework\src\Illuminate\Testing\PendingCommand.php:451
C:\Users\USUARIO\Documents\Documentos Christian\Archivos Estudio\Sena\PROYECTO FORMATIVO\BackEnd\Conexion-EcoRisaralda\vendor\laravel\framework\src\Illuminate\Testing\PendingCommand.php:675
C:\Users\USUARIO\Documents\Documentos Christian\Archivos Estudio\Sena\PROYECTO FORMATIVO\BackEnd\Conexion-EcoRisaralda\vendor\laravel\framework\src\Illuminate\Foundation\Testing\Concerns\InteractsWithConsole.php:87
C:\Users\USUARIO\Documents\Documentos Christian\Archivos Estudio\Sena\PROYECTO FORMATIVO\BackEnd\Conexion-EcoRisaralda\vendor\laravel\framework\src\Illuminate\Foundation\Testing\RefreshDatabase.php:119
C:\Users\USUARIO\Documents\Documentos Christian\Archivos Estudio\Sena\PROYECTO FORMATIVO\BackEnd\Conexion-EcoRisaralda\vendor\laravel\framework\src\Illuminate\Foundation\Testing\RefreshDatabase.php:84
C:\Users\USUARIO\Documents\Documentos Christian\Archivos Estudio\Sena\PROYECTO FORMATIVO\BackEnd\Conexion-EcoRisaralda\vendor\laravel\framework\src\Illuminate\Foundation\Testing\RefreshDatabase.php:25
C:\Users\USUARIO\Documents\Documentos Christian\Archivos Estudio\Sena\PROYECTO FORMATIVO\BackEnd\Conexion-EcoRisaralda\vendor\laravel\framework\src\Illuminate\Foundation\Testing\Concerns\InteractsWithTestCaseLifecycle.php:217
C:\Users\USUARIO\Documents\Documentos Christian\Archivos Estudio\Sena\PROYECTO FORMATIVO\BackEnd\Conexion-EcoRisaralda\vendor\laravel\framework\src\Illuminate\Foundation\Testing\Concerns\InteractsWithTestCaseLifecycle.php:101
C:\Users\USUARIO\Documents\Documentos Christian\Archivos Estudio\Sena\PROYECTO FORMATIVO\BackEnd\Conexion-EcoRisaralda\vendor\laravel\framework\src\Illuminate\Foundation\Testing\TestCase.php:63</error>
        </testcase>
        <testcase name="test_place_casts_open_days_to_array" file="C:\Users\USUARIO\Documents\Documentos Christian\Archivos Estudio\Sena\PROYECTO FORMATIVO\BackEnd\Conexion-EcoRisaralda\tests\Unit\TuristicPlaceModelTest.php" line="27" class="Tests\Unit\TuristicPlaceModelTest" classname="Tests.Unit.TuristicPlaceModelTest" assertions="0" time="0.000000">
          <error type="Illuminate\Database\QueryException">Tests\Unit\TuristicPlaceModelTest::test_place_casts_open_days_to_array&#13;
Illuminate\Database\QueryException: SQLSTATE[HY000]: General error: 1 near "MODIFY": syntax error (Connection: sqlite, Database: :memory:, SQL: ALTER TABLE users MODIFY status ENUM('pending','approved','rejected','active','inactive') DEFAULT 'active')
&#13;
C:\Users\USUARIO\Documents\Documentos Christian\Archivos Estudio\Sena\PROYECTO FORMATIVO\BackEnd\Conexion-EcoRisaralda\vendor\laravel\framework\src\Illuminate\Database\Connection.php:838
C:\Users\USUARIO\Documents\Documentos Christian\Archivos Estudio\Sena\PROYECTO FORMATIVO\BackEnd\Conexion-EcoRisaralda\vendor\laravel\framework\src\Illuminate\Database\Connection.php:794
C:\Users\USUARIO\Documents\Documentos Christian\Archivos Estudio\Sena\PROYECTO FORMATIVO\BackEnd\Conexion-EcoRisaralda\vendor\laravel\framework\src\Illuminate\Database\Connection.php:573
C:\Users\USUARIO\Documents\Documentos Christian\Archivos Estudio\Sena\PROYECTO FORMATIVO\BackEnd\Conexion-EcoRisaralda\vendor\laravel\framework\src\Illuminate\Database\DatabaseManager.php:491
C:\Users\USUARIO\Documents\Documentos Christian\Archivos Estudio\Sena\PROYECTO FORMATIVO\BackEnd\Conexion-EcoRisaralda\vendor\laravel\framework\src\Illuminate\Support\Facades\Facade.php:363
C:\Users\USUARIO\Documents\Documentos Christian\Archivos Estudio\Sena\PROYECTO FORMATIVO\BackEnd\Conexion-EcoRisaralda\database\migrations\2026_02_09_000001_add_inactive_to_status_enum_on_users_table.php:16
C:\Users\USUARIO\Documents\Documentos Christian\Archivos Estudio\Sena\PROYECTO FORMATIVO\BackEnd\Conexion-EcoRisaralda\vendor\laravel\framework\src\Illuminate\Database\Migrations\Migrator.php:517
C:\Users\USUARIO\Documents\Documentos Christian\Archivos Estudio\Sena\PROYECTO FORMATIVO\BackEnd\Conexion-EcoRisaralda\vendor\laravel\framework\src\Illuminate\Database\Migrations\Migrator.php:442
C:\Users\USUARIO\Documents\Documentos Christian\Archivos Estudio\Sena\PROYECTO FORMATIVO\BackEnd\Conexion-EcoRisaralda\vendor\laravel\framework\src\Illuminate\Database\Migrations\Migrator.php:451
C:\Users\USUARIO\Documents\Documentos Christian\Archivos Estudio\Sena\PROYECTO FORMATIVO\BackEnd\Conexion-EcoRisaralda\vendor\laravel\framework\src\Illuminate\Database\Migrations\Migrator.php:253
C:\Users\USUARIO\Documents\Documentos Christian\Archivos Estudio\Sena\PROYECTO FORMATIVO\BackEnd\Conexion-EcoRisaralda\vendor\laravel\framework\src\Illuminate\Console\View\Components\Task.php:41
C:\Users\USUARIO\Documents\Documentos Christian\Archivos Estudio\Sena\PROYECTO FORMATIVO\BackEnd\Conexion-EcoRisaralda\vendor\laravel\framework\src\Illuminate\Database\Migrations\Migrator.php:814
C:\Users\USUARIO\Documents\Documentos Christian\Archivos Estudio\Sena\PROYECTO FORMATIVO\BackEnd\Conexion-EcoRisaralda\vendor\laravel\framework\src\Illuminate\Database\Migrations\Migrator.php:253
C:\Users\USUARIO\Documents\Documentos Christian\Archivos Estudio\Sena\PROYECTO FORMATIVO\BackEnd\Conexion-EcoRisaralda\vendor\laravel\framework\src\Illuminate\Database\Migrations\Migrator.php:211
C:\Users\USUARIO\Documents\Documentos Christian\Archivos Estudio\Sena\PROYECTO FORMATIVO\BackEnd\Conexion-EcoRisaralda\vendor\laravel\framework\src\Illuminate\Database\Migrations\Migrator.php:138
C:\Users\USUARIO\Documents\Documentos Christian\Archivos Estudio\Sena\PROYECTO FORMATIVO\BackEnd\Conexion-EcoRisaralda\vendor\laravel\framework\src\Illuminate\Database\Console\Migrations\MigrateCommand.php:116
C:\Users\USUARIO\Documents\Documentos Christian\Archivos Estudio\Sena\PROYECTO FORMATIVO\BackEnd\Conexion-EcoRisaralda\vendor\laravel\framework\src\Illuminate\Database\Migrations\Migrator.php:671
C:\Users\USUARIO\Documents\Documentos Christian\Archivos Estudio\Sena\PROYECTO FORMATIVO\BackEnd\Conexion-EcoRisaralda\vendor\laravel\framework\src\Illuminate\Database\Console\Migrations\MigrateCommand.php:109
C:\Users\USUARIO\Documents\Documentos Christian\Archivos Estudio\Sena\PROYECTO FORMATIVO\BackEnd\Conexion-EcoRisaralda\vendor\laravel\framework\src\Illuminate\Database\Console\Migrations\MigrateCommand.php:88
C:\Users\USUARIO\Documents\Documentos Christian\Archivos Estudio\Sena\PROYECTO FORMATIVO\BackEnd\Conexion-EcoRisaralda\vendor\laravel\framework\src\Illuminate\Container\BoundMethod.php:36
C:\Users\USUARIO\Documents\Documentos Christian\Archivos Estudio\Sena\PROYECTO FORMATIVO\BackEnd\Conexion-EcoRisaralda\vendor\laravel\framework\src\Illuminate\Container\Util.php:43
C:\Users\USUARIO\Documents\Documentos Christian\Archivos Estudio\Sena\PROYECTO FORMATIVO\BackEnd\Conexion-EcoRisaralda\vendor\laravel\framework\src\Illuminate\Container\BoundMethod.php:96
C:\Users\USUARIO\Documents\Documentos Christian\Archivos Estudio\Sena\PROYECTO FORMATIVO\BackEnd\Conexion-EcoRisaralda\vendor\laravel\framework\src\Illuminate\Container\BoundMethod.php:35
C:\Users\USUARIO\Documents\Documentos Christian\Archivos Estudio\Sena\PROYECTO FORMATIVO\BackEnd\Conexion-EcoRisaralda\vendor\laravel\framework\src\Illuminate\Container\Container.php:799
C:\Users\USUARIO\Documents\Documentos Christian\Archivos Estudio\Sena\PROYECTO FORMATIVO\BackEnd\Conexion-EcoRisaralda\vendor\laravel\framework\src\Illuminate\Console\Command.php:211
C:\Users\USUARIO\Documents\Documentos Christian\Archivos Estudio\Sena\PROYECTO FORMATIVO\BackEnd\Conexion-EcoRisaralda\vendor\symfony\console\Command\Command.php:341
C:\Users\USUARIO\Documents\Documentos Christian\Archivos Estudio\Sena\PROYECTO FORMATIVO\BackEnd\Conexion-EcoRisaralda\vendor\laravel\framework\src\Illuminate\Console\Command.php:180
C:\Users\USUARIO\Documents\Documentos Christian\Archivos Estudio\Sena\PROYECTO FORMATIVO\BackEnd\Conexion-EcoRisaralda\vendor\laravel\framework\src\Illuminate\Console\Concerns\CallsCommands.php:68
C:\Users\USUARIO\Documents\Documentos Christian\Archivos Estudio\Sena\PROYECTO FORMATIVO\BackEnd\Conexion-EcoRisaralda\vendor\laravel\framework\src\Illuminate\Console\Concerns\CallsCommands.php:29
C:\Users\USUARIO\Documents\Documentos Christian\Archivos Estudio\Sena\PROYECTO FORMATIVO\BackEnd\Conexion-EcoRisaralda\vendor\laravel\framework\src\Illuminate\Database\Console\Migrations\FreshCommand.php:81
C:\Users\USUARIO\Documents\Documentos Christian\Archivos Estudio\Sena\PROYECTO FORMATIVO\BackEnd\Conexion-EcoRisaralda\vendor\laravel\framework\src\Illuminate\Container\BoundMethod.php:36
C:\Users\USUARIO\Documents\Documentos Christian\Archivos Estudio\Sena\PROYECTO FORMATIVO\BackEnd\Conexion-EcoRisaralda\vendor\laravel\framework\src\Illuminate\Container\Util.php:43
C:\Users\USUARIO\Documents\Documentos Christian\Archivos Estudio\Sena\PROYECTO FORMATIVO\BackEnd\Conexion-EcoRisaralda\vendor\laravel\framework\src\Illuminate\Container\BoundMethod.php:96
C:\Users\USUARIO\Documents\Documentos Christian\Archivos Estudio\Sena\PROYECTO FORMATIVO\BackEnd\Conexion-EcoRisaralda\vendor\laravel\framework\src\Illuminate\Container\BoundMethod.php:35
C:\Users\USUARIO\Documents\Documentos Christian\Archivos Estudio\Sena\PROYECTO FORMATIVO\BackEnd\Conexion-EcoRisaralda\vendor\laravel\framework\src\Illuminate\Container\Container.php:799
C:\Users\USUARIO\Documents\Documentos Christian\Archivos Estudio\Sena\PROYECTO FORMATIVO\BackEnd\Conexion-EcoRisaralda\vendor\laravel\framework\src\Illuminate\Console\Command.php:211
C:\Users\USUARIO\Documents\Documentos Christian\Archivos Estudio\Sena\PROYECTO FORMATIVO\BackEnd\Conexion-EcoRisaralda\vendor\symfony\console\Command\Command.php:341
C:\Users\USUARIO\Documents\Documentos Christian\Archivos Estudio\Sena\PROYECTO FORMATIVO\BackEnd\Conexion-EcoRisaralda\vendor\laravel\framework\src\Illuminate\Console\Command.php:180
C:\Users\USUARIO\Documents\Documentos Christian\Archivos Estudio\Sena\PROYECTO FORMATIVO\BackEnd\Conexion-EcoRisaralda\vendor\symfony\console\Application.php:1079
C:\Users\USUARIO\Documents\Documentos Christian\Archivos Estudio\Sena\PROYECTO FORMATIVO\BackEnd\Conexion-EcoRisaralda\vendor\symfony\console\Application.php:356
C:\Users\USUARIO\Documents\Documentos Christian\Archivos Estudio\Sena\PROYECTO FORMATIVO\BackEnd\Conexion-EcoRisaralda\vendor\symfony\console\Application.php:195
C:\Users\USUARIO\Documents\Documentos Christian\Archivos Estudio\Sena\PROYECTO FORMATIVO\BackEnd\Conexion-EcoRisaralda\vendor\laravel\framework\src\Illuminate\Console\Application.php:165
C:\Users\USUARIO\Documents\Documentos Christian\Archivos Estudio\Sena\PROYECTO FORMATIVO\BackEnd\Conexion-EcoRisaralda\vendor\laravel\framework\src\Illuminate\Foundation\Console\Kernel.php:447
C:\Users\USUARIO\Documents\Documentos Christian\Archivos Estudio\Sena\PROYECTO FORMATIVO\BackEnd\Conexion-EcoRisaralda\vendor\laravel\framework\src\Illuminate\Testing\PendingCommand.php:451
C:\Users\USUARIO\Documents\Documentos Christian\Archivos Estudio\Sena\PROYECTO FORMATIVO\BackEnd\Conexion-EcoRisaralda\vendor\laravel\framework\src\Illuminate\Testing\PendingCommand.php:675
C:\Users\USUARIO\Documents\Documentos Christian\Archivos Estudio\Sena\PROYECTO FORMATIVO\BackEnd\Conexion-EcoRisaralda\vendor\laravel\framework\src\Illuminate\Foundation\Testing\Concerns\InteractsWithConsole.php:87
C:\Users\USUARIO\Documents\Documentos Christian\Archivos Estudio\Sena\PROYECTO FORMATIVO\BackEnd\Conexion-EcoRisaralda\vendor\laravel\framework\src\Illuminate\Foundation\Testing\RefreshDatabase.php:119
C:\Users\USUARIO\Documents\Documentos Christian\Archivos Estudio\Sena\PROYECTO FORMATIVO\BackEnd\Conexion-EcoRisaralda\vendor\laravel\framework\src\Illuminate\Foundation\Testing\RefreshDatabase.php:84
C:\Users\USUARIO\Documents\Documentos Christian\Archivos Estudio\Sena\PROYECTO FORMATIVO\BackEnd\Conexion-EcoRisaralda\vendor\laravel\framework\src\Illuminate\Foundation\Testing\RefreshDatabase.php:25
C:\Users\USUARIO\Documents\Documentos Christian\Archivos Estudio\Sena\PROYECTO FORMATIVO\BackEnd\Conexion-EcoRisaralda\vendor\laravel\framework\src\Illuminate\Foundation\Testing\Concerns\InteractsWithTestCaseLifecycle.php:217
C:\Users\USUARIO\Documents\Documentos Christian\Archivos Estudio\Sena\PROYECTO FORMATIVO\BackEnd\Conexion-EcoRisaralda\vendor\laravel\framework\src\Illuminate\Foundation\Testing\Concerns\InteractsWithTestCaseLifecycle.php:101
C:\Users\USUARIO\Documents\Documentos Christian\Archivos Estudio\Sena\PROYECTO FORMATIVO\BackEnd\Conexion-EcoRisaralda\vendor\laravel\framework\src\Illuminate\Foundation\Testing\TestCase.php:63</error>
          <system-out>

</system-out>
        </testcase>
        <testcase name="test_place_belongs_to_user" file="C:\Users\USUARIO\Documents\Documentos Christian\Archivos Estudio\Sena\PROYECTO FORMATIVO\BackEnd\Conexion-EcoRisaralda\tests\Unit\TuristicPlaceModelTest.php" line="36" class="Tests\Unit\TuristicPlaceModelTest" classname="Tests.Unit.TuristicPlaceModelTest" assertions="0" time="0.000000">
          <error type="Illuminate\Database\QueryException">Tests\Unit\TuristicPlaceModelTest::test_place_belongs_to_user&#13;
Illuminate\Database\QueryException: SQLSTATE[HY000]: General error: 1 near "MODIFY": syntax error (Connection: sqlite, Database: :memory:, SQL: ALTER TABLE users MODIFY status ENUM('pending','approved','rejected','active','inactive') DEFAULT 'active')
&#13;
C:\Users\USUARIO\Documents\Documentos Christian\Archivos Estudio\Sena\PROYECTO FORMATIVO\BackEnd\Conexion-EcoRisaralda\vendor\laravel\framework\src\Illuminate\Database\Connection.php:838
C:\Users\USUARIO\Documents\Documentos Christian\Archivos Estudio\Sena\PROYECTO FORMATIVO\BackEnd\Conexion-EcoRisaralda\vendor\laravel\framework\src\Illuminate\Database\Connection.php:794
C:\Users\USUARIO\Documents\Documentos Christian\Archivos Estudio\Sena\PROYECTO FORMATIVO\BackEnd\Conexion-EcoRisaralda\vendor\laravel\framework\src\Illuminate\Database\Connection.php:573
C:\Users\USUARIO\Documents\Documentos Christian\Archivos Estudio\Sena\PROYECTO FORMATIVO\BackEnd\Conexion-EcoRisaralda\vendor\laravel\framework\src\Illuminate\Database\DatabaseManager.php:491
C:\Users\USUARIO\Documents\Documentos Christian\Archivos Estudio\Sena\PROYECTO FORMATIVO\BackEnd\Conexion-EcoRisaralda\vendor\laravel\framework\src\Illuminate\Support\Facades\Facade.php:363
C:\Users\USUARIO\Documents\Documentos Christian\Archivos Estudio\Sena\PROYECTO FORMATIVO\BackEnd\Conexion-EcoRisaralda\database\migrations\2026_02_09_000001_add_inactive_to_status_enum_on_users_table.php:16
C:\Users\USUARIO\Documents\Documentos Christian\Archivos Estudio\Sena\PROYECTO FORMATIVO\BackEnd\Conexion-EcoRisaralda\vendor\laravel\framework\src\Illuminate\Database\Migrations\Migrator.php:517
C:\Users\USUARIO\Documents\Documentos Christian\Archivos Estudio\Sena\PROYECTO FORMATIVO\BackEnd\Conexion-EcoRisaralda\vendor\laravel\framework\src\Illuminate\Database\Migrations\Migrator.php:442
C:\Users\USUARIO\Documents\Documentos Christian\Archivos Estudio\Sena\PROYECTO FORMATIVO\BackEnd\Conexion-EcoRisaralda\vendor\laravel\framework\src\Illuminate\Database\Migrations\Migrator.php:451
C:\Users\USUARIO\Documents\Documentos Christian\Archivos Estudio\Sena\PROYECTO FORMATIVO\BackEnd\Conexion-EcoRisaralda\vendor\laravel\framework\src\Illuminate\Database\Migrations\Migrator.php:253
C:\Users\USUARIO\Documents\Documentos Christian\Archivos Estudio\Sena\PROYECTO FORMATIVO\BackEnd\Conexion-EcoRisaralda\vendor\laravel\framework\src\Illuminate\Console\View\Components\Task.php:41
C:\Users\USUARIO\Documents\Documentos Christian\Archivos Estudio\Sena\PROYECTO FORMATIVO\BackEnd\Conexion-EcoRisaralda\vendor\laravel\framework\src\Illuminate\Database\Migrations\Migrator.php:814
C:\Users\USUARIO\Documents\Documentos Christian\Archivos Estudio\Sena\PROYECTO FORMATIVO\BackEnd\Conexion-EcoRisaralda\vendor\laravel\framework\src\Illuminate\Database\Migrations\Migrator.php:253
C:\Users\USUARIO\Documents\Documentos Christian\Archivos Estudio\Sena\PROYECTO FORMATIVO\BackEnd\Conexion-EcoRisaralda\vendor\laravel\framework\src\Illuminate\Database\Migrations\Migrator.php:211
C:\Users\USUARIO\Documents\Documentos Christian\Archivos Estudio\Sena\PROYECTO FORMATIVO\BackEnd\Conexion-EcoRisaralda\vendor\laravel\framework\src\Illuminate\Database\Migrations\Migrator.php:138
C:\Users\USUARIO\Documents\Documentos Christian\Archivos Estudio\Sena\PROYECTO FORMATIVO\BackEnd\Conexion-EcoRisaralda\vendor\laravel\framework\src\Illuminate\Database\Console\Migrations\MigrateCommand.php:116
C:\Users\USUARIO\Documents\Documentos Christian\Archivos Estudio\Sena\PROYECTO FORMATIVO\BackEnd\Conexion-EcoRisaralda\vendor\laravel\framework\src\Illuminate\Database\Migrations\Migrator.php:671
C:\Users\USUARIO\Documents\Documentos Christian\Archivos Estudio\Sena\PROYECTO FORMATIVO\BackEnd\Conexion-EcoRisaralda\vendor\laravel\framework\src\Illuminate\Database\Console\Migrations\MigrateCommand.php:109
C:\Users\USUARIO\Documents\Documentos Christian\Archivos Estudio\Sena\PROYECTO FORMATIVO\BackEnd\Conexion-EcoRisaralda\vendor\laravel\framework\src\Illuminate\Database\Console\Migrations\MigrateCommand.php:88
C:\Users\USUARIO\Documents\Documentos Christian\Archivos Estudio\Sena\PROYECTO FORMATIVO\BackEnd\Conexion-EcoRisaralda\vendor\laravel\framework\src\Illuminate\Container\BoundMethod.php:36
C:\Users\USUARIO\Documents\Documentos Christian\Archivos Estudio\Sena\PROYECTO FORMATIVO\BackEnd\Conexion-EcoRisaralda\vendor\laravel\framework\src\Illuminate\Container\Util.php:43
C:\Users\USUARIO\Documents\Documentos Christian\Archivos Estudio\Sena\PROYECTO FORMATIVO\BackEnd\Conexion-EcoRisaralda\vendor\laravel\framework\src\Illuminate\Container\BoundMethod.php:96
C:\Users\USUARIO\Documents\Documentos Christian\Archivos Estudio\Sena\PROYECTO FORMATIVO\BackEnd\Conexion-EcoRisaralda\vendor\laravel\framework\src\Illuminate\Container\BoundMethod.php:35
C:\Users\USUARIO\Documents\Documentos Christian\Archivos Estudio\Sena\PROYECTO FORMATIVO\BackEnd\Conexion-EcoRisaralda\vendor\laravel\framework\src\Illuminate\Container\Container.php:799
C:\Users\USUARIO\Documents\Documentos Christian\Archivos Estudio\Sena\PROYECTO FORMATIVO\BackEnd\Conexion-EcoRisaralda\vendor\laravel\framework\src\Illuminate\Console\Command.php:211
C:\Users\USUARIO\Documents\Documentos Christian\Archivos Estudio\Sena\PROYECTO FORMATIVO\BackEnd\Conexion-EcoRisaralda\vendor\symfony\console\Command\Command.php:341
C:\Users\USUARIO\Documents\Documentos Christian\Archivos Estudio\Sena\PROYECTO FORMATIVO\BackEnd\Conexion-EcoRisaralda\vendor\laravel\framework\src\Illuminate\Console\Command.php:180
C:\Users\USUARIO\Documents\Documentos Christian\Archivos Estudio\Sena\PROYECTO FORMATIVO\BackEnd\Conexion-EcoRisaralda\vendor\laravel\framework\src\Illuminate\Console\Concerns\CallsCommands.php:68
C:\Users\USUARIO\Documents\Documentos Christian\Archivos Estudio\Sena\PROYECTO FORMATIVO\BackEnd\Conexion-EcoRisaralda\vendor\laravel\framework\src\Illuminate\Console\Concerns\CallsCommands.php:29
C:\Users\USUARIO\Documents\Documentos Christian\Archivos Estudio\Sena\PROYECTO FORMATIVO\BackEnd\Conexion-EcoRisaralda\vendor\laravel\framework\src\Illuminate\Database\Console\Migrations\FreshCommand.php:81
C:\Users\USUARIO\Documents\Documentos Christian\Archivos Estudio\Sena\PROYECTO FORMATIVO\BackEnd\Conexion-EcoRisaralda\vendor\laravel\framework\src\Illuminate\Container\BoundMethod.php:36
C:\Users\USUARIO\Documents\Documentos Christian\Archivos Estudio\Sena\PROYECTO FORMATIVO\BackEnd\Conexion-EcoRisaralda\vendor\laravel\framework\src\Illuminate\Container\Util.php:43
C:\Users\USUARIO\Documents\Documentos Christian\Archivos Estudio\Sena\PROYECTO FORMATIVO\BackEnd\Conexion-EcoRisaralda\vendor\laravel\framework\src\Illuminate\Container\BoundMethod.php:96
C:\Users\USUARIO\Documents\Documentos Christian\Archivos Estudio\Sena\PROYECTO FORMATIVO\BackEnd\Conexion-EcoRisaralda\vendor\laravel\framework\src\Illuminate\Container\BoundMethod.php:35
C:\Users\USUARIO\Documents\Documentos Christian\Archivos Estudio\Sena\PROYECTO FORMATIVO\BackEnd\Conexion-EcoRisaralda\vendor\laravel\framework\src\Illuminate\Container\Container.php:799
C:\Users\USUARIO\Documents\Documentos Christian\Archivos Estudio\Sena\PROYECTO FORMATIVO\BackEnd\Conexion-EcoRisaralda\vendor\laravel\framework\src\Illuminate\Console\Command.php:211
C:\Users\USUARIO\Documents\Documentos Christian\Archivos Estudio\Sena\PROYECTO FORMATIVO\BackEnd\Conexion-EcoRisaralda\vendor\symfony\console\Command\Command.php:341
C:\Users\USUARIO\Documents\Documentos Christian\Archivos Estudio\Sena\PROYECTO FORMATIVO\BackEnd\Conexion-EcoRisaralda\vendor\laravel\framework\src\Illuminate\Console\Command.php:180
C:\Users\USUARIO\Documents\Documentos Christian\Archivos Estudio\Sena\PROYECTO FORMATIVO\BackEnd\Conexion-EcoRisaralda\vendor\symfony\console\Application.php:1079
C:\Users\USUARIO\Documents\Documentos Christian\Archivos Estudio\Sena\PROYECTO FORMATIVO\BackEnd\Conexion-EcoRisaralda\vendor\symfony\console\Application.php:356
C:\Users\USUARIO\Documents\Documentos Christian\Archivos Estudio\Sena\PROYECTO FORMATIVO\BackEnd\Conexion-EcoRisaralda\vendor\symfony\console\Application.php:195
C:\Users\USUARIO\Documents\Documentos Christian\Archivos Estudio\Sena\PROYECTO FORMATIVO\BackEnd\Conexion-EcoRisaralda\vendor\laravel\framework\src\Illuminate\Console\Application.php:165
C:\Users\USUARIO\Documents\Documentos Christian\Archivos Estudio\Sena\PROYECTO FORMATIVO\BackEnd\Conexion-EcoRisaralda\vendor\laravel\framework\src\Illuminate\Foundation\Console\Kernel.php:447
C:\Users\USUARIO\Documents\Documentos Christian\Archivos Estudio\Sena\PROYECTO FORMATIVO\BackEnd\Conexion-EcoRisaralda\vendor\laravel\framework\src\Illuminate\Testing\PendingCommand.php:451
C:\Users\USUARIO\Documents\Documentos Christian\Archivos Estudio\Sena\PROYECTO FORMATIVO\BackEnd\Conexion-EcoRisaralda\vendor\laravel\framework\src\Illuminate\Testing\PendingCommand.php:675
C:\Users\USUARIO\Documents\Documentos Christian\Archivos Estudio\Sena\PROYECTO FORMATIVO\BackEnd\Conexion-EcoRisaralda\vendor\laravel\framework\src\Illuminate\Foundation\Testing\Concerns\InteractsWithConsole.php:87
C:\Users\USUARIO\Documents\Documentos Christian\Archivos Estudio\Sena\PROYECTO FORMATIVO\BackEnd\Conexion-EcoRisaralda\vendor\laravel\framework\src\Illuminate\Foundation\Testing\RefreshDatabase.php:119
C:\Users\USUARIO\Documents\Documentos Christian\Archivos Estudio\Sena\PROYECTO FORMATIVO\BackEnd\Conexion-EcoRisaralda\vendor\laravel\framework\src\Illuminate\Foundation\Testing\RefreshDatabase.php:84
C:\Users\USUARIO\Documents\Documentos Christian\Archivos Estudio\Sena\PROYECTO FORMATIVO\BackEnd\Conexion-EcoRisaralda\vendor\laravel\framework\src\Illuminate\Foundation\Testing\RefreshDatabase.php:25
C:\Users\USUARIO\Documents\Documentos Christian\Archivos Estudio\Sena\PROYECTO FORMATIVO\BackEnd\Conexion-EcoRisaralda\vendor\laravel\framework\src\Illuminate\Foundation\Testing\Concerns\InteractsWithTestCaseLifecycle.php:217
C:\Users\USUARIO\Documents\Documentos Christian\Archivos Estudio\Sena\PROYECTO FORMATIVO\BackEnd\Conexion-EcoRisaralda\vendor\laravel\framework\src\Illuminate\Foundation\Testing\Concerns\InteractsWithTestCaseLifecycle.php:101
C:\Users\USUARIO\Documents\Documentos Christian\Archivos Estudio\Sena\PROYECTO FORMATIVO\BackEnd\Conexion-EcoRisaralda\vendor\laravel\framework\src\Illuminate\Foundation\Testing\TestCase.php:63</error>
        </testcase>
        <testcase name="test_place_has_events_relationship" file="C:\Users\USUARIO\Documents\Documentos Christian\Archivos Estudio\Sena\PROYECTO FORMATIVO\BackEnd\Conexion-EcoRisaralda\tests\Unit\TuristicPlaceModelTest.php" line="45" class="Tests\Unit\TuristicPlaceModelTest" classname="Tests.Unit.TuristicPlaceModelTest" assertions="0" time="0.000000">
          <error type="Illuminate\Database\QueryException">Tests\Unit\TuristicPlaceModelTest::test_place_has_events_relationship&#13;
Illuminate\Database\QueryException: SQLSTATE[HY000]: General error: 1 near "MODIFY": syntax error (Connection: sqlite, Database: :memory:, SQL: ALTER TABLE users MODIFY status ENUM('pending','approved','rejected','active','inactive') DEFAULT 'active')
&#13;
C:\Users\USUARIO\Documents\Documentos Christian\Archivos Estudio\Sena\PROYECTO FORMATIVO\BackEnd\Conexion-EcoRisaralda\vendor\laravel\framework\src\Illuminate\Database\Connection.php:838
C:\Users\USUARIO\Documents\Documentos Christian\Archivos Estudio\Sena\PROYECTO FORMATIVO\BackEnd\Conexion-EcoRisaralda\vendor\laravel\framework\src\Illuminate\Database\Connection.php:794
C:\Users\USUARIO\Documents\Documentos Christian\Archivos Estudio\Sena\PROYECTO FORMATIVO\BackEnd\Conexion-EcoRisaralda\vendor\laravel\framework\src\Illuminate\Database\Connection.php:573
C:\Users\USUARIO\Documents\Documentos Christian\Archivos Estudio\Sena\PROYECTO FORMATIVO\BackEnd\Conexion-EcoRisaralda\vendor\laravel\framework\src\Illuminate\Database\DatabaseManager.php:491
C:\Users\USUARIO\Documents\Documentos Christian\Archivos Estudio\Sena\PROYECTO FORMATIVO\BackEnd\Conexion-EcoRisaralda\vendor\laravel\framework\src\Illuminate\Support\Facades\Facade.php:363
C:\Users\USUARIO\Documents\Documentos Christian\Archivos Estudio\Sena\PROYECTO FORMATIVO\BackEnd\Conexion-EcoRisaralda\database\migrations\2026_02_09_000001_add_inactive_to_status_enum_on_users_table.php:16
C:\Users\USUARIO\Documents\Documentos Christian\Archivos Estudio\Sena\PROYECTO FORMATIVO\BackEnd\Conexion-EcoRisaralda\vendor\laravel\framework\src\Illuminate\Database\Migrations\Migrator.php:517
C:\Users\USUARIO\Documents\Documentos Christian\Archivos Estudio\Sena\PROYECTO FORMATIVO\BackEnd\Conexion-EcoRisaralda\vendor\laravel\framework\src\Illuminate\Database\Migrations\Migrator.php:442
C:\Users\USUARIO\Documents\Documentos Christian\Archivos Estudio\Sena\PROYECTO FORMATIVO\BackEnd\Conexion-EcoRisaralda\vendor\laravel\framework\src\Illuminate\Database\Migrations\Migrator.php:451
C:\Users\USUARIO\Documents\Documentos Christian\Archivos Estudio\Sena\PROYECTO FORMATIVO\BackEnd\Conexion-EcoRisaralda\vendor\laravel\framework\src\Illuminate\Database\Migrations\Migrator.php:253
C:\Users\USUARIO\Documents\Documentos Christian\Archivos Estudio\Sena\PROYECTO FORMATIVO\BackEnd\Conexion-EcoRisaralda\vendor\laravel\framework\src\Illuminate\Console\View\Components\Task.php:41
C:\Users\USUARIO\Documents\Documentos Christian\Archivos Estudio\Sena\PROYECTO FORMATIVO\BackEnd\Conexion-EcoRisaralda\vendor\laravel\framework\src\Illuminate\Database\Migrations\Migrator.php:814
C:\Users\USUARIO\Documents\Documentos Christian\Archivos Estudio\Sena\PROYECTO FORMATIVO\BackEnd\Conexion-EcoRisaralda\vendor\laravel\framework\src\Illuminate\Database\Migrations\Migrator.php:253
C:\Users\USUARIO\Documents\Documentos Christian\Archivos Estudio\Sena\PROYECTO FORMATIVO\BackEnd\Conexion-EcoRisaralda\vendor\laravel\framework\src\Illuminate\Database\Migrations\Migrator.php:211
C:\Users\USUARIO\Documents\Documentos Christian\Archivos Estudio\Sena\PROYECTO FORMATIVO\BackEnd\Conexion-EcoRisaralda\vendor\laravel\framework\src\Illuminate\Database\Migrations\Migrator.php:138
C:\Users\USUARIO\Documents\Documentos Christian\Archivos Estudio\Sena\PROYECTO FORMATIVO\BackEnd\Conexion-EcoRisaralda\vendor\laravel\framework\src\Illuminate\Database\Console\Migrations\MigrateCommand.php:116
C:\Users\USUARIO\Documents\Documentos Christian\Archivos Estudio\Sena\PROYECTO FORMATIVO\BackEnd\Conexion-EcoRisaralda\vendor\laravel\framework\src\Illuminate\Database\Migrations\Migrator.php:671
C:\Users\USUARIO\Documents\Documentos Christian\Archivos Estudio\Sena\PROYECTO FORMATIVO\BackEnd\Conexion-EcoRisaralda\vendor\laravel\framework\src\Illuminate\Database\Console\Migrations\MigrateCommand.php:109
C:\Users\USUARIO\Documents\Documentos Christian\Archivos Estudio\Sena\PROYECTO FORMATIVO\BackEnd\Conexion-EcoRisaralda\vendor\laravel\framework\src\Illuminate\Database\Console\Migrations\MigrateCommand.php:88
C:\Users\USUARIO\Documents\Documentos Christian\Archivos Estudio\Sena\PROYECTO FORMATIVO\BackEnd\Conexion-EcoRisaralda\vendor\laravel\framework\src\Illuminate\Container\BoundMethod.php:36
C:\Users\USUARIO\Documents\Documentos Christian\Archivos Estudio\Sena\PROYECTO FORMATIVO\BackEnd\Conexion-EcoRisaralda\vendor\laravel\framework\src\Illuminate\Container\Util.php:43
C:\Users\USUARIO\Documents\Documentos Christian\Archivos Estudio\Sena\PROYECTO FORMATIVO\BackEnd\Conexion-EcoRisaralda\vendor\laravel\framework\src\Illuminate\Container\BoundMethod.php:96
C:\Users\USUARIO\Documents\Documentos Christian\Archivos Estudio\Sena\PROYECTO FORMATIVO\BackEnd\Conexion-EcoRisaralda\vendor\laravel\framework\src\Illuminate\Container\BoundMethod.php:35
C:\Users\USUARIO\Documents\Documentos Christian\Archivos Estudio\Sena\PROYECTO FORMATIVO\BackEnd\Conexion-EcoRisaralda\vendor\laravel\framework\src\Illuminate\Container\Container.php:799
C:\Users\USUARIO\Documents\Documentos Christian\Archivos Estudio\Sena\PROYECTO FORMATIVO\BackEnd\Conexion-EcoRisaralda\vendor\laravel\framework\src\Illuminate\Console\Command.php:211
C:\Users\USUARIO\Documents\Documentos Christian\Archivos Estudio\Sena\PROYECTO FORMATIVO\BackEnd\Conexion-EcoRisaralda\vendor\symfony\console\Command\Command.php:341
C:\Users\USUARIO\Documents\Documentos Christian\Archivos Estudio\Sena\PROYECTO FORMATIVO\BackEnd\Conexion-EcoRisaralda\vendor\laravel\framework\src\Illuminate\Console\Command.php:180
C:\Users\USUARIO\Documents\Documentos Christian\Archivos Estudio\Sena\PROYECTO FORMATIVO\BackEnd\Conexion-EcoRisaralda\vendor\laravel\framework\src\Illuminate\Console\Concerns\CallsCommands.php:68
C:\Users\USUARIO\Documents\Documentos Christian\Archivos Estudio\Sena\PROYECTO FORMATIVO\BackEnd\Conexion-EcoRisaralda\vendor\laravel\framework\src\Illuminate\Console\Concerns\CallsCommands.php:29
C:\Users\USUARIO\Documents\Documentos Christian\Archivos Estudio\Sena\PROYECTO FORMATIVO\BackEnd\Conexion-EcoRisaralda\vendor\laravel\framework\src\Illuminate\Database\Console\Migrations\FreshCommand.php:81
C:\Users\USUARIO\Documents\Documentos Christian\Archivos Estudio\Sena\PROYECTO FORMATIVO\BackEnd\Conexion-EcoRisaralda\vendor\laravel\framework\src\Illuminate\Container\BoundMethod.php:36
C:\Users\USUARIO\Documents\Documentos Christian\Archivos Estudio\Sena\PROYECTO FORMATIVO\BackEnd\Conexion-EcoRisaralda\vendor\laravel\framework\src\Illuminate\Container\Util.php:43
C:\Users\USUARIO\Documents\Documentos Christian\Archivos Estudio\Sena\PROYECTO FORMATIVO\BackEnd\Conexion-EcoRisaralda\vendor\laravel\framework\src\Illuminate\Container\BoundMethod.php:96
C:\Users\USUARIO\Documents\Documentos Christian\Archivos Estudio\Sena\PROYECTO FORMATIVO\BackEnd\Conexion-EcoRisaralda\vendor\laravel\framework\src\Illuminate\Container\BoundMethod.php:35
C:\Users\USUARIO\Documents\Documentos Christian\Archivos Estudio\Sena\PROYECTO FORMATIVO\BackEnd\Conexion-EcoRisaralda\vendor\laravel\framework\src\Illuminate\Container\Container.php:799
C:\Users\USUARIO\Documents\Documentos Christian\Archivos Estudio\Sena\PROYECTO FORMATIVO\BackEnd\Conexion-EcoRisaralda\vendor\laravel\framework\src\Illuminate\Console\Command.php:211
C:\Users\USUARIO\Documents\Documentos Christian\Archivos Estudio\Sena\PROYECTO FORMATIVO\BackEnd\Conexion-EcoRisaralda\vendor\symfony\console\Command\Command.php:341
C:\Users\USUARIO\Documents\Documentos Christian\Archivos Estudio\Sena\PROYECTO FORMATIVO\BackEnd\Conexion-EcoRisaralda\vendor\laravel\framework\src\Illuminate\Console\Command.php:180
C:\Users\USUARIO\Documents\Documentos Christian\Archivos Estudio\Sena\PROYECTO FORMATIVO\BackEnd\Conexion-EcoRisaralda\vendor\symfony\console\Application.php:1079
C:\Users\USUARIO\Documents\Documentos Christian\Archivos Estudio\Sena\PROYECTO FORMATIVO\BackEnd\Conexion-EcoRisaralda\vendor\symfony\console\Application.php:356
C:\Users\USUARIO\Documents\Documentos Christian\Archivos Estudio\Sena\PROYECTO FORMATIVO\BackEnd\Conexion-EcoRisaralda\vendor\symfony\console\Application.php:195
C:\Users\USUARIO\Documents\Documentos Christian\Archivos Estudio\Sena\PROYECTO FORMATIVO\BackEnd\Conexion-EcoRisaralda\vendor\laravel\framework\src\Illuminate\Console\Application.php:165
C:\Users\USUARIO\Documents\Documentos Christian\Archivos Estudio\Sena\PROYECTO FORMATIVO\BackEnd\Conexion-EcoRisaralda\vendor\laravel\framework\src\Illuminate\Foundation\Console\Kernel.php:447
C:\Users\USUARIO\Documents\Documentos Christian\Archivos Estudio\Sena\PROYECTO FORMATIVO\BackEnd\Conexion-EcoRisaralda\vendor\laravel\framework\src\Illuminate\Testing\PendingCommand.php:451
C:\Users\USUARIO\Documents\Documentos Christian\Archivos Estudio\Sena\PROYECTO FORMATIVO\BackEnd\Conexion-EcoRisaralda\vendor\laravel\framework\src\Illuminate\Testing\PendingCommand.php:675
C:\Users\USUARIO\Documents\Documentos Christian\Archivos Estudio\Sena\PROYECTO FORMATIVO\BackEnd\Conexion-EcoRisaralda\vendor\laravel\framework\src\Illuminate\Foundation\Testing\Concerns\InteractsWithConsole.php:87
C:\Users\USUARIO\Documents\Documentos Christian\Archivos Estudio\Sena\PROYECTO FORMATIVO\BackEnd\Conexion-EcoRisaralda\vendor\laravel\framework\src\Illuminate\Foundation\Testing\RefreshDatabase.php:119
C:\Users\USUARIO\Documents\Documentos Christian\Archivos Estudio\Sena\PROYECTO FORMATIVO\BackEnd\Conexion-EcoRisaralda\vendor\laravel\framework\src\Illuminate\Foundation\Testing\RefreshDatabase.php:84
C:\Users\USUARIO\Documents\Documentos Christian\Archivos Estudio\Sena\PROYECTO FORMATIVO\BackEnd\Conexion-EcoRisaralda\vendor\laravel\framework\src\Illuminate\Foundation\Testing\RefreshDatabase.php:25
C:\Users\USUARIO\Documents\Documentos Christian\Archivos Estudio\Sena\PROYECTO FORMATIVO\BackEnd\Conexion-EcoRisaralda\vendor\laravel\framework\src\Illuminate\Foundation\Testing\Concerns\InteractsWithTestCaseLifecycle.php:217
C:\Users\USUARIO\Documents\Documentos Christian\Archivos Estudio\Sena\PROYECTO FORMATIVO\BackEnd\Conexion-EcoRisaralda\vendor\laravel\framework\src\Illuminate\Foundation\Testing\Concerns\InteractsWithTestCaseLifecycle.php:101
C:\Users\USUARIO\Documents\Documentos Christian\Archivos Estudio\Sena\PROYECTO FORMATIVO\BackEnd\Conexion-EcoRisaralda\vendor\laravel\framework\src\Illuminate\Foundation\Testing\TestCase.php:63</error>
        </testcase>
        <testcase name="test_place_has_label_relationship" file="C:\Users\USUARIO\Documents\Documentos Christian\Archivos Estudio\Sena\PROYECTO FORMATIVO\BackEnd\Conexion-EcoRisaralda\tests\Unit\TuristicPlaceModelTest.php" line="53" class="Tests\Unit\TuristicPlaceModelTest" classname="Tests.Unit.TuristicPlaceModelTest" assertions="0" time="0.000000">
          <error type="Illuminate\Database\QueryException">Tests\Unit\TuristicPlaceModelTest::test_place_has_label_relationship&#13;
Illuminate\Database\QueryException: SQLSTATE[HY000]: General error: 1 near "MODIFY": syntax error (Connection: sqlite, Database: :memory:, SQL: ALTER TABLE users MODIFY status ENUM('pending','approved','rejected','active','inactive') DEFAULT 'active')
&#13;
C:\Users\USUARIO\Documents\Documentos Christian\Archivos Estudio\Sena\PROYECTO FORMATIVO\BackEnd\Conexion-EcoRisaralda\vendor\laravel\framework\src\Illuminate\Database\Connection.php:838
C:\Users\USUARIO\Documents\Documentos Christian\Archivos Estudio\Sena\PROYECTO FORMATIVO\BackEnd\Conexion-EcoRisaralda\vendor\laravel\framework\src\Illuminate\Database\Connection.php:794
C:\Users\USUARIO\Documents\Documentos Christian\Archivos Estudio\Sena\PROYECTO FORMATIVO\BackEnd\Conexion-EcoRisaralda\vendor\laravel\framework\src\Illuminate\Database\Connection.php:573
C:\Users\USUARIO\Documents\Documentos Christian\Archivos Estudio\Sena\PROYECTO FORMATIVO\BackEnd\Conexion-EcoRisaralda\vendor\laravel\framework\src\Illuminate\Database\DatabaseManager.php:491
C:\Users\USUARIO\Documents\Documentos Christian\Archivos Estudio\Sena\PROYECTO FORMATIVO\BackEnd\Conexion-EcoRisaralda\vendor\laravel\framework\src\Illuminate\Support\Facades\Facade.php:363
C:\Users\USUARIO\Documents\Documentos Christian\Archivos Estudio\Sena\PROYECTO FORMATIVO\BackEnd\Conexion-EcoRisaralda\database\migrations\2026_02_09_000001_add_inactive_to_status_enum_on_users_table.php:16
C:\Users\USUARIO\Documents\Documentos Christian\Archivos Estudio\Sena\PROYECTO FORMATIVO\BackEnd\Conexion-EcoRisaralda\vendor\laravel\framework\src\Illuminate\Database\Migrations\Migrator.php:517
C:\Users\USUARIO\Documents\Documentos Christian\Archivos Estudio\Sena\PROYECTO FORMATIVO\BackEnd\Conexion-EcoRisaralda\vendor\laravel\framework\src\Illuminate\Database\Migrations\Migrator.php:442
C:\Users\USUARIO\Documents\Documentos Christian\Archivos Estudio\Sena\PROYECTO FORMATIVO\BackEnd\Conexion-EcoRisaralda\vendor\laravel\framework\src\Illuminate\Database\Migrations\Migrator.php:451
C:\Users\USUARIO\Documents\Documentos Christian\Archivos Estudio\Sena\PROYECTO FORMATIVO\BackEnd\Conexion-EcoRisaralda\vendor\laravel\framework\src\Illuminate\Database\Migrations\Migrator.php:253
C:\Users\USUARIO\Documents\Documentos Christian\Archivos Estudio\Sena\PROYECTO FORMATIVO\BackEnd\Conexion-EcoRisaralda\vendor\laravel\framework\src\Illuminate\Console\View\Components\Task.php:41
C:\Users\USUARIO\Documents\Documentos Christian\Archivos Estudio\Sena\PROYECTO FORMATIVO\BackEnd\Conexion-EcoRisaralda\vendor\laravel\framework\src\Illuminate\Database\Migrations\Migrator.php:814
C:\Users\USUARIO\Documents\Documentos Christian\Archivos Estudio\Sena\PROYECTO FORMATIVO\BackEnd\Conexion-EcoRisaralda\vendor\laravel\framework\src\Illuminate\Database\Migrations\Migrator.php:253
C:\Users\USUARIO\Documents\Documentos Christian\Archivos Estudio\Sena\PROYECTO FORMATIVO\BackEnd\Conexion-EcoRisaralda\vendor\laravel\framework\src\Illuminate\Database\Migrations\Migrator.php:211
C:\Users\USUARIO\Documents\Documentos Christian\Archivos Estudio\Sena\PROYECTO FORMATIVO\BackEnd\Conexion-EcoRisaralda\vendor\laravel\framework\src\Illuminate\Database\Migrations\Migrator.php:138
C:\Users\USUARIO\Documents\Documentos Christian\Archivos Estudio\Sena\PROYECTO FORMATIVO\BackEnd\Conexion-EcoRisaralda\vendor\laravel\framework\src\Illuminate\Database\Console\Migrations\MigrateCommand.php:116
C:\Users\USUARIO\Documents\Documentos Christian\Archivos Estudio\Sena\PROYECTO FORMATIVO\BackEnd\Conexion-EcoRisaralda\vendor\laravel\framework\src\Illuminate\Database\Migrations\Migrator.php:671
C:\Users\USUARIO\Documents\Documentos Christian\Archivos Estudio\Sena\PROYECTO FORMATIVO\BackEnd\Conexion-EcoRisaralda\vendor\laravel\framework\src\Illuminate\Database\Console\Migrations\MigrateCommand.php:109
C:\Users\USUARIO\Documents\Documentos Christian\Archivos Estudio\Sena\PROYECTO FORMATIVO\BackEnd\Conexion-EcoRisaralda\vendor\laravel\framework\src\Illuminate\Database\Console\Migrations\MigrateCommand.php:88
C:\Users\USUARIO\Documents\Documentos Christian\Archivos Estudio\Sena\PROYECTO FORMATIVO\BackEnd\Conexion-EcoRisaralda\vendor\laravel\framework\src\Illuminate\Container\BoundMethod.php:36
C:\Users\USUARIO\Documents\Documentos Christian\Archivos Estudio\Sena\PROYECTO FORMATIVO\BackEnd\Conexion-EcoRisaralda\vendor\laravel\framework\src\Illuminate\Container\Util.php:43
C:\Users\USUARIO\Documents\Documentos Christian\Archivos Estudio\Sena\PROYECTO FORMATIVO\BackEnd\Conexion-EcoRisaralda\vendor\laravel\framework\src\Illuminate\Container\BoundMethod.php:96
C:\Users\USUARIO\Documents\Documentos Christian\Archivos Estudio\Sena\PROYECTO FORMATIVO\BackEnd\Conexion-EcoRisaralda\vendor\laravel\framework\src\Illuminate\Container\BoundMethod.php:35
C:\Users\USUARIO\Documents\Documentos Christian\Archivos Estudio\Sena\PROYECTO FORMATIVO\BackEnd\Conexion-EcoRisaralda\vendor\laravel\framework\src\Illuminate\Container\Container.php:799
C:\Users\USUARIO\Documents\Documentos Christian\Archivos Estudio\Sena\PROYECTO FORMATIVO\BackEnd\Conexion-EcoRisaralda\vendor\laravel\framework\src\Illuminate\Console\Command.php:211
C:\Users\USUARIO\Documents\Documentos Christian\Archivos Estudio\Sena\PROYECTO FORMATIVO\BackEnd\Conexion-EcoRisaralda\vendor\symfony\console\Command\Command.php:341
C:\Users\USUARIO\Documents\Documentos Christian\Archivos Estudio\Sena\PROYECTO FORMATIVO\BackEnd\Conexion-EcoRisaralda\vendor\laravel\framework\src\Illuminate\Console\Command.php:180
C:\Users\USUARIO\Documents\Documentos Christian\Archivos Estudio\Sena\PROYECTO FORMATIVO\BackEnd\Conexion-EcoRisaralda\vendor\laravel\framework\src\Illuminate\Console\Concerns\CallsCommands.php:68
C:\Users\USUARIO\Documents\Documentos Christian\Archivos Estudio\Sena\PROYECTO FORMATIVO\BackEnd\Conexion-EcoRisaralda\vendor\laravel\framework\src\Illuminate\Console\Concerns\CallsCommands.php:29
C:\Users\USUARIO\Documents\Documentos Christian\Archivos Estudio\Sena\PROYECTO FORMATIVO\BackEnd\Conexion-EcoRisaralda\vendor\laravel\framework\src\Illuminate\Database\Console\Migrations\FreshCommand.php:81
C:\Users\USUARIO\Documents\Documentos Christian\Archivos Estudio\Sena\PROYECTO FORMATIVO\BackEnd\Conexion-EcoRisaralda\vendor\laravel\framework\src\Illuminate\Container\BoundMethod.php:36
C:\Users\USUARIO\Documents\Documentos Christian\Archivos Estudio\Sena\PROYECTO FORMATIVO\BackEnd\Conexion-EcoRisaralda\vendor\laravel\framework\src\Illuminate\Container\Util.php:43
C:\Users\USUARIO\Documents\Documentos Christian\Archivos Estudio\Sena\PROYECTO FORMATIVO\BackEnd\Conexion-EcoRisaralda\vendor\laravel\framework\src\Illuminate\Container\BoundMethod.php:96
C:\Users\USUARIO\Documents\Documentos Christian\Archivos Estudio\Sena\PROYECTO FORMATIVO\BackEnd\Conexion-EcoRisaralda\vendor\laravel\framework\src\Illuminate\Container\BoundMethod.php:35
C:\Users\USUARIO\Documents\Documentos Christian\Archivos Estudio\Sena\PROYECTO FORMATIVO\BackEnd\Conexion-EcoRisaralda\vendor\laravel\framework\src\Illuminate\Container\Container.php:799
C:\Users\USUARIO\Documents\Documentos Christian\Archivos Estudio\Sena\PROYECTO FORMATIVO\BackEnd\Conexion-EcoRisaralda\vendor\laravel\framework\src\Illuminate\Console\Command.php:211
C:\Users\USUARIO\Documents\Documentos Christian\Archivos Estudio\Sena\PROYECTO FORMATIVO\BackEnd\Conexion-EcoRisaralda\vendor\symfony\console\Command\Command.php:341
C:\Users\USUARIO\Documents\Documentos Christian\Archivos Estudio\Sena\PROYECTO FORMATIVO\BackEnd\Conexion-EcoRisaralda\vendor\laravel\framework\src\Illuminate\Console\Command.php:180
C:\Users\USUARIO\Documents\Documentos Christian\Archivos Estudio\Sena\PROYECTO FORMATIVO\BackEnd\Conexion-EcoRisaralda\vendor\symfony\console\Application.php:1079
C:\Users\USUARIO\Documents\Documentos Christian\Archivos Estudio\Sena\PROYECTO FORMATIVO\BackEnd\Conexion-EcoRisaralda\vendor\symfony\console\Application.php:356
C:\Users\USUARIO\Documents\Documentos Christian\Archivos Estudio\Sena\PROYECTO FORMATIVO\BackEnd\Conexion-EcoRisaralda\vendor\symfony\console\Application.php:195
C:\Users\USUARIO\Documents\Documentos Christian\Archivos Estudio\Sena\PROYECTO FORMATIVO\BackEnd\Conexion-EcoRisaralda\vendor\laravel\framework\src\Illuminate\Console\Application.php:165
C:\Users\USUARIO\Documents\Documentos Christian\Archivos Estudio\Sena\PROYECTO FORMATIVO\BackEnd\Conexion-EcoRisaralda\vendor\laravel\framework\src\Illuminate\Foundation\Console\Kernel.php:447
C:\Users\USUARIO\Documents\Documentos Christian\Archivos Estudio\Sena\PROYECTO FORMATIVO\BackEnd\Conexion-EcoRisaralda\vendor\laravel\framework\src\Illuminate\Testing\PendingCommand.php:451
C:\Users\USUARIO\Documents\Documentos Christian\Archivos Estudio\Sena\PROYECTO FORMATIVO\BackEnd\Conexion-EcoRisaralda\vendor\laravel\framework\src\Illuminate\Testing\PendingCommand.php:675
C:\Users\USUARIO\Documents\Documentos Christian\Archivos Estudio\Sena\PROYECTO FORMATIVO\BackEnd\Conexion-EcoRisaralda\vendor\laravel\framework\src\Illuminate\Foundation\Testing\Concerns\InteractsWithConsole.php:87
C:\Users\USUARIO\Documents\Documentos Christian\Archivos Estudio\Sena\PROYECTO FORMATIVO\BackEnd\Conexion-EcoRisaralda\vendor\laravel\framework\src\Illuminate\Foundation\Testing\RefreshDatabase.php:119
C:\Users\USUARIO\Documents\Documentos Christian\Archivos Estudio\Sena\PROYECTO FORMATIVO\BackEnd\Conexion-EcoRisaralda\vendor\laravel\framework\src\Illuminate\Foundation\Testing\RefreshDatabase.php:84
C:\Users\USUARIO\Documents\Documentos Christian\Archivos Estudio\Sena\PROYECTO FORMATIVO\BackEnd\Conexion-EcoRisaralda\vendor\laravel\framework\src\Illuminate\Foundation\Testing\RefreshDatabase.php:25
C:\Users\USUARIO\Documents\Documentos Christian\Archivos Estudio\Sena\PROYECTO FORMATIVO\BackEnd\Conexion-EcoRisaralda\vendor\laravel\framework\src\Illuminate\Foundation\Testing\Concerns\InteractsWithTestCaseLifecycle.php:217
C:\Users\USUARIO\Documents\Documentos Christian\Archivos Estudio\Sena\PROYECTO FORMATIVO\BackEnd\Conexion-EcoRisaralda\vendor\laravel\framework\src\Illuminate\Foundation\Testing\Concerns\InteractsWithTestCaseLifecycle.php:101
C:\Users\USUARIO\Documents\Documentos Christian\Archivos Estudio\Sena\PROYECTO FORMATIVO\BackEnd\Conexion-EcoRisaralda\vendor\laravel\framework\src\Illuminate\Foundation\Testing\TestCase.php:63</error>
        </testcase>
        <testcase name="test_place_factory_creates_valid_place" file="C:\Users\USUARIO\Documents\Documentos Christian\Archivos Estudio\Sena\PROYECTO FORMATIVO\BackEnd\Conexion-EcoRisaralda\tests\Unit\TuristicPlaceModelTest.php" line="61" class="Tests\Unit\TuristicPlaceModelTest" classname="Tests.Unit.TuristicPlaceModelTest" assertions="0" time="0.000000">
          <error type="Illuminate\Database\QueryException">Tests\Unit\TuristicPlaceModelTest::test_place_factory_creates_valid_place&#13;
Illuminate\Database\QueryException: SQLSTATE[HY000]: General error: 1 near "MODIFY": syntax error (Connection: sqlite, Database: :memory:, SQL: ALTER TABLE users MODIFY status ENUM('pending','approved','rejected','active','inactive') DEFAULT 'active')
&#13;
C:\Users\USUARIO\Documents\Documentos Christian\Archivos Estudio\Sena\PROYECTO FORMATIVO\BackEnd\Conexion-EcoRisaralda\vendor\laravel\framework\src\Illuminate\Database\Connection.php:838
C:\Users\USUARIO\Documents\Documentos Christian\Archivos Estudio\Sena\PROYECTO FORMATIVO\BackEnd\Conexion-EcoRisaralda\vendor\laravel\framework\src\Illuminate\Database\Connection.php:794
C:\Users\USUARIO\Documents\Documentos Christian\Archivos Estudio\Sena\PROYECTO FORMATIVO\BackEnd\Conexion-EcoRisaralda\vendor\laravel\framework\src\Illuminate\Database\Connection.php:573
C:\Users\USUARIO\Documents\Documentos Christian\Archivos Estudio\Sena\PROYECTO FORMATIVO\BackEnd\Conexion-EcoRisaralda\vendor\laravel\framework\src\Illuminate\Database\DatabaseManager.php:491
C:\Users\USUARIO\Documents\Documentos Christian\Archivos Estudio\Sena\PROYECTO FORMATIVO\BackEnd\Conexion-EcoRisaralda\vendor\laravel\framework\src\Illuminate\Support\Facades\Facade.php:363
C:\Users\USUARIO\Documents\Documentos Christian\Archivos Estudio\Sena\PROYECTO FORMATIVO\BackEnd\Conexion-EcoRisaralda\database\migrations\2026_02_09_000001_add_inactive_to_status_enum_on_users_table.php:16
C:\Users\USUARIO\Documents\Documentos Christian\Archivos Estudio\Sena\PROYECTO FORMATIVO\BackEnd\Conexion-EcoRisaralda\vendor\laravel\framework\src\Illuminate\Database\Migrations\Migrator.php:517
C:\Users\USUARIO\Documents\Documentos Christian\Archivos Estudio\Sena\PROYECTO FORMATIVO\BackEnd\Conexion-EcoRisaralda\vendor\laravel\framework\src\Illuminate\Database\Migrations\Migrator.php:442
C:\Users\USUARIO\Documents\Documentos Christian\Archivos Estudio\Sena\PROYECTO FORMATIVO\BackEnd\Conexion-EcoRisaralda\vendor\laravel\framework\src\Illuminate\Database\Migrations\Migrator.php:451
C:\Users\USUARIO\Documents\Documentos Christian\Archivos Estudio\Sena\PROYECTO FORMATIVO\BackEnd\Conexion-EcoRisaralda\vendor\laravel\framework\src\Illuminate\Database\Migrations\Migrator.php:253
C:\Users\USUARIO\Documents\Documentos Christian\Archivos Estudio\Sena\PROYECTO FORMATIVO\BackEnd\Conexion-EcoRisaralda\vendor\laravel\framework\src\Illuminate\Console\View\Components\Task.php:41
C:\Users\USUARIO\Documents\Documentos Christian\Archivos Estudio\Sena\PROYECTO FORMATIVO\BackEnd\Conexion-EcoRisaralda\vendor\laravel\framework\src\Illuminate\Database\Migrations\Migrator.php:814
C:\Users\USUARIO\Documents\Documentos Christian\Archivos Estudio\Sena\PROYECTO FORMATIVO\BackEnd\Conexion-EcoRisaralda\vendor\laravel\framework\src\Illuminate\Database\Migrations\Migrator.php:253
C:\Users\USUARIO\Documents\Documentos Christian\Archivos Estudio\Sena\PROYECTO FORMATIVO\BackEnd\Conexion-EcoRisaralda\vendor\laravel\framework\src\Illuminate\Database\Migrations\Migrator.php:211
C:\Users\USUARIO\Documents\Documentos Christian\Archivos Estudio\Sena\PROYECTO FORMATIVO\BackEnd\Conexion-EcoRisaralda\vendor\laravel\framework\src\Illuminate\Database\Migrations\Migrator.php:138
C:\Users\USUARIO\Documents\Documentos Christian\Archivos Estudio\Sena\PROYECTO FORMATIVO\BackEnd\Conexion-EcoRisaralda\vendor\laravel\framework\src\Illuminate\Database\Console\Migrations\MigrateCommand.php:116
C:\Users\USUARIO\Documents\Documentos Christian\Archivos Estudio\Sena\PROYECTO FORMATIVO\BackEnd\Conexion-EcoRisaralda\vendor\laravel\framework\src\Illuminate\Database\Migrations\Migrator.php:671
C:\Users\USUARIO\Documents\Documentos Christian\Archivos Estudio\Sena\PROYECTO FORMATIVO\BackEnd\Conexion-EcoRisaralda\vendor\laravel\framework\src\Illuminate\Database\Console\Migrations\MigrateCommand.php:109
C:\Users\USUARIO\Documents\Documentos Christian\Archivos Estudio\Sena\PROYECTO FORMATIVO\BackEnd\Conexion-EcoRisaralda\vendor\laravel\framework\src\Illuminate\Database\Console\Migrations\MigrateCommand.php:88
C:\Users\USUARIO\Documents\Documentos Christian\Archivos Estudio\Sena\PROYECTO FORMATIVO\BackEnd\Conexion-EcoRisaralda\vendor\laravel\framework\src\Illuminate\Container\BoundMethod.php:36
C:\Users\USUARIO\Documents\Documentos Christian\Archivos Estudio\Sena\PROYECTO FORMATIVO\BackEnd\Conexion-EcoRisaralda\vendor\laravel\framework\src\Illuminate\Container\Util.php:43
C:\Users\USUARIO\Documents\Documentos Christian\Archivos Estudio\Sena\PROYECTO FORMATIVO\BackEnd\Conexion-EcoRisaralda\vendor\laravel\framework\src\Illuminate\Container\BoundMethod.php:96
C:\Users\USUARIO\Documents\Documentos Christian\Archivos Estudio\Sena\PROYECTO FORMATIVO\BackEnd\Conexion-EcoRisaralda\vendor\laravel\framework\src\Illuminate\Container\BoundMethod.php:35
C:\Users\USUARIO\Documents\Documentos Christian\Archivos Estudio\Sena\PROYECTO FORMATIVO\BackEnd\Conexion-EcoRisaralda\vendor\laravel\framework\src\Illuminate\Container\Container.php:799
C:\Users\USUARIO\Documents\Documentos Christian\Archivos Estudio\Sena\PROYECTO FORMATIVO\BackEnd\Conexion-EcoRisaralda\vendor\laravel\framework\src\Illuminate\Console\Command.php:211
C:\Users\USUARIO\Documents\Documentos Christian\Archivos Estudio\Sena\PROYECTO FORMATIVO\BackEnd\Conexion-EcoRisaralda\vendor\symfony\console\Command\Command.php:341
C:\Users\USUARIO\Documents\Documentos Christian\Archivos Estudio\Sena\PROYECTO FORMATIVO\BackEnd\Conexion-EcoRisaralda\vendor\laravel\framework\src\Illuminate\Console\Command.php:180
C:\Users\USUARIO\Documents\Documentos Christian\Archivos Estudio\Sena\PROYECTO FORMATIVO\BackEnd\Conexion-EcoRisaralda\vendor\laravel\framework\src\Illuminate\Console\Concerns\CallsCommands.php:68
C:\Users\USUARIO\Documents\Documentos Christian\Archivos Estudio\Sena\PROYECTO FORMATIVO\BackEnd\Conexion-EcoRisaralda\vendor\laravel\framework\src\Illuminate\Console\Concerns\CallsCommands.php:29
C:\Users\USUARIO\Documents\Documentos Christian\Archivos Estudio\Sena\PROYECTO FORMATIVO\BackEnd\Conexion-EcoRisaralda\vendor\laravel\framework\src\Illuminate\Database\Console\Migrations\FreshCommand.php:81
C:\Users\USUARIO\Documents\Documentos Christian\Archivos Estudio\Sena\PROYECTO FORMATIVO\BackEnd\Conexion-EcoRisaralda\vendor\laravel\framework\src\Illuminate\Container\BoundMethod.php:36
C:\Users\USUARIO\Documents\Documentos Christian\Archivos Estudio\Sena\PROYECTO FORMATIVO\BackEnd\Conexion-EcoRisaralda\vendor\laravel\framework\src\Illuminate\Container\Util.php:43
C:\Users\USUARIO\Documents\Documentos Christian\Archivos Estudio\Sena\PROYECTO FORMATIVO\BackEnd\Conexion-EcoRisaralda\vendor\laravel\framework\src\Illuminate\Container\BoundMethod.php:96
C:\Users\USUARIO\Documents\Documentos Christian\Archivos Estudio\Sena\PROYECTO FORMATIVO\BackEnd\Conexion-EcoRisaralda\vendor\laravel\framework\src\Illuminate\Container\BoundMethod.php:35
C:\Users\USUARIO\Documents\Documentos Christian\Archivos Estudio\Sena\PROYECTO FORMATIVO\BackEnd\Conexion-EcoRisaralda\vendor\laravel\framework\src\Illuminate\Container\Container.php:799
C:\Users\USUARIO\Documents\Documentos Christian\Archivos Estudio\Sena\PROYECTO FORMATIVO\BackEnd\Conexion-EcoRisaralda\vendor\laravel\framework\src\Illuminate\Console\Command.php:211
C:\Users\USUARIO\Documents\Documentos Christian\Archivos Estudio\Sena\PROYECTO FORMATIVO\BackEnd\Conexion-EcoRisaralda\vendor\symfony\console\Command\Command.php:341
C:\Users\USUARIO\Documents\Documentos Christian\Archivos Estudio\Sena\PROYECTO FORMATIVO\BackEnd\Conexion-EcoRisaralda\vendor\laravel\framework\src\Illuminate\Console\Command.php:180
C:\Users\USUARIO\Documents\Documentos Christian\Archivos Estudio\Sena\PROYECTO FORMATIVO\BackEnd\Conexion-EcoRisaralda\vendor\symfony\console\Application.php:1079
C:\Users\USUARIO\Documents\Documentos Christian\Archivos Estudio\Sena\PROYECTO FORMATIVO\BackEnd\Conexion-EcoRisaralda\vendor\symfony\console\Application.php:356
C:\Users\USUARIO\Documents\Documentos Christian\Archivos Estudio\Sena\PROYECTO FORMATIVO\BackEnd\Conexion-EcoRisaralda\vendor\symfony\console\Application.php:195
C:\Users\USUARIO\Documents\Documentos Christian\Archivos Estudio\Sena\PROYECTO FORMATIVO\BackEnd\Conexion-EcoRisaralda\vendor\laravel\framework\src\Illuminate\Console\Application.php:165
C:\Users\USUARIO\Documents\Documentos Christian\Archivos Estudio\Sena\PROYECTO FORMATIVO\BackEnd\Conexion-EcoRisaralda\vendor\laravel\framework\src\Illuminate\Foundation\Console\Kernel.php:447
C:\Users\USUARIO\Documents\Documentos Christian\Archivos Estudio\Sena\PROYECTO FORMATIVO\BackEnd\Conexion-EcoRisaralda\vendor\laravel\framework\src\Illuminate\Testing\PendingCommand.php:451
C:\Users\USUARIO\Documents\Documentos Christian\Archivos Estudio\Sena\PROYECTO FORMATIVO\BackEnd\Conexion-EcoRisaralda\vendor\laravel\framework\src\Illuminate\Testing\PendingCommand.php:675
C:\Users\USUARIO\Documents\Documentos Christian\Archivos Estudio\Sena\PROYECTO FORMATIVO\BackEnd\Conexion-EcoRisaralda\vendor\laravel\framework\src\Illuminate\Foundation\Testing\Concerns\InteractsWithConsole.php:87
C:\Users\USUARIO\Documents\Documentos Christian\Archivos Estudio\Sena\PROYECTO FORMATIVO\BackEnd\Conexion-EcoRisaralda\vendor\laravel\framework\src\Illuminate\Foundation\Testing\RefreshDatabase.php:119
C:\Users\USUARIO\Documents\Documentos Christian\Archivos Estudio\Sena\PROYECTO FORMATIVO\BackEnd\Conexion-EcoRisaralda\vendor\laravel\framework\src\Illuminate\Foundation\Testing\RefreshDatabase.php:84
C:\Users\USUARIO\Documents\Documentos Christian\Archivos Estudio\Sena\PROYECTO FORMATIVO\BackEnd\Conexion-EcoRisaralda\vendor\laravel\framework\src\Illuminate\Foundation\Testing\RefreshDatabase.php:25
C:\Users\USUARIO\Documents\Documentos Christian\Archivos Estudio\Sena\PROYECTO FORMATIVO\BackEnd\Conexion-EcoRisaralda\vendor\laravel\framework\src\Illuminate\Foundation\Testing\Concerns\InteractsWithTestCaseLifecycle.php:217
C:\Users\USUARIO\Documents\Documentos Christian\Archivos Estudio\Sena\PROYECTO FORMATIVO\BackEnd\Conexion-EcoRisaralda\vendor\laravel\framework\src\Illuminate\Foundation\Testing\Concerns\InteractsWithTestCaseLifecycle.php:101
C:\Users\USUARIO\Documents\Documentos Christian\Archivos Estudio\Sena\PROYECTO FORMATIVO\BackEnd\Conexion-EcoRisaralda\vendor\laravel\framework\src\Illuminate\Foundation\Testing\TestCase.php:63</error>
        </testcase>
      </testsuite>
    </testsuite>
    <testsuite name="Feature" tests="60" assertions="2" errors="59" failures="0" skipped="0" time="0.087754">
      <testsuite name="Tests\Feature\Auth\AuthenticationTest" file="C:\Users\USUARIO\Documents\Documentos Christian\Archivos Estudio\Sena\PROYECTO FORMATIVO\BackEnd\Conexion-EcoRisaralda\tests\Feature\Auth\AuthenticationTest.php" tests="5" assertions="0" errors="5" failures="0" skipped="0" time="0.000000">
        <testcase name="test_user_can_login_via_api" file="C:\Users\USUARIO\Documents\Documentos Christian\Archivos Estudio\Sena\PROYECTO FORMATIVO\BackEnd\Conexion-EcoRisaralda\tests\Feature\Auth\AuthenticationTest.php" line="13" class="Tests\Feature\Auth\AuthenticationTest" classname="Tests.Feature.Auth.AuthenticationTest" assertions="0" time="0.000000">
          <error type="Illuminate\Database\QueryException">Tests\Feature\Auth\AuthenticationTest::test_user_can_login_via_api&#13;
Illuminate\Database\QueryException: SQLSTATE[HY000]: General error: 1 near "MODIFY": syntax error (Connection: sqlite, Database: :memory:, SQL: ALTER TABLE users MODIFY status ENUM('pending','approved','rejected','active','inactive') DEFAULT 'active')
&#13;
C:\Users\USUARIO\Documents\Documentos Christian\Archivos Estudio\Sena\PROYECTO FORMATIVO\BackEnd\Conexion-EcoRisaralda\vendor\laravel\framework\src\Illuminate\Database\Connection.php:838
C:\Users\USUARIO\Documents\Documentos Christian\Archivos Estudio\Sena\PROYECTO FORMATIVO\BackEnd\Conexion-EcoRisaralda\vendor\laravel\framework\src\Illuminate\Database\Connection.php:794
C:\Users\USUARIO\Documents\Documentos Christian\Archivos Estudio\Sena\PROYECTO FORMATIVO\BackEnd\Conexion-EcoRisaralda\vendor\laravel\framework\src\Illuminate\Database\Connection.php:573
C:\Users\USUARIO\Documents\Documentos Christian\Archivos Estudio\Sena\PROYECTO FORMATIVO\BackEnd\Conexion-EcoRisaralda\vendor\laravel\framework\src\Illuminate\Database\DatabaseManager.php:491
C:\Users\USUARIO\Documents\Documentos Christian\Archivos Estudio\Sena\PROYECTO FORMATIVO\BackEnd\Conexion-EcoRisaralda\vendor\laravel\framework\src\Illuminate\Support\Facades\Facade.php:363
C:\Users\USUARIO\Documents\Documentos Christian\Archivos Estudio\Sena\PROYECTO FORMATIVO\BackEnd\Conexion-EcoRisaralda\database\migrations\2026_02_09_000001_add_inactive_to_status_enum_on_users_table.php:16
C:\Users\USUARIO\Documents\Documentos Christian\Archivos Estudio\Sena\PROYECTO FORMATIVO\BackEnd\Conexion-EcoRisaralda\vendor\laravel\framework\src\Illuminate\Database\Migrations\Migrator.php:517
C:\Users\USUARIO\Documents\Documentos Christian\Archivos Estudio\Sena\PROYECTO FORMATIVO\BackEnd\Conexion-EcoRisaralda\vendor\laravel\framework\src\Illuminate\Database\Migrations\Migrator.php:442
C:\Users\USUARIO\Documents\Documentos Christian\Archivos Estudio\Sena\PROYECTO FORMATIVO\BackEnd\Conexion-EcoRisaralda\vendor\laravel\framework\src\Illuminate\Database\Migrations\Migrator.php:451
C:\Users\USUARIO\Documents\Documentos Christian\Archivos Estudio\Sena\PROYECTO FORMATIVO\BackEnd\Conexion-EcoRisaralda\vendor\laravel\framework\src\Illuminate\Database\Migrations\Migrator.php:253
C:\Users\USUARIO\Documents\Documentos Christian\Archivos Estudio\Sena\PROYECTO FORMATIVO\BackEnd\Conexion-EcoRisaralda\vendor\laravel\framework\src\Illuminate\Console\View\Components\Task.php:41
C:\Users\USUARIO\Documents\Documentos Christian\Archivos Estudio\Sena\PROYECTO FORMATIVO\BackEnd\Conexion-EcoRisaralda\vendor\laravel\framework\src\Illuminate\Database\Migrations\Migrator.php:814
C:\Users\USUARIO\Documents\Documentos Christian\Archivos Estudio\Sena\PROYECTO FORMATIVO\BackEnd\Conexion-EcoRisaralda\vendor\laravel\framework\src\Illuminate\Database\Migrations\Migrator.php:253
C:\Users\USUARIO\Documents\Documentos Christian\Archivos Estudio\Sena\PROYECTO FORMATIVO\BackEnd\Conexion-EcoRisaralda\vendor\laravel\framework\src\Illuminate\Database\Migrations\Migrator.php:211
C:\Users\USUARIO\Documents\Documentos Christian\Archivos Estudio\Sena\PROYECTO FORMATIVO\BackEnd\Conexion-EcoRisaralda\vendor\laravel\framework\src\Illuminate\Database\Migrations\Migrator.php:138
C:\Users\USUARIO\Documents\Documentos Christian\Archivos Estudio\Sena\PROYECTO FORMATIVO\BackEnd\Conexion-EcoRisaralda\vendor\laravel\framework\src\Illuminate\Database\Console\Migrations\MigrateCommand.php:116
C:\Users\USUARIO\Documents\Documentos Christian\Archivos Estudio\Sena\PROYECTO FORMATIVO\BackEnd\Conexion-EcoRisaralda\vendor\laravel\framework\src\Illuminate\Database\Migrations\Migrator.php:671
C:\Users\USUARIO\Documents\Documentos Christian\Archivos Estudio\Sena\PROYECTO FORMATIVO\BackEnd\Conexion-EcoRisaralda\vendor\laravel\framework\src\Illuminate\Database\Console\Migrations\MigrateCommand.php:109
C:\Users\USUARIO\Documents\Documentos Christian\Archivos Estudio\Sena\PROYECTO FORMATIVO\BackEnd\Conexion-EcoRisaralda\vendor\laravel\framework\src\Illuminate\Database\Console\Migrations\MigrateCommand.php:88
C:\Users\USUARIO\Documents\Documentos Christian\Archivos Estudio\Sena\PROYECTO FORMATIVO\BackEnd\Conexion-EcoRisaralda\vendor\laravel\framework\src\Illuminate\Container\BoundMethod.php:36
C:\Users\USUARIO\Documents\Documentos Christian\Archivos Estudio\Sena\PROYECTO FORMATIVO\BackEnd\Conexion-EcoRisaralda\vendor\laravel\framework\src\Illuminate\Container\Util.php:43
C:\Users\USUARIO\Documents\Documentos Christian\Archivos Estudio\Sena\PROYECTO FORMATIVO\BackEnd\Conexion-EcoRisaralda\vendor\laravel\framework\src\Illuminate\Container\BoundMethod.php:96
C:\Users\USUARIO\Documents\Documentos Christian\Archivos Estudio\Sena\PROYECTO FORMATIVO\BackEnd\Conexion-EcoRisaralda\vendor\laravel\framework\src\Illuminate\Container\BoundMethod.php:35
C:\Users\USUARIO\Documents\Documentos Christian\Archivos Estudio\Sena\PROYECTO FORMATIVO\BackEnd\Conexion-EcoRisaralda\vendor\laravel\framework\src\Illuminate\Container\Container.php:799
C:\Users\USUARIO\Documents\Documentos Christian\Archivos Estudio\Sena\PROYECTO FORMATIVO\BackEnd\Conexion-EcoRisaralda\vendor\laravel\framework\src\Illuminate\Console\Command.php:211
C:\Users\USUARIO\Documents\Documentos Christian\Archivos Estudio\Sena\PROYECTO FORMATIVO\BackEnd\Conexion-EcoRisaralda\vendor\symfony\console\Command\Command.php:341
C:\Users\USUARIO\Documents\Documentos Christian\Archivos Estudio\Sena\PROYECTO FORMATIVO\BackEnd\Conexion-EcoRisaralda\vendor\laravel\framework\src\Illuminate\Console\Command.php:180
C:\Users\USUARIO\Documents\Documentos Christian\Archivos Estudio\Sena\PROYECTO FORMATIVO\BackEnd\Conexion-EcoRisaralda\vendor\laravel\framework\src\Illuminate\Console\Concerns\CallsCommands.php:68
C:\Users\USUARIO\Documents\Documentos Christian\Archivos Estudio\Sena\PROYECTO FORMATIVO\BackEnd\Conexion-EcoRisaralda\vendor\laravel\framework\src\Illuminate\Console\Concerns\CallsCommands.php:29
C:\Users\USUARIO\Documents\Documentos Christian\Archivos Estudio\Sena\PROYECTO FORMATIVO\BackEnd\Conexion-EcoRisaralda\vendor\laravel\framework\src\Illuminate\Database\Console\Migrations\FreshCommand.php:81
C:\Users\USUARIO\Documents\Documentos Christian\Archivos Estudio\Sena\PROYECTO FORMATIVO\BackEnd\Conexion-EcoRisaralda\vendor\laravel\framework\src\Illuminate\Container\BoundMethod.php:36
C:\Users\USUARIO\Documents\Documentos Christian\Archivos Estudio\Sena\PROYECTO FORMATIVO\BackEnd\Conexion-EcoRisaralda\vendor\laravel\framework\src\Illuminate\Container\Util.php:43
C:\Users\USUARIO\Documents\Documentos Christian\Archivos Estudio\Sena\PROYECTO FORMATIVO\BackEnd\Conexion-EcoRisaralda\vendor\laravel\framework\src\Illuminate\Container\BoundMethod.php:96
C:\Users\USUARIO\Documents\Documentos Christian\Archivos Estudio\Sena\PROYECTO FORMATIVO\BackEnd\Conexion-EcoRisaralda\vendor\laravel\framework\src\Illuminate\Container\BoundMethod.php:35
C:\Users\USUARIO\Documents\Documentos Christian\Archivos Estudio\Sena\PROYECTO FORMATIVO\BackEnd\Conexion-EcoRisaralda\vendor\laravel\framework\src\Illuminate\Container\Container.php:799
C:\Users\USUARIO\Documents\Documentos Christian\Archivos Estudio\Sena\PROYECTO FORMATIVO\BackEnd\Conexion-EcoRisaralda\vendor\laravel\framework\src\Illuminate\Console\Command.php:211
C:\Users\USUARIO\Documents\Documentos Christian\Archivos Estudio\Sena\PROYECTO FORMATIVO\BackEnd\Conexion-EcoRisaralda\vendor\symfony\console\Command\Command.php:341
C:\Users\USUARIO\Documents\Documentos Christian\Archivos Estudio\Sena\PROYECTO FORMATIVO\BackEnd\Conexion-EcoRisaralda\vendor\laravel\framework\src\Illuminate\Console\Command.php:180
C:\Users\USUARIO\Documents\Documentos Christian\Archivos Estudio\Sena\PROYECTO FORMATIVO\BackEnd\Conexion-EcoRisaralda\vendor\symfony\console\Application.php:1079
C:\Users\USUARIO\Documents\Documentos Christian\Archivos Estudio\Sena\PROYECTO FORMATIVO\BackEnd\Conexion-EcoRisaralda\vendor\symfony\console\Application.php:356
C:\Users\USUARIO\Documents\Documentos Christian\Archivos Estudio\Sena\PROYECTO FORMATIVO\BackEnd\Conexion-EcoRisaralda\vendor\symfony\console\Application.php:195
C:\Users\USUARIO\Documents\Documentos Christian\Archivos Estudio\Sena\PROYECTO FORMATIVO\BackEnd\Conexion-EcoRisaralda\vendor\laravel\framework\src\Illuminate\Console\Application.php:165
C:\Users\USUARIO\Documents\Documentos Christian\Archivos Estudio\Sena\PROYECTO FORMATIVO\BackEnd\Conexion-EcoRisaralda\vendor\laravel\framework\src\Illuminate\Foundation\Console\Kernel.php:447
C:\Users\USUARIO\Documents\Documentos Christian\Archivos Estudio\Sena\PROYECTO FORMATIVO\BackEnd\Conexion-EcoRisaralda\vendor\laravel\framework\src\Illuminate\Testing\PendingCommand.php:451
C:\Users\USUARIO\Documents\Documentos Christian\Archivos Estudio\Sena\PROYECTO FORMATIVO\BackEnd\Conexion-EcoRisaralda\vendor\laravel\framework\src\Illuminate\Testing\PendingCommand.php:675
C:\Users\USUARIO\Documents\Documentos Christian\Archivos Estudio\Sena\PROYECTO FORMATIVO\BackEnd\Conexion-EcoRisaralda\vendor\laravel\framework\src\Illuminate\Foundation\Testing\Concerns\InteractsWithConsole.php:87
C:\Users\USUARIO\Documents\Documentos Christian\Archivos Estudio\Sena\PROYECTO FORMATIVO\BackEnd\Conexion-EcoRisaralda\vendor\laravel\framework\src\Illuminate\Foundation\Testing\RefreshDatabase.php:119
C:\Users\USUARIO\Documents\Documentos Christian\Archivos Estudio\Sena\PROYECTO FORMATIVO\BackEnd\Conexion-EcoRisaralda\vendor\laravel\framework\src\Illuminate\Foundation\Testing\RefreshDatabase.php:84
C:\Users\USUARIO\Documents\Documentos Christian\Archivos Estudio\Sena\PROYECTO FORMATIVO\BackEnd\Conexion-EcoRisaralda\vendor\laravel\framework\src\Illuminate\Foundation\Testing\RefreshDatabase.php:25
C:\Users\USUARIO\Documents\Documentos Christian\Archivos Estudio\Sena\PROYECTO FORMATIVO\BackEnd\Conexion-EcoRisaralda\vendor\laravel\framework\src\Illuminate\Foundation\Testing\Concerns\InteractsWithTestCaseLifecycle.php:217
C:\Users\USUARIO\Documents\Documentos Christian\Archivos Estudio\Sena\PROYECTO FORMATIVO\BackEnd\Conexion-EcoRisaralda\vendor\laravel\framework\src\Illuminate\Foundation\Testing\Concerns\InteractsWithTestCaseLifecycle.php:101
C:\Users\USUARIO\Documents\Documentos Christian\Archivos Estudio\Sena\PROYECTO FORMATIVO\BackEnd\Conexion-EcoRisaralda\vendor\laravel\framework\src\Illuminate\Foundation\Testing\TestCase.php:63</error>
        </testcase>
        <testcase name="test_user_cannot_login_with_invalid_password" file="C:\Users\USUARIO\Documents\Documentos Christian\Archivos Estudio\Sena\PROYECTO FORMATIVO\BackEnd\Conexion-EcoRisaralda\tests\Feature\Auth\AuthenticationTest.php" line="28" class="Tests\Feature\Auth\AuthenticationTest" classname="Tests.Feature.Auth.AuthenticationTest" assertions="0" time="0.000000">
          <error type="Illuminate\Database\QueryException">Tests\Feature\Auth\AuthenticationTest::test_user_cannot_login_with_invalid_password&#13;
Illuminate\Database\QueryException: SQLSTATE[HY000]: General error: 1 near "MODIFY": syntax error (Connection: sqlite, Database: :memory:, SQL: ALTER TABLE users MODIFY status ENUM('pending','approved','rejected','active','inactive') DEFAULT 'active')
&#13;
C:\Users\USUARIO\Documents\Documentos Christian\Archivos Estudio\Sena\PROYECTO FORMATIVO\BackEnd\Conexion-EcoRisaralda\vendor\laravel\framework\src\Illuminate\Database\Connection.php:838
C:\Users\USUARIO\Documents\Documentos Christian\Archivos Estudio\Sena\PROYECTO FORMATIVO\BackEnd\Conexion-EcoRisaralda\vendor\laravel\framework\src\Illuminate\Database\Connection.php:794
C:\Users\USUARIO\Documents\Documentos Christian\Archivos Estudio\Sena\PROYECTO FORMATIVO\BackEnd\Conexion-EcoRisaralda\vendor\laravel\framework\src\Illuminate\Database\Connection.php:573
C:\Users\USUARIO\Documents\Documentos Christian\Archivos Estudio\Sena\PROYECTO FORMATIVO\BackEnd\Conexion-EcoRisaralda\vendor\laravel\framework\src\Illuminate\Database\DatabaseManager.php:491
C:\Users\USUARIO\Documents\Documentos Christian\Archivos Estudio\Sena\PROYECTO FORMATIVO\BackEnd\Conexion-EcoRisaralda\vendor\laravel\framework\src\Illuminate\Support\Facades\Facade.php:363
C:\Users\USUARIO\Documents\Documentos Christian\Archivos Estudio\Sena\PROYECTO FORMATIVO\BackEnd\Conexion-EcoRisaralda\database\migrations\2026_02_09_000001_add_inactive_to_status_enum_on_users_table.php:16
C:\Users\USUARIO\Documents\Documentos Christian\Archivos Estudio\Sena\PROYECTO FORMATIVO\BackEnd\Conexion-EcoRisaralda\vendor\laravel\framework\src\Illuminate\Database\Migrations\Migrator.php:517
C:\Users\USUARIO\Documents\Documentos Christian\Archivos Estudio\Sena\PROYECTO FORMATIVO\BackEnd\Conexion-EcoRisaralda\vendor\laravel\framework\src\Illuminate\Database\Migrations\Migrator.php:442
C:\Users\USUARIO\Documents\Documentos Christian\Archivos Estudio\Sena\PROYECTO FORMATIVO\BackEnd\Conexion-EcoRisaralda\vendor\laravel\framework\src\Illuminate\Database\Migrations\Migrator.php:451
C:\Users\USUARIO\Documents\Documentos Christian\Archivos Estudio\Sena\PROYECTO FORMATIVO\BackEnd\Conexion-EcoRisaralda\vendor\laravel\framework\src\Illuminate\Database\Migrations\Migrator.php:253
C:\Users\USUARIO\Documents\Documentos Christian\Archivos Estudio\Sena\PROYECTO FORMATIVO\BackEnd\Conexion-EcoRisaralda\vendor\laravel\framework\src\Illuminate\Console\View\Components\Task.php:41
C:\Users\USUARIO\Documents\Documentos Christian\Archivos Estudio\Sena\PROYECTO FORMATIVO\BackEnd\Conexion-EcoRisaralda\vendor\laravel\framework\src\Illuminate\Database\Migrations\Migrator.php:814
C:\Users\USUARIO\Documents\Documentos Christian\Archivos Estudio\Sena\PROYECTO FORMATIVO\BackEnd\Conexion-EcoRisaralda\vendor\laravel\framework\src\Illuminate\Database\Migrations\Migrator.php:253
C:\Users\USUARIO\Documents\Documentos Christian\Archivos Estudio\Sena\PROYECTO FORMATIVO\BackEnd\Conexion-EcoRisaralda\vendor\laravel\framework\src\Illuminate\Database\Migrations\Migrator.php:211
C:\Users\USUARIO\Documents\Documentos Christian\Archivos Estudio\Sena\PROYECTO FORMATIVO\BackEnd\Conexion-EcoRisaralda\vendor\laravel\framework\src\Illuminate\Database\Migrations\Migrator.php:138
C:\Users\USUARIO\Documents\Documentos Christian\Archivos Estudio\Sena\PROYECTO FORMATIVO\BackEnd\Conexion-EcoRisaralda\vendor\laravel\framework\src\Illuminate\Database\Console\Migrations\MigrateCommand.php:116
C:\Users\USUARIO\Documents\Documentos Christian\Archivos Estudio\Sena\PROYECTO FORMATIVO\BackEnd\Conexion-EcoRisaralda\vendor\laravel\framework\src\Illuminate\Database\Migrations\Migrator.php:671
C:\Users\USUARIO\Documents\Documentos Christian\Archivos Estudio\Sena\PROYECTO FORMATIVO\BackEnd\Conexion-EcoRisaralda\vendor\laravel\framework\src\Illuminate\Database\Console\Migrations\MigrateCommand.php:109
C:\Users\USUARIO\Documents\Documentos Christian\Archivos Estudio\Sena\PROYECTO FORMATIVO\BackEnd\Conexion-EcoRisaralda\vendor\laravel\framework\src\Illuminate\Database\Console\Migrations\MigrateCommand.php:88
C:\Users\USUARIO\Documents\Documentos Christian\Archivos Estudio\Sena\PROYECTO FORMATIVO\BackEnd\Conexion-EcoRisaralda\vendor\laravel\framework\src\Illuminate\Container\BoundMethod.php:36
C:\Users\USUARIO\Documents\Documentos Christian\Archivos Estudio\Sena\PROYECTO FORMATIVO\BackEnd\Conexion-EcoRisaralda\vendor\laravel\framework\src\Illuminate\Container\Util.php:43
C:\Users\USUARIO\Documents\Documentos Christian\Archivos Estudio\Sena\PROYECTO FORMATIVO\BackEnd\Conexion-EcoRisaralda\vendor\laravel\framework\src\Illuminate\Container\BoundMethod.php:96
C:\Users\USUARIO\Documents\Documentos Christian\Archivos Estudio\Sena\PROYECTO FORMATIVO\BackEnd\Conexion-EcoRisaralda\vendor\laravel\framework\src\Illuminate\Container\BoundMethod.php:35
C:\Users\USUARIO\Documents\Documentos Christian\Archivos Estudio\Sena\PROYECTO FORMATIVO\BackEnd\Conexion-EcoRisaralda\vendor\laravel\framework\src\Illuminate\Container\Container.php:799
C:\Users\USUARIO\Documents\Documentos Christian\Archivos Estudio\Sena\PROYECTO FORMATIVO\BackEnd\Conexion-EcoRisaralda\vendor\laravel\framework\src\Illuminate\Console\Command.php:211
C:\Users\USUARIO\Documents\Documentos Christian\Archivos Estudio\Sena\PROYECTO FORMATIVO\BackEnd\Conexion-EcoRisaralda\vendor\symfony\console\Command\Command.php:341
C:\Users\USUARIO\Documents\Documentos Christian\Archivos Estudio\Sena\PROYECTO FORMATIVO\BackEnd\Conexion-EcoRisaralda\vendor\laravel\framework\src\Illuminate\Console\Command.php:180
C:\Users\USUARIO\Documents\Documentos Christian\Archivos Estudio\Sena\PROYECTO FORMATIVO\BackEnd\Conexion-EcoRisaralda\vendor\laravel\framework\src\Illuminate\Console\Concerns\CallsCommands.php:68
C:\Users\USUARIO\Documents\Documentos Christian\Archivos Estudio\Sena\PROYECTO FORMATIVO\BackEnd\Conexion-EcoRisaralda\vendor\laravel\framework\src\Illuminate\Console\Concerns\CallsCommands.php:29
C:\Users\USUARIO\Documents\Documentos Christian\Archivos Estudio\Sena\PROYECTO FORMATIVO\BackEnd\Conexion-EcoRisaralda\vendor\laravel\framework\src\Illuminate\Database\Console\Migrations\FreshCommand.php:81
C:\Users\USUARIO\Documents\Documentos Christian\Archivos Estudio\Sena\PROYECTO FORMATIVO\BackEnd\Conexion-EcoRisaralda\vendor\laravel\framework\src\Illuminate\Container\BoundMethod.php:36
C:\Users\USUARIO\Documents\Documentos Christian\Archivos Estudio\Sena\PROYECTO FORMATIVO\BackEnd\Conexion-EcoRisaralda\vendor\laravel\framework\src\Illuminate\Container\Util.php:43
C:\Users\USUARIO\Documents\Documentos Christian\Archivos Estudio\Sena\PROYECTO FORMATIVO\BackEnd\Conexion-EcoRisaralda\vendor\laravel\framework\src\Illuminate\Container\BoundMethod.php:96
C:\Users\USUARIO\Documents\Documentos Christian\Archivos Estudio\Sena\PROYECTO FORMATIVO\BackEnd\Conexion-EcoRisaralda\vendor\laravel\framework\src\Illuminate\Container\BoundMethod.php:35
C:\Users\USUARIO\Documents\Documentos Christian\Archivos Estudio\Sena\PROYECTO FORMATIVO\BackEnd\Conexion-EcoRisaralda\vendor\laravel\framework\src\Illuminate\Container\Container.php:799
C:\Users\USUARIO\Documents\Documentos Christian\Archivos Estudio\Sena\PROYECTO FORMATIVO\BackEnd\Conexion-EcoRisaralda\vendor\laravel\framework\src\Illuminate\Console\Command.php:211
C:\Users\USUARIO\Documents\Documentos Christian\Archivos Estudio\Sena\PROYECTO FORMATIVO\BackEnd\Conexion-EcoRisaralda\vendor\symfony\console\Command\Command.php:341
C:\Users\USUARIO\Documents\Documentos Christian\Archivos Estudio\Sena\PROYECTO FORMATIVO\BackEnd\Conexion-EcoRisaralda\vendor\laravel\framework\src\Illuminate\Console\Command.php:180
C:\Users\USUARIO\Documents\Documentos Christian\Archivos Estudio\Sena\PROYECTO FORMATIVO\BackEnd\Conexion-EcoRisaralda\vendor\symfony\console\Application.php:1079
C:\Users\USUARIO\Documents\Documentos Christian\Archivos Estudio\Sena\PROYECTO FORMATIVO\BackEnd\Conexion-EcoRisaralda\vendor\symfony\console\Application.php:356
C:\Users\USUARIO\Documents\Documentos Christian\Archivos Estudio\Sena\PROYECTO FORMATIVO\BackEnd\Conexion-EcoRisaralda\vendor\symfony\console\Application.php:195
C:\Users\USUARIO\Documents\Documentos Christian\Archivos Estudio\Sena\PROYECTO FORMATIVO\BackEnd\Conexion-EcoRisaralda\vendor\laravel\framework\src\Illuminate\Console\Application.php:165
C:\Users\USUARIO\Documents\Documentos Christian\Archivos Estudio\Sena\PROYECTO FORMATIVO\BackEnd\Conexion-EcoRisaralda\vendor\laravel\framework\src\Illuminate\Foundation\Console\Kernel.php:447
C:\Users\USUARIO\Documents\Documentos Christian\Archivos Estudio\Sena\PROYECTO FORMATIVO\BackEnd\Conexion-EcoRisaralda\vendor\laravel\framework\src\Illuminate\Testing\PendingCommand.php:451
C:\Users\USUARIO\Documents\Documentos Christian\Archivos Estudio\Sena\PROYECTO FORMATIVO\BackEnd\Conexion-EcoRisaralda\vendor\laravel\framework\src\Illuminate\Testing\PendingCommand.php:675
C:\Users\USUARIO\Documents\Documentos Christian\Archivos Estudio\Sena\PROYECTO FORMATIVO\BackEnd\Conexion-EcoRisaralda\vendor\laravel\framework\src\Illuminate\Foundation\Testing\Concerns\InteractsWithConsole.php:87
C:\Users\USUARIO\Documents\Documentos Christian\Archivos Estudio\Sena\PROYECTO FORMATIVO\BackEnd\Conexion-EcoRisaralda\vendor\laravel\framework\src\Illuminate\Foundation\Testing\RefreshDatabase.php:119
C:\Users\USUARIO\Documents\Documentos Christian\Archivos Estudio\Sena\PROYECTO FORMATIVO\BackEnd\Conexion-EcoRisaralda\vendor\laravel\framework\src\Illuminate\Foundation\Testing\RefreshDatabase.php:84
C:\Users\USUARIO\Documents\Documentos Christian\Archivos Estudio\Sena\PROYECTO FORMATIVO\BackEnd\Conexion-EcoRisaralda\vendor\laravel\framework\src\Illuminate\Foundation\Testing\RefreshDatabase.php:25
C:\Users\USUARIO\Documents\Documentos Christian\Archivos Estudio\Sena\PROYECTO FORMATIVO\BackEnd\Conexion-EcoRisaralda\vendor\laravel\framework\src\Illuminate\Foundation\Testing\Concerns\InteractsWithTestCaseLifecycle.php:217
C:\Users\USUARIO\Documents\Documentos Christian\Archivos Estudio\Sena\PROYECTO FORMATIVO\BackEnd\Conexion-EcoRisaralda\vendor\laravel\framework\src\Illuminate\Foundation\Testing\Concerns\InteractsWithTestCaseLifecycle.php:101
C:\Users\USUARIO\Documents\Documentos Christian\Archivos Estudio\Sena\PROYECTO FORMATIVO\BackEnd\Conexion-EcoRisaralda\vendor\laravel\framework\src\Illuminate\Foundation\Testing\TestCase.php:63</error>
        </testcase>
        <testcase name="test_unverified_user_cannot_login" file="C:\Users\USUARIO\Documents\Documentos Christian\Archivos Estudio\Sena\PROYECTO FORMATIVO\BackEnd\Conexion-EcoRisaralda\tests\Feature\Auth\AuthenticationTest.php" line="43" class="Tests\Feature\Auth\AuthenticationTest" classname="Tests.Feature.Auth.AuthenticationTest" assertions="0" time="0.000000">
          <error type="Illuminate\Database\QueryException">Tests\Feature\Auth\AuthenticationTest::test_unverified_user_cannot_login&#13;
Illuminate\Database\QueryException: SQLSTATE[HY000]: General error: 1 near "MODIFY": syntax error (Connection: sqlite, Database: :memory:, SQL: ALTER TABLE users MODIFY status ENUM('pending','approved','rejected','active','inactive') DEFAULT 'active')
&#13;
C:\Users\USUARIO\Documents\Documentos Christian\Archivos Estudio\Sena\PROYECTO FORMATIVO\BackEnd\Conexion-EcoRisaralda\vendor\laravel\framework\src\Illuminate\Database\Connection.php:838
C:\Users\USUARIO\Documents\Documentos Christian\Archivos Estudio\Sena\PROYECTO FORMATIVO\BackEnd\Conexion-EcoRisaralda\vendor\laravel\framework\src\Illuminate\Database\Connection.php:794
C:\Users\USUARIO\Documents\Documentos Christian\Archivos Estudio\Sena\PROYECTO FORMATIVO\BackEnd\Conexion-EcoRisaralda\vendor\laravel\framework\src\Illuminate\Database\Connection.php:573
C:\Users\USUARIO\Documents\Documentos Christian\Archivos Estudio\Sena\PROYECTO FORMATIVO\BackEnd\Conexion-EcoRisaralda\vendor\laravel\framework\src\Illuminate\Database\DatabaseManager.php:491
C:\Users\USUARIO\Documents\Documentos Christian\Archivos Estudio\Sena\PROYECTO FORMATIVO\BackEnd\Conexion-EcoRisaralda\vendor\laravel\framework\src\Illuminate\Support\Facades\Facade.php:363
C:\Users\USUARIO\Documents\Documentos Christian\Archivos Estudio\Sena\PROYECTO FORMATIVO\BackEnd\Conexion-EcoRisaralda\database\migrations\2026_02_09_000001_add_inactive_to_status_enum_on_users_table.php:16
C:\Users\USUARIO\Documents\Documentos Christian\Archivos Estudio\Sena\PROYECTO FORMATIVO\BackEnd\Conexion-EcoRisaralda\vendor\laravel\framework\src\Illuminate\Database\Migrations\Migrator.php:517
C:\Users\USUARIO\Documents\Documentos Christian\Archivos Estudio\Sena\PROYECTO FORMATIVO\BackEnd\Conexion-EcoRisaralda\vendor\laravel\framework\src\Illuminate\Database\Migrations\Migrator.php:442
C:\Users\USUARIO\Documents\Documentos Christian\Archivos Estudio\Sena\PROYECTO FORMATIVO\BackEnd\Conexion-EcoRisaralda\vendor\laravel\framework\src\Illuminate\Database\Migrations\Migrator.php:451
C:\Users\USUARIO\Documents\Documentos Christian\Archivos Estudio\Sena\PROYECTO FORMATIVO\BackEnd\Conexion-EcoRisaralda\vendor\laravel\framework\src\Illuminate\Database\Migrations\Migrator.php:253
C:\Users\USUARIO\Documents\Documentos Christian\Archivos Estudio\Sena\PROYECTO FORMATIVO\BackEnd\Conexion-EcoRisaralda\vendor\laravel\framework\src\Illuminate\Console\View\Components\Task.php:41
C:\Users\USUARIO\Documents\Documentos Christian\Archivos Estudio\Sena\PROYECTO FORMATIVO\BackEnd\Conexion-EcoRisaralda\vendor\laravel\framework\src\Illuminate\Database\Migrations\Migrator.php:814
C:\Users\USUARIO\Documents\Documentos Christian\Archivos Estudio\Sena\PROYECTO FORMATIVO\BackEnd\Conexion-EcoRisaralda\vendor\laravel\framework\src\Illuminate\Database\Migrations\Migrator.php:253
C:\Users\USUARIO\Documents\Documentos Christian\Archivos Estudio\Sena\PROYECTO FORMATIVO\BackEnd\Conexion-EcoRisaralda\vendor\laravel\framework\src\Illuminate\Database\Migrations\Migrator.php:211
C:\Users\USUARIO\Documents\Documentos Christian\Archivos Estudio\Sena\PROYECTO FORMATIVO\BackEnd\Conexion-EcoRisaralda\vendor\laravel\framework\src\Illuminate\Database\Migrations\Migrator.php:138
C:\Users\USUARIO\Documents\Documentos Christian\Archivos Estudio\Sena\PROYECTO FORMATIVO\BackEnd\Conexion-EcoRisaralda\vendor\laravel\framework\src\Illuminate\Database\Console\Migrations\MigrateCommand.php:116
C:\Users\USUARIO\Documents\Documentos Christian\Archivos Estudio\Sena\PROYECTO FORMATIVO\BackEnd\Conexion-EcoRisaralda\vendor\laravel\framework\src\Illuminate\Database\Migrations\Migrator.php:671
C:\Users\USUARIO\Documents\Documentos Christian\Archivos Estudio\Sena\PROYECTO FORMATIVO\BackEnd\Conexion-EcoRisaralda\vendor\laravel\framework\src\Illuminate\Database\Console\Migrations\MigrateCommand.php:109
C:\Users\USUARIO\Documents\Documentos Christian\Archivos Estudio\Sena\PROYECTO FORMATIVO\BackEnd\Conexion-EcoRisaralda\vendor\laravel\framework\src\Illuminate\Database\Console\Migrations\MigrateCommand.php:88
C:\Users\USUARIO\Documents\Documentos Christian\Archivos Estudio\Sena\PROYECTO FORMATIVO\BackEnd\Conexion-EcoRisaralda\vendor\laravel\framework\src\Illuminate\Container\BoundMethod.php:36
C:\Users\USUARIO\Documents\Documentos Christian\Archivos Estudio\Sena\PROYECTO FORMATIVO\BackEnd\Conexion-EcoRisaralda\vendor\laravel\framework\src\Illuminate\Container\Util.php:43
C:\Users\USUARIO\Documents\Documentos Christian\Archivos Estudio\Sena\PROYECTO FORMATIVO\BackEnd\Conexion-EcoRisaralda\vendor\laravel\framework\src\Illuminate\Container\BoundMethod.php:96
C:\Users\USUARIO\Documents\Documentos Christian\Archivos Estudio\Sena\PROYECTO FORMATIVO\BackEnd\Conexion-EcoRisaralda\vendor\laravel\framework\src\Illuminate\Container\BoundMethod.php:35
C:\Users\USUARIO\Documents\Documentos Christian\Archivos Estudio\Sena\PROYECTO FORMATIVO\BackEnd\Conexion-EcoRisaralda\vendor\laravel\framework\src\Illuminate\Container\Container.php:799
C:\Users\USUARIO\Documents\Documentos Christian\Archivos Estudio\Sena\PROYECTO FORMATIVO\BackEnd\Conexion-EcoRisaralda\vendor\laravel\framework\src\Illuminate\Console\Command.php:211
C:\Users\USUARIO\Documents\Documentos Christian\Archivos Estudio\Sena\PROYECTO FORMATIVO\BackEnd\Conexion-EcoRisaralda\vendor\symfony\console\Command\Command.php:341
C:\Users\USUARIO\Documents\Documentos Christian\Archivos Estudio\Sena\PROYECTO FORMATIVO\BackEnd\Conexion-EcoRisaralda\vendor\laravel\framework\src\Illuminate\Console\Command.php:180
C:\Users\USUARIO\Documents\Documentos Christian\Archivos Estudio\Sena\PROYECTO FORMATIVO\BackEnd\Conexion-EcoRisaralda\vendor\laravel\framework\src\Illuminate\Console\Concerns\CallsCommands.php:68
C:\Users\USUARIO\Documents\Documentos Christian\Archivos Estudio\Sena\PROYECTO FORMATIVO\BackEnd\Conexion-EcoRisaralda\vendor\laravel\framework\src\Illuminate\Console\Concerns\CallsCommands.php:29
C:\Users\USUARIO\Documents\Documentos Christian\Archivos Estudio\Sena\PROYECTO FORMATIVO\BackEnd\Conexion-EcoRisaralda\vendor\laravel\framework\src\Illuminate\Database\Console\Migrations\FreshCommand.php:81
C:\Users\USUARIO\Documents\Documentos Christian\Archivos Estudio\Sena\PROYECTO FORMATIVO\BackEnd\Conexion-EcoRisaralda\vendor\laravel\framework\src\Illuminate\Container\BoundMethod.php:36
C:\Users\USUARIO\Documents\Documentos Christian\Archivos Estudio\Sena\PROYECTO FORMATIVO\BackEnd\Conexion-EcoRisaralda\vendor\laravel\framework\src\Illuminate\Container\Util.php:43
C:\Users\USUARIO\Documents\Documentos Christian\Archivos Estudio\Sena\PROYECTO FORMATIVO\BackEnd\Conexion-EcoRisaralda\vendor\laravel\framework\src\Illuminate\Container\BoundMethod.php:96
C:\Users\USUARIO\Documents\Documentos Christian\Archivos Estudio\Sena\PROYECTO FORMATIVO\BackEnd\Conexion-EcoRisaralda\vendor\laravel\framework\src\Illuminate\Container\BoundMethod.php:35
C:\Users\USUARIO\Documents\Documentos Christian\Archivos Estudio\Sena\PROYECTO FORMATIVO\BackEnd\Conexion-EcoRisaralda\vendor\laravel\framework\src\Illuminate\Container\Container.php:799
C:\Users\USUARIO\Documents\Documentos Christian\Archivos Estudio\Sena\PROYECTO FORMATIVO\BackEnd\Conexion-EcoRisaralda\vendor\laravel\framework\src\Illuminate\Console\Command.php:211
C:\Users\USUARIO\Documents\Documentos Christian\Archivos Estudio\Sena\PROYECTO FORMATIVO\BackEnd\Conexion-EcoRisaralda\vendor\symfony\console\Command\Command.php:341
C:\Users\USUARIO\Documents\Documentos Christian\Archivos Estudio\Sena\PROYECTO FORMATIVO\BackEnd\Conexion-EcoRisaralda\vendor\laravel\framework\src\Illuminate\Console\Command.php:180
C:\Users\USUARIO\Documents\Documentos Christian\Archivos Estudio\Sena\PROYECTO FORMATIVO\BackEnd\Conexion-EcoRisaralda\vendor\symfony\console\Application.php:1079
C:\Users\USUARIO\Documents\Documentos Christian\Archivos Estudio\Sena\PROYECTO FORMATIVO\BackEnd\Conexion-EcoRisaralda\vendor\symfony\console\Application.php:356
C:\Users\USUARIO\Documents\Documentos Christian\Archivos Estudio\Sena\PROYECTO FORMATIVO\BackEnd\Conexion-EcoRisaralda\vendor\symfony\console\Application.php:195
C:\Users\USUARIO\Documents\Documentos Christian\Archivos Estudio\Sena\PROYECTO FORMATIVO\BackEnd\Conexion-EcoRisaralda\vendor\laravel\framework\src\Illuminate\Console\Application.php:165
C:\Users\USUARIO\Documents\Documentos Christian\Archivos Estudio\Sena\PROYECTO FORMATIVO\BackEnd\Conexion-EcoRisaralda\vendor\laravel\framework\src\Illuminate\Foundation\Console\Kernel.php:447
C:\Users\USUARIO\Documents\Documentos Christian\Archivos Estudio\Sena\PROYECTO FORMATIVO\BackEnd\Conexion-EcoRisaralda\vendor\laravel\framework\src\Illuminate\Testing\PendingCommand.php:451
C:\Users\USUARIO\Documents\Documentos Christian\Archivos Estudio\Sena\PROYECTO FORMATIVO\BackEnd\Conexion-EcoRisaralda\vendor\laravel\framework\src\Illuminate\Testing\PendingCommand.php:675
C:\Users\USUARIO\Documents\Documentos Christian\Archivos Estudio\Sena\PROYECTO FORMATIVO\BackEnd\Conexion-EcoRisaralda\vendor\laravel\framework\src\Illuminate\Foundation\Testing\Concerns\InteractsWithConsole.php:87
C:\Users\USUARIO\Documents\Documentos Christian\Archivos Estudio\Sena\PROYECTO FORMATIVO\BackEnd\Conexion-EcoRisaralda\vendor\laravel\framework\src\Illuminate\Foundation\Testing\RefreshDatabase.php:119
C:\Users\USUARIO\Documents\Documentos Christian\Archivos Estudio\Sena\PROYECTO FORMATIVO\BackEnd\Conexion-EcoRisaralda\vendor\laravel\framework\src\Illuminate\Foundation\Testing\RefreshDatabase.php:84
C:\Users\USUARIO\Documents\Documentos Christian\Archivos Estudio\Sena\PROYECTO FORMATIVO\BackEnd\Conexion-EcoRisaralda\vendor\laravel\framework\src\Illuminate\Foundation\Testing\RefreshDatabase.php:25
C:\Users\USUARIO\Documents\Documentos Christian\Archivos Estudio\Sena\PROYECTO FORMATIVO\BackEnd\Conexion-EcoRisaralda\vendor\laravel\framework\src\Illuminate\Foundation\Testing\Concerns\InteractsWithTestCaseLifecycle.php:217
C:\Users\USUARIO\Documents\Documentos Christian\Archivos Estudio\Sena\PROYECTO FORMATIVO\BackEnd\Conexion-EcoRisaralda\vendor\laravel\framework\src\Illuminate\Foundation\Testing\Concerns\InteractsWithTestCaseLifecycle.php:101
C:\Users\USUARIO\Documents\Documentos Christian\Archivos Estudio\Sena\PROYECTO FORMATIVO\BackEnd\Conexion-EcoRisaralda\vendor\laravel\framework\src\Illuminate\Foundation\Testing\TestCase.php:63</error>
        </testcase>
        <testcase name="test_authenticated_user_can_logout" file="C:\Users\USUARIO\Documents\Documentos Christian\Archivos Estudio\Sena\PROYECTO FORMATIVO\BackEnd\Conexion-EcoRisaralda\tests\Feature\Auth\AuthenticationTest.php" line="57" class="Tests\Feature\Auth\AuthenticationTest" classname="Tests.Feature.Auth.AuthenticationTest" assertions="0" time="0.000000">
          <error type="Illuminate\Database\QueryException">Tests\Feature\Auth\AuthenticationTest::test_authenticated_user_can_logout&#13;
Illuminate\Database\QueryException: SQLSTATE[HY000]: General error: 1 near "MODIFY": syntax error (Connection: sqlite, Database: :memory:, SQL: ALTER TABLE users MODIFY status ENUM('pending','approved','rejected','active','inactive') DEFAULT 'active')
&#13;
C:\Users\USUARIO\Documents\Documentos Christian\Archivos Estudio\Sena\PROYECTO FORMATIVO\BackEnd\Conexion-EcoRisaralda\vendor\laravel\framework\src\Illuminate\Database\Connection.php:838
C:\Users\USUARIO\Documents\Documentos Christian\Archivos Estudio\Sena\PROYECTO FORMATIVO\BackEnd\Conexion-EcoRisaralda\vendor\laravel\framework\src\Illuminate\Database\Connection.php:794
C:\Users\USUARIO\Documents\Documentos Christian\Archivos Estudio\Sena\PROYECTO FORMATIVO\BackEnd\Conexion-EcoRisaralda\vendor\laravel\framework\src\Illuminate\Database\Connection.php:573
C:\Users\USUARIO\Documents\Documentos Christian\Archivos Estudio\Sena\PROYECTO FORMATIVO\BackEnd\Conexion-EcoRisaralda\vendor\laravel\framework\src\Illuminate\Database\DatabaseManager.php:491
C:\Users\USUARIO\Documents\Documentos Christian\Archivos Estudio\Sena\PROYECTO FORMATIVO\BackEnd\Conexion-EcoRisaralda\vendor\laravel\framework\src\Illuminate\Support\Facades\Facade.php:363
C:\Users\USUARIO\Documents\Documentos Christian\Archivos Estudio\Sena\PROYECTO FORMATIVO\BackEnd\Conexion-EcoRisaralda\database\migrations\2026_02_09_000001_add_inactive_to_status_enum_on_users_table.php:16
C:\Users\USUARIO\Documents\Documentos Christian\Archivos Estudio\Sena\PROYECTO FORMATIVO\BackEnd\Conexion-EcoRisaralda\vendor\laravel\framework\src\Illuminate\Database\Migrations\Migrator.php:517
C:\Users\USUARIO\Documents\Documentos Christian\Archivos Estudio\Sena\PROYECTO FORMATIVO\BackEnd\Conexion-EcoRisaralda\vendor\laravel\framework\src\Illuminate\Database\Migrations\Migrator.php:442
C:\Users\USUARIO\Documents\Documentos Christian\Archivos Estudio\Sena\PROYECTO FORMATIVO\BackEnd\Conexion-EcoRisaralda\vendor\laravel\framework\src\Illuminate\Database\Migrations\Migrator.php:451
C:\Users\USUARIO\Documents\Documentos Christian\Archivos Estudio\Sena\PROYECTO FORMATIVO\BackEnd\Conexion-EcoRisaralda\vendor\laravel\framework\src\Illuminate\Database\Migrations\Migrator.php:253
C:\Users\USUARIO\Documents\Documentos Christian\Archivos Estudio\Sena\PROYECTO FORMATIVO\BackEnd\Conexion-EcoRisaralda\vendor\laravel\framework\src\Illuminate\Console\View\Components\Task.php:41
C:\Users\USUARIO\Documents\Documentos Christian\Archivos Estudio\Sena\PROYECTO FORMATIVO\BackEnd\Conexion-EcoRisaralda\vendor\laravel\framework\src\Illuminate\Database\Migrations\Migrator.php:814
C:\Users\USUARIO\Documents\Documentos Christian\Archivos Estudio\Sena\PROYECTO FORMATIVO\BackEnd\Conexion-EcoRisaralda\vendor\laravel\framework\src\Illuminate\Database\Migrations\Migrator.php:253
C:\Users\USUARIO\Documents\Documentos Christian\Archivos Estudio\Sena\PROYECTO FORMATIVO\BackEnd\Conexion-EcoRisaralda\vendor\laravel\framework\src\Illuminate\Database\Migrations\Migrator.php:211
C:\Users\USUARIO\Documents\Documentos Christian\Archivos Estudio\Sena\PROYECTO FORMATIVO\BackEnd\Conexion-EcoRisaralda\vendor\laravel\framework\src\Illuminate\Database\Migrations\Migrator.php:138
C:\Users\USUARIO\Documents\Documentos Christian\Archivos Estudio\Sena\PROYECTO FORMATIVO\BackEnd\Conexion-EcoRisaralda\vendor\laravel\framework\src\Illuminate\Database\Console\Migrations\MigrateCommand.php:116
C:\Users\USUARIO\Documents\Documentos Christian\Archivos Estudio\Sena\PROYECTO FORMATIVO\BackEnd\Conexion-EcoRisaralda\vendor\laravel\framework\src\Illuminate\Database\Migrations\Migrator.php:671
C:\Users\USUARIO\Documents\Documentos Christian\Archivos Estudio\Sena\PROYECTO FORMATIVO\BackEnd\Conexion-EcoRisaralda\vendor\laravel\framework\src\Illuminate\Database\Console\Migrations\MigrateCommand.php:109
C:\Users\USUARIO\Documents\Documentos Christian\Archivos Estudio\Sena\PROYECTO FORMATIVO\BackEnd\Conexion-EcoRisaralda\vendor\laravel\framework\src\Illuminate\Database\Console\Migrations\MigrateCommand.php:88
C:\Users\USUARIO\Documents\Documentos Christian\Archivos Estudio\Sena\PROYECTO FORMATIVO\BackEnd\Conexion-EcoRisaralda\vendor\laravel\framework\src\Illuminate\Container\BoundMethod.php:36
C:\Users\USUARIO\Documents\Documentos Christian\Archivos Estudio\Sena\PROYECTO FORMATIVO\BackEnd\Conexion-EcoRisaralda\vendor\laravel\framework\src\Illuminate\Container\Util.php:43
C:\Users\USUARIO\Documents\Documentos Christian\Archivos Estudio\Sena\PROYECTO FORMATIVO\BackEnd\Conexion-EcoRisaralda\vendor\laravel\framework\src\Illuminate\Container\BoundMethod.php:96
C:\Users\USUARIO\Documents\Documentos Christian\Archivos Estudio\Sena\PROYECTO FORMATIVO\BackEnd\Conexion-EcoRisaralda\vendor\laravel\framework\src\Illuminate\Container\BoundMethod.php:35
C:\Users\USUARIO\Documents\Documentos Christian\Archivos Estudio\Sena\PROYECTO FORMATIVO\BackEnd\Conexion-EcoRisaralda\vendor\laravel\framework\src\Illuminate\Container\Container.php:799
C:\Users\USUARIO\Documents\Documentos Christian\Archivos Estudio\Sena\PROYECTO FORMATIVO\BackEnd\Conexion-EcoRisaralda\vendor\laravel\framework\src\Illuminate\Console\Command.php:211
C:\Users\USUARIO\Documents\Documentos Christian\Archivos Estudio\Sena\PROYECTO FORMATIVO\BackEnd\Conexion-EcoRisaralda\vendor\symfony\console\Command\Command.php:341
C:\Users\USUARIO\Documents\Documentos Christian\Archivos Estudio\Sena\PROYECTO FORMATIVO\BackEnd\Conexion-EcoRisaralda\vendor\laravel\framework\src\Illuminate\Console\Command.php:180
C:\Users\USUARIO\Documents\Documentos Christian\Archivos Estudio\Sena\PROYECTO FORMATIVO\BackEnd\Conexion-EcoRisaralda\vendor\laravel\framework\src\Illuminate\Console\Concerns\CallsCommands.php:68
C:\Users\USUARIO\Documents\Documentos Christian\Archivos Estudio\Sena\PROYECTO FORMATIVO\BackEnd\Conexion-EcoRisaralda\vendor\laravel\framework\src\Illuminate\Console\Concerns\CallsCommands.php:29
C:\Users\USUARIO\Documents\Documentos Christian\Archivos Estudio\Sena\PROYECTO FORMATIVO\BackEnd\Conexion-EcoRisaralda\vendor\laravel\framework\src\Illuminate\Database\Console\Migrations\FreshCommand.php:81
C:\Users\USUARIO\Documents\Documentos Christian\Archivos Estudio\Sena\PROYECTO FORMATIVO\BackEnd\Conexion-EcoRisaralda\vendor\laravel\framework\src\Illuminate\Container\BoundMethod.php:36
C:\Users\USUARIO\Documents\Documentos Christian\Archivos Estudio\Sena\PROYECTO FORMATIVO\BackEnd\Conexion-EcoRisaralda\vendor\laravel\framework\src\Illuminate\Container\Util.php:43
C:\Users\USUARIO\Documents\Documentos Christian\Archivos Estudio\Sena\PROYECTO FORMATIVO\BackEnd\Conexion-EcoRisaralda\vendor\laravel\framework\src\Illuminate\Container\BoundMethod.php:96
C:\Users\USUARIO\Documents\Documentos Christian\Archivos Estudio\Sena\PROYECTO FORMATIVO\BackEnd\Conexion-EcoRisaralda\vendor\laravel\framework\src\Illuminate\Container\BoundMethod.php:35
C:\Users\USUARIO\Documents\Documentos Christian\Archivos Estudio\Sena\PROYECTO FORMATIVO\BackEnd\Conexion-EcoRisaralda\vendor\laravel\framework\src\Illuminate\Container\Container.php:799
C:\Users\USUARIO\Documents\Documentos Christian\Archivos Estudio\Sena\PROYECTO FORMATIVO\BackEnd\Conexion-EcoRisaralda\vendor\laravel\framework\src\Illuminate\Console\Command.php:211
C:\Users\USUARIO\Documents\Documentos Christian\Archivos Estudio\Sena\PROYECTO FORMATIVO\BackEnd\Conexion-EcoRisaralda\vendor\symfony\console\Command\Command.php:341
C:\Users\USUARIO\Documents\Documentos Christian\Archivos Estudio\Sena\PROYECTO FORMATIVO\BackEnd\Conexion-EcoRisaralda\vendor\laravel\framework\src\Illuminate\Console\Command.php:180
C:\Users\USUARIO\Documents\Documentos Christian\Archivos Estudio\Sena\PROYECTO FORMATIVO\BackEnd\Conexion-EcoRisaralda\vendor\symfony\console\Application.php:1079
C:\Users\USUARIO\Documents\Documentos Christian\Archivos Estudio\Sena\PROYECTO FORMATIVO\BackEnd\Conexion-EcoRisaralda\vendor\symfony\console\Application.php:356
C:\Users\USUARIO\Documents\Documentos Christian\Archivos Estudio\Sena\PROYECTO FORMATIVO\BackEnd\Conexion-EcoRisaralda\vendor\symfony\console\Application.php:195
C:\Users\USUARIO\Documents\Documentos Christian\Archivos Estudio\Sena\PROYECTO FORMATIVO\BackEnd\Conexion-EcoRisaralda\vendor\laravel\framework\src\Illuminate\Console\Application.php:165
C:\Users\USUARIO\Documents\Documentos Christian\Archivos Estudio\Sena\PROYECTO FORMATIVO\BackEnd\Conexion-EcoRisaralda\vendor\laravel\framework\src\Illuminate\Foundation\Console\Kernel.php:447
C:\Users\USUARIO\Documents\Documentos Christian\Archivos Estudio\Sena\PROYECTO FORMATIVO\BackEnd\Conexion-EcoRisaralda\vendor\laravel\framework\src\Illuminate\Testing\PendingCommand.php:451
C:\Users\USUARIO\Documents\Documentos Christian\Archivos Estudio\Sena\PROYECTO FORMATIVO\BackEnd\Conexion-EcoRisaralda\vendor\laravel\framework\src\Illuminate\Testing\PendingCommand.php:675
C:\Users\USUARIO\Documents\Documentos Christian\Archivos Estudio\Sena\PROYECTO FORMATIVO\BackEnd\Conexion-EcoRisaralda\vendor\laravel\framework\src\Illuminate\Foundation\Testing\Concerns\InteractsWithConsole.php:87
C:\Users\USUARIO\Documents\Documentos Christian\Archivos Estudio\Sena\PROYECTO FORMATIVO\BackEnd\Conexion-EcoRisaralda\vendor\laravel\framework\src\Illuminate\Foundation\Testing\RefreshDatabase.php:119
C:\Users\USUARIO\Documents\Documentos Christian\Archivos Estudio\Sena\PROYECTO FORMATIVO\BackEnd\Conexion-EcoRisaralda\vendor\laravel\framework\src\Illuminate\Foundation\Testing\RefreshDatabase.php:84
C:\Users\USUARIO\Documents\Documentos Christian\Archivos Estudio\Sena\PROYECTO FORMATIVO\BackEnd\Conexion-EcoRisaralda\vendor\laravel\framework\src\Illuminate\Foundation\Testing\RefreshDatabase.php:25
C:\Users\USUARIO\Documents\Documentos Christian\Archivos Estudio\Sena\PROYECTO FORMATIVO\BackEnd\Conexion-EcoRisaralda\vendor\laravel\framework\src\Illuminate\Foundation\Testing\Concerns\InteractsWithTestCaseLifecycle.php:217
C:\Users\USUARIO\Documents\Documentos Christian\Archivos Estudio\Sena\PROYECTO FORMATIVO\BackEnd\Conexion-EcoRisaralda\vendor\laravel\framework\src\Illuminate\Foundation\Testing\Concerns\InteractsWithTestCaseLifecycle.php:101
C:\Users\USUARIO\Documents\Documentos Christian\Archivos Estudio\Sena\PROYECTO FORMATIVO\BackEnd\Conexion-EcoRisaralda\vendor\laravel\framework\src\Illuminate\Foundation\Testing\TestCase.php:63</error>
        </testcase>
        <testcase name="test_login_requires_email_and_password" file="C:\Users\USUARIO\Documents\Documentos Christian\Archivos Estudio\Sena\PROYECTO FORMATIVO\BackEnd\Conexion-EcoRisaralda\tests\Feature\Auth\AuthenticationTest.php" line="73" class="Tests\Feature\Auth\AuthenticationTest" classname="Tests.Feature.Auth.AuthenticationTest" assertions="0" time="0.000000">
          <error type="Illuminate\Database\QueryException">Tests\Feature\Auth\AuthenticationTest::test_login_requires_email_and_password&#13;
Illuminate\Database\QueryException: SQLSTATE[HY000]: General error: 1 near "MODIFY": syntax error (Connection: sqlite, Database: :memory:, SQL: ALTER TABLE users MODIFY status ENUM('pending','approved','rejected','active','inactive') DEFAULT 'active')
&#13;
C:\Users\USUARIO\Documents\Documentos Christian\Archivos Estudio\Sena\PROYECTO FORMATIVO\BackEnd\Conexion-EcoRisaralda\vendor\laravel\framework\src\Illuminate\Database\Connection.php:838
C:\Users\USUARIO\Documents\Documentos Christian\Archivos Estudio\Sena\PROYECTO FORMATIVO\BackEnd\Conexion-EcoRisaralda\vendor\laravel\framework\src\Illuminate\Database\Connection.php:794
C:\Users\USUARIO\Documents\Documentos Christian\Archivos Estudio\Sena\PROYECTO FORMATIVO\BackEnd\Conexion-EcoRisaralda\vendor\laravel\framework\src\Illuminate\Database\Connection.php:573
C:\Users\USUARIO\Documents\Documentos Christian\Archivos Estudio\Sena\PROYECTO FORMATIVO\BackEnd\Conexion-EcoRisaralda\vendor\laravel\framework\src\Illuminate\Database\DatabaseManager.php:491
C:\Users\USUARIO\Documents\Documentos Christian\Archivos Estudio\Sena\PROYECTO FORMATIVO\BackEnd\Conexion-EcoRisaralda\vendor\laravel\framework\src\Illuminate\Support\Facades\Facade.php:363
C:\Users\USUARIO\Documents\Documentos Christian\Archivos Estudio\Sena\PROYECTO FORMATIVO\BackEnd\Conexion-EcoRisaralda\database\migrations\2026_02_09_000001_add_inactive_to_status_enum_on_users_table.php:16
C:\Users\USUARIO\Documents\Documentos Christian\Archivos Estudio\Sena\PROYECTO FORMATIVO\BackEnd\Conexion-EcoRisaralda\vendor\laravel\framework\src\Illuminate\Database\Migrations\Migrator.php:517
C:\Users\USUARIO\Documents\Documentos Christian\Archivos Estudio\Sena\PROYECTO FORMATIVO\BackEnd\Conexion-EcoRisaralda\vendor\laravel\framework\src\Illuminate\Database\Migrations\Migrator.php:442
C:\Users\USUARIO\Documents\Documentos Christian\Archivos Estudio\Sena\PROYECTO FORMATIVO\BackEnd\Conexion-EcoRisaralda\vendor\laravel\framework\src\Illuminate\Database\Migrations\Migrator.php:451
C:\Users\USUARIO\Documents\Documentos Christian\Archivos Estudio\Sena\PROYECTO FORMATIVO\BackEnd\Conexion-EcoRisaralda\vendor\laravel\framework\src\Illuminate\Database\Migrations\Migrator.php:253
C:\Users\USUARIO\Documents\Documentos Christian\Archivos Estudio\Sena\PROYECTO FORMATIVO\BackEnd\Conexion-EcoRisaralda\vendor\laravel\framework\src\Illuminate\Console\View\Components\Task.php:41
C:\Users\USUARIO\Documents\Documentos Christian\Archivos Estudio\Sena\PROYECTO FORMATIVO\BackEnd\Conexion-EcoRisaralda\vendor\laravel\framework\src\Illuminate\Database\Migrations\Migrator.php:814
C:\Users\USUARIO\Documents\Documentos Christian\Archivos Estudio\Sena\PROYECTO FORMATIVO\BackEnd\Conexion-EcoRisaralda\vendor\laravel\framework\src\Illuminate\Database\Migrations\Migrator.php:253
C:\Users\USUARIO\Documents\Documentos Christian\Archivos Estudio\Sena\PROYECTO FORMATIVO\BackEnd\Conexion-EcoRisaralda\vendor\laravel\framework\src\Illuminate\Database\Migrations\Migrator.php:211
C:\Users\USUARIO\Documents\Documentos Christian\Archivos Estudio\Sena\PROYECTO FORMATIVO\BackEnd\Conexion-EcoRisaralda\vendor\laravel\framework\src\Illuminate\Database\Migrations\Migrator.php:138
C:\Users\USUARIO\Documents\Documentos Christian\Archivos Estudio\Sena\PROYECTO FORMATIVO\BackEnd\Conexion-EcoRisaralda\vendor\laravel\framework\src\Illuminate\Database\Console\Migrations\MigrateCommand.php:116
C:\Users\USUARIO\Documents\Documentos Christian\Archivos Estudio\Sena\PROYECTO FORMATIVO\BackEnd\Conexion-EcoRisaralda\vendor\laravel\framework\src\Illuminate\Database\Migrations\Migrator.php:671
C:\Users\USUARIO\Documents\Documentos Christian\Archivos Estudio\Sena\PROYECTO FORMATIVO\BackEnd\Conexion-EcoRisaralda\vendor\laravel\framework\src\Illuminate\Database\Console\Migrations\MigrateCommand.php:109
C:\Users\USUARIO\Documents\Documentos Christian\Archivos Estudio\Sena\PROYECTO FORMATIVO\BackEnd\Conexion-EcoRisaralda\vendor\laravel\framework\src\Illuminate\Database\Console\Migrations\MigrateCommand.php:88
C:\Users\USUARIO\Documents\Documentos Christian\Archivos Estudio\Sena\PROYECTO FORMATIVO\BackEnd\Conexion-EcoRisaralda\vendor\laravel\framework\src\Illuminate\Container\BoundMethod.php:36
C:\Users\USUARIO\Documents\Documentos Christian\Archivos Estudio\Sena\PROYECTO FORMATIVO\BackEnd\Conexion-EcoRisaralda\vendor\laravel\framework\src\Illuminate\Container\Util.php:43
C:\Users\USUARIO\Documents\Documentos Christian\Archivos Estudio\Sena\PROYECTO FORMATIVO\BackEnd\Conexion-EcoRisaralda\vendor\laravel\framework\src\Illuminate\Container\BoundMethod.php:96
C:\Users\USUARIO\Documents\Documentos Christian\Archivos Estudio\Sena\PROYECTO FORMATIVO\BackEnd\Conexion-EcoRisaralda\vendor\laravel\framework\src\Illuminate\Container\BoundMethod.php:35
C:\Users\USUARIO\Documents\Documentos Christian\Archivos Estudio\Sena\PROYECTO FORMATIVO\BackEnd\Conexion-EcoRisaralda\vendor\laravel\framework\src\Illuminate\Container\Container.php:799
C:\Users\USUARIO\Documents\Documentos Christian\Archivos Estudio\Sena\PROYECTO FORMATIVO\BackEnd\Conexion-EcoRisaralda\vendor\laravel\framework\src\Illuminate\Console\Command.php:211
C:\Users\USUARIO\Documents\Documentos Christian\Archivos Estudio\Sena\PROYECTO FORMATIVO\BackEnd\Conexion-EcoRisaralda\vendor\symfony\console\Command\Command.php:341
C:\Users\USUARIO\Documents\Documentos Christian\Archivos Estudio\Sena\PROYECTO FORMATIVO\BackEnd\Conexion-EcoRisaralda\vendor\laravel\framework\src\Illuminate\Console\Command.php:180
C:\Users\USUARIO\Documents\Documentos Christian\Archivos Estudio\Sena\PROYECTO FORMATIVO\BackEnd\Conexion-EcoRisaralda\vendor\laravel\framework\src\Illuminate\Console\Concerns\CallsCommands.php:68
C:\Users\USUARIO\Documents\Documentos Christian\Archivos Estudio\Sena\PROYECTO FORMATIVO\BackEnd\Conexion-EcoRisaralda\vendor\laravel\framework\src\Illuminate\Console\Concerns\CallsCommands.php:29
C:\Users\USUARIO\Documents\Documentos Christian\Archivos Estudio\Sena\PROYECTO FORMATIVO\BackEnd\Conexion-EcoRisaralda\vendor\laravel\framework\src\Illuminate\Database\Console\Migrations\FreshCommand.php:81
C:\Users\USUARIO\Documents\Documentos Christian\Archivos Estudio\Sena\PROYECTO FORMATIVO\BackEnd\Conexion-EcoRisaralda\vendor\laravel\framework\src\Illuminate\Container\BoundMethod.php:36
C:\Users\USUARIO\Documents\Documentos Christian\Archivos Estudio\Sena\PROYECTO FORMATIVO\BackEnd\Conexion-EcoRisaralda\vendor\laravel\framework\src\Illuminate\Container\Util.php:43
C:\Users\USUARIO\Documents\Documentos Christian\Archivos Estudio\Sena\PROYECTO FORMATIVO\BackEnd\Conexion-EcoRisaralda\vendor\laravel\framework\src\Illuminate\Container\BoundMethod.php:96
C:\Users\USUARIO\Documents\Documentos Christian\Archivos Estudio\Sena\PROYECTO FORMATIVO\BackEnd\Conexion-EcoRisaralda\vendor\laravel\framework\src\Illuminate\Container\BoundMethod.php:35
C:\Users\USUARIO\Documents\Documentos Christian\Archivos Estudio\Sena\PROYECTO FORMATIVO\BackEnd\Conexion-EcoRisaralda\vendor\laravel\framework\src\Illuminate\Container\Container.php:799
C:\Users\USUARIO\Documents\Documentos Christian\Archivos Estudio\Sena\PROYECTO FORMATIVO\BackEnd\Conexion-EcoRisaralda\vendor\laravel\framework\src\Illuminate\Console\Command.php:211
C:\Users\USUARIO\Documents\Documentos Christian\Archivos Estudio\Sena\PROYECTO FORMATIVO\BackEnd\Conexion-EcoRisaralda\vendor\symfony\console\Command\Command.php:341
C:\Users\USUARIO\Documents\Documentos Christian\Archivos Estudio\Sena\PROYECTO FORMATIVO\BackEnd\Conexion-EcoRisaralda\vendor\laravel\framework\src\Illuminate\Console\Command.php:180
C:\Users\USUARIO\Documents\Documentos Christian\Archivos Estudio\Sena\PROYECTO FORMATIVO\BackEnd\Conexion-EcoRisaralda\vendor\symfony\console\Application.php:1079
C:\Users\USUARIO\Documents\Documentos Christian\Archivos Estudio\Sena\PROYECTO FORMATIVO\BackEnd\Conexion-EcoRisaralda\vendor\symfony\console\Application.php:356
C:\Users\USUARIO\Documents\Documentos Christian\Archivos Estudio\Sena\PROYECTO FORMATIVO\BackEnd\Conexion-EcoRisaralda\vendor\symfony\console\Application.php:195
C:\Users\USUARIO\Documents\Documentos Christian\Archivos Estudio\Sena\PROYECTO FORMATIVO\BackEnd\Conexion-EcoRisaralda\vendor\laravel\framework\src\Illuminate\Console\Application.php:165
C:\Users\USUARIO\Documents\Documentos Christian\Archivos Estudio\Sena\PROYECTO FORMATIVO\BackEnd\Conexion-EcoRisaralda\vendor\laravel\framework\src\Illuminate\Foundation\Console\Kernel.php:447
C:\Users\USUARIO\Documents\Documentos Christian\Archivos Estudio\Sena\PROYECTO FORMATIVO\BackEnd\Conexion-EcoRisaralda\vendor\laravel\framework\src\Illuminate\Testing\PendingCommand.php:451
C:\Users\USUARIO\Documents\Documentos Christian\Archivos Estudio\Sena\PROYECTO FORMATIVO\BackEnd\Conexion-EcoRisaralda\vendor\laravel\framework\src\Illuminate\Testing\PendingCommand.php:675
C:\Users\USUARIO\Documents\Documentos Christian\Archivos Estudio\Sena\PROYECTO FORMATIVO\BackEnd\Conexion-EcoRisaralda\vendor\laravel\framework\src\Illuminate\Foundation\Testing\Concerns\InteractsWithConsole.php:87
C:\Users\USUARIO\Documents\Documentos Christian\Archivos Estudio\Sena\PROYECTO FORMATIVO\BackEnd\Conexion-EcoRisaralda\vendor\laravel\framework\src\Illuminate\Foundation\Testing\RefreshDatabase.php:119
C:\Users\USUARIO\Documents\Documentos Christian\Archivos Estudio\Sena\PROYECTO FORMATIVO\BackEnd\Conexion-EcoRisaralda\vendor\laravel\framework\src\Illuminate\Foundation\Testing\RefreshDatabase.php:84
C:\Users\USUARIO\Documents\Documentos Christian\Archivos Estudio\Sena\PROYECTO FORMATIVO\BackEnd\Conexion-EcoRisaralda\vendor\laravel\framework\src\Illuminate\Foundation\Testing\RefreshDatabase.php:25
C:\Users\USUARIO\Documents\Documentos Christian\Archivos Estudio\Sena\PROYECTO FORMATIVO\BackEnd\Conexion-EcoRisaralda\vendor\laravel\framework\src\Illuminate\Foundation\Testing\Concerns\InteractsWithTestCaseLifecycle.php:217
C:\Users\USUARIO\Documents\Documentos Christian\Archivos Estudio\Sena\PROYECTO FORMATIVO\BackEnd\Conexion-EcoRisaralda\vendor\laravel\framework\src\Illuminate\Foundation\Testing\Concerns\InteractsWithTestCaseLifecycle.php:101
C:\Users\USUARIO\Documents\Documentos Christian\Archivos Estudio\Sena\PROYECTO FORMATIVO\BackEnd\Conexion-EcoRisaralda\vendor\laravel\framework\src\Illuminate\Foundation\Testing\TestCase.php:63</error>
        </testcase>
      </testsuite>
      <testsuite name="Tests\Feature\Auth\EmailVerificationTest" file="C:\Users\USUARIO\Documents\Documentos Christian\Archivos Estudio\Sena\PROYECTO FORMATIVO\BackEnd\Conexion-EcoRisaralda\tests\Feature\Auth\EmailVerificationTest.php" tests="3" assertions="0" errors="3" failures="0" skipped="0" time="0.000000">
        <testcase name="test_verification_email_can_be_resent" file="C:\Users\USUARIO\Documents\Documentos Christian\Archivos Estudio\Sena\PROYECTO FORMATIVO\BackEnd\Conexion-EcoRisaralda\tests\Feature\Auth\EmailVerificationTest.php" line="13" class="Tests\Feature\Auth\EmailVerificationTest" classname="Tests.Feature.Auth.EmailVerificationTest" assertions="0" time="0.000000">
          <error type="Illuminate\Database\QueryException">Tests\Feature\Auth\EmailVerificationTest::test_verification_email_can_be_resent&#13;
Illuminate\Database\QueryException: SQLSTATE[HY000]: General error: 1 near "MODIFY": syntax error (Connection: sqlite, Database: :memory:, SQL: ALTER TABLE users MODIFY status ENUM('pending','approved','rejected','active','inactive') DEFAULT 'active')
&#13;
C:\Users\USUARIO\Documents\Documentos Christian\Archivos Estudio\Sena\PROYECTO FORMATIVO\BackEnd\Conexion-EcoRisaralda\vendor\laravel\framework\src\Illuminate\Database\Connection.php:838
C:\Users\USUARIO\Documents\Documentos Christian\Archivos Estudio\Sena\PROYECTO FORMATIVO\BackEnd\Conexion-EcoRisaralda\vendor\laravel\framework\src\Illuminate\Database\Connection.php:794
C:\Users\USUARIO\Documents\Documentos Christian\Archivos Estudio\Sena\PROYECTO FORMATIVO\BackEnd\Conexion-EcoRisaralda\vendor\laravel\framework\src\Illuminate\Database\Connection.php:573
C:\Users\USUARIO\Documents\Documentos Christian\Archivos Estudio\Sena\PROYECTO FORMATIVO\BackEnd\Conexion-EcoRisaralda\vendor\laravel\framework\src\Illuminate\Database\DatabaseManager.php:491
C:\Users\USUARIO\Documents\Documentos Christian\Archivos Estudio\Sena\PROYECTO FORMATIVO\BackEnd\Conexion-EcoRisaralda\vendor\laravel\framework\src\Illuminate\Support\Facades\Facade.php:363
C:\Users\USUARIO\Documents\Documentos Christian\Archivos Estudio\Sena\PROYECTO FORMATIVO\BackEnd\Conexion-EcoRisaralda\database\migrations\2026_02_09_000001_add_inactive_to_status_enum_on_users_table.php:16
C:\Users\USUARIO\Documents\Documentos Christian\Archivos Estudio\Sena\PROYECTO FORMATIVO\BackEnd\Conexion-EcoRisaralda\vendor\laravel\framework\src\Illuminate\Database\Migrations\Migrator.php:517
C:\Users\USUARIO\Documents\Documentos Christian\Archivos Estudio\Sena\PROYECTO FORMATIVO\BackEnd\Conexion-EcoRisaralda\vendor\laravel\framework\src\Illuminate\Database\Migrations\Migrator.php:442
C:\Users\USUARIO\Documents\Documentos Christian\Archivos Estudio\Sena\PROYECTO FORMATIVO\BackEnd\Conexion-EcoRisaralda\vendor\laravel\framework\src\Illuminate\Database\Migrations\Migrator.php:451
C:\Users\USUARIO\Documents\Documentos Christian\Archivos Estudio\Sena\PROYECTO FORMATIVO\BackEnd\Conexion-EcoRisaralda\vendor\laravel\framework\src\Illuminate\Database\Migrations\Migrator.php:253
C:\Users\USUARIO\Documents\Documentos Christian\Archivos Estudio\Sena\PROYECTO FORMATIVO\BackEnd\Conexion-EcoRisaralda\vendor\laravel\framework\src\Illuminate\Console\View\Components\Task.php:41
C:\Users\USUARIO\Documents\Documentos Christian\Archivos Estudio\Sena\PROYECTO FORMATIVO\BackEnd\Conexion-EcoRisaralda\vendor\laravel\framework\src\Illuminate\Database\Migrations\Migrator.php:814
C:\Users\USUARIO\Documents\Documentos Christian\Archivos Estudio\Sena\PROYECTO FORMATIVO\BackEnd\Conexion-EcoRisaralda\vendor\laravel\framework\src\Illuminate\Database\Migrations\Migrator.php:253
C:\Users\USUARIO\Documents\Documentos Christian\Archivos Estudio\Sena\PROYECTO FORMATIVO\BackEnd\Conexion-EcoRisaralda\vendor\laravel\framework\src\Illuminate\Database\Migrations\Migrator.php:211
C:\Users\USUARIO\Documents\Documentos Christian\Archivos Estudio\Sena\PROYECTO FORMATIVO\BackEnd\Conexion-EcoRisaralda\vendor\laravel\framework\src\Illuminate\Database\Migrations\Migrator.php:138
C:\Users\USUARIO\Documents\Documentos Christian\Archivos Estudio\Sena\PROYECTO FORMATIVO\BackEnd\Conexion-EcoRisaralda\vendor\laravel\framework\src\Illuminate\Database\Console\Migrations\MigrateCommand.php:116
C:\Users\USUARIO\Documents\Documentos Christian\Archivos Estudio\Sena\PROYECTO FORMATIVO\BackEnd\Conexion-EcoRisaralda\vendor\laravel\framework\src\Illuminate\Database\Migrations\Migrator.php:671
C:\Users\USUARIO\Documents\Documentos Christian\Archivos Estudio\Sena\PROYECTO FORMATIVO\BackEnd\Conexion-EcoRisaralda\vendor\laravel\framework\src\Illuminate\Database\Console\Migrations\MigrateCommand.php:109
C:\Users\USUARIO\Documents\Documentos Christian\Archivos Estudio\Sena\PROYECTO FORMATIVO\BackEnd\Conexion-EcoRisaralda\vendor\laravel\framework\src\Illuminate\Database\Console\Migrations\MigrateCommand.php:88
C:\Users\USUARIO\Documents\Documentos Christian\Archivos Estudio\Sena\PROYECTO FORMATIVO\BackEnd\Conexion-EcoRisaralda\vendor\laravel\framework\src\Illuminate\Container\BoundMethod.php:36
C:\Users\USUARIO\Documents\Documentos Christian\Archivos Estudio\Sena\PROYECTO FORMATIVO\BackEnd\Conexion-EcoRisaralda\vendor\laravel\framework\src\Illuminate\Container\Util.php:43
C:\Users\USUARIO\Documents\Documentos Christian\Archivos Estudio\Sena\PROYECTO FORMATIVO\BackEnd\Conexion-EcoRisaralda\vendor\laravel\framework\src\Illuminate\Container\BoundMethod.php:96
C:\Users\USUARIO\Documents\Documentos Christian\Archivos Estudio\Sena\PROYECTO FORMATIVO\BackEnd\Conexion-EcoRisaralda\vendor\laravel\framework\src\Illuminate\Container\BoundMethod.php:35
C:\Users\USUARIO\Documents\Documentos Christian\Archivos Estudio\Sena\PROYECTO FORMATIVO\BackEnd\Conexion-EcoRisaralda\vendor\laravel\framework\src\Illuminate\Container\Container.php:799
C:\Users\USUARIO\Documents\Documentos Christian\Archivos Estudio\Sena\PROYECTO FORMATIVO\BackEnd\Conexion-EcoRisaralda\vendor\laravel\framework\src\Illuminate\Console\Command.php:211
C:\Users\USUARIO\Documents\Documentos Christian\Archivos Estudio\Sena\PROYECTO FORMATIVO\BackEnd\Conexion-EcoRisaralda\vendor\symfony\console\Command\Command.php:341
C:\Users\USUARIO\Documents\Documentos Christian\Archivos Estudio\Sena\PROYECTO FORMATIVO\BackEnd\Conexion-EcoRisaralda\vendor\laravel\framework\src\Illuminate\Console\Command.php:180
C:\Users\USUARIO\Documents\Documentos Christian\Archivos Estudio\Sena\PROYECTO FORMATIVO\BackEnd\Conexion-EcoRisaralda\vendor\laravel\framework\src\Illuminate\Console\Concerns\CallsCommands.php:68
C:\Users\USUARIO\Documents\Documentos Christian\Archivos Estudio\Sena\PROYECTO FORMATIVO\BackEnd\Conexion-EcoRisaralda\vendor\laravel\framework\src\Illuminate\Console\Concerns\CallsCommands.php:29
C:\Users\USUARIO\Documents\Documentos Christian\Archivos Estudio\Sena\PROYECTO FORMATIVO\BackEnd\Conexion-EcoRisaralda\vendor\laravel\framework\src\Illuminate\Database\Console\Migrations\FreshCommand.php:81
C:\Users\USUARIO\Documents\Documentos Christian\Archivos Estudio\Sena\PROYECTO FORMATIVO\BackEnd\Conexion-EcoRisaralda\vendor\laravel\framework\src\Illuminate\Container\BoundMethod.php:36
C:\Users\USUARIO\Documents\Documentos Christian\Archivos Estudio\Sena\PROYECTO FORMATIVO\BackEnd\Conexion-EcoRisaralda\vendor\laravel\framework\src\Illuminate\Container\Util.php:43
C:\Users\USUARIO\Documents\Documentos Christian\Archivos Estudio\Sena\PROYECTO FORMATIVO\BackEnd\Conexion-EcoRisaralda\vendor\laravel\framework\src\Illuminate\Container\BoundMethod.php:96
C:\Users\USUARIO\Documents\Documentos Christian\Archivos Estudio\Sena\PROYECTO FORMATIVO\BackEnd\Conexion-EcoRisaralda\vendor\laravel\framework\src\Illuminate\Container\BoundMethod.php:35
C:\Users\USUARIO\Documents\Documentos Christian\Archivos Estudio\Sena\PROYECTO FORMATIVO\BackEnd\Conexion-EcoRisaralda\vendor\laravel\framework\src\Illuminate\Container\Container.php:799
C:\Users\USUARIO\Documents\Documentos Christian\Archivos Estudio\Sena\PROYECTO FORMATIVO\BackEnd\Conexion-EcoRisaralda\vendor\laravel\framework\src\Illuminate\Console\Command.php:211
C:\Users\USUARIO\Documents\Documentos Christian\Archivos Estudio\Sena\PROYECTO FORMATIVO\BackEnd\Conexion-EcoRisaralda\vendor\symfony\console\Command\Command.php:341
C:\Users\USUARIO\Documents\Documentos Christian\Archivos Estudio\Sena\PROYECTO FORMATIVO\BackEnd\Conexion-EcoRisaralda\vendor\laravel\framework\src\Illuminate\Console\Command.php:180
C:\Users\USUARIO\Documents\Documentos Christian\Archivos Estudio\Sena\PROYECTO FORMATIVO\BackEnd\Conexion-EcoRisaralda\vendor\symfony\console\Application.php:1079
C:\Users\USUARIO\Documents\Documentos Christian\Archivos Estudio\Sena\PROYECTO FORMATIVO\BackEnd\Conexion-EcoRisaralda\vendor\symfony\console\Application.php:356
C:\Users\USUARIO\Documents\Documentos Christian\Archivos Estudio\Sena\PROYECTO FORMATIVO\BackEnd\Conexion-EcoRisaralda\vendor\symfony\console\Application.php:195
C:\Users\USUARIO\Documents\Documentos Christian\Archivos Estudio\Sena\PROYECTO FORMATIVO\BackEnd\Conexion-EcoRisaralda\vendor\laravel\framework\src\Illuminate\Console\Application.php:165
C:\Users\USUARIO\Documents\Documentos Christian\Archivos Estudio\Sena\PROYECTO FORMATIVO\BackEnd\Conexion-EcoRisaralda\vendor\laravel\framework\src\Illuminate\Foundation\Console\Kernel.php:447
C:\Users\USUARIO\Documents\Documentos Christian\Archivos Estudio\Sena\PROYECTO FORMATIVO\BackEnd\Conexion-EcoRisaralda\vendor\laravel\framework\src\Illuminate\Testing\PendingCommand.php:451
C:\Users\USUARIO\Documents\Documentos Christian\Archivos Estudio\Sena\PROYECTO FORMATIVO\BackEnd\Conexion-EcoRisaralda\vendor\laravel\framework\src\Illuminate\Testing\PendingCommand.php:675
C:\Users\USUARIO\Documents\Documentos Christian\Archivos Estudio\Sena\PROYECTO FORMATIVO\BackEnd\Conexion-EcoRisaralda\vendor\laravel\framework\src\Illuminate\Foundation\Testing\Concerns\InteractsWithConsole.php:87
C:\Users\USUARIO\Documents\Documentos Christian\Archivos Estudio\Sena\PROYECTO FORMATIVO\BackEnd\Conexion-EcoRisaralda\vendor\laravel\framework\src\Illuminate\Foundation\Testing\RefreshDatabase.php:119
C:\Users\USUARIO\Documents\Documentos Christian\Archivos Estudio\Sena\PROYECTO FORMATIVO\BackEnd\Conexion-EcoRisaralda\vendor\laravel\framework\src\Illuminate\Foundation\Testing\RefreshDatabase.php:84
C:\Users\USUARIO\Documents\Documentos Christian\Archivos Estudio\Sena\PROYECTO FORMATIVO\BackEnd\Conexion-EcoRisaralda\vendor\laravel\framework\src\Illuminate\Foundation\Testing\RefreshDatabase.php:25
C:\Users\USUARIO\Documents\Documentos Christian\Archivos Estudio\Sena\PROYECTO FORMATIVO\BackEnd\Conexion-EcoRisaralda\vendor\laravel\framework\src\Illuminate\Foundation\Testing\Concerns\InteractsWithTestCaseLifecycle.php:217
C:\Users\USUARIO\Documents\Documentos Christian\Archivos Estudio\Sena\PROYECTO FORMATIVO\BackEnd\Conexion-EcoRisaralda\vendor\laravel\framework\src\Illuminate\Foundation\Testing\Concerns\InteractsWithTestCaseLifecycle.php:101
C:\Users\USUARIO\Documents\Documentos Christian\Archivos Estudio\Sena\PROYECTO FORMATIVO\BackEnd\Conexion-EcoRisaralda\vendor\laravel\framework\src\Illuminate\Foundation\Testing\TestCase.php:63</error>
        </testcase>
        <testcase name="test_verified_user_gets_already_verified_message" file="C:\Users\USUARIO\Documents\Documentos Christian\Archivos Estudio\Sena\PROYECTO FORMATIVO\BackEnd\Conexion-EcoRisaralda\tests\Feature\Auth\EmailVerificationTest.php" line="27" class="Tests\Feature\Auth\EmailVerificationTest" classname="Tests.Feature.Auth.EmailVerificationTest" assertions="0" time="0.000000">
          <error type="Illuminate\Database\QueryException">Tests\Feature\Auth\EmailVerificationTest::test_verified_user_gets_already_verified_message&#13;
Illuminate\Database\QueryException: SQLSTATE[HY000]: General error: 1 near "MODIFY": syntax error (Connection: sqlite, Database: :memory:, SQL: ALTER TABLE users MODIFY status ENUM('pending','approved','rejected','active','inactive') DEFAULT 'active')
&#13;
C:\Users\USUARIO\Documents\Documentos Christian\Archivos Estudio\Sena\PROYECTO FORMATIVO\BackEnd\Conexion-EcoRisaralda\vendor\laravel\framework\src\Illuminate\Database\Connection.php:838
C:\Users\USUARIO\Documents\Documentos Christian\Archivos Estudio\Sena\PROYECTO FORMATIVO\BackEnd\Conexion-EcoRisaralda\vendor\laravel\framework\src\Illuminate\Database\Connection.php:794
C:\Users\USUARIO\Documents\Documentos Christian\Archivos Estudio\Sena\PROYECTO FORMATIVO\BackEnd\Conexion-EcoRisaralda\vendor\laravel\framework\src\Illuminate\Database\Connection.php:573
C:\Users\USUARIO\Documents\Documentos Christian\Archivos Estudio\Sena\PROYECTO FORMATIVO\BackEnd\Conexion-EcoRisaralda\vendor\laravel\framework\src\Illuminate\Database\DatabaseManager.php:491
C:\Users\USUARIO\Documents\Documentos Christian\Archivos Estudio\Sena\PROYECTO FORMATIVO\BackEnd\Conexion-EcoRisaralda\vendor\laravel\framework\src\Illuminate\Support\Facades\Facade.php:363
C:\Users\USUARIO\Documents\Documentos Christian\Archivos Estudio\Sena\PROYECTO FORMATIVO\BackEnd\Conexion-EcoRisaralda\database\migrations\2026_02_09_000001_add_inactive_to_status_enum_on_users_table.php:16
C:\Users\USUARIO\Documents\Documentos Christian\Archivos Estudio\Sena\PROYECTO FORMATIVO\BackEnd\Conexion-EcoRisaralda\vendor\laravel\framework\src\Illuminate\Database\Migrations\Migrator.php:517
C:\Users\USUARIO\Documents\Documentos Christian\Archivos Estudio\Sena\PROYECTO FORMATIVO\BackEnd\Conexion-EcoRisaralda\vendor\laravel\framework\src\Illuminate\Database\Migrations\Migrator.php:442
C:\Users\USUARIO\Documents\Documentos Christian\Archivos Estudio\Sena\PROYECTO FORMATIVO\BackEnd\Conexion-EcoRisaralda\vendor\laravel\framework\src\Illuminate\Database\Migrations\Migrator.php:451
C:\Users\USUARIO\Documents\Documentos Christian\Archivos Estudio\Sena\PROYECTO FORMATIVO\BackEnd\Conexion-EcoRisaralda\vendor\laravel\framework\src\Illuminate\Database\Migrations\Migrator.php:253
C:\Users\USUARIO\Documents\Documentos Christian\Archivos Estudio\Sena\PROYECTO FORMATIVO\BackEnd\Conexion-EcoRisaralda\vendor\laravel\framework\src\Illuminate\Console\View\Components\Task.php:41
C:\Users\USUARIO\Documents\Documentos Christian\Archivos Estudio\Sena\PROYECTO FORMATIVO\BackEnd\Conexion-EcoRisaralda\vendor\laravel\framework\src\Illuminate\Database\Migrations\Migrator.php:814
C:\Users\USUARIO\Documents\Documentos Christian\Archivos Estudio\Sena\PROYECTO FORMATIVO\BackEnd\Conexion-EcoRisaralda\vendor\laravel\framework\src\Illuminate\Database\Migrations\Migrator.php:253
C:\Users\USUARIO\Documents\Documentos Christian\Archivos Estudio\Sena\PROYECTO FORMATIVO\BackEnd\Conexion-EcoRisaralda\vendor\laravel\framework\src\Illuminate\Database\Migrations\Migrator.php:211
C:\Users\USUARIO\Documents\Documentos Christian\Archivos Estudio\Sena\PROYECTO FORMATIVO\BackEnd\Conexion-EcoRisaralda\vendor\laravel\framework\src\Illuminate\Database\Migrations\Migrator.php:138
C:\Users\USUARIO\Documents\Documentos Christian\Archivos Estudio\Sena\PROYECTO FORMATIVO\BackEnd\Conexion-EcoRisaralda\vendor\laravel\framework\src\Illuminate\Database\Console\Migrations\MigrateCommand.php:116
C:\Users\USUARIO\Documents\Documentos Christian\Archivos Estudio\Sena\PROYECTO FORMATIVO\BackEnd\Conexion-EcoRisaralda\vendor\laravel\framework\src\Illuminate\Database\Migrations\Migrator.php:671
C:\Users\USUARIO\Documents\Documentos Christian\Archivos Estudio\Sena\PROYECTO FORMATIVO\BackEnd\Conexion-EcoRisaralda\vendor\laravel\framework\src\Illuminate\Database\Console\Migrations\MigrateCommand.php:109
C:\Users\USUARIO\Documents\Documentos Christian\Archivos Estudio\Sena\PROYECTO FORMATIVO\BackEnd\Conexion-EcoRisaralda\vendor\laravel\framework\src\Illuminate\Database\Console\Migrations\MigrateCommand.php:88
C:\Users\USUARIO\Documents\Documentos Christian\Archivos Estudio\Sena\PROYECTO FORMATIVO\BackEnd\Conexion-EcoRisaralda\vendor\laravel\framework\src\Illuminate\Container\BoundMethod.php:36
C:\Users\USUARIO\Documents\Documentos Christian\Archivos Estudio\Sena\PROYECTO FORMATIVO\BackEnd\Conexion-EcoRisaralda\vendor\laravel\framework\src\Illuminate\Container\Util.php:43
C:\Users\USUARIO\Documents\Documentos Christian\Archivos Estudio\Sena\PROYECTO FORMATIVO\BackEnd\Conexion-EcoRisaralda\vendor\laravel\framework\src\Illuminate\Container\BoundMethod.php:96
C:\Users\USUARIO\Documents\Documentos Christian\Archivos Estudio\Sena\PROYECTO FORMATIVO\BackEnd\Conexion-EcoRisaralda\vendor\laravel\framework\src\Illuminate\Container\BoundMethod.php:35
C:\Users\USUARIO\Documents\Documentos Christian\Archivos Estudio\Sena\PROYECTO FORMATIVO\BackEnd\Conexion-EcoRisaralda\vendor\laravel\framework\src\Illuminate\Container\Container.php:799
C:\Users\USUARIO\Documents\Documentos Christian\Archivos Estudio\Sena\PROYECTO FORMATIVO\BackEnd\Conexion-EcoRisaralda\vendor\laravel\framework\src\Illuminate\Console\Command.php:211
C:\Users\USUARIO\Documents\Documentos Christian\Archivos Estudio\Sena\PROYECTO FORMATIVO\BackEnd\Conexion-EcoRisaralda\vendor\symfony\console\Command\Command.php:341
C:\Users\USUARIO\Documents\Documentos Christian\Archivos Estudio\Sena\PROYECTO FORMATIVO\BackEnd\Conexion-EcoRisaralda\vendor\laravel\framework\src\Illuminate\Console\Command.php:180
C:\Users\USUARIO\Documents\Documentos Christian\Archivos Estudio\Sena\PROYECTO FORMATIVO\BackEnd\Conexion-EcoRisaralda\vendor\laravel\framework\src\Illuminate\Console\Concerns\CallsCommands.php:68
C:\Users\USUARIO\Documents\Documentos Christian\Archivos Estudio\Sena\PROYECTO FORMATIVO\BackEnd\Conexion-EcoRisaralda\vendor\laravel\framework\src\Illuminate\Console\Concerns\CallsCommands.php:29
C:\Users\USUARIO\Documents\Documentos Christian\Archivos Estudio\Sena\PROYECTO FORMATIVO\BackEnd\Conexion-EcoRisaralda\vendor\laravel\framework\src\Illuminate\Database\Console\Migrations\FreshCommand.php:81
C:\Users\USUARIO\Documents\Documentos Christian\Archivos Estudio\Sena\PROYECTO FORMATIVO\BackEnd\Conexion-EcoRisaralda\vendor\laravel\framework\src\Illuminate\Container\BoundMethod.php:36
C:\Users\USUARIO\Documents\Documentos Christian\Archivos Estudio\Sena\PROYECTO FORMATIVO\BackEnd\Conexion-EcoRisaralda\vendor\laravel\framework\src\Illuminate\Container\Util.php:43
C:\Users\USUARIO\Documents\Documentos Christian\Archivos Estudio\Sena\PROYECTO FORMATIVO\BackEnd\Conexion-EcoRisaralda\vendor\laravel\framework\src\Illuminate\Container\BoundMethod.php:96
C:\Users\USUARIO\Documents\Documentos Christian\Archivos Estudio\Sena\PROYECTO FORMATIVO\BackEnd\Conexion-EcoRisaralda\vendor\laravel\framework\src\Illuminate\Container\BoundMethod.php:35
C:\Users\USUARIO\Documents\Documentos Christian\Archivos Estudio\Sena\PROYECTO FORMATIVO\BackEnd\Conexion-EcoRisaralda\vendor\laravel\framework\src\Illuminate\Container\Container.php:799
C:\Users\USUARIO\Documents\Documentos Christian\Archivos Estudio\Sena\PROYECTO FORMATIVO\BackEnd\Conexion-EcoRisaralda\vendor\laravel\framework\src\Illuminate\Console\Command.php:211
C:\Users\USUARIO\Documents\Documentos Christian\Archivos Estudio\Sena\PROYECTO FORMATIVO\BackEnd\Conexion-EcoRisaralda\vendor\symfony\console\Command\Command.php:341
C:\Users\USUARIO\Documents\Documentos Christian\Archivos Estudio\Sena\PROYECTO FORMATIVO\BackEnd\Conexion-EcoRisaralda\vendor\laravel\framework\src\Illuminate\Console\Command.php:180
C:\Users\USUARIO\Documents\Documentos Christian\Archivos Estudio\Sena\PROYECTO FORMATIVO\BackEnd\Conexion-EcoRisaralda\vendor\symfony\console\Application.php:1079
C:\Users\USUARIO\Documents\Documentos Christian\Archivos Estudio\Sena\PROYECTO FORMATIVO\BackEnd\Conexion-EcoRisaralda\vendor\symfony\console\Application.php:356
C:\Users\USUARIO\Documents\Documentos Christian\Archivos Estudio\Sena\PROYECTO FORMATIVO\BackEnd\Conexion-EcoRisaralda\vendor\symfony\console\Application.php:195
C:\Users\USUARIO\Documents\Documentos Christian\Archivos Estudio\Sena\PROYECTO FORMATIVO\BackEnd\Conexion-EcoRisaralda\vendor\laravel\framework\src\Illuminate\Console\Application.php:165
C:\Users\USUARIO\Documents\Documentos Christian\Archivos Estudio\Sena\PROYECTO FORMATIVO\BackEnd\Conexion-EcoRisaralda\vendor\laravel\framework\src\Illuminate\Foundation\Console\Kernel.php:447
C:\Users\USUARIO\Documents\Documentos Christian\Archivos Estudio\Sena\PROYECTO FORMATIVO\BackEnd\Conexion-EcoRisaralda\vendor\laravel\framework\src\Illuminate\Testing\PendingCommand.php:451
C:\Users\USUARIO\Documents\Documentos Christian\Archivos Estudio\Sena\PROYECTO FORMATIVO\BackEnd\Conexion-EcoRisaralda\vendor\laravel\framework\src\Illuminate\Testing\PendingCommand.php:675
C:\Users\USUARIO\Documents\Documentos Christian\Archivos Estudio\Sena\PROYECTO FORMATIVO\BackEnd\Conexion-EcoRisaralda\vendor\laravel\framework\src\Illuminate\Foundation\Testing\Concerns\InteractsWithConsole.php:87
C:\Users\USUARIO\Documents\Documentos Christian\Archivos Estudio\Sena\PROYECTO FORMATIVO\BackEnd\Conexion-EcoRisaralda\vendor\laravel\framework\src\Illuminate\Foundation\Testing\RefreshDatabase.php:119
C:\Users\USUARIO\Documents\Documentos Christian\Archivos Estudio\Sena\PROYECTO FORMATIVO\BackEnd\Conexion-EcoRisaralda\vendor\laravel\framework\src\Illuminate\Foundation\Testing\RefreshDatabase.php:84
C:\Users\USUARIO\Documents\Documentos Christian\Archivos Estudio\Sena\PROYECTO FORMATIVO\BackEnd\Conexion-EcoRisaralda\vendor\laravel\framework\src\Illuminate\Foundation\Testing\RefreshDatabase.php:25
C:\Users\USUARIO\Documents\Documentos Christian\Archivos Estudio\Sena\PROYECTO FORMATIVO\BackEnd\Conexion-EcoRisaralda\vendor\laravel\framework\src\Illuminate\Foundation\Testing\Concerns\InteractsWithTestCaseLifecycle.php:217
C:\Users\USUARIO\Documents\Documentos Christian\Archivos Estudio\Sena\PROYECTO FORMATIVO\BackEnd\Conexion-EcoRisaralda\vendor\laravel\framework\src\Illuminate\Foundation\Testing\Concerns\InteractsWithTestCaseLifecycle.php:101
C:\Users\USUARIO\Documents\Documentos Christian\Archivos Estudio\Sena\PROYECTO FORMATIVO\BackEnd\Conexion-EcoRisaralda\vendor\laravel\framework\src\Illuminate\Foundation\Testing\TestCase.php:63</error>
        </testcase>
        <testcase name="test_nonexistent_email_returns_generic_success" file="C:\Users\USUARIO\Documents\Documentos Christian\Archivos Estudio\Sena\PROYECTO FORMATIVO\BackEnd\Conexion-EcoRisaralda\tests\Feature\Auth\EmailVerificationTest.php" line="41" class="Tests\Feature\Auth\EmailVerificationTest" classname="Tests.Feature.Auth.EmailVerificationTest" assertions="0" time="0.000000">
          <error type="Illuminate\Database\QueryException">Tests\Feature\Auth\EmailVerificationTest::test_nonexistent_email_returns_generic_success&#13;
Illuminate\Database\QueryException: SQLSTATE[HY000]: General error: 1 near "MODIFY": syntax error (Connection: sqlite, Database: :memory:, SQL: ALTER TABLE users MODIFY status ENUM('pending','approved','rejected','active','inactive') DEFAULT 'active')
&#13;
C:\Users\USUARIO\Documents\Documentos Christian\Archivos Estudio\Sena\PROYECTO FORMATIVO\BackEnd\Conexion-EcoRisaralda\vendor\laravel\framework\src\Illuminate\Database\Connection.php:838
C:\Users\USUARIO\Documents\Documentos Christian\Archivos Estudio\Sena\PROYECTO FORMATIVO\BackEnd\Conexion-EcoRisaralda\vendor\laravel\framework\src\Illuminate\Database\Connection.php:794
C:\Users\USUARIO\Documents\Documentos Christian\Archivos Estudio\Sena\PROYECTO FORMATIVO\BackEnd\Conexion-EcoRisaralda\vendor\laravel\framework\src\Illuminate\Database\Connection.php:573
C:\Users\USUARIO\Documents\Documentos Christian\Archivos Estudio\Sena\PROYECTO FORMATIVO\BackEnd\Conexion-EcoRisaralda\vendor\laravel\framework\src\Illuminate\Database\DatabaseManager.php:491
C:\Users\USUARIO\Documents\Documentos Christian\Archivos Estudio\Sena\PROYECTO FORMATIVO\BackEnd\Conexion-EcoRisaralda\vendor\laravel\framework\src\Illuminate\Support\Facades\Facade.php:363
C:\Users\USUARIO\Documents\Documentos Christian\Archivos Estudio\Sena\PROYECTO FORMATIVO\BackEnd\Conexion-EcoRisaralda\database\migrations\2026_02_09_000001_add_inactive_to_status_enum_on_users_table.php:16
C:\Users\USUARIO\Documents\Documentos Christian\Archivos Estudio\Sena\PROYECTO FORMATIVO\BackEnd\Conexion-EcoRisaralda\vendor\laravel\framework\src\Illuminate\Database\Migrations\Migrator.php:517
C:\Users\USUARIO\Documents\Documentos Christian\Archivos Estudio\Sena\PROYECTO FORMATIVO\BackEnd\Conexion-EcoRisaralda\vendor\laravel\framework\src\Illuminate\Database\Migrations\Migrator.php:442
C:\Users\USUARIO\Documents\Documentos Christian\Archivos Estudio\Sena\PROYECTO FORMATIVO\BackEnd\Conexion-EcoRisaralda\vendor\laravel\framework\src\Illuminate\Database\Migrations\Migrator.php:451
C:\Users\USUARIO\Documents\Documentos Christian\Archivos Estudio\Sena\PROYECTO FORMATIVO\BackEnd\Conexion-EcoRisaralda\vendor\laravel\framework\src\Illuminate\Database\Migrations\Migrator.php:253
C:\Users\USUARIO\Documents\Documentos Christian\Archivos Estudio\Sena\PROYECTO FORMATIVO\BackEnd\Conexion-EcoRisaralda\vendor\laravel\framework\src\Illuminate\Console\View\Components\Task.php:41
C:\Users\USUARIO\Documents\Documentos Christian\Archivos Estudio\Sena\PROYECTO FORMATIVO\BackEnd\Conexion-EcoRisaralda\vendor\laravel\framework\src\Illuminate\Database\Migrations\Migrator.php:814
C:\Users\USUARIO\Documents\Documentos Christian\Archivos Estudio\Sena\PROYECTO FORMATIVO\BackEnd\Conexion-EcoRisaralda\vendor\laravel\framework\src\Illuminate\Database\Migrations\Migrator.php:253
C:\Users\USUARIO\Documents\Documentos Christian\Archivos Estudio\Sena\PROYECTO FORMATIVO\BackEnd\Conexion-EcoRisaralda\vendor\laravel\framework\src\Illuminate\Database\Migrations\Migrator.php:211
C:\Users\USUARIO\Documents\Documentos Christian\Archivos Estudio\Sena\PROYECTO FORMATIVO\BackEnd\Conexion-EcoRisaralda\vendor\laravel\framework\src\Illuminate\Database\Migrations\Migrator.php:138
C:\Users\USUARIO\Documents\Documentos Christian\Archivos Estudio\Sena\PROYECTO FORMATIVO\BackEnd\Conexion-EcoRisaralda\vendor\laravel\framework\src\Illuminate\Database\Console\Migrations\MigrateCommand.php:116
C:\Users\USUARIO\Documents\Documentos Christian\Archivos Estudio\Sena\PROYECTO FORMATIVO\BackEnd\Conexion-EcoRisaralda\vendor\laravel\framework\src\Illuminate\Database\Migrations\Migrator.php:671
C:\Users\USUARIO\Documents\Documentos Christian\Archivos Estudio\Sena\PROYECTO FORMATIVO\BackEnd\Conexion-EcoRisaralda\vendor\laravel\framework\src\Illuminate\Database\Console\Migrations\MigrateCommand.php:109
C:\Users\USUARIO\Documents\Documentos Christian\Archivos Estudio\Sena\PROYECTO FORMATIVO\BackEnd\Conexion-EcoRisaralda\vendor\laravel\framework\src\Illuminate\Database\Console\Migrations\MigrateCommand.php:88
C:\Users\USUARIO\Documents\Documentos Christian\Archivos Estudio\Sena\PROYECTO FORMATIVO\BackEnd\Conexion-EcoRisaralda\vendor\laravel\framework\src\Illuminate\Container\BoundMethod.php:36
C:\Users\USUARIO\Documents\Documentos Christian\Archivos Estudio\Sena\PROYECTO FORMATIVO\BackEnd\Conexion-EcoRisaralda\vendor\laravel\framework\src\Illuminate\Container\Util.php:43
C:\Users\USUARIO\Documents\Documentos Christian\Archivos Estudio\Sena\PROYECTO FORMATIVO\BackEnd\Conexion-EcoRisaralda\vendor\laravel\framework\src\Illuminate\Container\BoundMethod.php:96
C:\Users\USUARIO\Documents\Documentos Christian\Archivos Estudio\Sena\PROYECTO FORMATIVO\BackEnd\Conexion-EcoRisaralda\vendor\laravel\framework\src\Illuminate\Container\BoundMethod.php:35
C:\Users\USUARIO\Documents\Documentos Christian\Archivos Estudio\Sena\PROYECTO FORMATIVO\BackEnd\Conexion-EcoRisaralda\vendor\laravel\framework\src\Illuminate\Container\Container.php:799
C:\Users\USUARIO\Documents\Documentos Christian\Archivos Estudio\Sena\PROYECTO FORMATIVO\BackEnd\Conexion-EcoRisaralda\vendor\laravel\framework\src\Illuminate\Console\Command.php:211
C:\Users\USUARIO\Documents\Documentos Christian\Archivos Estudio\Sena\PROYECTO FORMATIVO\BackEnd\Conexion-EcoRisaralda\vendor\symfony\console\Command\Command.php:341
C:\Users\USUARIO\Documents\Documentos Christian\Archivos Estudio\Sena\PROYECTO FORMATIVO\BackEnd\Conexion-EcoRisaralda\vendor\laravel\framework\src\Illuminate\Console\Command.php:180
C:\Users\USUARIO\Documents\Documentos Christian\Archivos Estudio\Sena\PROYECTO FORMATIVO\BackEnd\Conexion-EcoRisaralda\vendor\laravel\framework\src\Illuminate\Console\Concerns\CallsCommands.php:68
C:\Users\USUARIO\Documents\Documentos Christian\Archivos Estudio\Sena\PROYECTO FORMATIVO\BackEnd\Conexion-EcoRisaralda\vendor\laravel\framework\src\Illuminate\Console\Concerns\CallsCommands.php:29
C:\Users\USUARIO\Documents\Documentos Christian\Archivos Estudio\Sena\PROYECTO FORMATIVO\BackEnd\Conexion-EcoRisaralda\vendor\laravel\framework\src\Illuminate\Database\Console\Migrations\FreshCommand.php:81
C:\Users\USUARIO\Documents\Documentos Christian\Archivos Estudio\Sena\PROYECTO FORMATIVO\BackEnd\Conexion-EcoRisaralda\vendor\laravel\framework\src\Illuminate\Container\BoundMethod.php:36
C:\Users\USUARIO\Documents\Documentos Christian\Archivos Estudio\Sena\PROYECTO FORMATIVO\BackEnd\Conexion-EcoRisaralda\vendor\laravel\framework\src\Illuminate\Container\Util.php:43
C:\Users\USUARIO\Documents\Documentos Christian\Archivos Estudio\Sena\PROYECTO FORMATIVO\BackEnd\Conexion-EcoRisaralda\vendor\laravel\framework\src\Illuminate\Container\BoundMethod.php:96
C:\Users\USUARIO\Documents\Documentos Christian\Archivos Estudio\Sena\PROYECTO FORMATIVO\BackEnd\Conexion-EcoRisaralda\vendor\laravel\framework\src\Illuminate\Container\BoundMethod.php:35
C:\Users\USUARIO\Documents\Documentos Christian\Archivos Estudio\Sena\PROYECTO FORMATIVO\BackEnd\Conexion-EcoRisaralda\vendor\laravel\framework\src\Illuminate\Container\Container.php:799
C:\Users\USUARIO\Documents\Documentos Christian\Archivos Estudio\Sena\PROYECTO FORMATIVO\BackEnd\Conexion-EcoRisaralda\vendor\laravel\framework\src\Illuminate\Console\Command.php:211
C:\Users\USUARIO\Documents\Documentos Christian\Archivos Estudio\Sena\PROYECTO FORMATIVO\BackEnd\Conexion-EcoRisaralda\vendor\symfony\console\Command\Command.php:341
C:\Users\USUARIO\Documents\Documentos Christian\Archivos Estudio\Sena\PROYECTO FORMATIVO\BackEnd\Conexion-EcoRisaralda\vendor\laravel\framework\src\Illuminate\Console\Command.php:180
C:\Users\USUARIO\Documents\Documentos Christian\Archivos Estudio\Sena\PROYECTO FORMATIVO\BackEnd\Conexion-EcoRisaralda\vendor\symfony\console\Application.php:1079
C:\Users\USUARIO\Documents\Documentos Christian\Archivos Estudio\Sena\PROYECTO FORMATIVO\BackEnd\Conexion-EcoRisaralda\vendor\symfony\console\Application.php:356
C:\Users\USUARIO\Documents\Documentos Christian\Archivos Estudio\Sena\PROYECTO FORMATIVO\BackEnd\Conexion-EcoRisaralda\vendor\symfony\console\Application.php:195
C:\Users\USUARIO\Documents\Documentos Christian\Archivos Estudio\Sena\PROYECTO FORMATIVO\BackEnd\Conexion-EcoRisaralda\vendor\laravel\framework\src\Illuminate\Console\Application.php:165
C:\Users\USUARIO\Documents\Documentos Christian\Archivos Estudio\Sena\PROYECTO FORMATIVO\BackEnd\Conexion-EcoRisaralda\vendor\laravel\framework\src\Illuminate\Foundation\Console\Kernel.php:447
C:\Users\USUARIO\Documents\Documentos Christian\Archivos Estudio\Sena\PROYECTO FORMATIVO\BackEnd\Conexion-EcoRisaralda\vendor\laravel\framework\src\Illuminate\Testing\PendingCommand.php:451
C:\Users\USUARIO\Documents\Documentos Christian\Archivos Estudio\Sena\PROYECTO FORMATIVO\BackEnd\Conexion-EcoRisaralda\vendor\laravel\framework\src\Illuminate\Testing\PendingCommand.php:675
C:\Users\USUARIO\Documents\Documentos Christian\Archivos Estudio\Sena\PROYECTO FORMATIVO\BackEnd\Conexion-EcoRisaralda\vendor\laravel\framework\src\Illuminate\Foundation\Testing\Concerns\InteractsWithConsole.php:87
C:\Users\USUARIO\Documents\Documentos Christian\Archivos Estudio\Sena\PROYECTO FORMATIVO\BackEnd\Conexion-EcoRisaralda\vendor\laravel\framework\src\Illuminate\Foundation\Testing\RefreshDatabase.php:119
C:\Users\USUARIO\Documents\Documentos Christian\Archivos Estudio\Sena\PROYECTO FORMATIVO\BackEnd\Conexion-EcoRisaralda\vendor\laravel\framework\src\Illuminate\Foundation\Testing\RefreshDatabase.php:84
C:\Users\USUARIO\Documents\Documentos Christian\Archivos Estudio\Sena\PROYECTO FORMATIVO\BackEnd\Conexion-EcoRisaralda\vendor\laravel\framework\src\Illuminate\Foundation\Testing\RefreshDatabase.php:25
C:\Users\USUARIO\Documents\Documentos Christian\Archivos Estudio\Sena\PROYECTO FORMATIVO\BackEnd\Conexion-EcoRisaralda\vendor\laravel\framework\src\Illuminate\Foundation\Testing\Concerns\InteractsWithTestCaseLifecycle.php:217
C:\Users\USUARIO\Documents\Documentos Christian\Archivos Estudio\Sena\PROYECTO FORMATIVO\BackEnd\Conexion-EcoRisaralda\vendor\laravel\framework\src\Illuminate\Foundation\Testing\Concerns\InteractsWithTestCaseLifecycle.php:101
C:\Users\USUARIO\Documents\Documentos Christian\Archivos Estudio\Sena\PROYECTO FORMATIVO\BackEnd\Conexion-EcoRisaralda\vendor\laravel\framework\src\Illuminate\Foundation\Testing\TestCase.php:63</error>
        </testcase>
      </testsuite>
      <testsuite name="Tests\Feature\Auth\PasswordResetTest" file="C:\Users\USUARIO\Documents\Documentos Christian\Archivos Estudio\Sena\PROYECTO FORMATIVO\BackEnd\Conexion-EcoRisaralda\tests\Feature\Auth\PasswordResetTest.php" tests="4" assertions="0" errors="4" failures="0" skipped="0" time="0.000000">
        <testcase name="test_password_reset_link_can_be_requested" file="C:\Users\USUARIO\Documents\Documentos Christian\Archivos Estudio\Sena\PROYECTO FORMATIVO\BackEnd\Conexion-EcoRisaralda\tests\Feature\Auth\PasswordResetTest.php" line="14" class="Tests\Feature\Auth\PasswordResetTest" classname="Tests.Feature.Auth.PasswordResetTest" assertions="0" time="0.000000">
          <error type="Illuminate\Database\QueryException">Tests\Feature\Auth\PasswordResetTest::test_password_reset_link_can_be_requested&#13;
Illuminate\Database\QueryException: SQLSTATE[HY000]: General error: 1 near "MODIFY": syntax error (Connection: sqlite, Database: :memory:, SQL: ALTER TABLE users MODIFY status ENUM('pending','approved','rejected','active','inactive') DEFAULT 'active')
&#13;
C:\Users\USUARIO\Documents\Documentos Christian\Archivos Estudio\Sena\PROYECTO FORMATIVO\BackEnd\Conexion-EcoRisaralda\vendor\laravel\framework\src\Illuminate\Database\Connection.php:838
C:\Users\USUARIO\Documents\Documentos Christian\Archivos Estudio\Sena\PROYECTO FORMATIVO\BackEnd\Conexion-EcoRisaralda\vendor\laravel\framework\src\Illuminate\Database\Connection.php:794
C:\Users\USUARIO\Documents\Documentos Christian\Archivos Estudio\Sena\PROYECTO FORMATIVO\BackEnd\Conexion-EcoRisaralda\vendor\laravel\framework\src\Illuminate\Database\Connection.php:573
C:\Users\USUARIO\Documents\Documentos Christian\Archivos Estudio\Sena\PROYECTO FORMATIVO\BackEnd\Conexion-EcoRisaralda\vendor\laravel\framework\src\Illuminate\Database\DatabaseManager.php:491
C:\Users\USUARIO\Documents\Documentos Christian\Archivos Estudio\Sena\PROYECTO FORMATIVO\BackEnd\Conexion-EcoRisaralda\vendor\laravel\framework\src\Illuminate\Support\Facades\Facade.php:363
C:\Users\USUARIO\Documents\Documentos Christian\Archivos Estudio\Sena\PROYECTO FORMATIVO\BackEnd\Conexion-EcoRisaralda\database\migrations\2026_02_09_000001_add_inactive_to_status_enum_on_users_table.php:16
C:\Users\USUARIO\Documents\Documentos Christian\Archivos Estudio\Sena\PROYECTO FORMATIVO\BackEnd\Conexion-EcoRisaralda\vendor\laravel\framework\src\Illuminate\Database\Migrations\Migrator.php:517
C:\Users\USUARIO\Documents\Documentos Christian\Archivos Estudio\Sena\PROYECTO FORMATIVO\BackEnd\Conexion-EcoRisaralda\vendor\laravel\framework\src\Illuminate\Database\Migrations\Migrator.php:442
C:\Users\USUARIO\Documents\Documentos Christian\Archivos Estudio\Sena\PROYECTO FORMATIVO\BackEnd\Conexion-EcoRisaralda\vendor\laravel\framework\src\Illuminate\Database\Migrations\Migrator.php:451
C:\Users\USUARIO\Documents\Documentos Christian\Archivos Estudio\Sena\PROYECTO FORMATIVO\BackEnd\Conexion-EcoRisaralda\vendor\laravel\framework\src\Illuminate\Database\Migrations\Migrator.php:253
C:\Users\USUARIO\Documents\Documentos Christian\Archivos Estudio\Sena\PROYECTO FORMATIVO\BackEnd\Conexion-EcoRisaralda\vendor\laravel\framework\src\Illuminate\Console\View\Components\Task.php:41
C:\Users\USUARIO\Documents\Documentos Christian\Archivos Estudio\Sena\PROYECTO FORMATIVO\BackEnd\Conexion-EcoRisaralda\vendor\laravel\framework\src\Illuminate\Database\Migrations\Migrator.php:814
C:\Users\USUARIO\Documents\Documentos Christian\Archivos Estudio\Sena\PROYECTO FORMATIVO\BackEnd\Conexion-EcoRisaralda\vendor\laravel\framework\src\Illuminate\Database\Migrations\Migrator.php:253
C:\Users\USUARIO\Documents\Documentos Christian\Archivos Estudio\Sena\PROYECTO FORMATIVO\BackEnd\Conexion-EcoRisaralda\vendor\laravel\framework\src\Illuminate\Database\Migrations\Migrator.php:211
C:\Users\USUARIO\Documents\Documentos Christian\Archivos Estudio\Sena\PROYECTO FORMATIVO\BackEnd\Conexion-EcoRisaralda\vendor\laravel\framework\src\Illuminate\Database\Migrations\Migrator.php:138
C:\Users\USUARIO\Documents\Documentos Christian\Archivos Estudio\Sena\PROYECTO FORMATIVO\BackEnd\Conexion-EcoRisaralda\vendor\laravel\framework\src\Illuminate\Database\Console\Migrations\MigrateCommand.php:116
C:\Users\USUARIO\Documents\Documentos Christian\Archivos Estudio\Sena\PROYECTO FORMATIVO\BackEnd\Conexion-EcoRisaralda\vendor\laravel\framework\src\Illuminate\Database\Migrations\Migrator.php:671
C:\Users\USUARIO\Documents\Documentos Christian\Archivos Estudio\Sena\PROYECTO FORMATIVO\BackEnd\Conexion-EcoRisaralda\vendor\laravel\framework\src\Illuminate\Database\Console\Migrations\MigrateCommand.php:109
C:\Users\USUARIO\Documents\Documentos Christian\Archivos Estudio\Sena\PROYECTO FORMATIVO\BackEnd\Conexion-EcoRisaralda\vendor\laravel\framework\src\Illuminate\Database\Console\Migrations\MigrateCommand.php:88
C:\Users\USUARIO\Documents\Documentos Christian\Archivos Estudio\Sena\PROYECTO FORMATIVO\BackEnd\Conexion-EcoRisaralda\vendor\laravel\framework\src\Illuminate\Container\BoundMethod.php:36
C:\Users\USUARIO\Documents\Documentos Christian\Archivos Estudio\Sena\PROYECTO FORMATIVO\BackEnd\Conexion-EcoRisaralda\vendor\laravel\framework\src\Illuminate\Container\Util.php:43
C:\Users\USUARIO\Documents\Documentos Christian\Archivos Estudio\Sena\PROYECTO FORMATIVO\BackEnd\Conexion-EcoRisaralda\vendor\laravel\framework\src\Illuminate\Container\BoundMethod.php:96
C:\Users\USUARIO\Documents\Documentos Christian\Archivos Estudio\Sena\PROYECTO FORMATIVO\BackEnd\Conexion-EcoRisaralda\vendor\laravel\framework\src\Illuminate\Container\BoundMethod.php:35
C:\Users\USUARIO\Documents\Documentos Christian\Archivos Estudio\Sena\PROYECTO FORMATIVO\BackEnd\Conexion-EcoRisaralda\vendor\laravel\framework\src\Illuminate\Container\Container.php:799
C:\Users\USUARIO\Documents\Documentos Christian\Archivos Estudio\Sena\PROYECTO FORMATIVO\BackEnd\Conexion-EcoRisaralda\vendor\laravel\framework\src\Illuminate\Console\Command.php:211
C:\Users\USUARIO\Documents\Documentos Christian\Archivos Estudio\Sena\PROYECTO FORMATIVO\BackEnd\Conexion-EcoRisaralda\vendor\symfony\console\Command\Command.php:341
C:\Users\USUARIO\Documents\Documentos Christian\Archivos Estudio\Sena\PROYECTO FORMATIVO\BackEnd\Conexion-EcoRisaralda\vendor\laravel\framework\src\Illuminate\Console\Command.php:180
C:\Users\USUARIO\Documents\Documentos Christian\Archivos Estudio\Sena\PROYECTO FORMATIVO\BackEnd\Conexion-EcoRisaralda\vendor\laravel\framework\src\Illuminate\Console\Concerns\CallsCommands.php:68
C:\Users\USUARIO\Documents\Documentos Christian\Archivos Estudio\Sena\PROYECTO FORMATIVO\BackEnd\Conexion-EcoRisaralda\vendor\laravel\framework\src\Illuminate\Console\Concerns\CallsCommands.php:29
C:\Users\USUARIO\Documents\Documentos Christian\Archivos Estudio\Sena\PROYECTO FORMATIVO\BackEnd\Conexion-EcoRisaralda\vendor\laravel\framework\src\Illuminate\Database\Console\Migrations\FreshCommand.php:81
C:\Users\USUARIO\Documents\Documentos Christian\Archivos Estudio\Sena\PROYECTO FORMATIVO\BackEnd\Conexion-EcoRisaralda\vendor\laravel\framework\src\Illuminate\Container\BoundMethod.php:36
C:\Users\USUARIO\Documents\Documentos Christian\Archivos Estudio\Sena\PROYECTO FORMATIVO\BackEnd\Conexion-EcoRisaralda\vendor\laravel\framework\src\Illuminate\Container\Util.php:43
C:\Users\USUARIO\Documents\Documentos Christian\Archivos Estudio\Sena\PROYECTO FORMATIVO\BackEnd\Conexion-EcoRisaralda\vendor\laravel\framework\src\Illuminate\Container\BoundMethod.php:96
C:\Users\USUARIO\Documents\Documentos Christian\Archivos Estudio\Sena\PROYECTO FORMATIVO\BackEnd\Conexion-EcoRisaralda\vendor\laravel\framework\src\Illuminate\Container\BoundMethod.php:35
C:\Users\USUARIO\Documents\Documentos Christian\Archivos Estudio\Sena\PROYECTO FORMATIVO\BackEnd\Conexion-EcoRisaralda\vendor\laravel\framework\src\Illuminate\Container\Container.php:799
C:\Users\USUARIO\Documents\Documentos Christian\Archivos Estudio\Sena\PROYECTO FORMATIVO\BackEnd\Conexion-EcoRisaralda\vendor\laravel\framework\src\Illuminate\Console\Command.php:211
C:\Users\USUARIO\Documents\Documentos Christian\Archivos Estudio\Sena\PROYECTO FORMATIVO\BackEnd\Conexion-EcoRisaralda\vendor\symfony\console\Command\Command.php:341
C:\Users\USUARIO\Documents\Documentos Christian\Archivos Estudio\Sena\PROYECTO FORMATIVO\BackEnd\Conexion-EcoRisaralda\vendor\laravel\framework\src\Illuminate\Console\Command.php:180
C:\Users\USUARIO\Documents\Documentos Christian\Archivos Estudio\Sena\PROYECTO FORMATIVO\BackEnd\Conexion-EcoRisaralda\vendor\symfony\console\Application.php:1079
C:\Users\USUARIO\Documents\Documentos Christian\Archivos Estudio\Sena\PROYECTO FORMATIVO\BackEnd\Conexion-EcoRisaralda\vendor\symfony\console\Application.php:356
C:\Users\USUARIO\Documents\Documentos Christian\Archivos Estudio\Sena\PROYECTO FORMATIVO\BackEnd\Conexion-EcoRisaralda\vendor\symfony\console\Application.php:195
C:\Users\USUARIO\Documents\Documentos Christian\Archivos Estudio\Sena\PROYECTO FORMATIVO\BackEnd\Conexion-EcoRisaralda\vendor\laravel\framework\src\Illuminate\Console\Application.php:165
C:\Users\USUARIO\Documents\Documentos Christian\Archivos Estudio\Sena\PROYECTO FORMATIVO\BackEnd\Conexion-EcoRisaralda\vendor\laravel\framework\src\Illuminate\Foundation\Console\Kernel.php:447
C:\Users\USUARIO\Documents\Documentos Christian\Archivos Estudio\Sena\PROYECTO FORMATIVO\BackEnd\Conexion-EcoRisaralda\vendor\laravel\framework\src\Illuminate\Testing\PendingCommand.php:451
C:\Users\USUARIO\Documents\Documentos Christian\Archivos Estudio\Sena\PROYECTO FORMATIVO\BackEnd\Conexion-EcoRisaralda\vendor\laravel\framework\src\Illuminate\Testing\PendingCommand.php:675
C:\Users\USUARIO\Documents\Documentos Christian\Archivos Estudio\Sena\PROYECTO FORMATIVO\BackEnd\Conexion-EcoRisaralda\vendor\laravel\framework\src\Illuminate\Foundation\Testing\Concerns\InteractsWithConsole.php:87
C:\Users\USUARIO\Documents\Documentos Christian\Archivos Estudio\Sena\PROYECTO FORMATIVO\BackEnd\Conexion-EcoRisaralda\vendor\laravel\framework\src\Illuminate\Foundation\Testing\RefreshDatabase.php:119
C:\Users\USUARIO\Documents\Documentos Christian\Archivos Estudio\Sena\PROYECTO FORMATIVO\BackEnd\Conexion-EcoRisaralda\vendor\laravel\framework\src\Illuminate\Foundation\Testing\RefreshDatabase.php:84
C:\Users\USUARIO\Documents\Documentos Christian\Archivos Estudio\Sena\PROYECTO FORMATIVO\BackEnd\Conexion-EcoRisaralda\vendor\laravel\framework\src\Illuminate\Foundation\Testing\RefreshDatabase.php:25
C:\Users\USUARIO\Documents\Documentos Christian\Archivos Estudio\Sena\PROYECTO FORMATIVO\BackEnd\Conexion-EcoRisaralda\vendor\laravel\framework\src\Illuminate\Foundation\Testing\Concerns\InteractsWithTestCaseLifecycle.php:217
C:\Users\USUARIO\Documents\Documentos Christian\Archivos Estudio\Sena\PROYECTO FORMATIVO\BackEnd\Conexion-EcoRisaralda\vendor\laravel\framework\src\Illuminate\Foundation\Testing\Concerns\InteractsWithTestCaseLifecycle.php:101
C:\Users\USUARIO\Documents\Documentos Christian\Archivos Estudio\Sena\PROYECTO FORMATIVO\BackEnd\Conexion-EcoRisaralda\vendor\laravel\framework\src\Illuminate\Foundation\Testing\TestCase.php:63</error>
        </testcase>
        <testcase name="test_password_reset_fails_for_nonexistent_email" file="C:\Users\USUARIO\Documents\Documentos Christian\Archivos Estudio\Sena\PROYECTO FORMATIVO\BackEnd\Conexion-EcoRisaralda\tests\Feature\Auth\PasswordResetTest.php" line="26" class="Tests\Feature\Auth\PasswordResetTest" classname="Tests.Feature.Auth.PasswordResetTest" assertions="0" time="0.000000">
          <error type="Illuminate\Database\QueryException">Tests\Feature\Auth\PasswordResetTest::test_password_reset_fails_for_nonexistent_email&#13;
Illuminate\Database\QueryException: SQLSTATE[HY000]: General error: 1 near "MODIFY": syntax error (Connection: sqlite, Database: :memory:, SQL: ALTER TABLE users MODIFY status ENUM('pending','approved','rejected','active','inactive') DEFAULT 'active')
&#13;
C:\Users\USUARIO\Documents\Documentos Christian\Archivos Estudio\Sena\PROYECTO FORMATIVO\BackEnd\Conexion-EcoRisaralda\vendor\laravel\framework\src\Illuminate\Database\Connection.php:838
C:\Users\USUARIO\Documents\Documentos Christian\Archivos Estudio\Sena\PROYECTO FORMATIVO\BackEnd\Conexion-EcoRisaralda\vendor\laravel\framework\src\Illuminate\Database\Connection.php:794
C:\Users\USUARIO\Documents\Documentos Christian\Archivos Estudio\Sena\PROYECTO FORMATIVO\BackEnd\Conexion-EcoRisaralda\vendor\laravel\framework\src\Illuminate\Database\Connection.php:573
C:\Users\USUARIO\Documents\Documentos Christian\Archivos Estudio\Sena\PROYECTO FORMATIVO\BackEnd\Conexion-EcoRisaralda\vendor\laravel\framework\src\Illuminate\Database\DatabaseManager.php:491
C:\Users\USUARIO\Documents\Documentos Christian\Archivos Estudio\Sena\PROYECTO FORMATIVO\BackEnd\Conexion-EcoRisaralda\vendor\laravel\framework\src\Illuminate\Support\Facades\Facade.php:363
C:\Users\USUARIO\Documents\Documentos Christian\Archivos Estudio\Sena\PROYECTO FORMATIVO\BackEnd\Conexion-EcoRisaralda\database\migrations\2026_02_09_000001_add_inactive_to_status_enum_on_users_table.php:16
C:\Users\USUARIO\Documents\Documentos Christian\Archivos Estudio\Sena\PROYECTO FORMATIVO\BackEnd\Conexion-EcoRisaralda\vendor\laravel\framework\src\Illuminate\Database\Migrations\Migrator.php:517
C:\Users\USUARIO\Documents\Documentos Christian\Archivos Estudio\Sena\PROYECTO FORMATIVO\BackEnd\Conexion-EcoRisaralda\vendor\laravel\framework\src\Illuminate\Database\Migrations\Migrator.php:442
C:\Users\USUARIO\Documents\Documentos Christian\Archivos Estudio\Sena\PROYECTO FORMATIVO\BackEnd\Conexion-EcoRisaralda\vendor\laravel\framework\src\Illuminate\Database\Migrations\Migrator.php:451
C:\Users\USUARIO\Documents\Documentos Christian\Archivos Estudio\Sena\PROYECTO FORMATIVO\BackEnd\Conexion-EcoRisaralda\vendor\laravel\framework\src\Illuminate\Database\Migrations\Migrator.php:253
C:\Users\USUARIO\Documents\Documentos Christian\Archivos Estudio\Sena\PROYECTO FORMATIVO\BackEnd\Conexion-EcoRisaralda\vendor\laravel\framework\src\Illuminate\Console\View\Components\Task.php:41
C:\Users\USUARIO\Documents\Documentos Christian\Archivos Estudio\Sena\PROYECTO FORMATIVO\BackEnd\Conexion-EcoRisaralda\vendor\laravel\framework\src\Illuminate\Database\Migrations\Migrator.php:814
C:\Users\USUARIO\Documents\Documentos Christian\Archivos Estudio\Sena\PROYECTO FORMATIVO\BackEnd\Conexion-EcoRisaralda\vendor\laravel\framework\src\Illuminate\Database\Migrations\Migrator.php:253
C:\Users\USUARIO\Documents\Documentos Christian\Archivos Estudio\Sena\PROYECTO FORMATIVO\BackEnd\Conexion-EcoRisaralda\vendor\laravel\framework\src\Illuminate\Database\Migrations\Migrator.php:211
C:\Users\USUARIO\Documents\Documentos Christian\Archivos Estudio\Sena\PROYECTO FORMATIVO\BackEnd\Conexion-EcoRisaralda\vendor\laravel\framework\src\Illuminate\Database\Migrations\Migrator.php:138
C:\Users\USUARIO\Documents\Documentos Christian\Archivos Estudio\Sena\PROYECTO FORMATIVO\BackEnd\Conexion-EcoRisaralda\vendor\laravel\framework\src\Illuminate\Database\Console\Migrations\MigrateCommand.php:116
C:\Users\USUARIO\Documents\Documentos Christian\Archivos Estudio\Sena\PROYECTO FORMATIVO\BackEnd\Conexion-EcoRisaralda\vendor\laravel\framework\src\Illuminate\Database\Migrations\Migrator.php:671
C:\Users\USUARIO\Documents\Documentos Christian\Archivos Estudio\Sena\PROYECTO FORMATIVO\BackEnd\Conexion-EcoRisaralda\vendor\laravel\framework\src\Illuminate\Database\Console\Migrations\MigrateCommand.php:109
C:\Users\USUARIO\Documents\Documentos Christian\Archivos Estudio\Sena\PROYECTO FORMATIVO\BackEnd\Conexion-EcoRisaralda\vendor\laravel\framework\src\Illuminate\Database\Console\Migrations\MigrateCommand.php:88
C:\Users\USUARIO\Documents\Documentos Christian\Archivos Estudio\Sena\PROYECTO FORMATIVO\BackEnd\Conexion-EcoRisaralda\vendor\laravel\framework\src\Illuminate\Container\BoundMethod.php:36
C:\Users\USUARIO\Documents\Documentos Christian\Archivos Estudio\Sena\PROYECTO FORMATIVO\BackEnd\Conexion-EcoRisaralda\vendor\laravel\framework\src\Illuminate\Container\Util.php:43
C:\Users\USUARIO\Documents\Documentos Christian\Archivos Estudio\Sena\PROYECTO FORMATIVO\BackEnd\Conexion-EcoRisaralda\vendor\laravel\framework\src\Illuminate\Container\BoundMethod.php:96
C:\Users\USUARIO\Documents\Documentos Christian\Archivos Estudio\Sena\PROYECTO FORMATIVO\BackEnd\Conexion-EcoRisaralda\vendor\laravel\framework\src\Illuminate\Container\BoundMethod.php:35
C:\Users\USUARIO\Documents\Documentos Christian\Archivos Estudio\Sena\PROYECTO FORMATIVO\BackEnd\Conexion-EcoRisaralda\vendor\laravel\framework\src\Illuminate\Container\Container.php:799
C:\Users\USUARIO\Documents\Documentos Christian\Archivos Estudio\Sena\PROYECTO FORMATIVO\BackEnd\Conexion-EcoRisaralda\vendor\laravel\framework\src\Illuminate\Console\Command.php:211
C:\Users\USUARIO\Documents\Documentos Christian\Archivos Estudio\Sena\PROYECTO FORMATIVO\BackEnd\Conexion-EcoRisaralda\vendor\symfony\console\Command\Command.php:341
C:\Users\USUARIO\Documents\Documentos Christian\Archivos Estudio\Sena\PROYECTO FORMATIVO\BackEnd\Conexion-EcoRisaralda\vendor\laravel\framework\src\Illuminate\Console\Command.php:180
C:\Users\USUARIO\Documents\Documentos Christian\Archivos Estudio\Sena\PROYECTO FORMATIVO\BackEnd\Conexion-EcoRisaralda\vendor\laravel\framework\src\Illuminate\Console\Concerns\CallsCommands.php:68
C:\Users\USUARIO\Documents\Documentos Christian\Archivos Estudio\Sena\PROYECTO FORMATIVO\BackEnd\Conexion-EcoRisaralda\vendor\laravel\framework\src\Illuminate\Console\Concerns\CallsCommands.php:29
C:\Users\USUARIO\Documents\Documentos Christian\Archivos Estudio\Sena\PROYECTO FORMATIVO\BackEnd\Conexion-EcoRisaralda\vendor\laravel\framework\src\Illuminate\Database\Console\Migrations\FreshCommand.php:81
C:\Users\USUARIO\Documents\Documentos Christian\Archivos Estudio\Sena\PROYECTO FORMATIVO\BackEnd\Conexion-EcoRisaralda\vendor\laravel\framework\src\Illuminate\Container\BoundMethod.php:36
C:\Users\USUARIO\Documents\Documentos Christian\Archivos Estudio\Sena\PROYECTO FORMATIVO\BackEnd\Conexion-EcoRisaralda\vendor\laravel\framework\src\Illuminate\Container\Util.php:43
C:\Users\USUARIO\Documents\Documentos Christian\Archivos Estudio\Sena\PROYECTO FORMATIVO\BackEnd\Conexion-EcoRisaralda\vendor\laravel\framework\src\Illuminate\Container\BoundMethod.php:96
C:\Users\USUARIO\Documents\Documentos Christian\Archivos Estudio\Sena\PROYECTO FORMATIVO\BackEnd\Conexion-EcoRisaralda\vendor\laravel\framework\src\Illuminate\Container\BoundMethod.php:35
C:\Users\USUARIO\Documents\Documentos Christian\Archivos Estudio\Sena\PROYECTO FORMATIVO\BackEnd\Conexion-EcoRisaralda\vendor\laravel\framework\src\Illuminate\Container\Container.php:799
C:\Users\USUARIO\Documents\Documentos Christian\Archivos Estudio\Sena\PROYECTO FORMATIVO\BackEnd\Conexion-EcoRisaralda\vendor\laravel\framework\src\Illuminate\Console\Command.php:211
C:\Users\USUARIO\Documents\Documentos Christian\Archivos Estudio\Sena\PROYECTO FORMATIVO\BackEnd\Conexion-EcoRisaralda\vendor\symfony\console\Command\Command.php:341
C:\Users\USUARIO\Documents\Documentos Christian\Archivos Estudio\Sena\PROYECTO FORMATIVO\BackEnd\Conexion-EcoRisaralda\vendor\laravel\framework\src\Illuminate\Console\Command.php:180
C:\Users\USUARIO\Documents\Documentos Christian\Archivos Estudio\Sena\PROYECTO FORMATIVO\BackEnd\Conexion-EcoRisaralda\vendor\symfony\console\Application.php:1079
C:\Users\USUARIO\Documents\Documentos Christian\Archivos Estudio\Sena\PROYECTO FORMATIVO\BackEnd\Conexion-EcoRisaralda\vendor\symfony\console\Application.php:356
C:\Users\USUARIO\Documents\Documentos Christian\Archivos Estudio\Sena\PROYECTO FORMATIVO\BackEnd\Conexion-EcoRisaralda\vendor\symfony\console\Application.php:195
C:\Users\USUARIO\Documents\Documentos Christian\Archivos Estudio\Sena\PROYECTO FORMATIVO\BackEnd\Conexion-EcoRisaralda\vendor\laravel\framework\src\Illuminate\Console\Application.php:165
C:\Users\USUARIO\Documents\Documentos Christian\Archivos Estudio\Sena\PROYECTO FORMATIVO\BackEnd\Conexion-EcoRisaralda\vendor\laravel\framework\src\Illuminate\Foundation\Console\Kernel.php:447
C:\Users\USUARIO\Documents\Documentos Christian\Archivos Estudio\Sena\PROYECTO FORMATIVO\BackEnd\Conexion-EcoRisaralda\vendor\laravel\framework\src\Illuminate\Testing\PendingCommand.php:451
C:\Users\USUARIO\Documents\Documentos Christian\Archivos Estudio\Sena\PROYECTO FORMATIVO\BackEnd\Conexion-EcoRisaralda\vendor\laravel\framework\src\Illuminate\Testing\PendingCommand.php:675
C:\Users\USUARIO\Documents\Documentos Christian\Archivos Estudio\Sena\PROYECTO FORMATIVO\BackEnd\Conexion-EcoRisaralda\vendor\laravel\framework\src\Illuminate\Foundation\Testing\Concerns\InteractsWithConsole.php:87
C:\Users\USUARIO\Documents\Documentos Christian\Archivos Estudio\Sena\PROYECTO FORMATIVO\BackEnd\Conexion-EcoRisaralda\vendor\laravel\framework\src\Illuminate\Foundation\Testing\RefreshDatabase.php:119
C:\Users\USUARIO\Documents\Documentos Christian\Archivos Estudio\Sena\PROYECTO FORMATIVO\BackEnd\Conexion-EcoRisaralda\vendor\laravel\framework\src\Illuminate\Foundation\Testing\RefreshDatabase.php:84
C:\Users\USUARIO\Documents\Documentos Christian\Archivos Estudio\Sena\PROYECTO FORMATIVO\BackEnd\Conexion-EcoRisaralda\vendor\laravel\framework\src\Illuminate\Foundation\Testing\RefreshDatabase.php:25
C:\Users\USUARIO\Documents\Documentos Christian\Archivos Estudio\Sena\PROYECTO FORMATIVO\BackEnd\Conexion-EcoRisaralda\vendor\laravel\framework\src\Illuminate\Foundation\Testing\Concerns\InteractsWithTestCaseLifecycle.php:217
C:\Users\USUARIO\Documents\Documentos Christian\Archivos Estudio\Sena\PROYECTO FORMATIVO\BackEnd\Conexion-EcoRisaralda\vendor\laravel\framework\src\Illuminate\Foundation\Testing\Concerns\InteractsWithTestCaseLifecycle.php:101
C:\Users\USUARIO\Documents\Documentos Christian\Archivos Estudio\Sena\PROYECTO FORMATIVO\BackEnd\Conexion-EcoRisaralda\vendor\laravel\framework\src\Illuminate\Foundation\Testing\TestCase.php:63</error>
        </testcase>
        <testcase name="test_password_can_be_reset_with_valid_token" file="C:\Users\USUARIO\Documents\Documentos Christian\Archivos Estudio\Sena\PROYECTO FORMATIVO\BackEnd\Conexion-EcoRisaralda\tests\Feature\Auth\PasswordResetTest.php" line="35" class="Tests\Feature\Auth\PasswordResetTest" classname="Tests.Feature.Auth.PasswordResetTest" assertions="0" time="0.000000">
          <error type="Illuminate\Database\QueryException">Tests\Feature\Auth\PasswordResetTest::test_password_can_be_reset_with_valid_token&#13;
Illuminate\Database\QueryException: SQLSTATE[HY000]: General error: 1 near "MODIFY": syntax error (Connection: sqlite, Database: :memory:, SQL: ALTER TABLE users MODIFY status ENUM('pending','approved','rejected','active','inactive') DEFAULT 'active')
&#13;
C:\Users\USUARIO\Documents\Documentos Christian\Archivos Estudio\Sena\PROYECTO FORMATIVO\BackEnd\Conexion-EcoRisaralda\vendor\laravel\framework\src\Illuminate\Database\Connection.php:838
C:\Users\USUARIO\Documents\Documentos Christian\Archivos Estudio\Sena\PROYECTO FORMATIVO\BackEnd\Conexion-EcoRisaralda\vendor\laravel\framework\src\Illuminate\Database\Connection.php:794
C:\Users\USUARIO\Documents\Documentos Christian\Archivos Estudio\Sena\PROYECTO FORMATIVO\BackEnd\Conexion-EcoRisaralda\vendor\laravel\framework\src\Illuminate\Database\Connection.php:573
C:\Users\USUARIO\Documents\Documentos Christian\Archivos Estudio\Sena\PROYECTO FORMATIVO\BackEnd\Conexion-EcoRisaralda\vendor\laravel\framework\src\Illuminate\Database\DatabaseManager.php:491
C:\Users\USUARIO\Documents\Documentos Christian\Archivos Estudio\Sena\PROYECTO FORMATIVO\BackEnd\Conexion-EcoRisaralda\vendor\laravel\framework\src\Illuminate\Support\Facades\Facade.php:363
C:\Users\USUARIO\Documents\Documentos Christian\Archivos Estudio\Sena\PROYECTO FORMATIVO\BackEnd\Conexion-EcoRisaralda\database\migrations\2026_02_09_000001_add_inactive_to_status_enum_on_users_table.php:16
C:\Users\USUARIO\Documents\Documentos Christian\Archivos Estudio\Sena\PROYECTO FORMATIVO\BackEnd\Conexion-EcoRisaralda\vendor\laravel\framework\src\Illuminate\Database\Migrations\Migrator.php:517
C:\Users\USUARIO\Documents\Documentos Christian\Archivos Estudio\Sena\PROYECTO FORMATIVO\BackEnd\Conexion-EcoRisaralda\vendor\laravel\framework\src\Illuminate\Database\Migrations\Migrator.php:442
C:\Users\USUARIO\Documents\Documentos Christian\Archivos Estudio\Sena\PROYECTO FORMATIVO\BackEnd\Conexion-EcoRisaralda\vendor\laravel\framework\src\Illuminate\Database\Migrations\Migrator.php:451
C:\Users\USUARIO\Documents\Documentos Christian\Archivos Estudio\Sena\PROYECTO FORMATIVO\BackEnd\Conexion-EcoRisaralda\vendor\laravel\framework\src\Illuminate\Database\Migrations\Migrator.php:253
C:\Users\USUARIO\Documents\Documentos Christian\Archivos Estudio\Sena\PROYECTO FORMATIVO\BackEnd\Conexion-EcoRisaralda\vendor\laravel\framework\src\Illuminate\Console\View\Components\Task.php:41
C:\Users\USUARIO\Documents\Documentos Christian\Archivos Estudio\Sena\PROYECTO FORMATIVO\BackEnd\Conexion-EcoRisaralda\vendor\laravel\framework\src\Illuminate\Database\Migrations\Migrator.php:814
C:\Users\USUARIO\Documents\Documentos Christian\Archivos Estudio\Sena\PROYECTO FORMATIVO\BackEnd\Conexion-EcoRisaralda\vendor\laravel\framework\src\Illuminate\Database\Migrations\Migrator.php:253
C:\Users\USUARIO\Documents\Documentos Christian\Archivos Estudio\Sena\PROYECTO FORMATIVO\BackEnd\Conexion-EcoRisaralda\vendor\laravel\framework\src\Illuminate\Database\Migrations\Migrator.php:211
C:\Users\USUARIO\Documents\Documentos Christian\Archivos Estudio\Sena\PROYECTO FORMATIVO\BackEnd\Conexion-EcoRisaralda\vendor\laravel\framework\src\Illuminate\Database\Migrations\Migrator.php:138
C:\Users\USUARIO\Documents\Documentos Christian\Archivos Estudio\Sena\PROYECTO FORMATIVO\BackEnd\Conexion-EcoRisaralda\vendor\laravel\framework\src\Illuminate\Database\Console\Migrations\MigrateCommand.php:116
C:\Users\USUARIO\Documents\Documentos Christian\Archivos Estudio\Sena\PROYECTO FORMATIVO\BackEnd\Conexion-EcoRisaralda\vendor\laravel\framework\src\Illuminate\Database\Migrations\Migrator.php:671
C:\Users\USUARIO\Documents\Documentos Christian\Archivos Estudio\Sena\PROYECTO FORMATIVO\BackEnd\Conexion-EcoRisaralda\vendor\laravel\framework\src\Illuminate\Database\Console\Migrations\MigrateCommand.php:109
C:\Users\USUARIO\Documents\Documentos Christian\Archivos Estudio\Sena\PROYECTO FORMATIVO\BackEnd\Conexion-EcoRisaralda\vendor\laravel\framework\src\Illuminate\Database\Console\Migrations\MigrateCommand.php:88
C:\Users\USUARIO\Documents\Documentos Christian\Archivos Estudio\Sena\PROYECTO FORMATIVO\BackEnd\Conexion-EcoRisaralda\vendor\laravel\framework\src\Illuminate\Container\BoundMethod.php:36
C:\Users\USUARIO\Documents\Documentos Christian\Archivos Estudio\Sena\PROYECTO FORMATIVO\BackEnd\Conexion-EcoRisaralda\vendor\laravel\framework\src\Illuminate\Container\Util.php:43
C:\Users\USUARIO\Documents\Documentos Christian\Archivos Estudio\Sena\PROYECTO FORMATIVO\BackEnd\Conexion-EcoRisaralda\vendor\laravel\framework\src\Illuminate\Container\BoundMethod.php:96
C:\Users\USUARIO\Documents\Documentos Christian\Archivos Estudio\Sena\PROYECTO FORMATIVO\BackEnd\Conexion-EcoRisaralda\vendor\laravel\framework\src\Illuminate\Container\BoundMethod.php:35
C:\Users\USUARIO\Documents\Documentos Christian\Archivos Estudio\Sena\PROYECTO FORMATIVO\BackEnd\Conexion-EcoRisaralda\vendor\laravel\framework\src\Illuminate\Container\Container.php:799
C:\Users\USUARIO\Documents\Documentos Christian\Archivos Estudio\Sena\PROYECTO FORMATIVO\BackEnd\Conexion-EcoRisaralda\vendor\laravel\framework\src\Illuminate\Console\Command.php:211
C:\Users\USUARIO\Documents\Documentos Christian\Archivos Estudio\Sena\PROYECTO FORMATIVO\BackEnd\Conexion-EcoRisaralda\vendor\symfony\console\Command\Command.php:341
C:\Users\USUARIO\Documents\Documentos Christian\Archivos Estudio\Sena\PROYECTO FORMATIVO\BackEnd\Conexion-EcoRisaralda\vendor\laravel\framework\src\Illuminate\Console\Command.php:180
C:\Users\USUARIO\Documents\Documentos Christian\Archivos Estudio\Sena\PROYECTO FORMATIVO\BackEnd\Conexion-EcoRisaralda\vendor\laravel\framework\src\Illuminate\Console\Concerns\CallsCommands.php:68
C:\Users\USUARIO\Documents\Documentos Christian\Archivos Estudio\Sena\PROYECTO FORMATIVO\BackEnd\Conexion-EcoRisaralda\vendor\laravel\framework\src\Illuminate\Console\Concerns\CallsCommands.php:29
C:\Users\USUARIO\Documents\Documentos Christian\Archivos Estudio\Sena\PROYECTO FORMATIVO\BackEnd\Conexion-EcoRisaralda\vendor\laravel\framework\src\Illuminate\Database\Console\Migrations\FreshCommand.php:81
C:\Users\USUARIO\Documents\Documentos Christian\Archivos Estudio\Sena\PROYECTO FORMATIVO\BackEnd\Conexion-EcoRisaralda\vendor\laravel\framework\src\Illuminate\Container\BoundMethod.php:36
C:\Users\USUARIO\Documents\Documentos Christian\Archivos Estudio\Sena\PROYECTO FORMATIVO\BackEnd\Conexion-EcoRisaralda\vendor\laravel\framework\src\Illuminate\Container\Util.php:43
C:\Users\USUARIO\Documents\Documentos Christian\Archivos Estudio\Sena\PROYECTO FORMATIVO\BackEnd\Conexion-EcoRisaralda\vendor\laravel\framework\src\Illuminate\Container\BoundMethod.php:96
C:\Users\USUARIO\Documents\Documentos Christian\Archivos Estudio\Sena\PROYECTO FORMATIVO\BackEnd\Conexion-EcoRisaralda\vendor\laravel\framework\src\Illuminate\Container\BoundMethod.php:35
C:\Users\USUARIO\Documents\Documentos Christian\Archivos Estudio\Sena\PROYECTO FORMATIVO\BackEnd\Conexion-EcoRisaralda\vendor\laravel\framework\src\Illuminate\Container\Container.php:799
C:\Users\USUARIO\Documents\Documentos Christian\Archivos Estudio\Sena\PROYECTO FORMATIVO\BackEnd\Conexion-EcoRisaralda\vendor\laravel\framework\src\Illuminate\Console\Command.php:211
C:\Users\USUARIO\Documents\Documentos Christian\Archivos Estudio\Sena\PROYECTO FORMATIVO\BackEnd\Conexion-EcoRisaralda\vendor\symfony\console\Command\Command.php:341
C:\Users\USUARIO\Documents\Documentos Christian\Archivos Estudio\Sena\PROYECTO FORMATIVO\BackEnd\Conexion-EcoRisaralda\vendor\laravel\framework\src\Illuminate\Console\Command.php:180
C:\Users\USUARIO\Documents\Documentos Christian\Archivos Estudio\Sena\PROYECTO FORMATIVO\BackEnd\Conexion-EcoRisaralda\vendor\symfony\console\Application.php:1079
C:\Users\USUARIO\Documents\Documentos Christian\Archivos Estudio\Sena\PROYECTO FORMATIVO\BackEnd\Conexion-EcoRisaralda\vendor\symfony\console\Application.php:356
C:\Users\USUARIO\Documents\Documentos Christian\Archivos Estudio\Sena\PROYECTO FORMATIVO\BackEnd\Conexion-EcoRisaralda\vendor\symfony\console\Application.php:195
C:\Users\USUARIO\Documents\Documentos Christian\Archivos Estudio\Sena\PROYECTO FORMATIVO\BackEnd\Conexion-EcoRisaralda\vendor\laravel\framework\src\Illuminate\Console\Application.php:165
C:\Users\USUARIO\Documents\Documentos Christian\Archivos Estudio\Sena\PROYECTO FORMATIVO\BackEnd\Conexion-EcoRisaralda\vendor\laravel\framework\src\Illuminate\Foundation\Console\Kernel.php:447
C:\Users\USUARIO\Documents\Documentos Christian\Archivos Estudio\Sena\PROYECTO FORMATIVO\BackEnd\Conexion-EcoRisaralda\vendor\laravel\framework\src\Illuminate\Testing\PendingCommand.php:451
C:\Users\USUARIO\Documents\Documentos Christian\Archivos Estudio\Sena\PROYECTO FORMATIVO\BackEnd\Conexion-EcoRisaralda\vendor\laravel\framework\src\Illuminate\Testing\PendingCommand.php:675
C:\Users\USUARIO\Documents\Documentos Christian\Archivos Estudio\Sena\PROYECTO FORMATIVO\BackEnd\Conexion-EcoRisaralda\vendor\laravel\framework\src\Illuminate\Foundation\Testing\Concerns\InteractsWithConsole.php:87
C:\Users\USUARIO\Documents\Documentos Christian\Archivos Estudio\Sena\PROYECTO FORMATIVO\BackEnd\Conexion-EcoRisaralda\vendor\laravel\framework\src\Illuminate\Foundation\Testing\RefreshDatabase.php:119
C:\Users\USUARIO\Documents\Documentos Christian\Archivos Estudio\Sena\PROYECTO FORMATIVO\BackEnd\Conexion-EcoRisaralda\vendor\laravel\framework\src\Illuminate\Foundation\Testing\RefreshDatabase.php:84
C:\Users\USUARIO\Documents\Documentos Christian\Archivos Estudio\Sena\PROYECTO FORMATIVO\BackEnd\Conexion-EcoRisaralda\vendor\laravel\framework\src\Illuminate\Foundation\Testing\RefreshDatabase.php:25
C:\Users\USUARIO\Documents\Documentos Christian\Archivos Estudio\Sena\PROYECTO FORMATIVO\BackEnd\Conexion-EcoRisaralda\vendor\laravel\framework\src\Illuminate\Foundation\Testing\Concerns\InteractsWithTestCaseLifecycle.php:217
C:\Users\USUARIO\Documents\Documentos Christian\Archivos Estudio\Sena\PROYECTO FORMATIVO\BackEnd\Conexion-EcoRisaralda\vendor\laravel\framework\src\Illuminate\Foundation\Testing\Concerns\InteractsWithTestCaseLifecycle.php:101
C:\Users\USUARIO\Documents\Documentos Christian\Archivos Estudio\Sena\PROYECTO FORMATIVO\BackEnd\Conexion-EcoRisaralda\vendor\laravel\framework\src\Illuminate\Foundation\Testing\TestCase.php:63</error>
        </testcase>
        <testcase name="test_password_reset_fails_with_invalid_token" file="C:\Users\USUARIO\Documents\Documentos Christian\Archivos Estudio\Sena\PROYECTO FORMATIVO\BackEnd\Conexion-EcoRisaralda\tests\Feature\Auth\PasswordResetTest.php" line="51" class="Tests\Feature\Auth\PasswordResetTest" classname="Tests.Feature.Auth.PasswordResetTest" assertions="0" time="0.000000">
          <error type="Illuminate\Database\QueryException">Tests\Feature\Auth\PasswordResetTest::test_password_reset_fails_with_invalid_token&#13;
Illuminate\Database\QueryException: SQLSTATE[HY000]: General error: 1 near "MODIFY": syntax error (Connection: sqlite, Database: :memory:, SQL: ALTER TABLE users MODIFY status ENUM('pending','approved','rejected','active','inactive') DEFAULT 'active')
&#13;
C:\Users\USUARIO\Documents\Documentos Christian\Archivos Estudio\Sena\PROYECTO FORMATIVO\BackEnd\Conexion-EcoRisaralda\vendor\laravel\framework\src\Illuminate\Database\Connection.php:838
C:\Users\USUARIO\Documents\Documentos Christian\Archivos Estudio\Sena\PROYECTO FORMATIVO\BackEnd\Conexion-EcoRisaralda\vendor\laravel\framework\src\Illuminate\Database\Connection.php:794
C:\Users\USUARIO\Documents\Documentos Christian\Archivos Estudio\Sena\PROYECTO FORMATIVO\BackEnd\Conexion-EcoRisaralda\vendor\laravel\framework\src\Illuminate\Database\Connection.php:573
C:\Users\USUARIO\Documents\Documentos Christian\Archivos Estudio\Sena\PROYECTO FORMATIVO\BackEnd\Conexion-EcoRisaralda\vendor\laravel\framework\src\Illuminate\Database\DatabaseManager.php:491
C:\Users\USUARIO\Documents\Documentos Christian\Archivos Estudio\Sena\PROYECTO FORMATIVO\BackEnd\Conexion-EcoRisaralda\vendor\laravel\framework\src\Illuminate\Support\Facades\Facade.php:363
C:\Users\USUARIO\Documents\Documentos Christian\Archivos Estudio\Sena\PROYECTO FORMATIVO\BackEnd\Conexion-EcoRisaralda\database\migrations\2026_02_09_000001_add_inactive_to_status_enum_on_users_table.php:16
C:\Users\USUARIO\Documents\Documentos Christian\Archivos Estudio\Sena\PROYECTO FORMATIVO\BackEnd\Conexion-EcoRisaralda\vendor\laravel\framework\src\Illuminate\Database\Migrations\Migrator.php:517
C:\Users\USUARIO\Documents\Documentos Christian\Archivos Estudio\Sena\PROYECTO FORMATIVO\BackEnd\Conexion-EcoRisaralda\vendor\laravel\framework\src\Illuminate\Database\Migrations\Migrator.php:442
C:\Users\USUARIO\Documents\Documentos Christian\Archivos Estudio\Sena\PROYECTO FORMATIVO\BackEnd\Conexion-EcoRisaralda\vendor\laravel\framework\src\Illuminate\Database\Migrations\Migrator.php:451
C:\Users\USUARIO\Documents\Documentos Christian\Archivos Estudio\Sena\PROYECTO FORMATIVO\BackEnd\Conexion-EcoRisaralda\vendor\laravel\framework\src\Illuminate\Database\Migrations\Migrator.php:253
C:\Users\USUARIO\Documents\Documentos Christian\Archivos Estudio\Sena\PROYECTO FORMATIVO\BackEnd\Conexion-EcoRisaralda\vendor\laravel\framework\src\Illuminate\Console\View\Components\Task.php:41
C:\Users\USUARIO\Documents\Documentos Christian\Archivos Estudio\Sena\PROYECTO FORMATIVO\BackEnd\Conexion-EcoRisaralda\vendor\laravel\framework\src\Illuminate\Database\Migrations\Migrator.php:814
C:\Users\USUARIO\Documents\Documentos Christian\Archivos Estudio\Sena\PROYECTO FORMATIVO\BackEnd\Conexion-EcoRisaralda\vendor\laravel\framework\src\Illuminate\Database\Migrations\Migrator.php:253
C:\Users\USUARIO\Documents\Documentos Christian\Archivos Estudio\Sena\PROYECTO FORMATIVO\BackEnd\Conexion-EcoRisaralda\vendor\laravel\framework\src\Illuminate\Database\Migrations\Migrator.php:211
C:\Users\USUARIO\Documents\Documentos Christian\Archivos Estudio\Sena\PROYECTO FORMATIVO\BackEnd\Conexion-EcoRisaralda\vendor\laravel\framework\src\Illuminate\Database\Migrations\Migrator.php:138
C:\Users\USUARIO\Documents\Documentos Christian\Archivos Estudio\Sena\PROYECTO FORMATIVO\BackEnd\Conexion-EcoRisaralda\vendor\laravel\framework\src\Illuminate\Database\Console\Migrations\MigrateCommand.php:116
C:\Users\USUARIO\Documents\Documentos Christian\Archivos Estudio\Sena\PROYECTO FORMATIVO\BackEnd\Conexion-EcoRisaralda\vendor\laravel\framework\src\Illuminate\Database\Migrations\Migrator.php:671
C:\Users\USUARIO\Documents\Documentos Christian\Archivos Estudio\Sena\PROYECTO FORMATIVO\BackEnd\Conexion-EcoRisaralda\vendor\laravel\framework\src\Illuminate\Database\Console\Migrations\MigrateCommand.php:109
C:\Users\USUARIO\Documents\Documentos Christian\Archivos Estudio\Sena\PROYECTO FORMATIVO\BackEnd\Conexion-EcoRisaralda\vendor\laravel\framework\src\Illuminate\Database\Console\Migrations\MigrateCommand.php:88
C:\Users\USUARIO\Documents\Documentos Christian\Archivos Estudio\Sena\PROYECTO FORMATIVO\BackEnd\Conexion-EcoRisaralda\vendor\laravel\framework\src\Illuminate\Container\BoundMethod.php:36
C:\Users\USUARIO\Documents\Documentos Christian\Archivos Estudio\Sena\PROYECTO FORMATIVO\BackEnd\Conexion-EcoRisaralda\vendor\laravel\framework\src\Illuminate\Container\Util.php:43
C:\Users\USUARIO\Documents\Documentos Christian\Archivos Estudio\Sena\PROYECTO FORMATIVO\BackEnd\Conexion-EcoRisaralda\vendor\laravel\framework\src\Illuminate\Container\BoundMethod.php:96
C:\Users\USUARIO\Documents\Documentos Christian\Archivos Estudio\Sena\PROYECTO FORMATIVO\BackEnd\Conexion-EcoRisaralda\vendor\laravel\framework\src\Illuminate\Container\BoundMethod.php:35
C:\Users\USUARIO\Documents\Documentos Christian\Archivos Estudio\Sena\PROYECTO FORMATIVO\BackEnd\Conexion-EcoRisaralda\vendor\laravel\framework\src\Illuminate\Container\Container.php:799
C:\Users\USUARIO\Documents\Documentos Christian\Archivos Estudio\Sena\PROYECTO FORMATIVO\BackEnd\Conexion-EcoRisaralda\vendor\laravel\framework\src\Illuminate\Console\Command.php:211
C:\Users\USUARIO\Documents\Documentos Christian\Archivos Estudio\Sena\PROYECTO FORMATIVO\BackEnd\Conexion-EcoRisaralda\vendor\symfony\console\Command\Command.php:341
C:\Users\USUARIO\Documents\Documentos Christian\Archivos Estudio\Sena\PROYECTO FORMATIVO\BackEnd\Conexion-EcoRisaralda\vendor\laravel\framework\src\Illuminate\Console\Command.php:180
C:\Users\USUARIO\Documents\Documentos Christian\Archivos Estudio\Sena\PROYECTO FORMATIVO\BackEnd\Conexion-EcoRisaralda\vendor\laravel\framework\src\Illuminate\Console\Concerns\CallsCommands.php:68
C:\Users\USUARIO\Documents\Documentos Christian\Archivos Estudio\Sena\PROYECTO FORMATIVO\BackEnd\Conexion-EcoRisaralda\vendor\laravel\framework\src\Illuminate\Console\Concerns\CallsCommands.php:29
C:\Users\USUARIO\Documents\Documentos Christian\Archivos Estudio\Sena\PROYECTO FORMATIVO\BackEnd\Conexion-EcoRisaralda\vendor\laravel\framework\src\Illuminate\Database\Console\Migrations\FreshCommand.php:81
C:\Users\USUARIO\Documents\Documentos Christian\Archivos Estudio\Sena\PROYECTO FORMATIVO\BackEnd\Conexion-EcoRisaralda\vendor\laravel\framework\src\Illuminate\Container\BoundMethod.php:36
C:\Users\USUARIO\Documents\Documentos Christian\Archivos Estudio\Sena\PROYECTO FORMATIVO\BackEnd\Conexion-EcoRisaralda\vendor\laravel\framework\src\Illuminate\Container\Util.php:43
C:\Users\USUARIO\Documents\Documentos Christian\Archivos Estudio\Sena\PROYECTO FORMATIVO\BackEnd\Conexion-EcoRisaralda\vendor\laravel\framework\src\Illuminate\Container\BoundMethod.php:96
C:\Users\USUARIO\Documents\Documentos Christian\Archivos Estudio\Sena\PROYECTO FORMATIVO\BackEnd\Conexion-EcoRisaralda\vendor\laravel\framework\src\Illuminate\Container\BoundMethod.php:35
C:\Users\USUARIO\Documents\Documentos Christian\Archivos Estudio\Sena\PROYECTO FORMATIVO\BackEnd\Conexion-EcoRisaralda\vendor\laravel\framework\src\Illuminate\Container\Container.php:799
C:\Users\USUARIO\Documents\Documentos Christian\Archivos Estudio\Sena\PROYECTO FORMATIVO\BackEnd\Conexion-EcoRisaralda\vendor\laravel\framework\src\Illuminate\Console\Command.php:211
C:\Users\USUARIO\Documents\Documentos Christian\Archivos Estudio\Sena\PROYECTO FORMATIVO\BackEnd\Conexion-EcoRisaralda\vendor\symfony\console\Command\Command.php:341
C:\Users\USUARIO\Documents\Documentos Christian\Archivos Estudio\Sena\PROYECTO FORMATIVO\BackEnd\Conexion-EcoRisaralda\vendor\laravel\framework\src\Illuminate\Console\Command.php:180
C:\Users\USUARIO\Documents\Documentos Christian\Archivos Estudio\Sena\PROYECTO FORMATIVO\BackEnd\Conexion-EcoRisaralda\vendor\symfony\console\Application.php:1079
C:\Users\USUARIO\Documents\Documentos Christian\Archivos Estudio\Sena\PROYECTO FORMATIVO\BackEnd\Conexion-EcoRisaralda\vendor\symfony\console\Application.php:356
C:\Users\USUARIO\Documents\Documentos Christian\Archivos Estudio\Sena\PROYECTO FORMATIVO\BackEnd\Conexion-EcoRisaralda\vendor\symfony\console\Application.php:195
C:\Users\USUARIO\Documents\Documentos Christian\Archivos Estudio\Sena\PROYECTO FORMATIVO\BackEnd\Conexion-EcoRisaralda\vendor\laravel\framework\src\Illuminate\Console\Application.php:165
C:\Users\USUARIO\Documents\Documentos Christian\Archivos Estudio\Sena\PROYECTO FORMATIVO\BackEnd\Conexion-EcoRisaralda\vendor\laravel\framework\src\Illuminate\Foundation\Console\Kernel.php:447
C:\Users\USUARIO\Documents\Documentos Christian\Archivos Estudio\Sena\PROYECTO FORMATIVO\BackEnd\Conexion-EcoRisaralda\vendor\laravel\framework\src\Illuminate\Testing\PendingCommand.php:451
C:\Users\USUARIO\Documents\Documentos Christian\Archivos Estudio\Sena\PROYECTO FORMATIVO\BackEnd\Conexion-EcoRisaralda\vendor\laravel\framework\src\Illuminate\Testing\PendingCommand.php:675
C:\Users\USUARIO\Documents\Documentos Christian\Archivos Estudio\Sena\PROYECTO FORMATIVO\BackEnd\Conexion-EcoRisaralda\vendor\laravel\framework\src\Illuminate\Foundation\Testing\Concerns\InteractsWithConsole.php:87
C:\Users\USUARIO\Documents\Documentos Christian\Archivos Estudio\Sena\PROYECTO FORMATIVO\BackEnd\Conexion-EcoRisaralda\vendor\laravel\framework\src\Illuminate\Foundation\Testing\RefreshDatabase.php:119
C:\Users\USUARIO\Documents\Documentos Christian\Archivos Estudio\Sena\PROYECTO FORMATIVO\BackEnd\Conexion-EcoRisaralda\vendor\laravel\framework\src\Illuminate\Foundation\Testing\RefreshDatabase.php:84
C:\Users\USUARIO\Documents\Documentos Christian\Archivos Estudio\Sena\PROYECTO FORMATIVO\BackEnd\Conexion-EcoRisaralda\vendor\laravel\framework\src\Illuminate\Foundation\Testing\RefreshDatabase.php:25
C:\Users\USUARIO\Documents\Documentos Christian\Archivos Estudio\Sena\PROYECTO FORMATIVO\BackEnd\Conexion-EcoRisaralda\vendor\laravel\framework\src\Illuminate\Foundation\Testing\Concerns\InteractsWithTestCaseLifecycle.php:217
C:\Users\USUARIO\Documents\Documentos Christian\Archivos Estudio\Sena\PROYECTO FORMATIVO\BackEnd\Conexion-EcoRisaralda\vendor\laravel\framework\src\Illuminate\Foundation\Testing\Concerns\InteractsWithTestCaseLifecycle.php:101
C:\Users\USUARIO\Documents\Documentos Christian\Archivos Estudio\Sena\PROYECTO FORMATIVO\BackEnd\Conexion-EcoRisaralda\vendor\laravel\framework\src\Illuminate\Foundation\Testing\TestCase.php:63</error>
        </testcase>
      </testsuite>
      <testsuite name="Tests\Feature\Auth\RegistrationTest" file="C:\Users\USUARIO\Documents\Documentos Christian\Archivos Estudio\Sena\PROYECTO FORMATIVO\BackEnd\Conexion-EcoRisaralda\tests\Feature\Auth\RegistrationTest.php" tests="5" assertions="0" errors="5" failures="0" skipped="0" time="0.000000">
        <testcase name="test_user_can_register_via_api" file="C:\Users\USUARIO\Documents\Documentos Christian\Archivos Estudio\Sena\PROYECTO FORMATIVO\BackEnd\Conexion-EcoRisaralda\tests\Feature\Auth\RegistrationTest.php" line="13" class="Tests\Feature\Auth\RegistrationTest" classname="Tests.Feature.Auth.RegistrationTest" assertions="0" time="0.000000">
          <error type="Illuminate\Database\QueryException">Tests\Feature\Auth\RegistrationTest::test_user_can_register_via_api&#13;
Illuminate\Database\QueryException: SQLSTATE[HY000]: General error: 1 near "MODIFY": syntax error (Connection: sqlite, Database: :memory:, SQL: ALTER TABLE users MODIFY status ENUM('pending','approved','rejected','active','inactive') DEFAULT 'active')
&#13;
C:\Users\USUARIO\Documents\Documentos Christian\Archivos Estudio\Sena\PROYECTO FORMATIVO\BackEnd\Conexion-EcoRisaralda\vendor\laravel\framework\src\Illuminate\Database\Connection.php:838
C:\Users\USUARIO\Documents\Documentos Christian\Archivos Estudio\Sena\PROYECTO FORMATIVO\BackEnd\Conexion-EcoRisaralda\vendor\laravel\framework\src\Illuminate\Database\Connection.php:794
C:\Users\USUARIO\Documents\Documentos Christian\Archivos Estudio\Sena\PROYECTO FORMATIVO\BackEnd\Conexion-EcoRisaralda\vendor\laravel\framework\src\Illuminate\Database\Connection.php:573
C:\Users\USUARIO\Documents\Documentos Christian\Archivos Estudio\Sena\PROYECTO FORMATIVO\BackEnd\Conexion-EcoRisaralda\vendor\laravel\framework\src\Illuminate\Database\DatabaseManager.php:491
C:\Users\USUARIO\Documents\Documentos Christian\Archivos Estudio\Sena\PROYECTO FORMATIVO\BackEnd\Conexion-EcoRisaralda\vendor\laravel\framework\src\Illuminate\Support\Facades\Facade.php:363
C:\Users\USUARIO\Documents\Documentos Christian\Archivos Estudio\Sena\PROYECTO FORMATIVO\BackEnd\Conexion-EcoRisaralda\database\migrations\2026_02_09_000001_add_inactive_to_status_enum_on_users_table.php:16
C:\Users\USUARIO\Documents\Documentos Christian\Archivos Estudio\Sena\PROYECTO FORMATIVO\BackEnd\Conexion-EcoRisaralda\vendor\laravel\framework\src\Illuminate\Database\Migrations\Migrator.php:517
C:\Users\USUARIO\Documents\Documentos Christian\Archivos Estudio\Sena\PROYECTO FORMATIVO\BackEnd\Conexion-EcoRisaralda\vendor\laravel\framework\src\Illuminate\Database\Migrations\Migrator.php:442
C:\Users\USUARIO\Documents\Documentos Christian\Archivos Estudio\Sena\PROYECTO FORMATIVO\BackEnd\Conexion-EcoRisaralda\vendor\laravel\framework\src\Illuminate\Database\Migrations\Migrator.php:451
C:\Users\USUARIO\Documents\Documentos Christian\Archivos Estudio\Sena\PROYECTO FORMATIVO\BackEnd\Conexion-EcoRisaralda\vendor\laravel\framework\src\Illuminate\Database\Migrations\Migrator.php:253
C:\Users\USUARIO\Documents\Documentos Christian\Archivos Estudio\Sena\PROYECTO FORMATIVO\BackEnd\Conexion-EcoRisaralda\vendor\laravel\framework\src\Illuminate\Console\View\Components\Task.php:41
C:\Users\USUARIO\Documents\Documentos Christian\Archivos Estudio\Sena\PROYECTO FORMATIVO\BackEnd\Conexion-EcoRisaralda\vendor\laravel\framework\src\Illuminate\Database\Migrations\Migrator.php:814
C:\Users\USUARIO\Documents\Documentos Christian\Archivos Estudio\Sena\PROYECTO FORMATIVO\BackEnd\Conexion-EcoRisaralda\vendor\laravel\framework\src\Illuminate\Database\Migrations\Migrator.php:253
C:\Users\USUARIO\Documents\Documentos Christian\Archivos Estudio\Sena\PROYECTO FORMATIVO\BackEnd\Conexion-EcoRisaralda\vendor\laravel\framework\src\Illuminate\Database\Migrations\Migrator.php:211
C:\Users\USUARIO\Documents\Documentos Christian\Archivos Estudio\Sena\PROYECTO FORMATIVO\BackEnd\Conexion-EcoRisaralda\vendor\laravel\framework\src\Illuminate\Database\Migrations\Migrator.php:138
C:\Users\USUARIO\Documents\Documentos Christian\Archivos Estudio\Sena\PROYECTO FORMATIVO\BackEnd\Conexion-EcoRisaralda\vendor\laravel\framework\src\Illuminate\Database\Console\Migrations\MigrateCommand.php:116
C:\Users\USUARIO\Documents\Documentos Christian\Archivos Estudio\Sena\PROYECTO FORMATIVO\BackEnd\Conexion-EcoRisaralda\vendor\laravel\framework\src\Illuminate\Database\Migrations\Migrator.php:671
C:\Users\USUARIO\Documents\Documentos Christian\Archivos Estudio\Sena\PROYECTO FORMATIVO\BackEnd\Conexion-EcoRisaralda\vendor\laravel\framework\src\Illuminate\Database\Console\Migrations\MigrateCommand.php:109
C:\Users\USUARIO\Documents\Documentos Christian\Archivos Estudio\Sena\PROYECTO FORMATIVO\BackEnd\Conexion-EcoRisaralda\vendor\laravel\framework\src\Illuminate\Database\Console\Migrations\MigrateCommand.php:88
C:\Users\USUARIO\Documents\Documentos Christian\Archivos Estudio\Sena\PROYECTO FORMATIVO\BackEnd\Conexion-EcoRisaralda\vendor\laravel\framework\src\Illuminate\Container\BoundMethod.php:36
C:\Users\USUARIO\Documents\Documentos Christian\Archivos Estudio\Sena\PROYECTO FORMATIVO\BackEnd\Conexion-EcoRisaralda\vendor\laravel\framework\src\Illuminate\Container\Util.php:43
C:\Users\USUARIO\Documents\Documentos Christian\Archivos Estudio\Sena\PROYECTO FORMATIVO\BackEnd\Conexion-EcoRisaralda\vendor\laravel\framework\src\Illuminate\Container\BoundMethod.php:96
C:\Users\USUARIO\Documents\Documentos Christian\Archivos Estudio\Sena\PROYECTO FORMATIVO\BackEnd\Conexion-EcoRisaralda\vendor\laravel\framework\src\Illuminate\Container\BoundMethod.php:35
C:\Users\USUARIO\Documents\Documentos Christian\Archivos Estudio\Sena\PROYECTO FORMATIVO\BackEnd\Conexion-EcoRisaralda\vendor\laravel\framework\src\Illuminate\Container\Container.php:799
C:\Users\USUARIO\Documents\Documentos Christian\Archivos Estudio\Sena\PROYECTO FORMATIVO\BackEnd\Conexion-EcoRisaralda\vendor\laravel\framework\src\Illuminate\Console\Command.php:211
C:\Users\USUARIO\Documents\Documentos Christian\Archivos Estudio\Sena\PROYECTO FORMATIVO\BackEnd\Conexion-EcoRisaralda\vendor\symfony\console\Command\Command.php:341
C:\Users\USUARIO\Documents\Documentos Christian\Archivos Estudio\Sena\PROYECTO FORMATIVO\BackEnd\Conexion-EcoRisaralda\vendor\laravel\framework\src\Illuminate\Console\Command.php:180
C:\Users\USUARIO\Documents\Documentos Christian\Archivos Estudio\Sena\PROYECTO FORMATIVO\BackEnd\Conexion-EcoRisaralda\vendor\laravel\framework\src\Illuminate\Console\Concerns\CallsCommands.php:68
C:\Users\USUARIO\Documents\Documentos Christian\Archivos Estudio\Sena\PROYECTO FORMATIVO\BackEnd\Conexion-EcoRisaralda\vendor\laravel\framework\src\Illuminate\Console\Concerns\CallsCommands.php:29
C:\Users\USUARIO\Documents\Documentos Christian\Archivos Estudio\Sena\PROYECTO FORMATIVO\BackEnd\Conexion-EcoRisaralda\vendor\laravel\framework\src\Illuminate\Database\Console\Migrations\FreshCommand.php:81
C:\Users\USUARIO\Documents\Documentos Christian\Archivos Estudio\Sena\PROYECTO FORMATIVO\BackEnd\Conexion-EcoRisaralda\vendor\laravel\framework\src\Illuminate\Container\BoundMethod.php:36
C:\Users\USUARIO\Documents\Documentos Christian\Archivos Estudio\Sena\PROYECTO FORMATIVO\BackEnd\Conexion-EcoRisaralda\vendor\laravel\framework\src\Illuminate\Container\Util.php:43
C:\Users\USUARIO\Documents\Documentos Christian\Archivos Estudio\Sena\PROYECTO FORMATIVO\BackEnd\Conexion-EcoRisaralda\vendor\laravel\framework\src\Illuminate\Container\BoundMethod.php:96
C:\Users\USUARIO\Documents\Documentos Christian\Archivos Estudio\Sena\PROYECTO FORMATIVO\BackEnd\Conexion-EcoRisaralda\vendor\laravel\framework\src\Illuminate\Container\BoundMethod.php:35
C:\Users\USUARIO\Documents\Documentos Christian\Archivos Estudio\Sena\PROYECTO FORMATIVO\BackEnd\Conexion-EcoRisaralda\vendor\laravel\framework\src\Illuminate\Container\Container.php:799
C:\Users\USUARIO\Documents\Documentos Christian\Archivos Estudio\Sena\PROYECTO FORMATIVO\BackEnd\Conexion-EcoRisaralda\vendor\laravel\framework\src\Illuminate\Console\Command.php:211
C:\Users\USUARIO\Documents\Documentos Christian\Archivos Estudio\Sena\PROYECTO FORMATIVO\BackEnd\Conexion-EcoRisaralda\vendor\symfony\console\Command\Command.php:341
C:\Users\USUARIO\Documents\Documentos Christian\Archivos Estudio\Sena\PROYECTO FORMATIVO\BackEnd\Conexion-EcoRisaralda\vendor\laravel\framework\src\Illuminate\Console\Command.php:180
C:\Users\USUARIO\Documents\Documentos Christian\Archivos Estudio\Sena\PROYECTO FORMATIVO\BackEnd\Conexion-EcoRisaralda\vendor\symfony\console\Application.php:1079
C:\Users\USUARIO\Documents\Documentos Christian\Archivos Estudio\Sena\PROYECTO FORMATIVO\BackEnd\Conexion-EcoRisaralda\vendor\symfony\console\Application.php:356
C:\Users\USUARIO\Documents\Documentos Christian\Archivos Estudio\Sena\PROYECTO FORMATIVO\BackEnd\Conexion-EcoRisaralda\vendor\symfony\console\Application.php:195
C:\Users\USUARIO\Documents\Documentos Christian\Archivos Estudio\Sena\PROYECTO FORMATIVO\BackEnd\Conexion-EcoRisaralda\vendor\laravel\framework\src\Illuminate\Console\Application.php:165
C:\Users\USUARIO\Documents\Documentos Christian\Archivos Estudio\Sena\PROYECTO FORMATIVO\BackEnd\Conexion-EcoRisaralda\vendor\laravel\framework\src\Illuminate\Foundation\Console\Kernel.php:447
C:\Users\USUARIO\Documents\Documentos Christian\Archivos Estudio\Sena\PROYECTO FORMATIVO\BackEnd\Conexion-EcoRisaralda\vendor\laravel\framework\src\Illuminate\Testing\PendingCommand.php:451
C:\Users\USUARIO\Documents\Documentos Christian\Archivos Estudio\Sena\PROYECTO FORMATIVO\BackEnd\Conexion-EcoRisaralda\vendor\laravel\framework\src\Illuminate\Testing\PendingCommand.php:675
C:\Users\USUARIO\Documents\Documentos Christian\Archivos Estudio\Sena\PROYECTO FORMATIVO\BackEnd\Conexion-EcoRisaralda\vendor\laravel\framework\src\Illuminate\Foundation\Testing\Concerns\InteractsWithConsole.php:87
C:\Users\USUARIO\Documents\Documentos Christian\Archivos Estudio\Sena\PROYECTO FORMATIVO\BackEnd\Conexion-EcoRisaralda\vendor\laravel\framework\src\Illuminate\Foundation\Testing\RefreshDatabase.php:119
C:\Users\USUARIO\Documents\Documentos Christian\Archivos Estudio\Sena\PROYECTO FORMATIVO\BackEnd\Conexion-EcoRisaralda\vendor\laravel\framework\src\Illuminate\Foundation\Testing\RefreshDatabase.php:84
C:\Users\USUARIO\Documents\Documentos Christian\Archivos Estudio\Sena\PROYECTO FORMATIVO\BackEnd\Conexion-EcoRisaralda\vendor\laravel\framework\src\Illuminate\Foundation\Testing\RefreshDatabase.php:25
C:\Users\USUARIO\Documents\Documentos Christian\Archivos Estudio\Sena\PROYECTO FORMATIVO\BackEnd\Conexion-EcoRisaralda\vendor\laravel\framework\src\Illuminate\Foundation\Testing\Concerns\InteractsWithTestCaseLifecycle.php:217
C:\Users\USUARIO\Documents\Documentos Christian\Archivos Estudio\Sena\PROYECTO FORMATIVO\BackEnd\Conexion-EcoRisaralda\vendor\laravel\framework\src\Illuminate\Foundation\Testing\Concerns\InteractsWithTestCaseLifecycle.php:101
C:\Users\USUARIO\Documents\Documentos Christian\Archivos Estudio\Sena\PROYECTO FORMATIVO\BackEnd\Conexion-EcoRisaralda\vendor\laravel\framework\src\Illuminate\Foundation\Testing\TestCase.php:63</error>
        </testcase>
        <testcase name="test_operator_can_register_via_api" file="C:\Users\USUARIO\Documents\Documentos Christian\Archivos Estudio\Sena\PROYECTO FORMATIVO\BackEnd\Conexion-EcoRisaralda\tests\Feature\Auth\RegistrationTest.php" line="32" class="Tests\Feature\Auth\RegistrationTest" classname="Tests.Feature.Auth.RegistrationTest" assertions="0" time="0.000000">
          <error type="Illuminate\Database\QueryException">Tests\Feature\Auth\RegistrationTest::test_operator_can_register_via_api&#13;
Illuminate\Database\QueryException: SQLSTATE[HY000]: General error: 1 near "MODIFY": syntax error (Connection: sqlite, Database: :memory:, SQL: ALTER TABLE users MODIFY status ENUM('pending','approved','rejected','active','inactive') DEFAULT 'active')
&#13;
C:\Users\USUARIO\Documents\Documentos Christian\Archivos Estudio\Sena\PROYECTO FORMATIVO\BackEnd\Conexion-EcoRisaralda\vendor\laravel\framework\src\Illuminate\Database\Connection.php:838
C:\Users\USUARIO\Documents\Documentos Christian\Archivos Estudio\Sena\PROYECTO FORMATIVO\BackEnd\Conexion-EcoRisaralda\vendor\laravel\framework\src\Illuminate\Database\Connection.php:794
C:\Users\USUARIO\Documents\Documentos Christian\Archivos Estudio\Sena\PROYECTO FORMATIVO\BackEnd\Conexion-EcoRisaralda\vendor\laravel\framework\src\Illuminate\Database\Connection.php:573
C:\Users\USUARIO\Documents\Documentos Christian\Archivos Estudio\Sena\PROYECTO FORMATIVO\BackEnd\Conexion-EcoRisaralda\vendor\laravel\framework\src\Illuminate\Database\DatabaseManager.php:491
C:\Users\USUARIO\Documents\Documentos Christian\Archivos Estudio\Sena\PROYECTO FORMATIVO\BackEnd\Conexion-EcoRisaralda\vendor\laravel\framework\src\Illuminate\Support\Facades\Facade.php:363
C:\Users\USUARIO\Documents\Documentos Christian\Archivos Estudio\Sena\PROYECTO FORMATIVO\BackEnd\Conexion-EcoRisaralda\database\migrations\2026_02_09_000001_add_inactive_to_status_enum_on_users_table.php:16
C:\Users\USUARIO\Documents\Documentos Christian\Archivos Estudio\Sena\PROYECTO FORMATIVO\BackEnd\Conexion-EcoRisaralda\vendor\laravel\framework\src\Illuminate\Database\Migrations\Migrator.php:517
C:\Users\USUARIO\Documents\Documentos Christian\Archivos Estudio\Sena\PROYECTO FORMATIVO\BackEnd\Conexion-EcoRisaralda\vendor\laravel\framework\src\Illuminate\Database\Migrations\Migrator.php:442
C:\Users\USUARIO\Documents\Documentos Christian\Archivos Estudio\Sena\PROYECTO FORMATIVO\BackEnd\Conexion-EcoRisaralda\vendor\laravel\framework\src\Illuminate\Database\Migrations\Migrator.php:451
C:\Users\USUARIO\Documents\Documentos Christian\Archivos Estudio\Sena\PROYECTO FORMATIVO\BackEnd\Conexion-EcoRisaralda\vendor\laravel\framework\src\Illuminate\Database\Migrations\Migrator.php:253
C:\Users\USUARIO\Documents\Documentos Christian\Archivos Estudio\Sena\PROYECTO FORMATIVO\BackEnd\Conexion-EcoRisaralda\vendor\laravel\framework\src\Illuminate\Console\View\Components\Task.php:41
C:\Users\USUARIO\Documents\Documentos Christian\Archivos Estudio\Sena\PROYECTO FORMATIVO\BackEnd\Conexion-EcoRisaralda\vendor\laravel\framework\src\Illuminate\Database\Migrations\Migrator.php:814
C:\Users\USUARIO\Documents\Documentos Christian\Archivos Estudio\Sena\PROYECTO FORMATIVO\BackEnd\Conexion-EcoRisaralda\vendor\laravel\framework\src\Illuminate\Database\Migrations\Migrator.php:253
C:\Users\USUARIO\Documents\Documentos Christian\Archivos Estudio\Sena\PROYECTO FORMATIVO\BackEnd\Conexion-EcoRisaralda\vendor\laravel\framework\src\Illuminate\Database\Migrations\Migrator.php:211
C:\Users\USUARIO\Documents\Documentos Christian\Archivos Estudio\Sena\PROYECTO FORMATIVO\BackEnd\Conexion-EcoRisaralda\vendor\laravel\framework\src\Illuminate\Database\Migrations\Migrator.php:138
C:\Users\USUARIO\Documents\Documentos Christian\Archivos Estudio\Sena\PROYECTO FORMATIVO\BackEnd\Conexion-EcoRisaralda\vendor\laravel\framework\src\Illuminate\Database\Console\Migrations\MigrateCommand.php:116
C:\Users\USUARIO\Documents\Documentos Christian\Archivos Estudio\Sena\PROYECTO FORMATIVO\BackEnd\Conexion-EcoRisaralda\vendor\laravel\framework\src\Illuminate\Database\Migrations\Migrator.php:671
C:\Users\USUARIO\Documents\Documentos Christian\Archivos Estudio\Sena\PROYECTO FORMATIVO\BackEnd\Conexion-EcoRisaralda\vendor\laravel\framework\src\Illuminate\Database\Console\Migrations\MigrateCommand.php:109
C:\Users\USUARIO\Documents\Documentos Christian\Archivos Estudio\Sena\PROYECTO FORMATIVO\BackEnd\Conexion-EcoRisaralda\vendor\laravel\framework\src\Illuminate\Database\Console\Migrations\MigrateCommand.php:88
C:\Users\USUARIO\Documents\Documentos Christian\Archivos Estudio\Sena\PROYECTO FORMATIVO\BackEnd\Conexion-EcoRisaralda\vendor\laravel\framework\src\Illuminate\Container\BoundMethod.php:36
C:\Users\USUARIO\Documents\Documentos Christian\Archivos Estudio\Sena\PROYECTO FORMATIVO\BackEnd\Conexion-EcoRisaralda\vendor\laravel\framework\src\Illuminate\Container\Util.php:43
C:\Users\USUARIO\Documents\Documentos Christian\Archivos Estudio\Sena\PROYECTO FORMATIVO\BackEnd\Conexion-EcoRisaralda\vendor\laravel\framework\src\Illuminate\Container\BoundMethod.php:96
C:\Users\USUARIO\Documents\Documentos Christian\Archivos Estudio\Sena\PROYECTO FORMATIVO\BackEnd\Conexion-EcoRisaralda\vendor\laravel\framework\src\Illuminate\Container\BoundMethod.php:35
C:\Users\USUARIO\Documents\Documentos Christian\Archivos Estudio\Sena\PROYECTO FORMATIVO\BackEnd\Conexion-EcoRisaralda\vendor\laravel\framework\src\Illuminate\Container\Container.php:799
C:\Users\USUARIO\Documents\Documentos Christian\Archivos Estudio\Sena\PROYECTO FORMATIVO\BackEnd\Conexion-EcoRisaralda\vendor\laravel\framework\src\Illuminate\Console\Command.php:211
C:\Users\USUARIO\Documents\Documentos Christian\Archivos Estudio\Sena\PROYECTO FORMATIVO\BackEnd\Conexion-EcoRisaralda\vendor\symfony\console\Command\Command.php:341
C:\Users\USUARIO\Documents\Documentos Christian\Archivos Estudio\Sena\PROYECTO FORMATIVO\BackEnd\Conexion-EcoRisaralda\vendor\laravel\framework\src\Illuminate\Console\Command.php:180
C:\Users\USUARIO\Documents\Documentos Christian\Archivos Estudio\Sena\PROYECTO FORMATIVO\BackEnd\Conexion-EcoRisaralda\vendor\laravel\framework\src\Illuminate\Console\Concerns\CallsCommands.php:68
C:\Users\USUARIO\Documents\Documentos Christian\Archivos Estudio\Sena\PROYECTO FORMATIVO\BackEnd\Conexion-EcoRisaralda\vendor\laravel\framework\src\Illuminate\Console\Concerns\CallsCommands.php:29
C:\Users\USUARIO\Documents\Documentos Christian\Archivos Estudio\Sena\PROYECTO FORMATIVO\BackEnd\Conexion-EcoRisaralda\vendor\laravel\framework\src\Illuminate\Database\Console\Migrations\FreshCommand.php:81
C:\Users\USUARIO\Documents\Documentos Christian\Archivos Estudio\Sena\PROYECTO FORMATIVO\BackEnd\Conexion-EcoRisaralda\vendor\laravel\framework\src\Illuminate\Container\BoundMethod.php:36
C:\Users\USUARIO\Documents\Documentos Christian\Archivos Estudio\Sena\PROYECTO FORMATIVO\BackEnd\Conexion-EcoRisaralda\vendor\laravel\framework\src\Illuminate\Container\Util.php:43
C:\Users\USUARIO\Documents\Documentos Christian\Archivos Estudio\Sena\PROYECTO FORMATIVO\BackEnd\Conexion-EcoRisaralda\vendor\laravel\framework\src\Illuminate\Container\BoundMethod.php:96
C:\Users\USUARIO\Documents\Documentos Christian\Archivos Estudio\Sena\PROYECTO FORMATIVO\BackEnd\Conexion-EcoRisaralda\vendor\laravel\framework\src\Illuminate\Container\BoundMethod.php:35
C:\Users\USUARIO\Documents\Documentos Christian\Archivos Estudio\Sena\PROYECTO FORMATIVO\BackEnd\Conexion-EcoRisaralda\vendor\laravel\framework\src\Illuminate\Container\Container.php:799
C:\Users\USUARIO\Documents\Documentos Christian\Archivos Estudio\Sena\PROYECTO FORMATIVO\BackEnd\Conexion-EcoRisaralda\vendor\laravel\framework\src\Illuminate\Console\Command.php:211
C:\Users\USUARIO\Documents\Documentos Christian\Archivos Estudio\Sena\PROYECTO FORMATIVO\BackEnd\Conexion-EcoRisaralda\vendor\symfony\console\Command\Command.php:341
C:\Users\USUARIO\Documents\Documentos Christian\Archivos Estudio\Sena\PROYECTO FORMATIVO\BackEnd\Conexion-EcoRisaralda\vendor\laravel\framework\src\Illuminate\Console\Command.php:180
C:\Users\USUARIO\Documents\Documentos Christian\Archivos Estudio\Sena\PROYECTO FORMATIVO\BackEnd\Conexion-EcoRisaralda\vendor\symfony\console\Application.php:1079
C:\Users\USUARIO\Documents\Documentos Christian\Archivos Estudio\Sena\PROYECTO FORMATIVO\BackEnd\Conexion-EcoRisaralda\vendor\symfony\console\Application.php:356
C:\Users\USUARIO\Documents\Documentos Christian\Archivos Estudio\Sena\PROYECTO FORMATIVO\BackEnd\Conexion-EcoRisaralda\vendor\symfony\console\Application.php:195
C:\Users\USUARIO\Documents\Documentos Christian\Archivos Estudio\Sena\PROYECTO FORMATIVO\BackEnd\Conexion-EcoRisaralda\vendor\laravel\framework\src\Illuminate\Console\Application.php:165
C:\Users\USUARIO\Documents\Documentos Christian\Archivos Estudio\Sena\PROYECTO FORMATIVO\BackEnd\Conexion-EcoRisaralda\vendor\laravel\framework\src\Illuminate\Foundation\Console\Kernel.php:447
C:\Users\USUARIO\Documents\Documentos Christian\Archivos Estudio\Sena\PROYECTO FORMATIVO\BackEnd\Conexion-EcoRisaralda\vendor\laravel\framework\src\Illuminate\Testing\PendingCommand.php:451
C:\Users\USUARIO\Documents\Documentos Christian\Archivos Estudio\Sena\PROYECTO FORMATIVO\BackEnd\Conexion-EcoRisaralda\vendor\laravel\framework\src\Illuminate\Testing\PendingCommand.php:675
C:\Users\USUARIO\Documents\Documentos Christian\Archivos Estudio\Sena\PROYECTO FORMATIVO\BackEnd\Conexion-EcoRisaralda\vendor\laravel\framework\src\Illuminate\Foundation\Testing\Concerns\InteractsWithConsole.php:87
C:\Users\USUARIO\Documents\Documentos Christian\Archivos Estudio\Sena\PROYECTO FORMATIVO\BackEnd\Conexion-EcoRisaralda\vendor\laravel\framework\src\Illuminate\Foundation\Testing\RefreshDatabase.php:119
C:\Users\USUARIO\Documents\Documentos Christian\Archivos Estudio\Sena\PROYECTO FORMATIVO\BackEnd\Conexion-EcoRisaralda\vendor\laravel\framework\src\Illuminate\Foundation\Testing\RefreshDatabase.php:84
C:\Users\USUARIO\Documents\Documentos Christian\Archivos Estudio\Sena\PROYECTO FORMATIVO\BackEnd\Conexion-EcoRisaralda\vendor\laravel\framework\src\Illuminate\Foundation\Testing\RefreshDatabase.php:25
C:\Users\USUARIO\Documents\Documentos Christian\Archivos Estudio\Sena\PROYECTO FORMATIVO\BackEnd\Conexion-EcoRisaralda\vendor\laravel\framework\src\Illuminate\Foundation\Testing\Concerns\InteractsWithTestCaseLifecycle.php:217
C:\Users\USUARIO\Documents\Documentos Christian\Archivos Estudio\Sena\PROYECTO FORMATIVO\BackEnd\Conexion-EcoRisaralda\vendor\laravel\framework\src\Illuminate\Foundation\Testing\Concerns\InteractsWithTestCaseLifecycle.php:101
C:\Users\USUARIO\Documents\Documentos Christian\Archivos Estudio\Sena\PROYECTO FORMATIVO\BackEnd\Conexion-EcoRisaralda\vendor\laravel\framework\src\Illuminate\Foundation\Testing\TestCase.php:63</error>
        </testcase>
        <testcase name="test_registration_fails_with_duplicate_email" file="C:\Users\USUARIO\Documents\Documentos Christian\Archivos Estudio\Sena\PROYECTO FORMATIVO\BackEnd\Conexion-EcoRisaralda\tests\Feature\Auth\RegistrationTest.php" line="50" class="Tests\Feature\Auth\RegistrationTest" classname="Tests.Feature.Auth.RegistrationTest" assertions="0" time="0.000000">
          <error type="Illuminate\Database\QueryException">Tests\Feature\Auth\RegistrationTest::test_registration_fails_with_duplicate_email&#13;
Illuminate\Database\QueryException: SQLSTATE[HY000]: General error: 1 near "MODIFY": syntax error (Connection: sqlite, Database: :memory:, SQL: ALTER TABLE users MODIFY status ENUM('pending','approved','rejected','active','inactive') DEFAULT 'active')
&#13;
C:\Users\USUARIO\Documents\Documentos Christian\Archivos Estudio\Sena\PROYECTO FORMATIVO\BackEnd\Conexion-EcoRisaralda\vendor\laravel\framework\src\Illuminate\Database\Connection.php:838
C:\Users\USUARIO\Documents\Documentos Christian\Archivos Estudio\Sena\PROYECTO FORMATIVO\BackEnd\Conexion-EcoRisaralda\vendor\laravel\framework\src\Illuminate\Database\Connection.php:794
C:\Users\USUARIO\Documents\Documentos Christian\Archivos Estudio\Sena\PROYECTO FORMATIVO\BackEnd\Conexion-EcoRisaralda\vendor\laravel\framework\src\Illuminate\Database\Connection.php:573
C:\Users\USUARIO\Documents\Documentos Christian\Archivos Estudio\Sena\PROYECTO FORMATIVO\BackEnd\Conexion-EcoRisaralda\vendor\laravel\framework\src\Illuminate\Database\DatabaseManager.php:491
C:\Users\USUARIO\Documents\Documentos Christian\Archivos Estudio\Sena\PROYECTO FORMATIVO\BackEnd\Conexion-EcoRisaralda\vendor\laravel\framework\src\Illuminate\Support\Facades\Facade.php:363
C:\Users\USUARIO\Documents\Documentos Christian\Archivos Estudio\Sena\PROYECTO FORMATIVO\BackEnd\Conexion-EcoRisaralda\database\migrations\2026_02_09_000001_add_inactive_to_status_enum_on_users_table.php:16
C:\Users\USUARIO\Documents\Documentos Christian\Archivos Estudio\Sena\PROYECTO FORMATIVO\BackEnd\Conexion-EcoRisaralda\vendor\laravel\framework\src\Illuminate\Database\Migrations\Migrator.php:517
C:\Users\USUARIO\Documents\Documentos Christian\Archivos Estudio\Sena\PROYECTO FORMATIVO\BackEnd\Conexion-EcoRisaralda\vendor\laravel\framework\src\Illuminate\Database\Migrations\Migrator.php:442
C:\Users\USUARIO\Documents\Documentos Christian\Archivos Estudio\Sena\PROYECTO FORMATIVO\BackEnd\Conexion-EcoRisaralda\vendor\laravel\framework\src\Illuminate\Database\Migrations\Migrator.php:451
C:\Users\USUARIO\Documents\Documentos Christian\Archivos Estudio\Sena\PROYECTO FORMATIVO\BackEnd\Conexion-EcoRisaralda\vendor\laravel\framework\src\Illuminate\Database\Migrations\Migrator.php:253
C:\Users\USUARIO\Documents\Documentos Christian\Archivos Estudio\Sena\PROYECTO FORMATIVO\BackEnd\Conexion-EcoRisaralda\vendor\laravel\framework\src\Illuminate\Console\View\Components\Task.php:41
C:\Users\USUARIO\Documents\Documentos Christian\Archivos Estudio\Sena\PROYECTO FORMATIVO\BackEnd\Conexion-EcoRisaralda\vendor\laravel\framework\src\Illuminate\Database\Migrations\Migrator.php:814
C:\Users\USUARIO\Documents\Documentos Christian\Archivos Estudio\Sena\PROYECTO FORMATIVO\BackEnd\Conexion-EcoRisaralda\vendor\laravel\framework\src\Illuminate\Database\Migrations\Migrator.php:253
C:\Users\USUARIO\Documents\Documentos Christian\Archivos Estudio\Sena\PROYECTO FORMATIVO\BackEnd\Conexion-EcoRisaralda\vendor\laravel\framework\src\Illuminate\Database\Migrations\Migrator.php:211
C:\Users\USUARIO\Documents\Documentos Christian\Archivos Estudio\Sena\PROYECTO FORMATIVO\BackEnd\Conexion-EcoRisaralda\vendor\laravel\framework\src\Illuminate\Database\Migrations\Migrator.php:138
C:\Users\USUARIO\Documents\Documentos Christian\Archivos Estudio\Sena\PROYECTO FORMATIVO\BackEnd\Conexion-EcoRisaralda\vendor\laravel\framework\src\Illuminate\Database\Console\Migrations\MigrateCommand.php:116
C:\Users\USUARIO\Documents\Documentos Christian\Archivos Estudio\Sena\PROYECTO FORMATIVO\BackEnd\Conexion-EcoRisaralda\vendor\laravel\framework\src\Illuminate\Database\Migrations\Migrator.php:671
C:\Users\USUARIO\Documents\Documentos Christian\Archivos Estudio\Sena\PROYECTO FORMATIVO\BackEnd\Conexion-EcoRisaralda\vendor\laravel\framework\src\Illuminate\Database\Console\Migrations\MigrateCommand.php:109
C:\Users\USUARIO\Documents\Documentos Christian\Archivos Estudio\Sena\PROYECTO FORMATIVO\BackEnd\Conexion-EcoRisaralda\vendor\laravel\framework\src\Illuminate\Database\Console\Migrations\MigrateCommand.php:88
C:\Users\USUARIO\Documents\Documentos Christian\Archivos Estudio\Sena\PROYECTO FORMATIVO\BackEnd\Conexion-EcoRisaralda\vendor\laravel\framework\src\Illuminate\Container\BoundMethod.php:36
C:\Users\USUARIO\Documents\Documentos Christian\Archivos Estudio\Sena\PROYECTO FORMATIVO\BackEnd\Conexion-EcoRisaralda\vendor\laravel\framework\src\Illuminate\Container\Util.php:43
C:\Users\USUARIO\Documents\Documentos Christian\Archivos Estudio\Sena\PROYECTO FORMATIVO\BackEnd\Conexion-EcoRisaralda\vendor\laravel\framework\src\Illuminate\Container\BoundMethod.php:96
C:\Users\USUARIO\Documents\Documentos Christian\Archivos Estudio\Sena\PROYECTO FORMATIVO\BackEnd\Conexion-EcoRisaralda\vendor\laravel\framework\src\Illuminate\Container\BoundMethod.php:35
C:\Users\USUARIO\Documents\Documentos Christian\Archivos Estudio\Sena\PROYECTO FORMATIVO\BackEnd\Conexion-EcoRisaralda\vendor\laravel\framework\src\Illuminate\Container\Container.php:799
C:\Users\USUARIO\Documents\Documentos Christian\Archivos Estudio\Sena\PROYECTO FORMATIVO\BackEnd\Conexion-EcoRisaralda\vendor\laravel\framework\src\Illuminate\Console\Command.php:211
C:\Users\USUARIO\Documents\Documentos Christian\Archivos Estudio\Sena\PROYECTO FORMATIVO\BackEnd\Conexion-EcoRisaralda\vendor\symfony\console\Command\Command.php:341
C:\Users\USUARIO\Documents\Documentos Christian\Archivos Estudio\Sena\PROYECTO FORMATIVO\BackEnd\Conexion-EcoRisaralda\vendor\laravel\framework\src\Illuminate\Console\Command.php:180
C:\Users\USUARIO\Documents\Documentos Christian\Archivos Estudio\Sena\PROYECTO FORMATIVO\BackEnd\Conexion-EcoRisaralda\vendor\laravel\framework\src\Illuminate\Console\Concerns\CallsCommands.php:68
C:\Users\USUARIO\Documents\Documentos Christian\Archivos Estudio\Sena\PROYECTO FORMATIVO\BackEnd\Conexion-EcoRisaralda\vendor\laravel\framework\src\Illuminate\Console\Concerns\CallsCommands.php:29
C:\Users\USUARIO\Documents\Documentos Christian\Archivos Estudio\Sena\PROYECTO FORMATIVO\BackEnd\Conexion-EcoRisaralda\vendor\laravel\framework\src\Illuminate\Database\Console\Migrations\FreshCommand.php:81
C:\Users\USUARIO\Documents\Documentos Christian\Archivos Estudio\Sena\PROYECTO FORMATIVO\BackEnd\Conexion-EcoRisaralda\vendor\laravel\framework\src\Illuminate\Container\BoundMethod.php:36
C:\Users\USUARIO\Documents\Documentos Christian\Archivos Estudio\Sena\PROYECTO FORMATIVO\BackEnd\Conexion-EcoRisaralda\vendor\laravel\framework\src\Illuminate\Container\Util.php:43
C:\Users\USUARIO\Documents\Documentos Christian\Archivos Estudio\Sena\PROYECTO FORMATIVO\BackEnd\Conexion-EcoRisaralda\vendor\laravel\framework\src\Illuminate\Container\BoundMethod.php:96
C:\Users\USUARIO\Documents\Documentos Christian\Archivos Estudio\Sena\PROYECTO FORMATIVO\BackEnd\Conexion-EcoRisaralda\vendor\laravel\framework\src\Illuminate\Container\BoundMethod.php:35
C:\Users\USUARIO\Documents\Documentos Christian\Archivos Estudio\Sena\PROYECTO FORMATIVO\BackEnd\Conexion-EcoRisaralda\vendor\laravel\framework\src\Illuminate\Container\Container.php:799
C:\Users\USUARIO\Documents\Documentos Christian\Archivos Estudio\Sena\PROYECTO FORMATIVO\BackEnd\Conexion-EcoRisaralda\vendor\laravel\framework\src\Illuminate\Console\Command.php:211
C:\Users\USUARIO\Documents\Documentos Christian\Archivos Estudio\Sena\PROYECTO FORMATIVO\BackEnd\Conexion-EcoRisaralda\vendor\symfony\console\Command\Command.php:341
C:\Users\USUARIO\Documents\Documentos Christian\Archivos Estudio\Sena\PROYECTO FORMATIVO\BackEnd\Conexion-EcoRisaralda\vendor\laravel\framework\src\Illuminate\Console\Command.php:180
C:\Users\USUARIO\Documents\Documentos Christian\Archivos Estudio\Sena\PROYECTO FORMATIVO\BackEnd\Conexion-EcoRisaralda\vendor\symfony\console\Application.php:1079
C:\Users\USUARIO\Documents\Documentos Christian\Archivos Estudio\Sena\PROYECTO FORMATIVO\BackEnd\Conexion-EcoRisaralda\vendor\symfony\console\Application.php:356
C:\Users\USUARIO\Documents\Documentos Christian\Archivos Estudio\Sena\PROYECTO FORMATIVO\BackEnd\Conexion-EcoRisaralda\vendor\symfony\console\Application.php:195
C:\Users\USUARIO\Documents\Documentos Christian\Archivos Estudio\Sena\PROYECTO FORMATIVO\BackEnd\Conexion-EcoRisaralda\vendor\laravel\framework\src\Illuminate\Console\Application.php:165
C:\Users\USUARIO\Documents\Documentos Christian\Archivos Estudio\Sena\PROYECTO FORMATIVO\BackEnd\Conexion-EcoRisaralda\vendor\laravel\framework\src\Illuminate\Foundation\Console\Kernel.php:447
C:\Users\USUARIO\Documents\Documentos Christian\Archivos Estudio\Sena\PROYECTO FORMATIVO\BackEnd\Conexion-EcoRisaralda\vendor\laravel\framework\src\Illuminate\Testing\PendingCommand.php:451
C:\Users\USUARIO\Documents\Documentos Christian\Archivos Estudio\Sena\PROYECTO FORMATIVO\BackEnd\Conexion-EcoRisaralda\vendor\laravel\framework\src\Illuminate\Testing\PendingCommand.php:675
C:\Users\USUARIO\Documents\Documentos Christian\Archivos Estudio\Sena\PROYECTO FORMATIVO\BackEnd\Conexion-EcoRisaralda\vendor\laravel\framework\src\Illuminate\Foundation\Testing\Concerns\InteractsWithConsole.php:87
C:\Users\USUARIO\Documents\Documentos Christian\Archivos Estudio\Sena\PROYECTO FORMATIVO\BackEnd\Conexion-EcoRisaralda\vendor\laravel\framework\src\Illuminate\Foundation\Testing\RefreshDatabase.php:119
C:\Users\USUARIO\Documents\Documentos Christian\Archivos Estudio\Sena\PROYECTO FORMATIVO\BackEnd\Conexion-EcoRisaralda\vendor\laravel\framework\src\Illuminate\Foundation\Testing\RefreshDatabase.php:84
C:\Users\USUARIO\Documents\Documentos Christian\Archivos Estudio\Sena\PROYECTO FORMATIVO\BackEnd\Conexion-EcoRisaralda\vendor\laravel\framework\src\Illuminate\Foundation\Testing\RefreshDatabase.php:25
C:\Users\USUARIO\Documents\Documentos Christian\Archivos Estudio\Sena\PROYECTO FORMATIVO\BackEnd\Conexion-EcoRisaralda\vendor\laravel\framework\src\Illuminate\Foundation\Testing\Concerns\InteractsWithTestCaseLifecycle.php:217
C:\Users\USUARIO\Documents\Documentos Christian\Archivos Estudio\Sena\PROYECTO FORMATIVO\BackEnd\Conexion-EcoRisaralda\vendor\laravel\framework\src\Illuminate\Foundation\Testing\Concerns\InteractsWithTestCaseLifecycle.php:101
C:\Users\USUARIO\Documents\Documentos Christian\Archivos Estudio\Sena\PROYECTO FORMATIVO\BackEnd\Conexion-EcoRisaralda\vendor\laravel\framework\src\Illuminate\Foundation\Testing\TestCase.php:63</error>
        </testcase>
        <testcase name="test_registration_fails_with_weak_password" file="C:\Users\USUARIO\Documents\Documentos Christian\Archivos Estudio\Sena\PROYECTO FORMATIVO\BackEnd\Conexion-EcoRisaralda\tests\Feature\Auth\RegistrationTest.php" line="66" class="Tests\Feature\Auth\RegistrationTest" classname="Tests.Feature.Auth.RegistrationTest" assertions="0" time="0.000000">
          <error type="Illuminate\Database\QueryException">Tests\Feature\Auth\RegistrationTest::test_registration_fails_with_weak_password&#13;
Illuminate\Database\QueryException: SQLSTATE[HY000]: General error: 1 near "MODIFY": syntax error (Connection: sqlite, Database: :memory:, SQL: ALTER TABLE users MODIFY status ENUM('pending','approved','rejected','active','inactive') DEFAULT 'active')
&#13;
C:\Users\USUARIO\Documents\Documentos Christian\Archivos Estudio\Sena\PROYECTO FORMATIVO\BackEnd\Conexion-EcoRisaralda\vendor\laravel\framework\src\Illuminate\Database\Connection.php:838
C:\Users\USUARIO\Documents\Documentos Christian\Archivos Estudio\Sena\PROYECTO FORMATIVO\BackEnd\Conexion-EcoRisaralda\vendor\laravel\framework\src\Illuminate\Database\Connection.php:794
C:\Users\USUARIO\Documents\Documentos Christian\Archivos Estudio\Sena\PROYECTO FORMATIVO\BackEnd\Conexion-EcoRisaralda\vendor\laravel\framework\src\Illuminate\Database\Connection.php:573
C:\Users\USUARIO\Documents\Documentos Christian\Archivos Estudio\Sena\PROYECTO FORMATIVO\BackEnd\Conexion-EcoRisaralda\vendor\laravel\framework\src\Illuminate\Database\DatabaseManager.php:491
C:\Users\USUARIO\Documents\Documentos Christian\Archivos Estudio\Sena\PROYECTO FORMATIVO\BackEnd\Conexion-EcoRisaralda\vendor\laravel\framework\src\Illuminate\Support\Facades\Facade.php:363
C:\Users\USUARIO\Documents\Documentos Christian\Archivos Estudio\Sena\PROYECTO FORMATIVO\BackEnd\Conexion-EcoRisaralda\database\migrations\2026_02_09_000001_add_inactive_to_status_enum_on_users_table.php:16
C:\Users\USUARIO\Documents\Documentos Christian\Archivos Estudio\Sena\PROYECTO FORMATIVO\BackEnd\Conexion-EcoRisaralda\vendor\laravel\framework\src\Illuminate\Database\Migrations\Migrator.php:517
C:\Users\USUARIO\Documents\Documentos Christian\Archivos Estudio\Sena\PROYECTO FORMATIVO\BackEnd\Conexion-EcoRisaralda\vendor\laravel\framework\src\Illuminate\Database\Migrations\Migrator.php:442
C:\Users\USUARIO\Documents\Documentos Christian\Archivos Estudio\Sena\PROYECTO FORMATIVO\BackEnd\Conexion-EcoRisaralda\vendor\laravel\framework\src\Illuminate\Database\Migrations\Migrator.php:451
C:\Users\USUARIO\Documents\Documentos Christian\Archivos Estudio\Sena\PROYECTO FORMATIVO\BackEnd\Conexion-EcoRisaralda\vendor\laravel\framework\src\Illuminate\Database\Migrations\Migrator.php:253
C:\Users\USUARIO\Documents\Documentos Christian\Archivos Estudio\Sena\PROYECTO FORMATIVO\BackEnd\Conexion-EcoRisaralda\vendor\laravel\framework\src\Illuminate\Console\View\Components\Task.php:41
C:\Users\USUARIO\Documents\Documentos Christian\Archivos Estudio\Sena\PROYECTO FORMATIVO\BackEnd\Conexion-EcoRisaralda\vendor\laravel\framework\src\Illuminate\Database\Migrations\Migrator.php:814
C:\Users\USUARIO\Documents\Documentos Christian\Archivos Estudio\Sena\PROYECTO FORMATIVO\BackEnd\Conexion-EcoRisaralda\vendor\laravel\framework\src\Illuminate\Database\Migrations\Migrator.php:253
C:\Users\USUARIO\Documents\Documentos Christian\Archivos Estudio\Sena\PROYECTO FORMATIVO\BackEnd\Conexion-EcoRisaralda\vendor\laravel\framework\src\Illuminate\Database\Migrations\Migrator.php:211
C:\Users\USUARIO\Documents\Documentos Christian\Archivos Estudio\Sena\PROYECTO FORMATIVO\BackEnd\Conexion-EcoRisaralda\vendor\laravel\framework\src\Illuminate\Database\Migrations\Migrator.php:138
C:\Users\USUARIO\Documents\Documentos Christian\Archivos Estudio\Sena\PROYECTO FORMATIVO\BackEnd\Conexion-EcoRisaralda\vendor\laravel\framework\src\Illuminate\Database\Console\Migrations\MigrateCommand.php:116
C:\Users\USUARIO\Documents\Documentos Christian\Archivos Estudio\Sena\PROYECTO FORMATIVO\BackEnd\Conexion-EcoRisaralda\vendor\laravel\framework\src\Illuminate\Database\Migrations\Migrator.php:671
C:\Users\USUARIO\Documents\Documentos Christian\Archivos Estudio\Sena\PROYECTO FORMATIVO\BackEnd\Conexion-EcoRisaralda\vendor\laravel\framework\src\Illuminate\Database\Console\Migrations\MigrateCommand.php:109
C:\Users\USUARIO\Documents\Documentos Christian\Archivos Estudio\Sena\PROYECTO FORMATIVO\BackEnd\Conexion-EcoRisaralda\vendor\laravel\framework\src\Illuminate\Database\Console\Migrations\MigrateCommand.php:88
C:\Users\USUARIO\Documents\Documentos Christian\Archivos Estudio\Sena\PROYECTO FORMATIVO\BackEnd\Conexion-EcoRisaralda\vendor\laravel\framework\src\Illuminate\Container\BoundMethod.php:36
C:\Users\USUARIO\Documents\Documentos Christian\Archivos Estudio\Sena\PROYECTO FORMATIVO\BackEnd\Conexion-EcoRisaralda\vendor\laravel\framework\src\Illuminate\Container\Util.php:43
C:\Users\USUARIO\Documents\Documentos Christian\Archivos Estudio\Sena\PROYECTO FORMATIVO\BackEnd\Conexion-EcoRisaralda\vendor\laravel\framework\src\Illuminate\Container\BoundMethod.php:96
C:\Users\USUARIO\Documents\Documentos Christian\Archivos Estudio\Sena\PROYECTO FORMATIVO\BackEnd\Conexion-EcoRisaralda\vendor\laravel\framework\src\Illuminate\Container\BoundMethod.php:35
C:\Users\USUARIO\Documents\Documentos Christian\Archivos Estudio\Sena\PROYECTO FORMATIVO\BackEnd\Conexion-EcoRisaralda\vendor\laravel\framework\src\Illuminate\Container\Container.php:799
C:\Users\USUARIO\Documents\Documentos Christian\Archivos Estudio\Sena\PROYECTO FORMATIVO\BackEnd\Conexion-EcoRisaralda\vendor\laravel\framework\src\Illuminate\Console\Command.php:211
C:\Users\USUARIO\Documents\Documentos Christian\Archivos Estudio\Sena\PROYECTO FORMATIVO\BackEnd\Conexion-EcoRisaralda\vendor\symfony\console\Command\Command.php:341
C:\Users\USUARIO\Documents\Documentos Christian\Archivos Estudio\Sena\PROYECTO FORMATIVO\BackEnd\Conexion-EcoRisaralda\vendor\laravel\framework\src\Illuminate\Console\Command.php:180
C:\Users\USUARIO\Documents\Documentos Christian\Archivos Estudio\Sena\PROYECTO FORMATIVO\BackEnd\Conexion-EcoRisaralda\vendor\laravel\framework\src\Illuminate\Console\Concerns\CallsCommands.php:68
C:\Users\USUARIO\Documents\Documentos Christian\Archivos Estudio\Sena\PROYECTO FORMATIVO\BackEnd\Conexion-EcoRisaralda\vendor\laravel\framework\src\Illuminate\Console\Concerns\CallsCommands.php:29
C:\Users\USUARIO\Documents\Documentos Christian\Archivos Estudio\Sena\PROYECTO FORMATIVO\BackEnd\Conexion-EcoRisaralda\vendor\laravel\framework\src\Illuminate\Database\Console\Migrations\FreshCommand.php:81
C:\Users\USUARIO\Documents\Documentos Christian\Archivos Estudio\Sena\PROYECTO FORMATIVO\BackEnd\Conexion-EcoRisaralda\vendor\laravel\framework\src\Illuminate\Container\BoundMethod.php:36
C:\Users\USUARIO\Documents\Documentos Christian\Archivos Estudio\Sena\PROYECTO FORMATIVO\BackEnd\Conexion-EcoRisaralda\vendor\laravel\framework\src\Illuminate\Container\Util.php:43
C:\Users\USUARIO\Documents\Documentos Christian\Archivos Estudio\Sena\PROYECTO FORMATIVO\BackEnd\Conexion-EcoRisaralda\vendor\laravel\framework\src\Illuminate\Container\BoundMethod.php:96
C:\Users\USUARIO\Documents\Documentos Christian\Archivos Estudio\Sena\PROYECTO FORMATIVO\BackEnd\Conexion-EcoRisaralda\vendor\laravel\framework\src\Illuminate\Container\BoundMethod.php:35
C:\Users\USUARIO\Documents\Documentos Christian\Archivos Estudio\Sena\PROYECTO FORMATIVO\BackEnd\Conexion-EcoRisaralda\vendor\laravel\framework\src\Illuminate\Container\Container.php:799
C:\Users\USUARIO\Documents\Documentos Christian\Archivos Estudio\Sena\PROYECTO FORMATIVO\BackEnd\Conexion-EcoRisaralda\vendor\laravel\framework\src\Illuminate\Console\Command.php:211
C:\Users\USUARIO\Documents\Documentos Christian\Archivos Estudio\Sena\PROYECTO FORMATIVO\BackEnd\Conexion-EcoRisaralda\vendor\symfony\console\Command\Command.php:341
C:\Users\USUARIO\Documents\Documentos Christian\Archivos Estudio\Sena\PROYECTO FORMATIVO\BackEnd\Conexion-EcoRisaralda\vendor\laravel\framework\src\Illuminate\Console\Command.php:180
C:\Users\USUARIO\Documents\Documentos Christian\Archivos Estudio\Sena\PROYECTO FORMATIVO\BackEnd\Conexion-EcoRisaralda\vendor\symfony\console\Application.php:1079
C:\Users\USUARIO\Documents\Documentos Christian\Archivos Estudio\Sena\PROYECTO FORMATIVO\BackEnd\Conexion-EcoRisaralda\vendor\symfony\console\Application.php:356
C:\Users\USUARIO\Documents\Documentos Christian\Archivos Estudio\Sena\PROYECTO FORMATIVO\BackEnd\Conexion-EcoRisaralda\vendor\symfony\console\Application.php:195
C:\Users\USUARIO\Documents\Documentos Christian\Archivos Estudio\Sena\PROYECTO FORMATIVO\BackEnd\Conexion-EcoRisaralda\vendor\laravel\framework\src\Illuminate\Console\Application.php:165
C:\Users\USUARIO\Documents\Documentos Christian\Archivos Estudio\Sena\PROYECTO FORMATIVO\BackEnd\Conexion-EcoRisaralda\vendor\laravel\framework\src\Illuminate\Foundation\Console\Kernel.php:447
C:\Users\USUARIO\Documents\Documentos Christian\Archivos Estudio\Sena\PROYECTO FORMATIVO\BackEnd\Conexion-EcoRisaralda\vendor\laravel\framework\src\Illuminate\Testing\PendingCommand.php:451
C:\Users\USUARIO\Documents\Documentos Christian\Archivos Estudio\Sena\PROYECTO FORMATIVO\BackEnd\Conexion-EcoRisaralda\vendor\laravel\framework\src\Illuminate\Testing\PendingCommand.php:675
C:\Users\USUARIO\Documents\Documentos Christian\Archivos Estudio\Sena\PROYECTO FORMATIVO\BackEnd\Conexion-EcoRisaralda\vendor\laravel\framework\src\Illuminate\Foundation\Testing\Concerns\InteractsWithConsole.php:87
C:\Users\USUARIO\Documents\Documentos Christian\Archivos Estudio\Sena\PROYECTO FORMATIVO\BackEnd\Conexion-EcoRisaralda\vendor\laravel\framework\src\Illuminate\Foundation\Testing\RefreshDatabase.php:119
C:\Users\USUARIO\Documents\Documentos Christian\Archivos Estudio\Sena\PROYECTO FORMATIVO\BackEnd\Conexion-EcoRisaralda\vendor\laravel\framework\src\Illuminate\Foundation\Testing\RefreshDatabase.php:84
C:\Users\USUARIO\Documents\Documentos Christian\Archivos Estudio\Sena\PROYECTO FORMATIVO\BackEnd\Conexion-EcoRisaralda\vendor\laravel\framework\src\Illuminate\Foundation\Testing\RefreshDatabase.php:25
C:\Users\USUARIO\Documents\Documentos Christian\Archivos Estudio\Sena\PROYECTO FORMATIVO\BackEnd\Conexion-EcoRisaralda\vendor\laravel\framework\src\Illuminate\Foundation\Testing\Concerns\InteractsWithTestCaseLifecycle.php:217
C:\Users\USUARIO\Documents\Documentos Christian\Archivos Estudio\Sena\PROYECTO FORMATIVO\BackEnd\Conexion-EcoRisaralda\vendor\laravel\framework\src\Illuminate\Foundation\Testing\Concerns\InteractsWithTestCaseLifecycle.php:101
C:\Users\USUARIO\Documents\Documentos Christian\Archivos Estudio\Sena\PROYECTO FORMATIVO\BackEnd\Conexion-EcoRisaralda\vendor\laravel\framework\src\Illuminate\Foundation\Testing\TestCase.php:63</error>
        </testcase>
        <testcase name="test_registration_requires_last_name" file="C:\Users\USUARIO\Documents\Documentos Christian\Archivos Estudio\Sena\PROYECTO FORMATIVO\BackEnd\Conexion-EcoRisaralda\tests\Feature\Auth\RegistrationTest.php" line="80" class="Tests\Feature\Auth\RegistrationTest" classname="Tests.Feature.Auth.RegistrationTest" assertions="0" time="0.000000">
          <error type="Illuminate\Database\QueryException">Tests\Feature\Auth\RegistrationTest::test_registration_requires_last_name&#13;
Illuminate\Database\QueryException: SQLSTATE[HY000]: General error: 1 near "MODIFY": syntax error (Connection: sqlite, Database: :memory:, SQL: ALTER TABLE users MODIFY status ENUM('pending','approved','rejected','active','inactive') DEFAULT 'active')
&#13;
C:\Users\USUARIO\Documents\Documentos Christian\Archivos Estudio\Sena\PROYECTO FORMATIVO\BackEnd\Conexion-EcoRisaralda\vendor\laravel\framework\src\Illuminate\Database\Connection.php:838
C:\Users\USUARIO\Documents\Documentos Christian\Archivos Estudio\Sena\PROYECTO FORMATIVO\BackEnd\Conexion-EcoRisaralda\vendor\laravel\framework\src\Illuminate\Database\Connection.php:794
C:\Users\USUARIO\Documents\Documentos Christian\Archivos Estudio\Sena\PROYECTO FORMATIVO\BackEnd\Conexion-EcoRisaralda\vendor\laravel\framework\src\Illuminate\Database\Connection.php:573
C:\Users\USUARIO\Documents\Documentos Christian\Archivos Estudio\Sena\PROYECTO FORMATIVO\BackEnd\Conexion-EcoRisaralda\vendor\laravel\framework\src\Illuminate\Database\DatabaseManager.php:491
C:\Users\USUARIO\Documents\Documentos Christian\Archivos Estudio\Sena\PROYECTO FORMATIVO\BackEnd\Conexion-EcoRisaralda\vendor\laravel\framework\src\Illuminate\Support\Facades\Facade.php:363
C:\Users\USUARIO\Documents\Documentos Christian\Archivos Estudio\Sena\PROYECTO FORMATIVO\BackEnd\Conexion-EcoRisaralda\database\migrations\2026_02_09_000001_add_inactive_to_status_enum_on_users_table.php:16
C:\Users\USUARIO\Documents\Documentos Christian\Archivos Estudio\Sena\PROYECTO FORMATIVO\BackEnd\Conexion-EcoRisaralda\vendor\laravel\framework\src\Illuminate\Database\Migrations\Migrator.php:517
C:\Users\USUARIO\Documents\Documentos Christian\Archivos Estudio\Sena\PROYECTO FORMATIVO\BackEnd\Conexion-EcoRisaralda\vendor\laravel\framework\src\Illuminate\Database\Migrations\Migrator.php:442
C:\Users\USUARIO\Documents\Documentos Christian\Archivos Estudio\Sena\PROYECTO FORMATIVO\BackEnd\Conexion-EcoRisaralda\vendor\laravel\framework\src\Illuminate\Database\Migrations\Migrator.php:451
C:\Users\USUARIO\Documents\Documentos Christian\Archivos Estudio\Sena\PROYECTO FORMATIVO\BackEnd\Conexion-EcoRisaralda\vendor\laravel\framework\src\Illuminate\Database\Migrations\Migrator.php:253
C:\Users\USUARIO\Documents\Documentos Christian\Archivos Estudio\Sena\PROYECTO FORMATIVO\BackEnd\Conexion-EcoRisaralda\vendor\laravel\framework\src\Illuminate\Console\View\Components\Task.php:41
C:\Users\USUARIO\Documents\Documentos Christian\Archivos Estudio\Sena\PROYECTO FORMATIVO\BackEnd\Conexion-EcoRisaralda\vendor\laravel\framework\src\Illuminate\Database\Migrations\Migrator.php:814
C:\Users\USUARIO\Documents\Documentos Christian\Archivos Estudio\Sena\PROYECTO FORMATIVO\BackEnd\Conexion-EcoRisaralda\vendor\laravel\framework\src\Illuminate\Database\Migrations\Migrator.php:253
C:\Users\USUARIO\Documents\Documentos Christian\Archivos Estudio\Sena\PROYECTO FORMATIVO\BackEnd\Conexion-EcoRisaralda\vendor\laravel\framework\src\Illuminate\Database\Migrations\Migrator.php:211
C:\Users\USUARIO\Documents\Documentos Christian\Archivos Estudio\Sena\PROYECTO FORMATIVO\BackEnd\Conexion-EcoRisaralda\vendor\laravel\framework\src\Illuminate\Database\Migrations\Migrator.php:138
C:\Users\USUARIO\Documents\Documentos Christian\Archivos Estudio\Sena\PROYECTO FORMATIVO\BackEnd\Conexion-EcoRisaralda\vendor\laravel\framework\src\Illuminate\Database\Console\Migrations\MigrateCommand.php:116
C:\Users\USUARIO\Documents\Documentos Christian\Archivos Estudio\Sena\PROYECTO FORMATIVO\BackEnd\Conexion-EcoRisaralda\vendor\laravel\framework\src\Illuminate\Database\Migrations\Migrator.php:671
C:\Users\USUARIO\Documents\Documentos Christian\Archivos Estudio\Sena\PROYECTO FORMATIVO\BackEnd\Conexion-EcoRisaralda\vendor\laravel\framework\src\Illuminate\Database\Console\Migrations\MigrateCommand.php:109
C:\Users\USUARIO\Documents\Documentos Christian\Archivos Estudio\Sena\PROYECTO FORMATIVO\BackEnd\Conexion-EcoRisaralda\vendor\laravel\framework\src\Illuminate\Database\Console\Migrations\MigrateCommand.php:88
C:\Users\USUARIO\Documents\Documentos Christian\Archivos Estudio\Sena\PROYECTO FORMATIVO\BackEnd\Conexion-EcoRisaralda\vendor\laravel\framework\src\Illuminate\Container\BoundMethod.php:36
C:\Users\USUARIO\Documents\Documentos Christian\Archivos Estudio\Sena\PROYECTO FORMATIVO\BackEnd\Conexion-EcoRisaralda\vendor\laravel\framework\src\Illuminate\Container\Util.php:43
C:\Users\USUARIO\Documents\Documentos Christian\Archivos Estudio\Sena\PROYECTO FORMATIVO\BackEnd\Conexion-EcoRisaralda\vendor\laravel\framework\src\Illuminate\Container\BoundMethod.php:96
C:\Users\USUARIO\Documents\Documentos Christian\Archivos Estudio\Sena\PROYECTO FORMATIVO\BackEnd\Conexion-EcoRisaralda\vendor\laravel\framework\src\Illuminate\Container\BoundMethod.php:35
C:\Users\USUARIO\Documents\Documentos Christian\Archivos Estudio\Sena\PROYECTO FORMATIVO\BackEnd\Conexion-EcoRisaralda\vendor\laravel\framework\src\Illuminate\Container\Container.php:799
C:\Users\USUARIO\Documents\Documentos Christian\Archivos Estudio\Sena\PROYECTO FORMATIVO\BackEnd\Conexion-EcoRisaralda\vendor\laravel\framework\src\Illuminate\Console\Command.php:211
C:\Users\USUARIO\Documents\Documentos Christian\Archivos Estudio\Sena\PROYECTO FORMATIVO\BackEnd\Conexion-EcoRisaralda\vendor\symfony\console\Command\Command.php:341
C:\Users\USUARIO\Documents\Documentos Christian\Archivos Estudio\Sena\PROYECTO FORMATIVO\BackEnd\Conexion-EcoRisaralda\vendor\laravel\framework\src\Illuminate\Console\Command.php:180
C:\Users\USUARIO\Documents\Documentos Christian\Archivos Estudio\Sena\PROYECTO FORMATIVO\BackEnd\Conexion-EcoRisaralda\vendor\laravel\framework\src\Illuminate\Console\Concerns\CallsCommands.php:68
C:\Users\USUARIO\Documents\Documentos Christian\Archivos Estudio\Sena\PROYECTO FORMATIVO\BackEnd\Conexion-EcoRisaralda\vendor\laravel\framework\src\Illuminate\Console\Concerns\CallsCommands.php:29
C:\Users\USUARIO\Documents\Documentos Christian\Archivos Estudio\Sena\PROYECTO FORMATIVO\BackEnd\Conexion-EcoRisaralda\vendor\laravel\framework\src\Illuminate\Database\Console\Migrations\FreshCommand.php:81
C:\Users\USUARIO\Documents\Documentos Christian\Archivos Estudio\Sena\PROYECTO FORMATIVO\BackEnd\Conexion-EcoRisaralda\vendor\laravel\framework\src\Illuminate\Container\BoundMethod.php:36
C:\Users\USUARIO\Documents\Documentos Christian\Archivos Estudio\Sena\PROYECTO FORMATIVO\BackEnd\Conexion-EcoRisaralda\vendor\laravel\framework\src\Illuminate\Container\Util.php:43
C:\Users\USUARIO\Documents\Documentos Christian\Archivos Estudio\Sena\PROYECTO FORMATIVO\BackEnd\Conexion-EcoRisaralda\vendor\laravel\framework\src\Illuminate\Container\BoundMethod.php:96
C:\Users\USUARIO\Documents\Documentos Christian\Archivos Estudio\Sena\PROYECTO FORMATIVO\BackEnd\Conexion-EcoRisaralda\vendor\laravel\framework\src\Illuminate\Container\BoundMethod.php:35
C:\Users\USUARIO\Documents\Documentos Christian\Archivos Estudio\Sena\PROYECTO FORMATIVO\BackEnd\Conexion-EcoRisaralda\vendor\laravel\framework\src\Illuminate\Container\Container.php:799
C:\Users\USUARIO\Documents\Documentos Christian\Archivos Estudio\Sena\PROYECTO FORMATIVO\BackEnd\Conexion-EcoRisaralda\vendor\laravel\framework\src\Illuminate\Console\Command.php:211
C:\Users\USUARIO\Documents\Documentos Christian\Archivos Estudio\Sena\PROYECTO FORMATIVO\BackEnd\Conexion-EcoRisaralda\vendor\symfony\console\Command\Command.php:341
C:\Users\USUARIO\Documents\Documentos Christian\Archivos Estudio\Sena\PROYECTO FORMATIVO\BackEnd\Conexion-EcoRisaralda\vendor\laravel\framework\src\Illuminate\Console\Command.php:180
C:\Users\USUARIO\Documents\Documentos Christian\Archivos Estudio\Sena\PROYECTO FORMATIVO\BackEnd\Conexion-EcoRisaralda\vendor\symfony\console\Application.php:1079
C:\Users\USUARIO\Documents\Documentos Christian\Archivos Estudio\Sena\PROYECTO FORMATIVO\BackEnd\Conexion-EcoRisaralda\vendor\symfony\console\Application.php:356
C:\Users\USUARIO\Documents\Documentos Christian\Archivos Estudio\Sena\PROYECTO FORMATIVO\BackEnd\Conexion-EcoRisaralda\vendor\symfony\console\Application.php:195
C:\Users\USUARIO\Documents\Documentos Christian\Archivos Estudio\Sena\PROYECTO FORMATIVO\BackEnd\Conexion-EcoRisaralda\vendor\laravel\framework\src\Illuminate\Console\Application.php:165
C:\Users\USUARIO\Documents\Documentos Christian\Archivos Estudio\Sena\PROYECTO FORMATIVO\BackEnd\Conexion-EcoRisaralda\vendor\laravel\framework\src\Illuminate\Foundation\Console\Kernel.php:447
C:\Users\USUARIO\Documents\Documentos Christian\Archivos Estudio\Sena\PROYECTO FORMATIVO\BackEnd\Conexion-EcoRisaralda\vendor\laravel\framework\src\Illuminate\Testing\PendingCommand.php:451
C:\Users\USUARIO\Documents\Documentos Christian\Archivos Estudio\Sena\PROYECTO FORMATIVO\BackEnd\Conexion-EcoRisaralda\vendor\laravel\framework\src\Illuminate\Testing\PendingCommand.php:675
C:\Users\USUARIO\Documents\Documentos Christian\Archivos Estudio\Sena\PROYECTO FORMATIVO\BackEnd\Conexion-EcoRisaralda\vendor\laravel\framework\src\Illuminate\Foundation\Testing\Concerns\InteractsWithConsole.php:87
C:\Users\USUARIO\Documents\Documentos Christian\Archivos Estudio\Sena\PROYECTO FORMATIVO\BackEnd\Conexion-EcoRisaralda\vendor\laravel\framework\src\Illuminate\Foundation\Testing\RefreshDatabase.php:119
C:\Users\USUARIO\Documents\Documentos Christian\Archivos Estudio\Sena\PROYECTO FORMATIVO\BackEnd\Conexion-EcoRisaralda\vendor\laravel\framework\src\Illuminate\Foundation\Testing\RefreshDatabase.php:84
C:\Users\USUARIO\Documents\Documentos Christian\Archivos Estudio\Sena\PROYECTO FORMATIVO\BackEnd\Conexion-EcoRisaralda\vendor\laravel\framework\src\Illuminate\Foundation\Testing\RefreshDatabase.php:25
C:\Users\USUARIO\Documents\Documentos Christian\Archivos Estudio\Sena\PROYECTO FORMATIVO\BackEnd\Conexion-EcoRisaralda\vendor\laravel\framework\src\Illuminate\Foundation\Testing\Concerns\InteractsWithTestCaseLifecycle.php:217
C:\Users\USUARIO\Documents\Documentos Christian\Archivos Estudio\Sena\PROYECTO FORMATIVO\BackEnd\Conexion-EcoRisaralda\vendor\laravel\framework\src\Illuminate\Foundation\Testing\Concerns\InteractsWithTestCaseLifecycle.php:101
C:\Users\USUARIO\Documents\Documentos Christian\Archivos Estudio\Sena\PROYECTO FORMATIVO\BackEnd\Conexion-EcoRisaralda\vendor\laravel\framework\src\Illuminate\Foundation\Testing\TestCase.php:63</error>
        </testcase>
      </testsuite>
      <testsuite name="Tests\Feature\EventsApiTest" file="C:\Users\USUARIO\Documents\Documentos Christian\Archivos Estudio\Sena\PROYECTO FORMATIVO\BackEnd\Conexion-EcoRisaralda\tests\Feature\EventsApiTest.php" tests="7" assertions="0" errors="7" failures="0" skipped="0" time="0.000000">
        <testcase name="test_can_list_upcoming_events" file="C:\Users\USUARIO\Documents\Documentos Christian\Archivos Estudio\Sena\PROYECTO FORMATIVO\BackEnd\Conexion-EcoRisaralda\tests\Feature\EventsApiTest.php" line="21" class="Tests\Feature\EventsApiTest" classname="Tests.Feature.EventsApiTest" assertions="0" time="0.000000">
          <error type="Illuminate\Database\QueryException">Tests\Feature\EventsApiTest::test_can_list_upcoming_events&#13;
Illuminate\Database\QueryException: SQLSTATE[HY000]: General error: 1 near "MODIFY": syntax error (Connection: sqlite, Database: :memory:, SQL: ALTER TABLE users MODIFY status ENUM('pending','approved','rejected','active','inactive') DEFAULT 'active')
&#13;
C:\Users\USUARIO\Documents\Documentos Christian\Archivos Estudio\Sena\PROYECTO FORMATIVO\BackEnd\Conexion-EcoRisaralda\vendor\laravel\framework\src\Illuminate\Database\Connection.php:838
C:\Users\USUARIO\Documents\Documentos Christian\Archivos Estudio\Sena\PROYECTO FORMATIVO\BackEnd\Conexion-EcoRisaralda\vendor\laravel\framework\src\Illuminate\Database\Connection.php:794
C:\Users\USUARIO\Documents\Documentos Christian\Archivos Estudio\Sena\PROYECTO FORMATIVO\BackEnd\Conexion-EcoRisaralda\vendor\laravel\framework\src\Illuminate\Database\Connection.php:573
C:\Users\USUARIO\Documents\Documentos Christian\Archivos Estudio\Sena\PROYECTO FORMATIVO\BackEnd\Conexion-EcoRisaralda\vendor\laravel\framework\src\Illuminate\Database\DatabaseManager.php:491
C:\Users\USUARIO\Documents\Documentos Christian\Archivos Estudio\Sena\PROYECTO FORMATIVO\BackEnd\Conexion-EcoRisaralda\vendor\laravel\framework\src\Illuminate\Support\Facades\Facade.php:363
C:\Users\USUARIO\Documents\Documentos Christian\Archivos Estudio\Sena\PROYECTO FORMATIVO\BackEnd\Conexion-EcoRisaralda\database\migrations\2026_02_09_000001_add_inactive_to_status_enum_on_users_table.php:16
C:\Users\USUARIO\Documents\Documentos Christian\Archivos Estudio\Sena\PROYECTO FORMATIVO\BackEnd\Conexion-EcoRisaralda\vendor\laravel\framework\src\Illuminate\Database\Migrations\Migrator.php:517
C:\Users\USUARIO\Documents\Documentos Christian\Archivos Estudio\Sena\PROYECTO FORMATIVO\BackEnd\Conexion-EcoRisaralda\vendor\laravel\framework\src\Illuminate\Database\Migrations\Migrator.php:442
C:\Users\USUARIO\Documents\Documentos Christian\Archivos Estudio\Sena\PROYECTO FORMATIVO\BackEnd\Conexion-EcoRisaralda\vendor\laravel\framework\src\Illuminate\Database\Migrations\Migrator.php:451
C:\Users\USUARIO\Documents\Documentos Christian\Archivos Estudio\Sena\PROYECTO FORMATIVO\BackEnd\Conexion-EcoRisaralda\vendor\laravel\framework\src\Illuminate\Database\Migrations\Migrator.php:253
C:\Users\USUARIO\Documents\Documentos Christian\Archivos Estudio\Sena\PROYECTO FORMATIVO\BackEnd\Conexion-EcoRisaralda\vendor\laravel\framework\src\Illuminate\Console\View\Components\Task.php:41
C:\Users\USUARIO\Documents\Documentos Christian\Archivos Estudio\Sena\PROYECTO FORMATIVO\BackEnd\Conexion-EcoRisaralda\vendor\laravel\framework\src\Illuminate\Database\Migrations\Migrator.php:814
C:\Users\USUARIO\Documents\Documentos Christian\Archivos Estudio\Sena\PROYECTO FORMATIVO\BackEnd\Conexion-EcoRisaralda\vendor\laravel\framework\src\Illuminate\Database\Migrations\Migrator.php:253
C:\Users\USUARIO\Documents\Documentos Christian\Archivos Estudio\Sena\PROYECTO FORMATIVO\BackEnd\Conexion-EcoRisaralda\vendor\laravel\framework\src\Illuminate\Database\Migrations\Migrator.php:211
C:\Users\USUARIO\Documents\Documentos Christian\Archivos Estudio\Sena\PROYECTO FORMATIVO\BackEnd\Conexion-EcoRisaralda\vendor\laravel\framework\src\Illuminate\Database\Migrations\Migrator.php:138
C:\Users\USUARIO\Documents\Documentos Christian\Archivos Estudio\Sena\PROYECTO FORMATIVO\BackEnd\Conexion-EcoRisaralda\vendor\laravel\framework\src\Illuminate\Database\Console\Migrations\MigrateCommand.php:116
C:\Users\USUARIO\Documents\Documentos Christian\Archivos Estudio\Sena\PROYECTO FORMATIVO\BackEnd\Conexion-EcoRisaralda\vendor\laravel\framework\src\Illuminate\Database\Migrations\Migrator.php:671
C:\Users\USUARIO\Documents\Documentos Christian\Archivos Estudio\Sena\PROYECTO FORMATIVO\BackEnd\Conexion-EcoRisaralda\vendor\laravel\framework\src\Illuminate\Database\Console\Migrations\MigrateCommand.php:109
C:\Users\USUARIO\Documents\Documentos Christian\Archivos Estudio\Sena\PROYECTO FORMATIVO\BackEnd\Conexion-EcoRisaralda\vendor\laravel\framework\src\Illuminate\Database\Console\Migrations\MigrateCommand.php:88
C:\Users\USUARIO\Documents\Documentos Christian\Archivos Estudio\Sena\PROYECTO FORMATIVO\BackEnd\Conexion-EcoRisaralda\vendor\laravel\framework\src\Illuminate\Container\BoundMethod.php:36
C:\Users\USUARIO\Documents\Documentos Christian\Archivos Estudio\Sena\PROYECTO FORMATIVO\BackEnd\Conexion-EcoRisaralda\vendor\laravel\framework\src\Illuminate\Container\Util.php:43
C:\Users\USUARIO\Documents\Documentos Christian\Archivos Estudio\Sena\PROYECTO FORMATIVO\BackEnd\Conexion-EcoRisaralda\vendor\laravel\framework\src\Illuminate\Container\BoundMethod.php:96
C:\Users\USUARIO\Documents\Documentos Christian\Archivos Estudio\Sena\PROYECTO FORMATIVO\BackEnd\Conexion-EcoRisaralda\vendor\laravel\framework\src\Illuminate\Container\BoundMethod.php:35
C:\Users\USUARIO\Documents\Documentos Christian\Archivos Estudio\Sena\PROYECTO FORMATIVO\BackEnd\Conexion-EcoRisaralda\vendor\laravel\framework\src\Illuminate\Container\Container.php:799
C:\Users\USUARIO\Documents\Documentos Christian\Archivos Estudio\Sena\PROYECTO FORMATIVO\BackEnd\Conexion-EcoRisaralda\vendor\laravel\framework\src\Illuminate\Console\Command.php:211
C:\Users\USUARIO\Documents\Documentos Christian\Archivos Estudio\Sena\PROYECTO FORMATIVO\BackEnd\Conexion-EcoRisaralda\vendor\symfony\console\Command\Command.php:341
C:\Users\USUARIO\Documents\Documentos Christian\Archivos Estudio\Sena\PROYECTO FORMATIVO\BackEnd\Conexion-EcoRisaralda\vendor\laravel\framework\src\Illuminate\Console\Command.php:180
C:\Users\USUARIO\Documents\Documentos Christian\Archivos Estudio\Sena\PROYECTO FORMATIVO\BackEnd\Conexion-EcoRisaralda\vendor\laravel\framework\src\Illuminate\Console\Concerns\CallsCommands.php:68
C:\Users\USUARIO\Documents\Documentos Christian\Archivos Estudio\Sena\PROYECTO FORMATIVO\BackEnd\Conexion-EcoRisaralda\vendor\laravel\framework\src\Illuminate\Console\Concerns\CallsCommands.php:29
C:\Users\USUARIO\Documents\Documentos Christian\Archivos Estudio\Sena\PROYECTO FORMATIVO\BackEnd\Conexion-EcoRisaralda\vendor\laravel\framework\src\Illuminate\Database\Console\Migrations\FreshCommand.php:81
C:\Users\USUARIO\Documents\Documentos Christian\Archivos Estudio\Sena\PROYECTO FORMATIVO\BackEnd\Conexion-EcoRisaralda\vendor\laravel\framework\src\Illuminate\Container\BoundMethod.php:36
C:\Users\USUARIO\Documents\Documentos Christian\Archivos Estudio\Sena\PROYECTO FORMATIVO\BackEnd\Conexion-EcoRisaralda\vendor\laravel\framework\src\Illuminate\Container\Util.php:43
C:\Users\USUARIO\Documents\Documentos Christian\Archivos Estudio\Sena\PROYECTO FORMATIVO\BackEnd\Conexion-EcoRisaralda\vendor\laravel\framework\src\Illuminate\Container\BoundMethod.php:96
C:\Users\USUARIO\Documents\Documentos Christian\Archivos Estudio\Sena\PROYECTO FORMATIVO\BackEnd\Conexion-EcoRisaralda\vendor\laravel\framework\src\Illuminate\Container\BoundMethod.php:35
C:\Users\USUARIO\Documents\Documentos Christian\Archivos Estudio\Sena\PROYECTO FORMATIVO\BackEnd\Conexion-EcoRisaralda\vendor\laravel\framework\src\Illuminate\Container\Container.php:799
C:\Users\USUARIO\Documents\Documentos Christian\Archivos Estudio\Sena\PROYECTO FORMATIVO\BackEnd\Conexion-EcoRisaralda\vendor\laravel\framework\src\Illuminate\Console\Command.php:211
C:\Users\USUARIO\Documents\Documentos Christian\Archivos Estudio\Sena\PROYECTO FORMATIVO\BackEnd\Conexion-EcoRisaralda\vendor\symfony\console\Command\Command.php:341
C:\Users\USUARIO\Documents\Documentos Christian\Archivos Estudio\Sena\PROYECTO FORMATIVO\BackEnd\Conexion-EcoRisaralda\vendor\laravel\framework\src\Illuminate\Console\Command.php:180
C:\Users\USUARIO\Documents\Documentos Christian\Archivos Estudio\Sena\PROYECTO FORMATIVO\BackEnd\Conexion-EcoRisaralda\vendor\symfony\console\Application.php:1079
C:\Users\USUARIO\Documents\Documentos Christian\Archivos Estudio\Sena\PROYECTO FORMATIVO\BackEnd\Conexion-EcoRisaralda\vendor\symfony\console\Application.php:356
C:\Users\USUARIO\Documents\Documentos Christian\Archivos Estudio\Sena\PROYECTO FORMATIVO\BackEnd\Conexion-EcoRisaralda\vendor\symfony\console\Application.php:195
C:\Users\USUARIO\Documents\Documentos Christian\Archivos Estudio\Sena\PROYECTO FORMATIVO\BackEnd\Conexion-EcoRisaralda\vendor\laravel\framework\src\Illuminate\Console\Application.php:165
C:\Users\USUARIO\Documents\Documentos Christian\Archivos Estudio\Sena\PROYECTO FORMATIVO\BackEnd\Conexion-EcoRisaralda\vendor\laravel\framework\src\Illuminate\Foundation\Console\Kernel.php:447
C:\Users\USUARIO\Documents\Documentos Christian\Archivos Estudio\Sena\PROYECTO FORMATIVO\BackEnd\Conexion-EcoRisaralda\vendor\laravel\framework\src\Illuminate\Testing\PendingCommand.php:451
C:\Users\USUARIO\Documents\Documentos Christian\Archivos Estudio\Sena\PROYECTO FORMATIVO\BackEnd\Conexion-EcoRisaralda\vendor\laravel\framework\src\Illuminate\Testing\PendingCommand.php:675
C:\Users\USUARIO\Documents\Documentos Christian\Archivos Estudio\Sena\PROYECTO FORMATIVO\BackEnd\Conexion-EcoRisaralda\vendor\laravel\framework\src\Illuminate\Foundation\Testing\Concerns\InteractsWithConsole.php:87
C:\Users\USUARIO\Documents\Documentos Christian\Archivos Estudio\Sena\PROYECTO FORMATIVO\BackEnd\Conexion-EcoRisaralda\vendor\laravel\framework\src\Illuminate\Foundation\Testing\RefreshDatabase.php:119
C:\Users\USUARIO\Documents\Documentos Christian\Archivos Estudio\Sena\PROYECTO FORMATIVO\BackEnd\Conexion-EcoRisaralda\vendor\laravel\framework\src\Illuminate\Foundation\Testing\RefreshDatabase.php:84
C:\Users\USUARIO\Documents\Documentos Christian\Archivos Estudio\Sena\PROYECTO FORMATIVO\BackEnd\Conexion-EcoRisaralda\vendor\laravel\framework\src\Illuminate\Foundation\Testing\RefreshDatabase.php:25
C:\Users\USUARIO\Documents\Documentos Christian\Archivos Estudio\Sena\PROYECTO FORMATIVO\BackEnd\Conexion-EcoRisaralda\vendor\laravel\framework\src\Illuminate\Foundation\Testing\Concerns\InteractsWithTestCaseLifecycle.php:217
C:\Users\USUARIO\Documents\Documentos Christian\Archivos Estudio\Sena\PROYECTO FORMATIVO\BackEnd\Conexion-EcoRisaralda\vendor\laravel\framework\src\Illuminate\Foundation\Testing\Concerns\InteractsWithTestCaseLifecycle.php:101
C:\Users\USUARIO\Documents\Documentos Christian\Archivos Estudio\Sena\PROYECTO FORMATIVO\BackEnd\Conexion-EcoRisaralda\vendor\laravel\framework\src\Illuminate\Foundation\Testing\TestCase.php:63</error>
        </testcase>
        <testcase name="test_can_get_next_event" file="C:\Users\USUARIO\Documents\Documentos Christian\Archivos Estudio\Sena\PROYECTO FORMATIVO\BackEnd\Conexion-EcoRisaralda\tests\Feature\EventsApiTest.php" line="33" class="Tests\Feature\EventsApiTest" classname="Tests.Feature.EventsApiTest" assertions="0" time="0.000000">
          <error type="Illuminate\Database\QueryException">Tests\Feature\EventsApiTest::test_can_get_next_event&#13;
Illuminate\Database\QueryException: SQLSTATE[HY000]: General error: 1 near "MODIFY": syntax error (Connection: sqlite, Database: :memory:, SQL: ALTER TABLE users MODIFY status ENUM('pending','approved','rejected','active','inactive') DEFAULT 'active')
&#13;
C:\Users\USUARIO\Documents\Documentos Christian\Archivos Estudio\Sena\PROYECTO FORMATIVO\BackEnd\Conexion-EcoRisaralda\vendor\laravel\framework\src\Illuminate\Database\Connection.php:838
C:\Users\USUARIO\Documents\Documentos Christian\Archivos Estudio\Sena\PROYECTO FORMATIVO\BackEnd\Conexion-EcoRisaralda\vendor\laravel\framework\src\Illuminate\Database\Connection.php:794
C:\Users\USUARIO\Documents\Documentos Christian\Archivos Estudio\Sena\PROYECTO FORMATIVO\BackEnd\Conexion-EcoRisaralda\vendor\laravel\framework\src\Illuminate\Database\Connection.php:573
C:\Users\USUARIO\Documents\Documentos Christian\Archivos Estudio\Sena\PROYECTO FORMATIVO\BackEnd\Conexion-EcoRisaralda\vendor\laravel\framework\src\Illuminate\Database\DatabaseManager.php:491
C:\Users\USUARIO\Documents\Documentos Christian\Archivos Estudio\Sena\PROYECTO FORMATIVO\BackEnd\Conexion-EcoRisaralda\vendor\laravel\framework\src\Illuminate\Support\Facades\Facade.php:363
C:\Users\USUARIO\Documents\Documentos Christian\Archivos Estudio\Sena\PROYECTO FORMATIVO\BackEnd\Conexion-EcoRisaralda\database\migrations\2026_02_09_000001_add_inactive_to_status_enum_on_users_table.php:16
C:\Users\USUARIO\Documents\Documentos Christian\Archivos Estudio\Sena\PROYECTO FORMATIVO\BackEnd\Conexion-EcoRisaralda\vendor\laravel\framework\src\Illuminate\Database\Migrations\Migrator.php:517
C:\Users\USUARIO\Documents\Documentos Christian\Archivos Estudio\Sena\PROYECTO FORMATIVO\BackEnd\Conexion-EcoRisaralda\vendor\laravel\framework\src\Illuminate\Database\Migrations\Migrator.php:442
C:\Users\USUARIO\Documents\Documentos Christian\Archivos Estudio\Sena\PROYECTO FORMATIVO\BackEnd\Conexion-EcoRisaralda\vendor\laravel\framework\src\Illuminate\Database\Migrations\Migrator.php:451
C:\Users\USUARIO\Documents\Documentos Christian\Archivos Estudio\Sena\PROYECTO FORMATIVO\BackEnd\Conexion-EcoRisaralda\vendor\laravel\framework\src\Illuminate\Database\Migrations\Migrator.php:253
C:\Users\USUARIO\Documents\Documentos Christian\Archivos Estudio\Sena\PROYECTO FORMATIVO\BackEnd\Conexion-EcoRisaralda\vendor\laravel\framework\src\Illuminate\Console\View\Components\Task.php:41
C:\Users\USUARIO\Documents\Documentos Christian\Archivos Estudio\Sena\PROYECTO FORMATIVO\BackEnd\Conexion-EcoRisaralda\vendor\laravel\framework\src\Illuminate\Database\Migrations\Migrator.php:814
C:\Users\USUARIO\Documents\Documentos Christian\Archivos Estudio\Sena\PROYECTO FORMATIVO\BackEnd\Conexion-EcoRisaralda\vendor\laravel\framework\src\Illuminate\Database\Migrations\Migrator.php:253
C:\Users\USUARIO\Documents\Documentos Christian\Archivos Estudio\Sena\PROYECTO FORMATIVO\BackEnd\Conexion-EcoRisaralda\vendor\laravel\framework\src\Illuminate\Database\Migrations\Migrator.php:211
C:\Users\USUARIO\Documents\Documentos Christian\Archivos Estudio\Sena\PROYECTO FORMATIVO\BackEnd\Conexion-EcoRisaralda\vendor\laravel\framework\src\Illuminate\Database\Migrations\Migrator.php:138
C:\Users\USUARIO\Documents\Documentos Christian\Archivos Estudio\Sena\PROYECTO FORMATIVO\BackEnd\Conexion-EcoRisaralda\vendor\laravel\framework\src\Illuminate\Database\Console\Migrations\MigrateCommand.php:116
C:\Users\USUARIO\Documents\Documentos Christian\Archivos Estudio\Sena\PROYECTO FORMATIVO\BackEnd\Conexion-EcoRisaralda\vendor\laravel\framework\src\Illuminate\Database\Migrations\Migrator.php:671
C:\Users\USUARIO\Documents\Documentos Christian\Archivos Estudio\Sena\PROYECTO FORMATIVO\BackEnd\Conexion-EcoRisaralda\vendor\laravel\framework\src\Illuminate\Database\Console\Migrations\MigrateCommand.php:109
C:\Users\USUARIO\Documents\Documentos Christian\Archivos Estudio\Sena\PROYECTO FORMATIVO\BackEnd\Conexion-EcoRisaralda\vendor\laravel\framework\src\Illuminate\Database\Console\Migrations\MigrateCommand.php:88
C:\Users\USUARIO\Documents\Documentos Christian\Archivos Estudio\Sena\PROYECTO FORMATIVO\BackEnd\Conexion-EcoRisaralda\vendor\laravel\framework\src\Illuminate\Container\BoundMethod.php:36
C:\Users\USUARIO\Documents\Documentos Christian\Archivos Estudio\Sena\PROYECTO FORMATIVO\BackEnd\Conexion-EcoRisaralda\vendor\laravel\framework\src\Illuminate\Container\Util.php:43
C:\Users\USUARIO\Documents\Documentos Christian\Archivos Estudio\Sena\PROYECTO FORMATIVO\BackEnd\Conexion-EcoRisaralda\vendor\laravel\framework\src\Illuminate\Container\BoundMethod.php:96
C:\Users\USUARIO\Documents\Documentos Christian\Archivos Estudio\Sena\PROYECTO FORMATIVO\BackEnd\Conexion-EcoRisaralda\vendor\laravel\framework\src\Illuminate\Container\BoundMethod.php:35
C:\Users\USUARIO\Documents\Documentos Christian\Archivos Estudio\Sena\PROYECTO FORMATIVO\BackEnd\Conexion-EcoRisaralda\vendor\laravel\framework\src\Illuminate\Container\Container.php:799
C:\Users\USUARIO\Documents\Documentos Christian\Archivos Estudio\Sena\PROYECTO FORMATIVO\BackEnd\Conexion-EcoRisaralda\vendor\laravel\framework\src\Illuminate\Console\Command.php:211
C:\Users\USUARIO\Documents\Documentos Christian\Archivos Estudio\Sena\PROYECTO FORMATIVO\BackEnd\Conexion-EcoRisaralda\vendor\symfony\console\Command\Command.php:341
C:\Users\USUARIO\Documents\Documentos Christian\Archivos Estudio\Sena\PROYECTO FORMATIVO\BackEnd\Conexion-EcoRisaralda\vendor\laravel\framework\src\Illuminate\Console\Command.php:180
C:\Users\USUARIO\Documents\Documentos Christian\Archivos Estudio\Sena\PROYECTO FORMATIVO\BackEnd\Conexion-EcoRisaralda\vendor\laravel\framework\src\Illuminate\Console\Concerns\CallsCommands.php:68
C:\Users\USUARIO\Documents\Documentos Christian\Archivos Estudio\Sena\PROYECTO FORMATIVO\BackEnd\Conexion-EcoRisaralda\vendor\laravel\framework\src\Illuminate\Console\Concerns\CallsCommands.php:29
C:\Users\USUARIO\Documents\Documentos Christian\Archivos Estudio\Sena\PROYECTO FORMATIVO\BackEnd\Conexion-EcoRisaralda\vendor\laravel\framework\src\Illuminate\Database\Console\Migrations\FreshCommand.php:81
C:\Users\USUARIO\Documents\Documentos Christian\Archivos Estudio\Sena\PROYECTO FORMATIVO\BackEnd\Conexion-EcoRisaralda\vendor\laravel\framework\src\Illuminate\Container\BoundMethod.php:36
C:\Users\USUARIO\Documents\Documentos Christian\Archivos Estudio\Sena\PROYECTO FORMATIVO\BackEnd\Conexion-EcoRisaralda\vendor\laravel\framework\src\Illuminate\Container\Util.php:43
C:\Users\USUARIO\Documents\Documentos Christian\Archivos Estudio\Sena\PROYECTO FORMATIVO\BackEnd\Conexion-EcoRisaralda\vendor\laravel\framework\src\Illuminate\Container\BoundMethod.php:96
C:\Users\USUARIO\Documents\Documentos Christian\Archivos Estudio\Sena\PROYECTO FORMATIVO\BackEnd\Conexion-EcoRisaralda\vendor\laravel\framework\src\Illuminate\Container\BoundMethod.php:35
C:\Users\USUARIO\Documents\Documentos Christian\Archivos Estudio\Sena\PROYECTO FORMATIVO\BackEnd\Conexion-EcoRisaralda\vendor\laravel\framework\src\Illuminate\Container\Container.php:799
C:\Users\USUARIO\Documents\Documentos Christian\Archivos Estudio\Sena\PROYECTO FORMATIVO\BackEnd\Conexion-EcoRisaralda\vendor\laravel\framework\src\Illuminate\Console\Command.php:211
C:\Users\USUARIO\Documents\Documentos Christian\Archivos Estudio\Sena\PROYECTO FORMATIVO\BackEnd\Conexion-EcoRisaralda\vendor\symfony\console\Command\Command.php:341
C:\Users\USUARIO\Documents\Documentos Christian\Archivos Estudio\Sena\PROYECTO FORMATIVO\BackEnd\Conexion-EcoRisaralda\vendor\laravel\framework\src\Illuminate\Console\Command.php:180
C:\Users\USUARIO\Documents\Documentos Christian\Archivos Estudio\Sena\PROYECTO FORMATIVO\BackEnd\Conexion-EcoRisaralda\vendor\symfony\console\Application.php:1079
C:\Users\USUARIO\Documents\Documentos Christian\Archivos Estudio\Sena\PROYECTO FORMATIVO\BackEnd\Conexion-EcoRisaralda\vendor\symfony\console\Application.php:356
C:\Users\USUARIO\Documents\Documentos Christian\Archivos Estudio\Sena\PROYECTO FORMATIVO\BackEnd\Conexion-EcoRisaralda\vendor\symfony\console\Application.php:195
C:\Users\USUARIO\Documents\Documentos Christian\Archivos Estudio\Sena\PROYECTO FORMATIVO\BackEnd\Conexion-EcoRisaralda\vendor\laravel\framework\src\Illuminate\Console\Application.php:165
C:\Users\USUARIO\Documents\Documentos Christian\Archivos Estudio\Sena\PROYECTO FORMATIVO\BackEnd\Conexion-EcoRisaralda\vendor\laravel\framework\src\Illuminate\Foundation\Console\Kernel.php:447
C:\Users\USUARIO\Documents\Documentos Christian\Archivos Estudio\Sena\PROYECTO FORMATIVO\BackEnd\Conexion-EcoRisaralda\vendor\laravel\framework\src\Illuminate\Testing\PendingCommand.php:451
C:\Users\USUARIO\Documents\Documentos Christian\Archivos Estudio\Sena\PROYECTO FORMATIVO\BackEnd\Conexion-EcoRisaralda\vendor\laravel\framework\src\Illuminate\Testing\PendingCommand.php:675
C:\Users\USUARIO\Documents\Documentos Christian\Archivos Estudio\Sena\PROYECTO FORMATIVO\BackEnd\Conexion-EcoRisaralda\vendor\laravel\framework\src\Illuminate\Foundation\Testing\Concerns\InteractsWithConsole.php:87
C:\Users\USUARIO\Documents\Documentos Christian\Archivos Estudio\Sena\PROYECTO FORMATIVO\BackEnd\Conexion-EcoRisaralda\vendor\laravel\framework\src\Illuminate\Foundation\Testing\RefreshDatabase.php:119
C:\Users\USUARIO\Documents\Documentos Christian\Archivos Estudio\Sena\PROYECTO FORMATIVO\BackEnd\Conexion-EcoRisaralda\vendor\laravel\framework\src\Illuminate\Foundation\Testing\RefreshDatabase.php:84
C:\Users\USUARIO\Documents\Documentos Christian\Archivos Estudio\Sena\PROYECTO FORMATIVO\BackEnd\Conexion-EcoRisaralda\vendor\laravel\framework\src\Illuminate\Foundation\Testing\RefreshDatabase.php:25
C:\Users\USUARIO\Documents\Documentos Christian\Archivos Estudio\Sena\PROYECTO FORMATIVO\BackEnd\Conexion-EcoRisaralda\vendor\laravel\framework\src\Illuminate\Foundation\Testing\Concerns\InteractsWithTestCaseLifecycle.php:217
C:\Users\USUARIO\Documents\Documentos Christian\Archivos Estudio\Sena\PROYECTO FORMATIVO\BackEnd\Conexion-EcoRisaralda\vendor\laravel\framework\src\Illuminate\Foundation\Testing\Concerns\InteractsWithTestCaseLifecycle.php:101
C:\Users\USUARIO\Documents\Documentos Christian\Archivos Estudio\Sena\PROYECTO FORMATIVO\BackEnd\Conexion-EcoRisaralda\vendor\laravel\framework\src\Illuminate\Foundation\Testing\TestCase.php:63</error>
        </testcase>
        <testcase name="test_can_get_event_by_id" file="C:\Users\USUARIO\Documents\Documentos Christian\Archivos Estudio\Sena\PROYECTO FORMATIVO\BackEnd\Conexion-EcoRisaralda\tests\Feature\EventsApiTest.php" line="46" class="Tests\Feature\EventsApiTest" classname="Tests.Feature.EventsApiTest" assertions="0" time="0.000000">
          <error type="Illuminate\Database\QueryException">Tests\Feature\EventsApiTest::test_can_get_event_by_id&#13;
Illuminate\Database\QueryException: SQLSTATE[HY000]: General error: 1 near "MODIFY": syntax error (Connection: sqlite, Database: :memory:, SQL: ALTER TABLE users MODIFY status ENUM('pending','approved','rejected','active','inactive') DEFAULT 'active')
&#13;
C:\Users\USUARIO\Documents\Documentos Christian\Archivos Estudio\Sena\PROYECTO FORMATIVO\BackEnd\Conexion-EcoRisaralda\vendor\laravel\framework\src\Illuminate\Database\Connection.php:838
C:\Users\USUARIO\Documents\Documentos Christian\Archivos Estudio\Sena\PROYECTO FORMATIVO\BackEnd\Conexion-EcoRisaralda\vendor\laravel\framework\src\Illuminate\Database\Connection.php:794
C:\Users\USUARIO\Documents\Documentos Christian\Archivos Estudio\Sena\PROYECTO FORMATIVO\BackEnd\Conexion-EcoRisaralda\vendor\laravel\framework\src\Illuminate\Database\Connection.php:573
C:\Users\USUARIO\Documents\Documentos Christian\Archivos Estudio\Sena\PROYECTO FORMATIVO\BackEnd\Conexion-EcoRisaralda\vendor\laravel\framework\src\Illuminate\Database\DatabaseManager.php:491
C:\Users\USUARIO\Documents\Documentos Christian\Archivos Estudio\Sena\PROYECTO FORMATIVO\BackEnd\Conexion-EcoRisaralda\vendor\laravel\framework\src\Illuminate\Support\Facades\Facade.php:363
C:\Users\USUARIO\Documents\Documentos Christian\Archivos Estudio\Sena\PROYECTO FORMATIVO\BackEnd\Conexion-EcoRisaralda\database\migrations\2026_02_09_000001_add_inactive_to_status_enum_on_users_table.php:16
C:\Users\USUARIO\Documents\Documentos Christian\Archivos Estudio\Sena\PROYECTO FORMATIVO\BackEnd\Conexion-EcoRisaralda\vendor\laravel\framework\src\Illuminate\Database\Migrations\Migrator.php:517
C:\Users\USUARIO\Documents\Documentos Christian\Archivos Estudio\Sena\PROYECTO FORMATIVO\BackEnd\Conexion-EcoRisaralda\vendor\laravel\framework\src\Illuminate\Database\Migrations\Migrator.php:442
C:\Users\USUARIO\Documents\Documentos Christian\Archivos Estudio\Sena\PROYECTO FORMATIVO\BackEnd\Conexion-EcoRisaralda\vendor\laravel\framework\src\Illuminate\Database\Migrations\Migrator.php:451
C:\Users\USUARIO\Documents\Documentos Christian\Archivos Estudio\Sena\PROYECTO FORMATIVO\BackEnd\Conexion-EcoRisaralda\vendor\laravel\framework\src\Illuminate\Database\Migrations\Migrator.php:253
C:\Users\USUARIO\Documents\Documentos Christian\Archivos Estudio\Sena\PROYECTO FORMATIVO\BackEnd\Conexion-EcoRisaralda\vendor\laravel\framework\src\Illuminate\Console\View\Components\Task.php:41
C:\Users\USUARIO\Documents\Documentos Christian\Archivos Estudio\Sena\PROYECTO FORMATIVO\BackEnd\Conexion-EcoRisaralda\vendor\laravel\framework\src\Illuminate\Database\Migrations\Migrator.php:814
C:\Users\USUARIO\Documents\Documentos Christian\Archivos Estudio\Sena\PROYECTO FORMATIVO\BackEnd\Conexion-EcoRisaralda\vendor\laravel\framework\src\Illuminate\Database\Migrations\Migrator.php:253
C:\Users\USUARIO\Documents\Documentos Christian\Archivos Estudio\Sena\PROYECTO FORMATIVO\BackEnd\Conexion-EcoRisaralda\vendor\laravel\framework\src\Illuminate\Database\Migrations\Migrator.php:211
C:\Users\USUARIO\Documents\Documentos Christian\Archivos Estudio\Sena\PROYECTO FORMATIVO\BackEnd\Conexion-EcoRisaralda\vendor\laravel\framework\src\Illuminate\Database\Migrations\Migrator.php:138
C:\Users\USUARIO\Documents\Documentos Christian\Archivos Estudio\Sena\PROYECTO FORMATIVO\BackEnd\Conexion-EcoRisaralda\vendor\laravel\framework\src\Illuminate\Database\Console\Migrations\MigrateCommand.php:116
C:\Users\USUARIO\Documents\Documentos Christian\Archivos Estudio\Sena\PROYECTO FORMATIVO\BackEnd\Conexion-EcoRisaralda\vendor\laravel\framework\src\Illuminate\Database\Migrations\Migrator.php:671
C:\Users\USUARIO\Documents\Documentos Christian\Archivos Estudio\Sena\PROYECTO FORMATIVO\BackEnd\Conexion-EcoRisaralda\vendor\laravel\framework\src\Illuminate\Database\Console\Migrations\MigrateCommand.php:109
C:\Users\USUARIO\Documents\Documentos Christian\Archivos Estudio\Sena\PROYECTO FORMATIVO\BackEnd\Conexion-EcoRisaralda\vendor\laravel\framework\src\Illuminate\Database\Console\Migrations\MigrateCommand.php:88
C:\Users\USUARIO\Documents\Documentos Christian\Archivos Estudio\Sena\PROYECTO FORMATIVO\BackEnd\Conexion-EcoRisaralda\vendor\laravel\framework\src\Illuminate\Container\BoundMethod.php:36
C:\Users\USUARIO\Documents\Documentos Christian\Archivos Estudio\Sena\PROYECTO FORMATIVO\BackEnd\Conexion-EcoRisaralda\vendor\laravel\framework\src\Illuminate\Container\Util.php:43
C:\Users\USUARIO\Documents\Documentos Christian\Archivos Estudio\Sena\PROYECTO FORMATIVO\BackEnd\Conexion-EcoRisaralda\vendor\laravel\framework\src\Illuminate\Container\BoundMethod.php:96
C:\Users\USUARIO\Documents\Documentos Christian\Archivos Estudio\Sena\PROYECTO FORMATIVO\BackEnd\Conexion-EcoRisaralda\vendor\laravel\framework\src\Illuminate\Container\BoundMethod.php:35
C:\Users\USUARIO\Documents\Documentos Christian\Archivos Estudio\Sena\PROYECTO FORMATIVO\BackEnd\Conexion-EcoRisaralda\vendor\laravel\framework\src\Illuminate\Container\Container.php:799
C:\Users\USUARIO\Documents\Documentos Christian\Archivos Estudio\Sena\PROYECTO FORMATIVO\BackEnd\Conexion-EcoRisaralda\vendor\laravel\framework\src\Illuminate\Console\Command.php:211
C:\Users\USUARIO\Documents\Documentos Christian\Archivos Estudio\Sena\PROYECTO FORMATIVO\BackEnd\Conexion-EcoRisaralda\vendor\symfony\console\Command\Command.php:341
C:\Users\USUARIO\Documents\Documentos Christian\Archivos Estudio\Sena\PROYECTO FORMATIVO\BackEnd\Conexion-EcoRisaralda\vendor\laravel\framework\src\Illuminate\Console\Command.php:180
C:\Users\USUARIO\Documents\Documentos Christian\Archivos Estudio\Sena\PROYECTO FORMATIVO\BackEnd\Conexion-EcoRisaralda\vendor\laravel\framework\src\Illuminate\Console\Concerns\CallsCommands.php:68
C:\Users\USUARIO\Documents\Documentos Christian\Archivos Estudio\Sena\PROYECTO FORMATIVO\BackEnd\Conexion-EcoRisaralda\vendor\laravel\framework\src\Illuminate\Console\Concerns\CallsCommands.php:29
C:\Users\USUARIO\Documents\Documentos Christian\Archivos Estudio\Sena\PROYECTO FORMATIVO\BackEnd\Conexion-EcoRisaralda\vendor\laravel\framework\src\Illuminate\Database\Console\Migrations\FreshCommand.php:81
C:\Users\USUARIO\Documents\Documentos Christian\Archivos Estudio\Sena\PROYECTO FORMATIVO\BackEnd\Conexion-EcoRisaralda\vendor\laravel\framework\src\Illuminate\Container\BoundMethod.php:36
C:\Users\USUARIO\Documents\Documentos Christian\Archivos Estudio\Sena\PROYECTO FORMATIVO\BackEnd\Conexion-EcoRisaralda\vendor\laravel\framework\src\Illuminate\Container\Util.php:43
C:\Users\USUARIO\Documents\Documentos Christian\Archivos Estudio\Sena\PROYECTO FORMATIVO\BackEnd\Conexion-EcoRisaralda\vendor\laravel\framework\src\Illuminate\Container\BoundMethod.php:96
C:\Users\USUARIO\Documents\Documentos Christian\Archivos Estudio\Sena\PROYECTO FORMATIVO\BackEnd\Conexion-EcoRisaralda\vendor\laravel\framework\src\Illuminate\Container\BoundMethod.php:35
C:\Users\USUARIO\Documents\Documentos Christian\Archivos Estudio\Sena\PROYECTO FORMATIVO\BackEnd\Conexion-EcoRisaralda\vendor\laravel\framework\src\Illuminate\Container\Container.php:799
C:\Users\USUARIO\Documents\Documentos Christian\Archivos Estudio\Sena\PROYECTO FORMATIVO\BackEnd\Conexion-EcoRisaralda\vendor\laravel\framework\src\Illuminate\Console\Command.php:211
C:\Users\USUARIO\Documents\Documentos Christian\Archivos Estudio\Sena\PROYECTO FORMATIVO\BackEnd\Conexion-EcoRisaralda\vendor\symfony\console\Command\Command.php:341
C:\Users\USUARIO\Documents\Documentos Christian\Archivos Estudio\Sena\PROYECTO FORMATIVO\BackEnd\Conexion-EcoRisaralda\vendor\laravel\framework\src\Illuminate\Console\Command.php:180
C:\Users\USUARIO\Documents\Documentos Christian\Archivos Estudio\Sena\PROYECTO FORMATIVO\BackEnd\Conexion-EcoRisaralda\vendor\symfony\console\Application.php:1079
C:\Users\USUARIO\Documents\Documentos Christian\Archivos Estudio\Sena\PROYECTO FORMATIVO\BackEnd\Conexion-EcoRisaralda\vendor\symfony\console\Application.php:356
C:\Users\USUARIO\Documents\Documentos Christian\Archivos Estudio\Sena\PROYECTO FORMATIVO\BackEnd\Conexion-EcoRisaralda\vendor\symfony\console\Application.php:195
C:\Users\USUARIO\Documents\Documentos Christian\Archivos Estudio\Sena\PROYECTO FORMATIVO\BackEnd\Conexion-EcoRisaralda\vendor\laravel\framework\src\Illuminate\Console\Application.php:165
C:\Users\USUARIO\Documents\Documentos Christian\Archivos Estudio\Sena\PROYECTO FORMATIVO\BackEnd\Conexion-EcoRisaralda\vendor\laravel\framework\src\Illuminate\Foundation\Console\Kernel.php:447
C:\Users\USUARIO\Documents\Documentos Christian\Archivos Estudio\Sena\PROYECTO FORMATIVO\BackEnd\Conexion-EcoRisaralda\vendor\laravel\framework\src\Illuminate\Testing\PendingCommand.php:451
C:\Users\USUARIO\Documents\Documentos Christian\Archivos Estudio\Sena\PROYECTO FORMATIVO\BackEnd\Conexion-EcoRisaralda\vendor\laravel\framework\src\Illuminate\Testing\PendingCommand.php:675
C:\Users\USUARIO\Documents\Documentos Christian\Archivos Estudio\Sena\PROYECTO FORMATIVO\BackEnd\Conexion-EcoRisaralda\vendor\laravel\framework\src\Illuminate\Foundation\Testing\Concerns\InteractsWithConsole.php:87
C:\Users\USUARIO\Documents\Documentos Christian\Archivos Estudio\Sena\PROYECTO FORMATIVO\BackEnd\Conexion-EcoRisaralda\vendor\laravel\framework\src\Illuminate\Foundation\Testing\RefreshDatabase.php:119
C:\Users\USUARIO\Documents\Documentos Christian\Archivos Estudio\Sena\PROYECTO FORMATIVO\BackEnd\Conexion-EcoRisaralda\vendor\laravel\framework\src\Illuminate\Foundation\Testing\RefreshDatabase.php:84
C:\Users\USUARIO\Documents\Documentos Christian\Archivos Estudio\Sena\PROYECTO FORMATIVO\BackEnd\Conexion-EcoRisaralda\vendor\laravel\framework\src\Illuminate\Foundation\Testing\RefreshDatabase.php:25
C:\Users\USUARIO\Documents\Documentos Christian\Archivos Estudio\Sena\PROYECTO FORMATIVO\BackEnd\Conexion-EcoRisaralda\vendor\laravel\framework\src\Illuminate\Foundation\Testing\Concerns\InteractsWithTestCaseLifecycle.php:217
C:\Users\USUARIO\Documents\Documentos Christian\Archivos Estudio\Sena\PROYECTO FORMATIVO\BackEnd\Conexion-EcoRisaralda\vendor\laravel\framework\src\Illuminate\Foundation\Testing\Concerns\InteractsWithTestCaseLifecycle.php:101
C:\Users\USUARIO\Documents\Documentos Christian\Archivos Estudio\Sena\PROYECTO FORMATIVO\BackEnd\Conexion-EcoRisaralda\vendor\laravel\framework\src\Illuminate\Foundation\Testing\TestCase.php:63</error>
        </testcase>
        <testcase name="test_returns_404_for_nonexistent_event" file="C:\Users\USUARIO\Documents\Documentos Christian\Archivos Estudio\Sena\PROYECTO FORMATIVO\BackEnd\Conexion-EcoRisaralda\tests\Feature\EventsApiTest.php" line="58" class="Tests\Feature\EventsApiTest" classname="Tests.Feature.EventsApiTest" assertions="0" time="0.000000">
          <error type="Illuminate\Database\QueryException">Tests\Feature\EventsApiTest::test_returns_404_for_nonexistent_event&#13;
Illuminate\Database\QueryException: SQLSTATE[HY000]: General error: 1 near "MODIFY": syntax error (Connection: sqlite, Database: :memory:, SQL: ALTER TABLE users MODIFY status ENUM('pending','approved','rejected','active','inactive') DEFAULT 'active')
&#13;
C:\Users\USUARIO\Documents\Documentos Christian\Archivos Estudio\Sena\PROYECTO FORMATIVO\BackEnd\Conexion-EcoRisaralda\vendor\laravel\framework\src\Illuminate\Database\Connection.php:838
C:\Users\USUARIO\Documents\Documentos Christian\Archivos Estudio\Sena\PROYECTO FORMATIVO\BackEnd\Conexion-EcoRisaralda\vendor\laravel\framework\src\Illuminate\Database\Connection.php:794
C:\Users\USUARIO\Documents\Documentos Christian\Archivos Estudio\Sena\PROYECTO FORMATIVO\BackEnd\Conexion-EcoRisaralda\vendor\laravel\framework\src\Illuminate\Database\Connection.php:573
C:\Users\USUARIO\Documents\Documentos Christian\Archivos Estudio\Sena\PROYECTO FORMATIVO\BackEnd\Conexion-EcoRisaralda\vendor\laravel\framework\src\Illuminate\Database\DatabaseManager.php:491
C:\Users\USUARIO\Documents\Documentos Christian\Archivos Estudio\Sena\PROYECTO FORMATIVO\BackEnd\Conexion-EcoRisaralda\vendor\laravel\framework\src\Illuminate\Support\Facades\Facade.php:363
C:\Users\USUARIO\Documents\Documentos Christian\Archivos Estudio\Sena\PROYECTO FORMATIVO\BackEnd\Conexion-EcoRisaralda\database\migrations\2026_02_09_000001_add_inactive_to_status_enum_on_users_table.php:16
C:\Users\USUARIO\Documents\Documentos Christian\Archivos Estudio\Sena\PROYECTO FORMATIVO\BackEnd\Conexion-EcoRisaralda\vendor\laravel\framework\src\Illuminate\Database\Migrations\Migrator.php:517
C:\Users\USUARIO\Documents\Documentos Christian\Archivos Estudio\Sena\PROYECTO FORMATIVO\BackEnd\Conexion-EcoRisaralda\vendor\laravel\framework\src\Illuminate\Database\Migrations\Migrator.php:442
C:\Users\USUARIO\Documents\Documentos Christian\Archivos Estudio\Sena\PROYECTO FORMATIVO\BackEnd\Conexion-EcoRisaralda\vendor\laravel\framework\src\Illuminate\Database\Migrations\Migrator.php:451
C:\Users\USUARIO\Documents\Documentos Christian\Archivos Estudio\Sena\PROYECTO FORMATIVO\BackEnd\Conexion-EcoRisaralda\vendor\laravel\framework\src\Illuminate\Database\Migrations\Migrator.php:253
C:\Users\USUARIO\Documents\Documentos Christian\Archivos Estudio\Sena\PROYECTO FORMATIVO\BackEnd\Conexion-EcoRisaralda\vendor\laravel\framework\src\Illuminate\Console\View\Components\Task.php:41
C:\Users\USUARIO\Documents\Documentos Christian\Archivos Estudio\Sena\PROYECTO FORMATIVO\BackEnd\Conexion-EcoRisaralda\vendor\laravel\framework\src\Illuminate\Database\Migrations\Migrator.php:814
C:\Users\USUARIO\Documents\Documentos Christian\Archivos Estudio\Sena\PROYECTO FORMATIVO\BackEnd\Conexion-EcoRisaralda\vendor\laravel\framework\src\Illuminate\Database\Migrations\Migrator.php:253
C:\Users\USUARIO\Documents\Documentos Christian\Archivos Estudio\Sena\PROYECTO FORMATIVO\BackEnd\Conexion-EcoRisaralda\vendor\laravel\framework\src\Illuminate\Database\Migrations\Migrator.php:211
C:\Users\USUARIO\Documents\Documentos Christian\Archivos Estudio\Sena\PROYECTO FORMATIVO\BackEnd\Conexion-EcoRisaralda\vendor\laravel\framework\src\Illuminate\Database\Migrations\Migrator.php:138
C:\Users\USUARIO\Documents\Documentos Christian\Archivos Estudio\Sena\PROYECTO FORMATIVO\BackEnd\Conexion-EcoRisaralda\vendor\laravel\framework\src\Illuminate\Database\Console\Migrations\MigrateCommand.php:116
C:\Users\USUARIO\Documents\Documentos Christian\Archivos Estudio\Sena\PROYECTO FORMATIVO\BackEnd\Conexion-EcoRisaralda\vendor\laravel\framework\src\Illuminate\Database\Migrations\Migrator.php:671
C:\Users\USUARIO\Documents\Documentos Christian\Archivos Estudio\Sena\PROYECTO FORMATIVO\BackEnd\Conexion-EcoRisaralda\vendor\laravel\framework\src\Illuminate\Database\Console\Migrations\MigrateCommand.php:109
C:\Users\USUARIO\Documents\Documentos Christian\Archivos Estudio\Sena\PROYECTO FORMATIVO\BackEnd\Conexion-EcoRisaralda\vendor\laravel\framework\src\Illuminate\Database\Console\Migrations\MigrateCommand.php:88
C:\Users\USUARIO\Documents\Documentos Christian\Archivos Estudio\Sena\PROYECTO FORMATIVO\BackEnd\Conexion-EcoRisaralda\vendor\laravel\framework\src\Illuminate\Container\BoundMethod.php:36
C:\Users\USUARIO\Documents\Documentos Christian\Archivos Estudio\Sena\PROYECTO FORMATIVO\BackEnd\Conexion-EcoRisaralda\vendor\laravel\framework\src\Illuminate\Container\Util.php:43
C:\Users\USUARIO\Documents\Documentos Christian\Archivos Estudio\Sena\PROYECTO FORMATIVO\BackEnd\Conexion-EcoRisaralda\vendor\laravel\framework\src\Illuminate\Container\BoundMethod.php:96
C:\Users\USUARIO\Documents\Documentos Christian\Archivos Estudio\Sena\PROYECTO FORMATIVO\BackEnd\Conexion-EcoRisaralda\vendor\laravel\framework\src\Illuminate\Container\BoundMethod.php:35
C:\Users\USUARIO\Documents\Documentos Christian\Archivos Estudio\Sena\PROYECTO FORMATIVO\BackEnd\Conexion-EcoRisaralda\vendor\laravel\framework\src\Illuminate\Container\Container.php:799
C:\Users\USUARIO\Documents\Documentos Christian\Archivos Estudio\Sena\PROYECTO FORMATIVO\BackEnd\Conexion-EcoRisaralda\vendor\laravel\framework\src\Illuminate\Console\Command.php:211
C:\Users\USUARIO\Documents\Documentos Christian\Archivos Estudio\Sena\PROYECTO FORMATIVO\BackEnd\Conexion-EcoRisaralda\vendor\symfony\console\Command\Command.php:341
C:\Users\USUARIO\Documents\Documentos Christian\Archivos Estudio\Sena\PROYECTO FORMATIVO\BackEnd\Conexion-EcoRisaralda\vendor\laravel\framework\src\Illuminate\Console\Command.php:180
C:\Users\USUARIO\Documents\Documentos Christian\Archivos Estudio\Sena\PROYECTO FORMATIVO\BackEnd\Conexion-EcoRisaralda\vendor\laravel\framework\src\Illuminate\Console\Concerns\CallsCommands.php:68
C:\Users\USUARIO\Documents\Documentos Christian\Archivos Estudio\Sena\PROYECTO FORMATIVO\BackEnd\Conexion-EcoRisaralda\vendor\laravel\framework\src\Illuminate\Console\Concerns\CallsCommands.php:29
C:\Users\USUARIO\Documents\Documentos Christian\Archivos Estudio\Sena\PROYECTO FORMATIVO\BackEnd\Conexion-EcoRisaralda\vendor\laravel\framework\src\Illuminate\Database\Console\Migrations\FreshCommand.php:81
C:\Users\USUARIO\Documents\Documentos Christian\Archivos Estudio\Sena\PROYECTO FORMATIVO\BackEnd\Conexion-EcoRisaralda\vendor\laravel\framework\src\Illuminate\Container\BoundMethod.php:36
C:\Users\USUARIO\Documents\Documentos Christian\Archivos Estudio\Sena\PROYECTO FORMATIVO\BackEnd\Conexion-EcoRisaralda\vendor\laravel\framework\src\Illuminate\Container\Util.php:43
C:\Users\USUARIO\Documents\Documentos Christian\Archivos Estudio\Sena\PROYECTO FORMATIVO\BackEnd\Conexion-EcoRisaralda\vendor\laravel\framework\src\Illuminate\Container\BoundMethod.php:96
C:\Users\USUARIO\Documents\Documentos Christian\Archivos Estudio\Sena\PROYECTO FORMATIVO\BackEnd\Conexion-EcoRisaralda\vendor\laravel\framework\src\Illuminate\Container\BoundMethod.php:35
C:\Users\USUARIO\Documents\Documentos Christian\Archivos Estudio\Sena\PROYECTO FORMATIVO\BackEnd\Conexion-EcoRisaralda\vendor\laravel\framework\src\Illuminate\Container\Container.php:799
C:\Users\USUARIO\Documents\Documentos Christian\Archivos Estudio\Sena\PROYECTO FORMATIVO\BackEnd\Conexion-EcoRisaralda\vendor\laravel\framework\src\Illuminate\Console\Command.php:211
C:\Users\USUARIO\Documents\Documentos Christian\Archivos Estudio\Sena\PROYECTO FORMATIVO\BackEnd\Conexion-EcoRisaralda\vendor\symfony\console\Command\Command.php:341
C:\Users\USUARIO\Documents\Documentos Christian\Archivos Estudio\Sena\PROYECTO FORMATIVO\BackEnd\Conexion-EcoRisaralda\vendor\laravel\framework\src\Illuminate\Console\Command.php:180
C:\Users\USUARIO\Documents\Documentos Christian\Archivos Estudio\Sena\PROYECTO FORMATIVO\BackEnd\Conexion-EcoRisaralda\vendor\symfony\console\Application.php:1079
C:\Users\USUARIO\Documents\Documentos Christian\Archivos Estudio\Sena\PROYECTO FORMATIVO\BackEnd\Conexion-EcoRisaralda\vendor\symfony\console\Application.php:356
C:\Users\USUARIO\Documents\Documentos Christian\Archivos Estudio\Sena\PROYECTO FORMATIVO\BackEnd\Conexion-EcoRisaralda\vendor\symfony\console\Application.php:195
C:\Users\USUARIO\Documents\Documentos Christian\Archivos Estudio\Sena\PROYECTO FORMATIVO\BackEnd\Conexion-EcoRisaralda\vendor\laravel\framework\src\Illuminate\Console\Application.php:165
C:\Users\USUARIO\Documents\Documentos Christian\Archivos Estudio\Sena\PROYECTO FORMATIVO\BackEnd\Conexion-EcoRisaralda\vendor\laravel\framework\src\Illuminate\Foundation\Console\Kernel.php:447
C:\Users\USUARIO\Documents\Documentos Christian\Archivos Estudio\Sena\PROYECTO FORMATIVO\BackEnd\Conexion-EcoRisaralda\vendor\laravel\framework\src\Illuminate\Testing\PendingCommand.php:451
C:\Users\USUARIO\Documents\Documentos Christian\Archivos Estudio\Sena\PROYECTO FORMATIVO\BackEnd\Conexion-EcoRisaralda\vendor\laravel\framework\src\Illuminate\Testing\PendingCommand.php:675
C:\Users\USUARIO\Documents\Documentos Christian\Archivos Estudio\Sena\PROYECTO FORMATIVO\BackEnd\Conexion-EcoRisaralda\vendor\laravel\framework\src\Illuminate\Foundation\Testing\Concerns\InteractsWithConsole.php:87
C:\Users\USUARIO\Documents\Documentos Christian\Archivos Estudio\Sena\PROYECTO FORMATIVO\BackEnd\Conexion-EcoRisaralda\vendor\laravel\framework\src\Illuminate\Foundation\Testing\RefreshDatabase.php:119
C:\Users\USUARIO\Documents\Documentos Christian\Archivos Estudio\Sena\PROYECTO FORMATIVO\BackEnd\Conexion-EcoRisaralda\vendor\laravel\framework\src\Illuminate\Foundation\Testing\RefreshDatabase.php:84
C:\Users\USUARIO\Documents\Documentos Christian\Archivos Estudio\Sena\PROYECTO FORMATIVO\BackEnd\Conexion-EcoRisaralda\vendor\laravel\framework\src\Illuminate\Foundation\Testing\RefreshDatabase.php:25
C:\Users\USUARIO\Documents\Documentos Christian\Archivos Estudio\Sena\PROYECTO FORMATIVO\BackEnd\Conexion-EcoRisaralda\vendor\laravel\framework\src\Illuminate\Foundation\Testing\Concerns\InteractsWithTestCaseLifecycle.php:217
C:\Users\USUARIO\Documents\Documentos Christian\Archivos Estudio\Sena\PROYECTO FORMATIVO\BackEnd\Conexion-EcoRisaralda\vendor\laravel\framework\src\Illuminate\Foundation\Testing\Concerns\InteractsWithTestCaseLifecycle.php:101
C:\Users\USUARIO\Documents\Documentos Christian\Archivos Estudio\Sena\PROYECTO FORMATIVO\BackEnd\Conexion-EcoRisaralda\vendor\laravel\framework\src\Illuminate\Foundation\Testing\TestCase.php:63</error>
        </testcase>
        <testcase name="test_operator_can_create_event" file="C:\Users\USUARIO\Documents\Documentos Christian\Archivos Estudio\Sena\PROYECTO FORMATIVO\BackEnd\Conexion-EcoRisaralda\tests\Feature\EventsApiTest.php" line="67" class="Tests\Feature\EventsApiTest" classname="Tests.Feature.EventsApiTest" assertions="0" time="0.000000">
          <error type="Illuminate\Database\QueryException">Tests\Feature\EventsApiTest::test_operator_can_create_event&#13;
Illuminate\Database\QueryException: SQLSTATE[HY000]: General error: 1 near "MODIFY": syntax error (Connection: sqlite, Database: :memory:, SQL: ALTER TABLE users MODIFY status ENUM('pending','approved','rejected','active','inactive') DEFAULT 'active')
&#13;
C:\Users\USUARIO\Documents\Documentos Christian\Archivos Estudio\Sena\PROYECTO FORMATIVO\BackEnd\Conexion-EcoRisaralda\vendor\laravel\framework\src\Illuminate\Database\Connection.php:838
C:\Users\USUARIO\Documents\Documentos Christian\Archivos Estudio\Sena\PROYECTO FORMATIVO\BackEnd\Conexion-EcoRisaralda\vendor\laravel\framework\src\Illuminate\Database\Connection.php:794
C:\Users\USUARIO\Documents\Documentos Christian\Archivos Estudio\Sena\PROYECTO FORMATIVO\BackEnd\Conexion-EcoRisaralda\vendor\laravel\framework\src\Illuminate\Database\Connection.php:573
C:\Users\USUARIO\Documents\Documentos Christian\Archivos Estudio\Sena\PROYECTO FORMATIVO\BackEnd\Conexion-EcoRisaralda\vendor\laravel\framework\src\Illuminate\Database\DatabaseManager.php:491
C:\Users\USUARIO\Documents\Documentos Christian\Archivos Estudio\Sena\PROYECTO FORMATIVO\BackEnd\Conexion-EcoRisaralda\vendor\laravel\framework\src\Illuminate\Support\Facades\Facade.php:363
C:\Users\USUARIO\Documents\Documentos Christian\Archivos Estudio\Sena\PROYECTO FORMATIVO\BackEnd\Conexion-EcoRisaralda\database\migrations\2026_02_09_000001_add_inactive_to_status_enum_on_users_table.php:16
C:\Users\USUARIO\Documents\Documentos Christian\Archivos Estudio\Sena\PROYECTO FORMATIVO\BackEnd\Conexion-EcoRisaralda\vendor\laravel\framework\src\Illuminate\Database\Migrations\Migrator.php:517
C:\Users\USUARIO\Documents\Documentos Christian\Archivos Estudio\Sena\PROYECTO FORMATIVO\BackEnd\Conexion-EcoRisaralda\vendor\laravel\framework\src\Illuminate\Database\Migrations\Migrator.php:442
C:\Users\USUARIO\Documents\Documentos Christian\Archivos Estudio\Sena\PROYECTO FORMATIVO\BackEnd\Conexion-EcoRisaralda\vendor\laravel\framework\src\Illuminate\Database\Migrations\Migrator.php:451
C:\Users\USUARIO\Documents\Documentos Christian\Archivos Estudio\Sena\PROYECTO FORMATIVO\BackEnd\Conexion-EcoRisaralda\vendor\laravel\framework\src\Illuminate\Database\Migrations\Migrator.php:253
C:\Users\USUARIO\Documents\Documentos Christian\Archivos Estudio\Sena\PROYECTO FORMATIVO\BackEnd\Conexion-EcoRisaralda\vendor\laravel\framework\src\Illuminate\Console\View\Components\Task.php:41
C:\Users\USUARIO\Documents\Documentos Christian\Archivos Estudio\Sena\PROYECTO FORMATIVO\BackEnd\Conexion-EcoRisaralda\vendor\laravel\framework\src\Illuminate\Database\Migrations\Migrator.php:814
C:\Users\USUARIO\Documents\Documentos Christian\Archivos Estudio\Sena\PROYECTO FORMATIVO\BackEnd\Conexion-EcoRisaralda\vendor\laravel\framework\src\Illuminate\Database\Migrations\Migrator.php:253
C:\Users\USUARIO\Documents\Documentos Christian\Archivos Estudio\Sena\PROYECTO FORMATIVO\BackEnd\Conexion-EcoRisaralda\vendor\laravel\framework\src\Illuminate\Database\Migrations\Migrator.php:211
C:\Users\USUARIO\Documents\Documentos Christian\Archivos Estudio\Sena\PROYECTO FORMATIVO\BackEnd\Conexion-EcoRisaralda\vendor\laravel\framework\src\Illuminate\Database\Migrations\Migrator.php:138
C:\Users\USUARIO\Documents\Documentos Christian\Archivos Estudio\Sena\PROYECTO FORMATIVO\BackEnd\Conexion-EcoRisaralda\vendor\laravel\framework\src\Illuminate\Database\Console\Migrations\MigrateCommand.php:116
C:\Users\USUARIO\Documents\Documentos Christian\Archivos Estudio\Sena\PROYECTO FORMATIVO\BackEnd\Conexion-EcoRisaralda\vendor\laravel\framework\src\Illuminate\Database\Migrations\Migrator.php:671
C:\Users\USUARIO\Documents\Documentos Christian\Archivos Estudio\Sena\PROYECTO FORMATIVO\BackEnd\Conexion-EcoRisaralda\vendor\laravel\framework\src\Illuminate\Database\Console\Migrations\MigrateCommand.php:109
C:\Users\USUARIO\Documents\Documentos Christian\Archivos Estudio\Sena\PROYECTO FORMATIVO\BackEnd\Conexion-EcoRisaralda\vendor\laravel\framework\src\Illuminate\Database\Console\Migrations\MigrateCommand.php:88
C:\Users\USUARIO\Documents\Documentos Christian\Archivos Estudio\Sena\PROYECTO FORMATIVO\BackEnd\Conexion-EcoRisaralda\vendor\laravel\framework\src\Illuminate\Container\BoundMethod.php:36
C:\Users\USUARIO\Documents\Documentos Christian\Archivos Estudio\Sena\PROYECTO FORMATIVO\BackEnd\Conexion-EcoRisaralda\vendor\laravel\framework\src\Illuminate\Container\Util.php:43
C:\Users\USUARIO\Documents\Documentos Christian\Archivos Estudio\Sena\PROYECTO FORMATIVO\BackEnd\Conexion-EcoRisaralda\vendor\laravel\framework\src\Illuminate\Container\BoundMethod.php:96
C:\Users\USUARIO\Documents\Documentos Christian\Archivos Estudio\Sena\PROYECTO FORMATIVO\BackEnd\Conexion-EcoRisaralda\vendor\laravel\framework\src\Illuminate\Container\BoundMethod.php:35
C:\Users\USUARIO\Documents\Documentos Christian\Archivos Estudio\Sena\PROYECTO FORMATIVO\BackEnd\Conexion-EcoRisaralda\vendor\laravel\framework\src\Illuminate\Container\Container.php:799
C:\Users\USUARIO\Documents\Documentos Christian\Archivos Estudio\Sena\PROYECTO FORMATIVO\BackEnd\Conexion-EcoRisaralda\vendor\laravel\framework\src\Illuminate\Console\Command.php:211
C:\Users\USUARIO\Documents\Documentos Christian\Archivos Estudio\Sena\PROYECTO FORMATIVO\BackEnd\Conexion-EcoRisaralda\vendor\symfony\console\Command\Command.php:341
C:\Users\USUARIO\Documents\Documentos Christian\Archivos Estudio\Sena\PROYECTO FORMATIVO\BackEnd\Conexion-EcoRisaralda\vendor\laravel\framework\src\Illuminate\Console\Command.php:180
C:\Users\USUARIO\Documents\Documentos Christian\Archivos Estudio\Sena\PROYECTO FORMATIVO\BackEnd\Conexion-EcoRisaralda\vendor\laravel\framework\src\Illuminate\Console\Concerns\CallsCommands.php:68
C:\Users\USUARIO\Documents\Documentos Christian\Archivos Estudio\Sena\PROYECTO FORMATIVO\BackEnd\Conexion-EcoRisaralda\vendor\laravel\framework\src\Illuminate\Console\Concerns\CallsCommands.php:29
C:\Users\USUARIO\Documents\Documentos Christian\Archivos Estudio\Sena\PROYECTO FORMATIVO\BackEnd\Conexion-EcoRisaralda\vendor\laravel\framework\src\Illuminate\Database\Console\Migrations\FreshCommand.php:81
C:\Users\USUARIO\Documents\Documentos Christian\Archivos Estudio\Sena\PROYECTO FORMATIVO\BackEnd\Conexion-EcoRisaralda\vendor\laravel\framework\src\Illuminate\Container\BoundMethod.php:36
C:\Users\USUARIO\Documents\Documentos Christian\Archivos Estudio\Sena\PROYECTO FORMATIVO\BackEnd\Conexion-EcoRisaralda\vendor\laravel\framework\src\Illuminate\Container\Util.php:43
C:\Users\USUARIO\Documents\Documentos Christian\Archivos Estudio\Sena\PROYECTO FORMATIVO\BackEnd\Conexion-EcoRisaralda\vendor\laravel\framework\src\Illuminate\Container\BoundMethod.php:96
C:\Users\USUARIO\Documents\Documentos Christian\Archivos Estudio\Sena\PROYECTO FORMATIVO\BackEnd\Conexion-EcoRisaralda\vendor\laravel\framework\src\Illuminate\Container\BoundMethod.php:35
C:\Users\USUARIO\Documents\Documentos Christian\Archivos Estudio\Sena\PROYECTO FORMATIVO\BackEnd\Conexion-EcoRisaralda\vendor\laravel\framework\src\Illuminate\Container\Container.php:799
C:\Users\USUARIO\Documents\Documentos Christian\Archivos Estudio\Sena\PROYECTO FORMATIVO\BackEnd\Conexion-EcoRisaralda\vendor\laravel\framework\src\Illuminate\Console\Command.php:211
C:\Users\USUARIO\Documents\Documentos Christian\Archivos Estudio\Sena\PROYECTO FORMATIVO\BackEnd\Conexion-EcoRisaralda\vendor\symfony\console\Command\Command.php:341
C:\Users\USUARIO\Documents\Documentos Christian\Archivos Estudio\Sena\PROYECTO FORMATIVO\BackEnd\Conexion-EcoRisaralda\vendor\laravel\framework\src\Illuminate\Console\Command.php:180
C:\Users\USUARIO\Documents\Documentos Christian\Archivos Estudio\Sena\PROYECTO FORMATIVO\BackEnd\Conexion-EcoRisaralda\vendor\symfony\console\Application.php:1079
C:\Users\USUARIO\Documents\Documentos Christian\Archivos Estudio\Sena\PROYECTO FORMATIVO\BackEnd\Conexion-EcoRisaralda\vendor\symfony\console\Application.php:356
C:\Users\USUARIO\Documents\Documentos Christian\Archivos Estudio\Sena\PROYECTO FORMATIVO\BackEnd\Conexion-EcoRisaralda\vendor\symfony\console\Application.php:195
C:\Users\USUARIO\Documents\Documentos Christian\Archivos Estudio\Sena\PROYECTO FORMATIVO\BackEnd\Conexion-EcoRisaralda\vendor\laravel\framework\src\Illuminate\Console\Application.php:165
C:\Users\USUARIO\Documents\Documentos Christian\Archivos Estudio\Sena\PROYECTO FORMATIVO\BackEnd\Conexion-EcoRisaralda\vendor\laravel\framework\src\Illuminate\Foundation\Console\Kernel.php:447
C:\Users\USUARIO\Documents\Documentos Christian\Archivos Estudio\Sena\PROYECTO FORMATIVO\BackEnd\Conexion-EcoRisaralda\vendor\laravel\framework\src\Illuminate\Testing\PendingCommand.php:451
C:\Users\USUARIO\Documents\Documentos Christian\Archivos Estudio\Sena\PROYECTO FORMATIVO\BackEnd\Conexion-EcoRisaralda\vendor\laravel\framework\src\Illuminate\Testing\PendingCommand.php:675
C:\Users\USUARIO\Documents\Documentos Christian\Archivos Estudio\Sena\PROYECTO FORMATIVO\BackEnd\Conexion-EcoRisaralda\vendor\laravel\framework\src\Illuminate\Foundation\Testing\Concerns\InteractsWithConsole.php:87
C:\Users\USUARIO\Documents\Documentos Christian\Archivos Estudio\Sena\PROYECTO FORMATIVO\BackEnd\Conexion-EcoRisaralda\vendor\laravel\framework\src\Illuminate\Foundation\Testing\RefreshDatabase.php:119
C:\Users\USUARIO\Documents\Documentos Christian\Archivos Estudio\Sena\PROYECTO FORMATIVO\BackEnd\Conexion-EcoRisaralda\vendor\laravel\framework\src\Illuminate\Foundation\Testing\RefreshDatabase.php:84
C:\Users\USUARIO\Documents\Documentos Christian\Archivos Estudio\Sena\PROYECTO FORMATIVO\BackEnd\Conexion-EcoRisaralda\vendor\laravel\framework\src\Illuminate\Foundation\Testing\RefreshDatabase.php:25
C:\Users\USUARIO\Documents\Documentos Christian\Archivos Estudio\Sena\PROYECTO FORMATIVO\BackEnd\Conexion-EcoRisaralda\vendor\laravel\framework\src\Illuminate\Foundation\Testing\Concerns\InteractsWithTestCaseLifecycle.php:217
C:\Users\USUARIO\Documents\Documentos Christian\Archivos Estudio\Sena\PROYECTO FORMATIVO\BackEnd\Conexion-EcoRisaralda\vendor\laravel\framework\src\Illuminate\Foundation\Testing\Concerns\InteractsWithTestCaseLifecycle.php:101
C:\Users\USUARIO\Documents\Documentos Christian\Archivos Estudio\Sena\PROYECTO FORMATIVO\BackEnd\Conexion-EcoRisaralda\vendor\laravel\framework\src\Illuminate\Foundation\Testing\TestCase.php:63</error>
        </testcase>
        <testcase name="test_regular_user_cannot_create_event" file="C:\Users\USUARIO\Documents\Documentos Christian\Archivos Estudio\Sena\PROYECTO FORMATIVO\BackEnd\Conexion-EcoRisaralda\tests\Feature\EventsApiTest.php" line="81" class="Tests\Feature\EventsApiTest" classname="Tests.Feature.EventsApiTest" assertions="0" time="0.000000">
          <error type="Illuminate\Database\QueryException">Tests\Feature\EventsApiTest::test_regular_user_cannot_create_event&#13;
Illuminate\Database\QueryException: SQLSTATE[HY000]: General error: 1 near "MODIFY": syntax error (Connection: sqlite, Database: :memory:, SQL: ALTER TABLE users MODIFY status ENUM('pending','approved','rejected','active','inactive') DEFAULT 'active')
&#13;
C:\Users\USUARIO\Documents\Documentos Christian\Archivos Estudio\Sena\PROYECTO FORMATIVO\BackEnd\Conexion-EcoRisaralda\vendor\laravel\framework\src\Illuminate\Database\Connection.php:838
C:\Users\USUARIO\Documents\Documentos Christian\Archivos Estudio\Sena\PROYECTO FORMATIVO\BackEnd\Conexion-EcoRisaralda\vendor\laravel\framework\src\Illuminate\Database\Connection.php:794
C:\Users\USUARIO\Documents\Documentos Christian\Archivos Estudio\Sena\PROYECTO FORMATIVO\BackEnd\Conexion-EcoRisaralda\vendor\laravel\framework\src\Illuminate\Database\Connection.php:573
C:\Users\USUARIO\Documents\Documentos Christian\Archivos Estudio\Sena\PROYECTO FORMATIVO\BackEnd\Conexion-EcoRisaralda\vendor\laravel\framework\src\Illuminate\Database\DatabaseManager.php:491
C:\Users\USUARIO\Documents\Documentos Christian\Archivos Estudio\Sena\PROYECTO FORMATIVO\BackEnd\Conexion-EcoRisaralda\vendor\laravel\framework\src\Illuminate\Support\Facades\Facade.php:363
C:\Users\USUARIO\Documents\Documentos Christian\Archivos Estudio\Sena\PROYECTO FORMATIVO\BackEnd\Conexion-EcoRisaralda\database\migrations\2026_02_09_000001_add_inactive_to_status_enum_on_users_table.php:16
C:\Users\USUARIO\Documents\Documentos Christian\Archivos Estudio\Sena\PROYECTO FORMATIVO\BackEnd\Conexion-EcoRisaralda\vendor\laravel\framework\src\Illuminate\Database\Migrations\Migrator.php:517
C:\Users\USUARIO\Documents\Documentos Christian\Archivos Estudio\Sena\PROYECTO FORMATIVO\BackEnd\Conexion-EcoRisaralda\vendor\laravel\framework\src\Illuminate\Database\Migrations\Migrator.php:442
C:\Users\USUARIO\Documents\Documentos Christian\Archivos Estudio\Sena\PROYECTO FORMATIVO\BackEnd\Conexion-EcoRisaralda\vendor\laravel\framework\src\Illuminate\Database\Migrations\Migrator.php:451
C:\Users\USUARIO\Documents\Documentos Christian\Archivos Estudio\Sena\PROYECTO FORMATIVO\BackEnd\Conexion-EcoRisaralda\vendor\laravel\framework\src\Illuminate\Database\Migrations\Migrator.php:253
C:\Users\USUARIO\Documents\Documentos Christian\Archivos Estudio\Sena\PROYECTO FORMATIVO\BackEnd\Conexion-EcoRisaralda\vendor\laravel\framework\src\Illuminate\Console\View\Components\Task.php:41
C:\Users\USUARIO\Documents\Documentos Christian\Archivos Estudio\Sena\PROYECTO FORMATIVO\BackEnd\Conexion-EcoRisaralda\vendor\laravel\framework\src\Illuminate\Database\Migrations\Migrator.php:814
C:\Users\USUARIO\Documents\Documentos Christian\Archivos Estudio\Sena\PROYECTO FORMATIVO\BackEnd\Conexion-EcoRisaralda\vendor\laravel\framework\src\Illuminate\Database\Migrations\Migrator.php:253
C:\Users\USUARIO\Documents\Documentos Christian\Archivos Estudio\Sena\PROYECTO FORMATIVO\BackEnd\Conexion-EcoRisaralda\vendor\laravel\framework\src\Illuminate\Database\Migrations\Migrator.php:211
C:\Users\USUARIO\Documents\Documentos Christian\Archivos Estudio\Sena\PROYECTO FORMATIVO\BackEnd\Conexion-EcoRisaralda\vendor\laravel\framework\src\Illuminate\Database\Migrations\Migrator.php:138
C:\Users\USUARIO\Documents\Documentos Christian\Archivos Estudio\Sena\PROYECTO FORMATIVO\BackEnd\Conexion-EcoRisaralda\vendor\laravel\framework\src\Illuminate\Database\Console\Migrations\MigrateCommand.php:116
C:\Users\USUARIO\Documents\Documentos Christian\Archivos Estudio\Sena\PROYECTO FORMATIVO\BackEnd\Conexion-EcoRisaralda\vendor\laravel\framework\src\Illuminate\Database\Migrations\Migrator.php:671
C:\Users\USUARIO\Documents\Documentos Christian\Archivos Estudio\Sena\PROYECTO FORMATIVO\BackEnd\Conexion-EcoRisaralda\vendor\laravel\framework\src\Illuminate\Database\Console\Migrations\MigrateCommand.php:109
C:\Users\USUARIO\Documents\Documentos Christian\Archivos Estudio\Sena\PROYECTO FORMATIVO\BackEnd\Conexion-EcoRisaralda\vendor\laravel\framework\src\Illuminate\Database\Console\Migrations\MigrateCommand.php:88
C:\Users\USUARIO\Documents\Documentos Christian\Archivos Estudio\Sena\PROYECTO FORMATIVO\BackEnd\Conexion-EcoRisaralda\vendor\laravel\framework\src\Illuminate\Container\BoundMethod.php:36
C:\Users\USUARIO\Documents\Documentos Christian\Archivos Estudio\Sena\PROYECTO FORMATIVO\BackEnd\Conexion-EcoRisaralda\vendor\laravel\framework\src\Illuminate\Container\Util.php:43
C:\Users\USUARIO\Documents\Documentos Christian\Archivos Estudio\Sena\PROYECTO FORMATIVO\BackEnd\Conexion-EcoRisaralda\vendor\laravel\framework\src\Illuminate\Container\BoundMethod.php:96
C:\Users\USUARIO\Documents\Documentos Christian\Archivos Estudio\Sena\PROYECTO FORMATIVO\BackEnd\Conexion-EcoRisaralda\vendor\laravel\framework\src\Illuminate\Container\BoundMethod.php:35
C:\Users\USUARIO\Documents\Documentos Christian\Archivos Estudio\Sena\PROYECTO FORMATIVO\BackEnd\Conexion-EcoRisaralda\vendor\laravel\framework\src\Illuminate\Container\Container.php:799
C:\Users\USUARIO\Documents\Documentos Christian\Archivos Estudio\Sena\PROYECTO FORMATIVO\BackEnd\Conexion-EcoRisaralda\vendor\laravel\framework\src\Illuminate\Console\Command.php:211
C:\Users\USUARIO\Documents\Documentos Christian\Archivos Estudio\Sena\PROYECTO FORMATIVO\BackEnd\Conexion-EcoRisaralda\vendor\symfony\console\Command\Command.php:341
C:\Users\USUARIO\Documents\Documentos Christian\Archivos Estudio\Sena\PROYECTO FORMATIVO\BackEnd\Conexion-EcoRisaralda\vendor\laravel\framework\src\Illuminate\Console\Command.php:180
C:\Users\USUARIO\Documents\Documentos Christian\Archivos Estudio\Sena\PROYECTO FORMATIVO\BackEnd\Conexion-EcoRisaralda\vendor\laravel\framework\src\Illuminate\Console\Concerns\CallsCommands.php:68
C:\Users\USUARIO\Documents\Documentos Christian\Archivos Estudio\Sena\PROYECTO FORMATIVO\BackEnd\Conexion-EcoRisaralda\vendor\laravel\framework\src\Illuminate\Console\Concerns\CallsCommands.php:29
C:\Users\USUARIO\Documents\Documentos Christian\Archivos Estudio\Sena\PROYECTO FORMATIVO\BackEnd\Conexion-EcoRisaralda\vendor\laravel\framework\src\Illuminate\Database\Console\Migrations\FreshCommand.php:81
C:\Users\USUARIO\Documents\Documentos Christian\Archivos Estudio\Sena\PROYECTO FORMATIVO\BackEnd\Conexion-EcoRisaralda\vendor\laravel\framework\src\Illuminate\Container\BoundMethod.php:36
C:\Users\USUARIO\Documents\Documentos Christian\Archivos Estudio\Sena\PROYECTO FORMATIVO\BackEnd\Conexion-EcoRisaralda\vendor\laravel\framework\src\Illuminate\Container\Util.php:43
C:\Users\USUARIO\Documents\Documentos Christian\Archivos Estudio\Sena\PROYECTO FORMATIVO\BackEnd\Conexion-EcoRisaralda\vendor\laravel\framework\src\Illuminate\Container\BoundMethod.php:96
C:\Users\USUARIO\Documents\Documentos Christian\Archivos Estudio\Sena\PROYECTO FORMATIVO\BackEnd\Conexion-EcoRisaralda\vendor\laravel\framework\src\Illuminate\Container\BoundMethod.php:35
C:\Users\USUARIO\Documents\Documentos Christian\Archivos Estudio\Sena\PROYECTO FORMATIVO\BackEnd\Conexion-EcoRisaralda\vendor\laravel\framework\src\Illuminate\Container\Container.php:799
C:\Users\USUARIO\Documents\Documentos Christian\Archivos Estudio\Sena\PROYECTO FORMATIVO\BackEnd\Conexion-EcoRisaralda\vendor\laravel\framework\src\Illuminate\Console\Command.php:211
C:\Users\USUARIO\Documents\Documentos Christian\Archivos Estudio\Sena\PROYECTO FORMATIVO\BackEnd\Conexion-EcoRisaralda\vendor\symfony\console\Command\Command.php:341
C:\Users\USUARIO\Documents\Documentos Christian\Archivos Estudio\Sena\PROYECTO FORMATIVO\BackEnd\Conexion-EcoRisaralda\vendor\laravel\framework\src\Illuminate\Console\Command.php:180
C:\Users\USUARIO\Documents\Documentos Christian\Archivos Estudio\Sena\PROYECTO FORMATIVO\BackEnd\Conexion-EcoRisaralda\vendor\symfony\console\Application.php:1079
C:\Users\USUARIO\Documents\Documentos Christian\Archivos Estudio\Sena\PROYECTO FORMATIVO\BackEnd\Conexion-EcoRisaralda\vendor\symfony\console\Application.php:356
C:\Users\USUARIO\Documents\Documentos Christian\Archivos Estudio\Sena\PROYECTO FORMATIVO\BackEnd\Conexion-EcoRisaralda\vendor\symfony\console\Application.php:195
C:\Users\USUARIO\Documents\Documentos Christian\Archivos Estudio\Sena\PROYECTO FORMATIVO\BackEnd\Conexion-EcoRisaralda\vendor\laravel\framework\src\Illuminate\Console\Application.php:165
C:\Users\USUARIO\Documents\Documentos Christian\Archivos Estudio\Sena\PROYECTO FORMATIVO\BackEnd\Conexion-EcoRisaralda\vendor\laravel\framework\src\Illuminate\Foundation\Console\Kernel.php:447
C:\Users\USUARIO\Documents\Documentos Christian\Archivos Estudio\Sena\PROYECTO FORMATIVO\BackEnd\Conexion-EcoRisaralda\vendor\laravel\framework\src\Illuminate\Testing\PendingCommand.php:451
C:\Users\USUARIO\Documents\Documentos Christian\Archivos Estudio\Sena\PROYECTO FORMATIVO\BackEnd\Conexion-EcoRisaralda\vendor\laravel\framework\src\Illuminate\Testing\PendingCommand.php:675
C:\Users\USUARIO\Documents\Documentos Christian\Archivos Estudio\Sena\PROYECTO FORMATIVO\BackEnd\Conexion-EcoRisaralda\vendor\laravel\framework\src\Illuminate\Foundation\Testing\Concerns\InteractsWithConsole.php:87
C:\Users\USUARIO\Documents\Documentos Christian\Archivos Estudio\Sena\PROYECTO FORMATIVO\BackEnd\Conexion-EcoRisaralda\vendor\laravel\framework\src\Illuminate\Foundation\Testing\RefreshDatabase.php:119
C:\Users\USUARIO\Documents\Documentos Christian\Archivos Estudio\Sena\PROYECTO FORMATIVO\BackEnd\Conexion-EcoRisaralda\vendor\laravel\framework\src\Illuminate\Foundation\Testing\RefreshDatabase.php:84
C:\Users\USUARIO\Documents\Documentos Christian\Archivos Estudio\Sena\PROYECTO FORMATIVO\BackEnd\Conexion-EcoRisaralda\vendor\laravel\framework\src\Illuminate\Foundation\Testing\RefreshDatabase.php:25
C:\Users\USUARIO\Documents\Documentos Christian\Archivos Estudio\Sena\PROYECTO FORMATIVO\BackEnd\Conexion-EcoRisaralda\vendor\laravel\framework\src\Illuminate\Foundation\Testing\Concerns\InteractsWithTestCaseLifecycle.php:217
C:\Users\USUARIO\Documents\Documentos Christian\Archivos Estudio\Sena\PROYECTO FORMATIVO\BackEnd\Conexion-EcoRisaralda\vendor\laravel\framework\src\Illuminate\Foundation\Testing\Concerns\InteractsWithTestCaseLifecycle.php:101
C:\Users\USUARIO\Documents\Documentos Christian\Archivos Estudio\Sena\PROYECTO FORMATIVO\BackEnd\Conexion-EcoRisaralda\vendor\laravel\framework\src\Illuminate\Foundation\Testing\TestCase.php:63</error>
        </testcase>
        <testcase name="test_operator_can_delete_own_event" file="C:\Users\USUARIO\Documents\Documentos Christian\Archivos Estudio\Sena\PROYECTO FORMATIVO\BackEnd\Conexion-EcoRisaralda\tests\Feature\EventsApiTest.php" line="96" class="Tests\Feature\EventsApiTest" classname="Tests.Feature.EventsApiTest" assertions="0" time="0.000000">
          <error type="Illuminate\Database\QueryException">Tests\Feature\EventsApiTest::test_operator_can_delete_own_event&#13;
Illuminate\Database\QueryException: SQLSTATE[HY000]: General error: 1 near "MODIFY": syntax error (Connection: sqlite, Database: :memory:, SQL: ALTER TABLE users MODIFY status ENUM('pending','approved','rejected','active','inactive') DEFAULT 'active')
&#13;
C:\Users\USUARIO\Documents\Documentos Christian\Archivos Estudio\Sena\PROYECTO FORMATIVO\BackEnd\Conexion-EcoRisaralda\vendor\laravel\framework\src\Illuminate\Database\Connection.php:838
C:\Users\USUARIO\Documents\Documentos Christian\Archivos Estudio\Sena\PROYECTO FORMATIVO\BackEnd\Conexion-EcoRisaralda\vendor\laravel\framework\src\Illuminate\Database\Connection.php:794
C:\Users\USUARIO\Documents\Documentos Christian\Archivos Estudio\Sena\PROYECTO FORMATIVO\BackEnd\Conexion-EcoRisaralda\vendor\laravel\framework\src\Illuminate\Database\Connection.php:573
C:\Users\USUARIO\Documents\Documentos Christian\Archivos Estudio\Sena\PROYECTO FORMATIVO\BackEnd\Conexion-EcoRisaralda\vendor\laravel\framework\src\Illuminate\Database\DatabaseManager.php:491
C:\Users\USUARIO\Documents\Documentos Christian\Archivos Estudio\Sena\PROYECTO FORMATIVO\BackEnd\Conexion-EcoRisaralda\vendor\laravel\framework\src\Illuminate\Support\Facades\Facade.php:363
C:\Users\USUARIO\Documents\Documentos Christian\Archivos Estudio\Sena\PROYECTO FORMATIVO\BackEnd\Conexion-EcoRisaralda\database\migrations\2026_02_09_000001_add_inactive_to_status_enum_on_users_table.php:16
C:\Users\USUARIO\Documents\Documentos Christian\Archivos Estudio\Sena\PROYECTO FORMATIVO\BackEnd\Conexion-EcoRisaralda\vendor\laravel\framework\src\Illuminate\Database\Migrations\Migrator.php:517
C:\Users\USUARIO\Documents\Documentos Christian\Archivos Estudio\Sena\PROYECTO FORMATIVO\BackEnd\Conexion-EcoRisaralda\vendor\laravel\framework\src\Illuminate\Database\Migrations\Migrator.php:442
C:\Users\USUARIO\Documents\Documentos Christian\Archivos Estudio\Sena\PROYECTO FORMATIVO\BackEnd\Conexion-EcoRisaralda\vendor\laravel\framework\src\Illuminate\Database\Migrations\Migrator.php:451
C:\Users\USUARIO\Documents\Documentos Christian\Archivos Estudio\Sena\PROYECTO FORMATIVO\BackEnd\Conexion-EcoRisaralda\vendor\laravel\framework\src\Illuminate\Database\Migrations\Migrator.php:253
C:\Users\USUARIO\Documents\Documentos Christian\Archivos Estudio\Sena\PROYECTO FORMATIVO\BackEnd\Conexion-EcoRisaralda\vendor\laravel\framework\src\Illuminate\Console\View\Components\Task.php:41
C:\Users\USUARIO\Documents\Documentos Christian\Archivos Estudio\Sena\PROYECTO FORMATIVO\BackEnd\Conexion-EcoRisaralda\vendor\laravel\framework\src\Illuminate\Database\Migrations\Migrator.php:814
C:\Users\USUARIO\Documents\Documentos Christian\Archivos Estudio\Sena\PROYECTO FORMATIVO\BackEnd\Conexion-EcoRisaralda\vendor\laravel\framework\src\Illuminate\Database\Migrations\Migrator.php:253
C:\Users\USUARIO\Documents\Documentos Christian\Archivos Estudio\Sena\PROYECTO FORMATIVO\BackEnd\Conexion-EcoRisaralda\vendor\laravel\framework\src\Illuminate\Database\Migrations\Migrator.php:211
C:\Users\USUARIO\Documents\Documentos Christian\Archivos Estudio\Sena\PROYECTO FORMATIVO\BackEnd\Conexion-EcoRisaralda\vendor\laravel\framework\src\Illuminate\Database\Migrations\Migrator.php:138
C:\Users\USUARIO\Documents\Documentos Christian\Archivos Estudio\Sena\PROYECTO FORMATIVO\BackEnd\Conexion-EcoRisaralda\vendor\laravel\framework\src\Illuminate\Database\Console\Migrations\MigrateCommand.php:116
C:\Users\USUARIO\Documents\Documentos Christian\Archivos Estudio\Sena\PROYECTO FORMATIVO\BackEnd\Conexion-EcoRisaralda\vendor\laravel\framework\src\Illuminate\Database\Migrations\Migrator.php:671
C:\Users\USUARIO\Documents\Documentos Christian\Archivos Estudio\Sena\PROYECTO FORMATIVO\BackEnd\Conexion-EcoRisaralda\vendor\laravel\framework\src\Illuminate\Database\Console\Migrations\MigrateCommand.php:109
C:\Users\USUARIO\Documents\Documentos Christian\Archivos Estudio\Sena\PROYECTO FORMATIVO\BackEnd\Conexion-EcoRisaralda\vendor\laravel\framework\src\Illuminate\Database\Console\Migrations\MigrateCommand.php:88
C:\Users\USUARIO\Documents\Documentos Christian\Archivos Estudio\Sena\PROYECTO FORMATIVO\BackEnd\Conexion-EcoRisaralda\vendor\laravel\framework\src\Illuminate\Container\BoundMethod.php:36
C:\Users\USUARIO\Documents\Documentos Christian\Archivos Estudio\Sena\PROYECTO FORMATIVO\BackEnd\Conexion-EcoRisaralda\vendor\laravel\framework\src\Illuminate\Container\Util.php:43
C:\Users\USUARIO\Documents\Documentos Christian\Archivos Estudio\Sena\PROYECTO FORMATIVO\BackEnd\Conexion-EcoRisaralda\vendor\laravel\framework\src\Illuminate\Container\BoundMethod.php:96
C:\Users\USUARIO\Documents\Documentos Christian\Archivos Estudio\Sena\PROYECTO FORMATIVO\BackEnd\Conexion-EcoRisaralda\vendor\laravel\framework\src\Illuminate\Container\BoundMethod.php:35
C:\Users\USUARIO\Documents\Documentos Christian\Archivos Estudio\Sena\PROYECTO FORMATIVO\BackEnd\Conexion-EcoRisaralda\vendor\laravel\framework\src\Illuminate\Container\Container.php:799
C:\Users\USUARIO\Documents\Documentos Christian\Archivos Estudio\Sena\PROYECTO FORMATIVO\BackEnd\Conexion-EcoRisaralda\vendor\laravel\framework\src\Illuminate\Console\Command.php:211
C:\Users\USUARIO\Documents\Documentos Christian\Archivos Estudio\Sena\PROYECTO FORMATIVO\BackEnd\Conexion-EcoRisaralda\vendor\symfony\console\Command\Command.php:341
C:\Users\USUARIO\Documents\Documentos Christian\Archivos Estudio\Sena\PROYECTO FORMATIVO\BackEnd\Conexion-EcoRisaralda\vendor\laravel\framework\src\Illuminate\Console\Command.php:180
C:\Users\USUARIO\Documents\Documentos Christian\Archivos Estudio\Sena\PROYECTO FORMATIVO\BackEnd\Conexion-EcoRisaralda\vendor\laravel\framework\src\Illuminate\Console\Concerns\CallsCommands.php:68
C:\Users\USUARIO\Documents\Documentos Christian\Archivos Estudio\Sena\PROYECTO FORMATIVO\BackEnd\Conexion-EcoRisaralda\vendor\laravel\framework\src\Illuminate\Console\Concerns\CallsCommands.php:29
C:\Users\USUARIO\Documents\Documentos Christian\Archivos Estudio\Sena\PROYECTO FORMATIVO\BackEnd\Conexion-EcoRisaralda\vendor\laravel\framework\src\Illuminate\Database\Console\Migrations\FreshCommand.php:81
C:\Users\USUARIO\Documents\Documentos Christian\Archivos Estudio\Sena\PROYECTO FORMATIVO\BackEnd\Conexion-EcoRisaralda\vendor\laravel\framework\src\Illuminate\Container\BoundMethod.php:36
C:\Users\USUARIO\Documents\Documentos Christian\Archivos Estudio\Sena\PROYECTO FORMATIVO\BackEnd\Conexion-EcoRisaralda\vendor\laravel\framework\src\Illuminate\Container\Util.php:43
C:\Users\USUARIO\Documents\Documentos Christian\Archivos Estudio\Sena\PROYECTO FORMATIVO\BackEnd\Conexion-EcoRisaralda\vendor\laravel\framework\src\Illuminate\Container\BoundMethod.php:96
C:\Users\USUARIO\Documents\Documentos Christian\Archivos Estudio\Sena\PROYECTO FORMATIVO\BackEnd\Conexion-EcoRisaralda\vendor\laravel\framework\src\Illuminate\Container\BoundMethod.php:35
C:\Users\USUARIO\Documents\Documentos Christian\Archivos Estudio\Sena\PROYECTO FORMATIVO\BackEnd\Conexion-EcoRisaralda\vendor\laravel\framework\src\Illuminate\Container\Container.php:799
C:\Users\USUARIO\Documents\Documentos Christian\Archivos Estudio\Sena\PROYECTO FORMATIVO\BackEnd\Conexion-EcoRisaralda\vendor\laravel\framework\src\Illuminate\Console\Command.php:211
C:\Users\USUARIO\Documents\Documentos Christian\Archivos Estudio\Sena\PROYECTO FORMATIVO\BackEnd\Conexion-EcoRisaralda\vendor\symfony\console\Command\Command.php:341
C:\Users\USUARIO\Documents\Documentos Christian\Archivos Estudio\Sena\PROYECTO FORMATIVO\BackEnd\Conexion-EcoRisaralda\vendor\laravel\framework\src\Illuminate\Console\Command.php:180
C:\Users\USUARIO\Documents\Documentos Christian\Archivos Estudio\Sena\PROYECTO FORMATIVO\BackEnd\Conexion-EcoRisaralda\vendor\symfony\console\Application.php:1079
C:\Users\USUARIO\Documents\Documentos Christian\Archivos Estudio\Sena\PROYECTO FORMATIVO\BackEnd\Conexion-EcoRisaralda\vendor\symfony\console\Application.php:356
C:\Users\USUARIO\Documents\Documentos Christian\Archivos Estudio\Sena\PROYECTO FORMATIVO\BackEnd\Conexion-EcoRisaralda\vendor\symfony\console\Application.php:195
C:\Users\USUARIO\Documents\Documentos Christian\Archivos Estudio\Sena\PROYECTO FORMATIVO\BackEnd\Conexion-EcoRisaralda\vendor\laravel\framework\src\Illuminate\Console\Application.php:165
C:\Users\USUARIO\Documents\Documentos Christian\Archivos Estudio\Sena\PROYECTO FORMATIVO\BackEnd\Conexion-EcoRisaralda\vendor\laravel\framework\src\Illuminate\Foundation\Console\Kernel.php:447
C:\Users\USUARIO\Documents\Documentos Christian\Archivos Estudio\Sena\PROYECTO FORMATIVO\BackEnd\Conexion-EcoRisaralda\vendor\laravel\framework\src\Illuminate\Testing\PendingCommand.php:451
C:\Users\USUARIO\Documents\Documentos Christian\Archivos Estudio\Sena\PROYECTO FORMATIVO\BackEnd\Conexion-EcoRisaralda\vendor\laravel\framework\src\Illuminate\Testing\PendingCommand.php:675
C:\Users\USUARIO\Documents\Documentos Christian\Archivos Estudio\Sena\PROYECTO FORMATIVO\BackEnd\Conexion-EcoRisaralda\vendor\laravel\framework\src\Illuminate\Foundation\Testing\Concerns\InteractsWithConsole.php:87
C:\Users\USUARIO\Documents\Documentos Christian\Archivos Estudio\Sena\PROYECTO FORMATIVO\BackEnd\Conexion-EcoRisaralda\vendor\laravel\framework\src\Illuminate\Foundation\Testing\RefreshDatabase.php:119
C:\Users\USUARIO\Documents\Documentos Christian\Archivos Estudio\Sena\PROYECTO FORMATIVO\BackEnd\Conexion-EcoRisaralda\vendor\laravel\framework\src\Illuminate\Foundation\Testing\RefreshDatabase.php:84
C:\Users\USUARIO\Documents\Documentos Christian\Archivos Estudio\Sena\PROYECTO FORMATIVO\BackEnd\Conexion-EcoRisaralda\vendor\laravel\framework\src\Illuminate\Foundation\Testing\RefreshDatabase.php:25
C:\Users\USUARIO\Documents\Documentos Christian\Archivos Estudio\Sena\PROYECTO FORMATIVO\BackEnd\Conexion-EcoRisaralda\vendor\laravel\framework\src\Illuminate\Foundation\Testing\Concerns\InteractsWithTestCaseLifecycle.php:217
C:\Users\USUARIO\Documents\Documentos Christian\Archivos Estudio\Sena\PROYECTO FORMATIVO\BackEnd\Conexion-EcoRisaralda\vendor\laravel\framework\src\Illuminate\Foundation\Testing\Concerns\InteractsWithTestCaseLifecycle.php:101
C:\Users\USUARIO\Documents\Documentos Christian\Archivos Estudio\Sena\PROYECTO FORMATIVO\BackEnd\Conexion-EcoRisaralda\vendor\laravel\framework\src\Illuminate\Foundation\Testing\TestCase.php:63</error>
        </testcase>
      </testsuite>
      <testsuite name="Tests\Feature\ExampleTest" file="C:\Users\USUARIO\Documents\Documentos Christian\Archivos Estudio\Sena\PROYECTO FORMATIVO\BackEnd\Conexion-EcoRisaralda\tests\Feature\ExampleTest.php" tests="1" assertions="0" errors="1" failures="0" skipped="0" time="0.000000">
        <testcase name="test_the_api_returns_a_successful_response" file="C:\Users\USUARIO\Documents\Documentos Christian\Archivos Estudio\Sena\PROYECTO FORMATIVO\BackEnd\Conexion-EcoRisaralda\tests\Feature\ExampleTest.php" line="15" class="Tests\Feature\ExampleTest" classname="Tests.Feature.ExampleTest" assertions="0" time="0.000000">
          <error type="Illuminate\Database\QueryException">Tests\Feature\ExampleTest::test_the_api_returns_a_successful_response&#13;
Illuminate\Database\QueryException: SQLSTATE[HY000]: General error: 1 near "MODIFY": syntax error (Connection: sqlite, Database: :memory:, SQL: ALTER TABLE users MODIFY status ENUM('pending','approved','rejected','active','inactive') DEFAULT 'active')
&#13;
C:\Users\USUARIO\Documents\Documentos Christian\Archivos Estudio\Sena\PROYECTO FORMATIVO\BackEnd\Conexion-EcoRisaralda\vendor\laravel\framework\src\Illuminate\Database\Connection.php:838
C:\Users\USUARIO\Documents\Documentos Christian\Archivos Estudio\Sena\PROYECTO FORMATIVO\BackEnd\Conexion-EcoRisaralda\vendor\laravel\framework\src\Illuminate\Database\Connection.php:794
C:\Users\USUARIO\Documents\Documentos Christian\Archivos Estudio\Sena\PROYECTO FORMATIVO\BackEnd\Conexion-EcoRisaralda\vendor\laravel\framework\src\Illuminate\Database\Connection.php:573
C:\Users\USUARIO\Documents\Documentos Christian\Archivos Estudio\Sena\PROYECTO FORMATIVO\BackEnd\Conexion-EcoRisaralda\vendor\laravel\framework\src\Illuminate\Database\DatabaseManager.php:491
C:\Users\USUARIO\Documents\Documentos Christian\Archivos Estudio\Sena\PROYECTO FORMATIVO\BackEnd\Conexion-EcoRisaralda\vendor\laravel\framework\src\Illuminate\Support\Facades\Facade.php:363
C:\Users\USUARIO\Documents\Documentos Christian\Archivos Estudio\Sena\PROYECTO FORMATIVO\BackEnd\Conexion-EcoRisaralda\database\migrations\2026_02_09_000001_add_inactive_to_status_enum_on_users_table.php:16
C:\Users\USUARIO\Documents\Documentos Christian\Archivos Estudio\Sena\PROYECTO FORMATIVO\BackEnd\Conexion-EcoRisaralda\vendor\laravel\framework\src\Illuminate\Database\Migrations\Migrator.php:517
C:\Users\USUARIO\Documents\Documentos Christian\Archivos Estudio\Sena\PROYECTO FORMATIVO\BackEnd\Conexion-EcoRisaralda\vendor\laravel\framework\src\Illuminate\Database\Migrations\Migrator.php:442
C:\Users\USUARIO\Documents\Documentos Christian\Archivos Estudio\Sena\PROYECTO FORMATIVO\BackEnd\Conexion-EcoRisaralda\vendor\laravel\framework\src\Illuminate\Database\Migrations\Migrator.php:451
C:\Users\USUARIO\Documents\Documentos Christian\Archivos Estudio\Sena\PROYECTO FORMATIVO\BackEnd\Conexion-EcoRisaralda\vendor\laravel\framework\src\Illuminate\Database\Migrations\Migrator.php:253
C:\Users\USUARIO\Documents\Documentos Christian\Archivos Estudio\Sena\PROYECTO FORMATIVO\BackEnd\Conexion-EcoRisaralda\vendor\laravel\framework\src\Illuminate\Console\View\Components\Task.php:41
C:\Users\USUARIO\Documents\Documentos Christian\Archivos Estudio\Sena\PROYECTO FORMATIVO\BackEnd\Conexion-EcoRisaralda\vendor\laravel\framework\src\Illuminate\Database\Migrations\Migrator.php:814
C:\Users\USUARIO\Documents\Documentos Christian\Archivos Estudio\Sena\PROYECTO FORMATIVO\BackEnd\Conexion-EcoRisaralda\vendor\laravel\framework\src\Illuminate\Database\Migrations\Migrator.php:253
C:\Users\USUARIO\Documents\Documentos Christian\Archivos Estudio\Sena\PROYECTO FORMATIVO\BackEnd\Conexion-EcoRisaralda\vendor\laravel\framework\src\Illuminate\Database\Migrations\Migrator.php:211
C:\Users\USUARIO\Documents\Documentos Christian\Archivos Estudio\Sena\PROYECTO FORMATIVO\BackEnd\Conexion-EcoRisaralda\vendor\laravel\framework\src\Illuminate\Database\Migrations\Migrator.php:138
C:\Users\USUARIO\Documents\Documentos Christian\Archivos Estudio\Sena\PROYECTO FORMATIVO\BackEnd\Conexion-EcoRisaralda\vendor\laravel\framework\src\Illuminate\Database\Console\Migrations\MigrateCommand.php:116
C:\Users\USUARIO\Documents\Documentos Christian\Archivos Estudio\Sena\PROYECTO FORMATIVO\BackEnd\Conexion-EcoRisaralda\vendor\laravel\framework\src\Illuminate\Database\Migrations\Migrator.php:671
C:\Users\USUARIO\Documents\Documentos Christian\Archivos Estudio\Sena\PROYECTO FORMATIVO\BackEnd\Conexion-EcoRisaralda\vendor\laravel\framework\src\Illuminate\Database\Console\Migrations\MigrateCommand.php:109
C:\Users\USUARIO\Documents\Documentos Christian\Archivos Estudio\Sena\PROYECTO FORMATIVO\BackEnd\Conexion-EcoRisaralda\vendor\laravel\framework\src\Illuminate\Database\Console\Migrations\MigrateCommand.php:88
C:\Users\USUARIO\Documents\Documentos Christian\Archivos Estudio\Sena\PROYECTO FORMATIVO\BackEnd\Conexion-EcoRisaralda\vendor\laravel\framework\src\Illuminate\Container\BoundMethod.php:36
C:\Users\USUARIO\Documents\Documentos Christian\Archivos Estudio\Sena\PROYECTO FORMATIVO\BackEnd\Conexion-EcoRisaralda\vendor\laravel\framework\src\Illuminate\Container\Util.php:43
C:\Users\USUARIO\Documents\Documentos Christian\Archivos Estudio\Sena\PROYECTO FORMATIVO\BackEnd\Conexion-EcoRisaralda\vendor\laravel\framework\src\Illuminate\Container\BoundMethod.php:96
C:\Users\USUARIO\Documents\Documentos Christian\Archivos Estudio\Sena\PROYECTO FORMATIVO\BackEnd\Conexion-EcoRisaralda\vendor\laravel\framework\src\Illuminate\Container\BoundMethod.php:35
C:\Users\USUARIO\Documents\Documentos Christian\Archivos Estudio\Sena\PROYECTO FORMATIVO\BackEnd\Conexion-EcoRisaralda\vendor\laravel\framework\src\Illuminate\Container\Container.php:799
C:\Users\USUARIO\Documents\Documentos Christian\Archivos Estudio\Sena\PROYECTO FORMATIVO\BackEnd\Conexion-EcoRisaralda\vendor\laravel\framework\src\Illuminate\Console\Command.php:211
C:\Users\USUARIO\Documents\Documentos Christian\Archivos Estudio\Sena\PROYECTO FORMATIVO\BackEnd\Conexion-EcoRisaralda\vendor\symfony\console\Command\Command.php:341
C:\Users\USUARIO\Documents\Documentos Christian\Archivos Estudio\Sena\PROYECTO FORMATIVO\BackEnd\Conexion-EcoRisaralda\vendor\laravel\framework\src\Illuminate\Console\Command.php:180
C:\Users\USUARIO\Documents\Documentos Christian\Archivos Estudio\Sena\PROYECTO FORMATIVO\BackEnd\Conexion-EcoRisaralda\vendor\laravel\framework\src\Illuminate\Console\Concerns\CallsCommands.php:68
C:\Users\USUARIO\Documents\Documentos Christian\Archivos Estudio\Sena\PROYECTO FORMATIVO\BackEnd\Conexion-EcoRisaralda\vendor\laravel\framework\src\Illuminate\Console\Concerns\CallsCommands.php:29
C:\Users\USUARIO\Documents\Documentos Christian\Archivos Estudio\Sena\PROYECTO FORMATIVO\BackEnd\Conexion-EcoRisaralda\vendor\laravel\framework\src\Illuminate\Database\Console\Migrations\FreshCommand.php:81
C:\Users\USUARIO\Documents\Documentos Christian\Archivos Estudio\Sena\PROYECTO FORMATIVO\BackEnd\Conexion-EcoRisaralda\vendor\laravel\framework\src\Illuminate\Container\BoundMethod.php:36
C:\Users\USUARIO\Documents\Documentos Christian\Archivos Estudio\Sena\PROYECTO FORMATIVO\BackEnd\Conexion-EcoRisaralda\vendor\laravel\framework\src\Illuminate\Container\Util.php:43
C:\Users\USUARIO\Documents\Documentos Christian\Archivos Estudio\Sena\PROYECTO FORMATIVO\BackEnd\Conexion-EcoRisaralda\vendor\laravel\framework\src\Illuminate\Container\BoundMethod.php:96
C:\Users\USUARIO\Documents\Documentos Christian\Archivos Estudio\Sena\PROYECTO FORMATIVO\BackEnd\Conexion-EcoRisaralda\vendor\laravel\framework\src\Illuminate\Container\BoundMethod.php:35
C:\Users\USUARIO\Documents\Documentos Christian\Archivos Estudio\Sena\PROYECTO FORMATIVO\BackEnd\Conexion-EcoRisaralda\vendor\laravel\framework\src\Illuminate\Container\Container.php:799
C:\Users\USUARIO\Documents\Documentos Christian\Archivos Estudio\Sena\PROYECTO FORMATIVO\BackEnd\Conexion-EcoRisaralda\vendor\laravel\framework\src\Illuminate\Console\Command.php:211
C:\Users\USUARIO\Documents\Documentos Christian\Archivos Estudio\Sena\PROYECTO FORMATIVO\BackEnd\Conexion-EcoRisaralda\vendor\symfony\console\Command\Command.php:341
C:\Users\USUARIO\Documents\Documentos Christian\Archivos Estudio\Sena\PROYECTO FORMATIVO\BackEnd\Conexion-EcoRisaralda\vendor\laravel\framework\src\Illuminate\Console\Command.php:180
C:\Users\USUARIO\Documents\Documentos Christian\Archivos Estudio\Sena\PROYECTO FORMATIVO\BackEnd\Conexion-EcoRisaralda\vendor\symfony\console\Application.php:1079
C:\Users\USUARIO\Documents\Documentos Christian\Archivos Estudio\Sena\PROYECTO FORMATIVO\BackEnd\Conexion-EcoRisaralda\vendor\symfony\console\Application.php:356
C:\Users\USUARIO\Documents\Documentos Christian\Archivos Estudio\Sena\PROYECTO FORMATIVO\BackEnd\Conexion-EcoRisaralda\vendor\symfony\console\Application.php:195
C:\Users\USUARIO\Documents\Documentos Christian\Archivos Estudio\Sena\PROYECTO FORMATIVO\BackEnd\Conexion-EcoRisaralda\vendor\laravel\framework\src\Illuminate\Console\Application.php:165
C:\Users\USUARIO\Documents\Documentos Christian\Archivos Estudio\Sena\PROYECTO FORMATIVO\BackEnd\Conexion-EcoRisaralda\vendor\laravel\framework\src\Illuminate\Foundation\Console\Kernel.php:447
C:\Users\USUARIO\Documents\Documentos Christian\Archivos Estudio\Sena\PROYECTO FORMATIVO\BackEnd\Conexion-EcoRisaralda\vendor\laravel\framework\src\Illuminate\Testing\PendingCommand.php:451
C:\Users\USUARIO\Documents\Documentos Christian\Archivos Estudio\Sena\PROYECTO FORMATIVO\BackEnd\Conexion-EcoRisaralda\vendor\laravel\framework\src\Illuminate\Testing\PendingCommand.php:675
C:\Users\USUARIO\Documents\Documentos Christian\Archivos Estudio\Sena\PROYECTO FORMATIVO\BackEnd\Conexion-EcoRisaralda\vendor\laravel\framework\src\Illuminate\Foundation\Testing\Concerns\InteractsWithConsole.php:87
C:\Users\USUARIO\Documents\Documentos Christian\Archivos Estudio\Sena\PROYECTO FORMATIVO\BackEnd\Conexion-EcoRisaralda\vendor\laravel\framework\src\Illuminate\Foundation\Testing\RefreshDatabase.php:119
C:\Users\USUARIO\Documents\Documentos Christian\Archivos Estudio\Sena\PROYECTO FORMATIVO\BackEnd\Conexion-EcoRisaralda\vendor\laravel\framework\src\Illuminate\Foundation\Testing\RefreshDatabase.php:84
C:\Users\USUARIO\Documents\Documentos Christian\Archivos Estudio\Sena\PROYECTO FORMATIVO\BackEnd\Conexion-EcoRisaralda\vendor\laravel\framework\src\Illuminate\Foundation\Testing\RefreshDatabase.php:25
C:\Users\USUARIO\Documents\Documentos Christian\Archivos Estudio\Sena\PROYECTO FORMATIVO\BackEnd\Conexion-EcoRisaralda\vendor\laravel\framework\src\Illuminate\Foundation\Testing\Concerns\InteractsWithTestCaseLifecycle.php:217
C:\Users\USUARIO\Documents\Documentos Christian\Archivos Estudio\Sena\PROYECTO FORMATIVO\BackEnd\Conexion-EcoRisaralda\vendor\laravel\framework\src\Illuminate\Foundation\Testing\Concerns\InteractsWithTestCaseLifecycle.php:101
C:\Users\USUARIO\Documents\Documentos Christian\Archivos Estudio\Sena\PROYECTO FORMATIVO\BackEnd\Conexion-EcoRisaralda\vendor\laravel\framework\src\Illuminate\Foundation\Testing\TestCase.php:63</error>
        </testcase>
      </testsuite>
      <testsuite name="Tests\Feature\FavoritesApiTest" file="C:\Users\USUARIO\Documents\Documentos Christian\Archivos Estudio\Sena\PROYECTO FORMATIVO\BackEnd\Conexion-EcoRisaralda\tests\Feature\FavoritesApiTest.php" tests="4" assertions="0" errors="4" failures="0" skipped="0" time="0.000000">
        <testcase name="test_user_can_list_favorites" file="C:\Users\USUARIO\Documents\Documentos Christian\Archivos Estudio\Sena\PROYECTO FORMATIVO\BackEnd\Conexion-EcoRisaralda\tests\Feature\FavoritesApiTest.php" line="20" class="Tests\Feature\FavoritesApiTest" classname="Tests.Feature.FavoritesApiTest" assertions="0" time="0.000000">
          <error type="Illuminate\Database\QueryException">Tests\Feature\FavoritesApiTest::test_user_can_list_favorites&#13;
Illuminate\Database\QueryException: SQLSTATE[HY000]: General error: 1 near "MODIFY": syntax error (Connection: sqlite, Database: :memory:, SQL: ALTER TABLE users MODIFY status ENUM('pending','approved','rejected','active','inactive') DEFAULT 'active')
&#13;
C:\Users\USUARIO\Documents\Documentos Christian\Archivos Estudio\Sena\PROYECTO FORMATIVO\BackEnd\Conexion-EcoRisaralda\vendor\laravel\framework\src\Illuminate\Database\Connection.php:838
C:\Users\USUARIO\Documents\Documentos Christian\Archivos Estudio\Sena\PROYECTO FORMATIVO\BackEnd\Conexion-EcoRisaralda\vendor\laravel\framework\src\Illuminate\Database\Connection.php:794
C:\Users\USUARIO\Documents\Documentos Christian\Archivos Estudio\Sena\PROYECTO FORMATIVO\BackEnd\Conexion-EcoRisaralda\vendor\laravel\framework\src\Illuminate\Database\Connection.php:573
C:\Users\USUARIO\Documents\Documentos Christian\Archivos Estudio\Sena\PROYECTO FORMATIVO\BackEnd\Conexion-EcoRisaralda\vendor\laravel\framework\src\Illuminate\Database\DatabaseManager.php:491
C:\Users\USUARIO\Documents\Documentos Christian\Archivos Estudio\Sena\PROYECTO FORMATIVO\BackEnd\Conexion-EcoRisaralda\vendor\laravel\framework\src\Illuminate\Support\Facades\Facade.php:363
C:\Users\USUARIO\Documents\Documentos Christian\Archivos Estudio\Sena\PROYECTO FORMATIVO\BackEnd\Conexion-EcoRisaralda\database\migrations\2026_02_09_000001_add_inactive_to_status_enum_on_users_table.php:16
C:\Users\USUARIO\Documents\Documentos Christian\Archivos Estudio\Sena\PROYECTO FORMATIVO\BackEnd\Conexion-EcoRisaralda\vendor\laravel\framework\src\Illuminate\Database\Migrations\Migrator.php:517
C:\Users\USUARIO\Documents\Documentos Christian\Archivos Estudio\Sena\PROYECTO FORMATIVO\BackEnd\Conexion-EcoRisaralda\vendor\laravel\framework\src\Illuminate\Database\Migrations\Migrator.php:442
C:\Users\USUARIO\Documents\Documentos Christian\Archivos Estudio\Sena\PROYECTO FORMATIVO\BackEnd\Conexion-EcoRisaralda\vendor\laravel\framework\src\Illuminate\Database\Migrations\Migrator.php:451
C:\Users\USUARIO\Documents\Documentos Christian\Archivos Estudio\Sena\PROYECTO FORMATIVO\BackEnd\Conexion-EcoRisaralda\vendor\laravel\framework\src\Illuminate\Database\Migrations\Migrator.php:253
C:\Users\USUARIO\Documents\Documentos Christian\Archivos Estudio\Sena\PROYECTO FORMATIVO\BackEnd\Conexion-EcoRisaralda\vendor\laravel\framework\src\Illuminate\Console\View\Components\Task.php:41
C:\Users\USUARIO\Documents\Documentos Christian\Archivos Estudio\Sena\PROYECTO FORMATIVO\BackEnd\Conexion-EcoRisaralda\vendor\laravel\framework\src\Illuminate\Database\Migrations\Migrator.php:814
C:\Users\USUARIO\Documents\Documentos Christian\Archivos Estudio\Sena\PROYECTO FORMATIVO\BackEnd\Conexion-EcoRisaralda\vendor\laravel\framework\src\Illuminate\Database\Migrations\Migrator.php:253
C:\Users\USUARIO\Documents\Documentos Christian\Archivos Estudio\Sena\PROYECTO FORMATIVO\BackEnd\Conexion-EcoRisaralda\vendor\laravel\framework\src\Illuminate\Database\Migrations\Migrator.php:211
C:\Users\USUARIO\Documents\Documentos Christian\Archivos Estudio\Sena\PROYECTO FORMATIVO\BackEnd\Conexion-EcoRisaralda\vendor\laravel\framework\src\Illuminate\Database\Migrations\Migrator.php:138
C:\Users\USUARIO\Documents\Documentos Christian\Archivos Estudio\Sena\PROYECTO FORMATIVO\BackEnd\Conexion-EcoRisaralda\vendor\laravel\framework\src\Illuminate\Database\Console\Migrations\MigrateCommand.php:116
C:\Users\USUARIO\Documents\Documentos Christian\Archivos Estudio\Sena\PROYECTO FORMATIVO\BackEnd\Conexion-EcoRisaralda\vendor\laravel\framework\src\Illuminate\Database\Migrations\Migrator.php:671
C:\Users\USUARIO\Documents\Documentos Christian\Archivos Estudio\Sena\PROYECTO FORMATIVO\BackEnd\Conexion-EcoRisaralda\vendor\laravel\framework\src\Illuminate\Database\Console\Migrations\MigrateCommand.php:109
C:\Users\USUARIO\Documents\Documentos Christian\Archivos Estudio\Sena\PROYECTO FORMATIVO\BackEnd\Conexion-EcoRisaralda\vendor\laravel\framework\src\Illuminate\Database\Console\Migrations\MigrateCommand.php:88
C:\Users\USUARIO\Documents\Documentos Christian\Archivos Estudio\Sena\PROYECTO FORMATIVO\BackEnd\Conexion-EcoRisaralda\vendor\laravel\framework\src\Illuminate\Container\BoundMethod.php:36
C:\Users\USUARIO\Documents\Documentos Christian\Archivos Estudio\Sena\PROYECTO FORMATIVO\BackEnd\Conexion-EcoRisaralda\vendor\laravel\framework\src\Illuminate\Container\Util.php:43
C:\Users\USUARIO\Documents\Documentos Christian\Archivos Estudio\Sena\PROYECTO FORMATIVO\BackEnd\Conexion-EcoRisaralda\vendor\laravel\framework\src\Illuminate\Container\BoundMethod.php:96
C:\Users\USUARIO\Documents\Documentos Christian\Archivos Estudio\Sena\PROYECTO FORMATIVO\BackEnd\Conexion-EcoRisaralda\vendor\laravel\framework\src\Illuminate\Container\BoundMethod.php:35
C:\Users\USUARIO\Documents\Documentos Christian\Archivos Estudio\Sena\PROYECTO FORMATIVO\BackEnd\Conexion-EcoRisaralda\vendor\laravel\framework\src\Illuminate\Container\Container.php:799
C:\Users\USUARIO\Documents\Documentos Christian\Archivos Estudio\Sena\PROYECTO FORMATIVO\BackEnd\Conexion-EcoRisaralda\vendor\laravel\framework\src\Illuminate\Console\Command.php:211
C:\Users\USUARIO\Documents\Documentos Christian\Archivos Estudio\Sena\PROYECTO FORMATIVO\BackEnd\Conexion-EcoRisaralda\vendor\symfony\console\Command\Command.php:341
C:\Users\USUARIO\Documents\Documentos Christian\Archivos Estudio\Sena\PROYECTO FORMATIVO\BackEnd\Conexion-EcoRisaralda\vendor\laravel\framework\src\Illuminate\Console\Command.php:180
C:\Users\USUARIO\Documents\Documentos Christian\Archivos Estudio\Sena\PROYECTO FORMATIVO\BackEnd\Conexion-EcoRisaralda\vendor\laravel\framework\src\Illuminate\Console\Concerns\CallsCommands.php:68
C:\Users\USUARIO\Documents\Documentos Christian\Archivos Estudio\Sena\PROYECTO FORMATIVO\BackEnd\Conexion-EcoRisaralda\vendor\laravel\framework\src\Illuminate\Console\Concerns\CallsCommands.php:29
C:\Users\USUARIO\Documents\Documentos Christian\Archivos Estudio\Sena\PROYECTO FORMATIVO\BackEnd\Conexion-EcoRisaralda\vendor\laravel\framework\src\Illuminate\Database\Console\Migrations\FreshCommand.php:81
C:\Users\USUARIO\Documents\Documentos Christian\Archivos Estudio\Sena\PROYECTO FORMATIVO\BackEnd\Conexion-EcoRisaralda\vendor\laravel\framework\src\Illuminate\Container\BoundMethod.php:36
C:\Users\USUARIO\Documents\Documentos Christian\Archivos Estudio\Sena\PROYECTO FORMATIVO\BackEnd\Conexion-EcoRisaralda\vendor\laravel\framework\src\Illuminate\Container\Util.php:43
C:\Users\USUARIO\Documents\Documentos Christian\Archivos Estudio\Sena\PROYECTO FORMATIVO\BackEnd\Conexion-EcoRisaralda\vendor\laravel\framework\src\Illuminate\Container\BoundMethod.php:96
C:\Users\USUARIO\Documents\Documentos Christian\Archivos Estudio\Sena\PROYECTO FORMATIVO\BackEnd\Conexion-EcoRisaralda\vendor\laravel\framework\src\Illuminate\Container\BoundMethod.php:35
C:\Users\USUARIO\Documents\Documentos Christian\Archivos Estudio\Sena\PROYECTO FORMATIVO\BackEnd\Conexion-EcoRisaralda\vendor\laravel\framework\src\Illuminate\Container\Container.php:799
C:\Users\USUARIO\Documents\Documentos Christian\Archivos Estudio\Sena\PROYECTO FORMATIVO\BackEnd\Conexion-EcoRisaralda\vendor\laravel\framework\src\Illuminate\Console\Command.php:211
C:\Users\USUARIO\Documents\Documentos Christian\Archivos Estudio\Sena\PROYECTO FORMATIVO\BackEnd\Conexion-EcoRisaralda\vendor\symfony\console\Command\Command.php:341
C:\Users\USUARIO\Documents\Documentos Christian\Archivos Estudio\Sena\PROYECTO FORMATIVO\BackEnd\Conexion-EcoRisaralda\vendor\laravel\framework\src\Illuminate\Console\Command.php:180
C:\Users\USUARIO\Documents\Documentos Christian\Archivos Estudio\Sena\PROYECTO FORMATIVO\BackEnd\Conexion-EcoRisaralda\vendor\symfony\console\Application.php:1079
C:\Users\USUARIO\Documents\Documentos Christian\Archivos Estudio\Sena\PROYECTO FORMATIVO\BackEnd\Conexion-EcoRisaralda\vendor\symfony\console\Application.php:356
C:\Users\USUARIO\Documents\Documentos Christian\Archivos Estudio\Sena\PROYECTO FORMATIVO\BackEnd\Conexion-EcoRisaralda\vendor\symfony\console\Application.php:195
C:\Users\USUARIO\Documents\Documentos Christian\Archivos Estudio\Sena\PROYECTO FORMATIVO\BackEnd\Conexion-EcoRisaralda\vendor\laravel\framework\src\Illuminate\Console\Application.php:165
C:\Users\USUARIO\Documents\Documentos Christian\Archivos Estudio\Sena\PROYECTO FORMATIVO\BackEnd\Conexion-EcoRisaralda\vendor\laravel\framework\src\Illuminate\Foundation\Console\Kernel.php:447
C:\Users\USUARIO\Documents\Documentos Christian\Archivos Estudio\Sena\PROYECTO FORMATIVO\BackEnd\Conexion-EcoRisaralda\vendor\laravel\framework\src\Illuminate\Testing\PendingCommand.php:451
C:\Users\USUARIO\Documents\Documentos Christian\Archivos Estudio\Sena\PROYECTO FORMATIVO\BackEnd\Conexion-EcoRisaralda\vendor\laravel\framework\src\Illuminate\Testing\PendingCommand.php:675
C:\Users\USUARIO\Documents\Documentos Christian\Archivos Estudio\Sena\PROYECTO FORMATIVO\BackEnd\Conexion-EcoRisaralda\vendor\laravel\framework\src\Illuminate\Foundation\Testing\Concerns\InteractsWithConsole.php:87
C:\Users\USUARIO\Documents\Documentos Christian\Archivos Estudio\Sena\PROYECTO FORMATIVO\BackEnd\Conexion-EcoRisaralda\vendor\laravel\framework\src\Illuminate\Foundation\Testing\RefreshDatabase.php:119
C:\Users\USUARIO\Documents\Documentos Christian\Archivos Estudio\Sena\PROYECTO FORMATIVO\BackEnd\Conexion-EcoRisaralda\vendor\laravel\framework\src\Illuminate\Foundation\Testing\RefreshDatabase.php:84
C:\Users\USUARIO\Documents\Documentos Christian\Archivos Estudio\Sena\PROYECTO FORMATIVO\BackEnd\Conexion-EcoRisaralda\vendor\laravel\framework\src\Illuminate\Foundation\Testing\RefreshDatabase.php:25
C:\Users\USUARIO\Documents\Documentos Christian\Archivos Estudio\Sena\PROYECTO FORMATIVO\BackEnd\Conexion-EcoRisaralda\vendor\laravel\framework\src\Illuminate\Foundation\Testing\Concerns\InteractsWithTestCaseLifecycle.php:217
C:\Users\USUARIO\Documents\Documentos Christian\Archivos Estudio\Sena\PROYECTO FORMATIVO\BackEnd\Conexion-EcoRisaralda\vendor\laravel\framework\src\Illuminate\Foundation\Testing\Concerns\InteractsWithTestCaseLifecycle.php:101
C:\Users\USUARIO\Documents\Documentos Christian\Archivos Estudio\Sena\PROYECTO FORMATIVO\BackEnd\Conexion-EcoRisaralda\vendor\laravel\framework\src\Illuminate\Foundation\Testing\TestCase.php:63</error>
        </testcase>
        <testcase name="test_user_can_add_to_favorites" file="C:\Users\USUARIO\Documents\Documentos Christian\Archivos Estudio\Sena\PROYECTO FORMATIVO\BackEnd\Conexion-EcoRisaralda\tests\Feature\FavoritesApiTest.php" line="29" class="Tests\Feature\FavoritesApiTest" classname="Tests.Feature.FavoritesApiTest" assertions="0" time="0.000000">
          <error type="Illuminate\Database\QueryException">Tests\Feature\FavoritesApiTest::test_user_can_add_to_favorites&#13;
Illuminate\Database\QueryException: SQLSTATE[HY000]: General error: 1 near "MODIFY": syntax error (Connection: sqlite, Database: :memory:, SQL: ALTER TABLE users MODIFY status ENUM('pending','approved','rejected','active','inactive') DEFAULT 'active')
&#13;
C:\Users\USUARIO\Documents\Documentos Christian\Archivos Estudio\Sena\PROYECTO FORMATIVO\BackEnd\Conexion-EcoRisaralda\vendor\laravel\framework\src\Illuminate\Database\Connection.php:838
C:\Users\USUARIO\Documents\Documentos Christian\Archivos Estudio\Sena\PROYECTO FORMATIVO\BackEnd\Conexion-EcoRisaralda\vendor\laravel\framework\src\Illuminate\Database\Connection.php:794
C:\Users\USUARIO\Documents\Documentos Christian\Archivos Estudio\Sena\PROYECTO FORMATIVO\BackEnd\Conexion-EcoRisaralda\vendor\laravel\framework\src\Illuminate\Database\Connection.php:573
C:\Users\USUARIO\Documents\Documentos Christian\Archivos Estudio\Sena\PROYECTO FORMATIVO\BackEnd\Conexion-EcoRisaralda\vendor\laravel\framework\src\Illuminate\Database\DatabaseManager.php:491
C:\Users\USUARIO\Documents\Documentos Christian\Archivos Estudio\Sena\PROYECTO FORMATIVO\BackEnd\Conexion-EcoRisaralda\vendor\laravel\framework\src\Illuminate\Support\Facades\Facade.php:363
C:\Users\USUARIO\Documents\Documentos Christian\Archivos Estudio\Sena\PROYECTO FORMATIVO\BackEnd\Conexion-EcoRisaralda\database\migrations\2026_02_09_000001_add_inactive_to_status_enum_on_users_table.php:16
C:\Users\USUARIO\Documents\Documentos Christian\Archivos Estudio\Sena\PROYECTO FORMATIVO\BackEnd\Conexion-EcoRisaralda\vendor\laravel\framework\src\Illuminate\Database\Migrations\Migrator.php:517
C:\Users\USUARIO\Documents\Documentos Christian\Archivos Estudio\Sena\PROYECTO FORMATIVO\BackEnd\Conexion-EcoRisaralda\vendor\laravel\framework\src\Illuminate\Database\Migrations\Migrator.php:442
C:\Users\USUARIO\Documents\Documentos Christian\Archivos Estudio\Sena\PROYECTO FORMATIVO\BackEnd\Conexion-EcoRisaralda\vendor\laravel\framework\src\Illuminate\Database\Migrations\Migrator.php:451
C:\Users\USUARIO\Documents\Documentos Christian\Archivos Estudio\Sena\PROYECTO FORMATIVO\BackEnd\Conexion-EcoRisaralda\vendor\laravel\framework\src\Illuminate\Database\Migrations\Migrator.php:253
C:\Users\USUARIO\Documents\Documentos Christian\Archivos Estudio\Sena\PROYECTO FORMATIVO\BackEnd\Conexion-EcoRisaralda\vendor\laravel\framework\src\Illuminate\Console\View\Components\Task.php:41
C:\Users\USUARIO\Documents\Documentos Christian\Archivos Estudio\Sena\PROYECTO FORMATIVO\BackEnd\Conexion-EcoRisaralda\vendor\laravel\framework\src\Illuminate\Database\Migrations\Migrator.php:814
C:\Users\USUARIO\Documents\Documentos Christian\Archivos Estudio\Sena\PROYECTO FORMATIVO\BackEnd\Conexion-EcoRisaralda\vendor\laravel\framework\src\Illuminate\Database\Migrations\Migrator.php:253
C:\Users\USUARIO\Documents\Documentos Christian\Archivos Estudio\Sena\PROYECTO FORMATIVO\BackEnd\Conexion-EcoRisaralda\vendor\laravel\framework\src\Illuminate\Database\Migrations\Migrator.php:211
C:\Users\USUARIO\Documents\Documentos Christian\Archivos Estudio\Sena\PROYECTO FORMATIVO\BackEnd\Conexion-EcoRisaralda\vendor\laravel\framework\src\Illuminate\Database\Migrations\Migrator.php:138
C:\Users\USUARIO\Documents\Documentos Christian\Archivos Estudio\Sena\PROYECTO FORMATIVO\BackEnd\Conexion-EcoRisaralda\vendor\laravel\framework\src\Illuminate\Database\Console\Migrations\MigrateCommand.php:116
C:\Users\USUARIO\Documents\Documentos Christian\Archivos Estudio\Sena\PROYECTO FORMATIVO\BackEnd\Conexion-EcoRisaralda\vendor\laravel\framework\src\Illuminate\Database\Migrations\Migrator.php:671
C:\Users\USUARIO\Documents\Documentos Christian\Archivos Estudio\Sena\PROYECTO FORMATIVO\BackEnd\Conexion-EcoRisaralda\vendor\laravel\framework\src\Illuminate\Database\Console\Migrations\MigrateCommand.php:109
C:\Users\USUARIO\Documents\Documentos Christian\Archivos Estudio\Sena\PROYECTO FORMATIVO\BackEnd\Conexion-EcoRisaralda\vendor\laravel\framework\src\Illuminate\Database\Console\Migrations\MigrateCommand.php:88
C:\Users\USUARIO\Documents\Documentos Christian\Archivos Estudio\Sena\PROYECTO FORMATIVO\BackEnd\Conexion-EcoRisaralda\vendor\laravel\framework\src\Illuminate\Container\BoundMethod.php:36
C:\Users\USUARIO\Documents\Documentos Christian\Archivos Estudio\Sena\PROYECTO FORMATIVO\BackEnd\Conexion-EcoRisaralda\vendor\laravel\framework\src\Illuminate\Container\Util.php:43
C:\Users\USUARIO\Documents\Documentos Christian\Archivos Estudio\Sena\PROYECTO FORMATIVO\BackEnd\Conexion-EcoRisaralda\vendor\laravel\framework\src\Illuminate\Container\BoundMethod.php:96
C:\Users\USUARIO\Documents\Documentos Christian\Archivos Estudio\Sena\PROYECTO FORMATIVO\BackEnd\Conexion-EcoRisaralda\vendor\laravel\framework\src\Illuminate\Container\BoundMethod.php:35
C:\Users\USUARIO\Documents\Documentos Christian\Archivos Estudio\Sena\PROYECTO FORMATIVO\BackEnd\Conexion-EcoRisaralda\vendor\laravel\framework\src\Illuminate\Container\Container.php:799
C:\Users\USUARIO\Documents\Documentos Christian\Archivos Estudio\Sena\PROYECTO FORMATIVO\BackEnd\Conexion-EcoRisaralda\vendor\laravel\framework\src\Illuminate\Console\Command.php:211
C:\Users\USUARIO\Documents\Documentos Christian\Archivos Estudio\Sena\PROYECTO FORMATIVO\BackEnd\Conexion-EcoRisaralda\vendor\symfony\console\Command\Command.php:341
C:\Users\USUARIO\Documents\Documentos Christian\Archivos Estudio\Sena\PROYECTO FORMATIVO\BackEnd\Conexion-EcoRisaralda\vendor\laravel\framework\src\Illuminate\Console\Command.php:180
C:\Users\USUARIO\Documents\Documentos Christian\Archivos Estudio\Sena\PROYECTO FORMATIVO\BackEnd\Conexion-EcoRisaralda\vendor\laravel\framework\src\Illuminate\Console\Concerns\CallsCommands.php:68
C:\Users\USUARIO\Documents\Documentos Christian\Archivos Estudio\Sena\PROYECTO FORMATIVO\BackEnd\Conexion-EcoRisaralda\vendor\laravel\framework\src\Illuminate\Console\Concerns\CallsCommands.php:29
C:\Users\USUARIO\Documents\Documentos Christian\Archivos Estudio\Sena\PROYECTO FORMATIVO\BackEnd\Conexion-EcoRisaralda\vendor\laravel\framework\src\Illuminate\Database\Console\Migrations\FreshCommand.php:81
C:\Users\USUARIO\Documents\Documentos Christian\Archivos Estudio\Sena\PROYECTO FORMATIVO\BackEnd\Conexion-EcoRisaralda\vendor\laravel\framework\src\Illuminate\Container\BoundMethod.php:36
C:\Users\USUARIO\Documents\Documentos Christian\Archivos Estudio\Sena\PROYECTO FORMATIVO\BackEnd\Conexion-EcoRisaralda\vendor\laravel\framework\src\Illuminate\Container\Util.php:43
C:\Users\USUARIO\Documents\Documentos Christian\Archivos Estudio\Sena\PROYECTO FORMATIVO\BackEnd\Conexion-EcoRisaralda\vendor\laravel\framework\src\Illuminate\Container\BoundMethod.php:96
C:\Users\USUARIO\Documents\Documentos Christian\Archivos Estudio\Sena\PROYECTO FORMATIVO\BackEnd\Conexion-EcoRisaralda\vendor\laravel\framework\src\Illuminate\Container\BoundMethod.php:35
C:\Users\USUARIO\Documents\Documentos Christian\Archivos Estudio\Sena\PROYECTO FORMATIVO\BackEnd\Conexion-EcoRisaralda\vendor\laravel\framework\src\Illuminate\Container\Container.php:799
C:\Users\USUARIO\Documents\Documentos Christian\Archivos Estudio\Sena\PROYECTO FORMATIVO\BackEnd\Conexion-EcoRisaralda\vendor\laravel\framework\src\Illuminate\Console\Command.php:211
C:\Users\USUARIO\Documents\Documentos Christian\Archivos Estudio\Sena\PROYECTO FORMATIVO\BackEnd\Conexion-EcoRisaralda\vendor\symfony\console\Command\Command.php:341
C:\Users\USUARIO\Documents\Documentos Christian\Archivos Estudio\Sena\PROYECTO FORMATIVO\BackEnd\Conexion-EcoRisaralda\vendor\laravel\framework\src\Illuminate\Console\Command.php:180
C:\Users\USUARIO\Documents\Documentos Christian\Archivos Estudio\Sena\PROYECTO FORMATIVO\BackEnd\Conexion-EcoRisaralda\vendor\symfony\console\Application.php:1079
C:\Users\USUARIO\Documents\Documentos Christian\Archivos Estudio\Sena\PROYECTO FORMATIVO\BackEnd\Conexion-EcoRisaralda\vendor\symfony\console\Application.php:356
C:\Users\USUARIO\Documents\Documentos Christian\Archivos Estudio\Sena\PROYECTO FORMATIVO\BackEnd\Conexion-EcoRisaralda\vendor\symfony\console\Application.php:195
C:\Users\USUARIO\Documents\Documentos Christian\Archivos Estudio\Sena\PROYECTO FORMATIVO\BackEnd\Conexion-EcoRisaralda\vendor\laravel\framework\src\Illuminate\Console\Application.php:165
C:\Users\USUARIO\Documents\Documentos Christian\Archivos Estudio\Sena\PROYECTO FORMATIVO\BackEnd\Conexion-EcoRisaralda\vendor\laravel\framework\src\Illuminate\Foundation\Console\Kernel.php:447
C:\Users\USUARIO\Documents\Documentos Christian\Archivos Estudio\Sena\PROYECTO FORMATIVO\BackEnd\Conexion-EcoRisaralda\vendor\laravel\framework\src\Illuminate\Testing\PendingCommand.php:451
C:\Users\USUARIO\Documents\Documentos Christian\Archivos Estudio\Sena\PROYECTO FORMATIVO\BackEnd\Conexion-EcoRisaralda\vendor\laravel\framework\src\Illuminate\Testing\PendingCommand.php:675
C:\Users\USUARIO\Documents\Documentos Christian\Archivos Estudio\Sena\PROYECTO FORMATIVO\BackEnd\Conexion-EcoRisaralda\vendor\laravel\framework\src\Illuminate\Foundation\Testing\Concerns\InteractsWithConsole.php:87
C:\Users\USUARIO\Documents\Documentos Christian\Archivos Estudio\Sena\PROYECTO FORMATIVO\BackEnd\Conexion-EcoRisaralda\vendor\laravel\framework\src\Illuminate\Foundation\Testing\RefreshDatabase.php:119
C:\Users\USUARIO\Documents\Documentos Christian\Archivos Estudio\Sena\PROYECTO FORMATIVO\BackEnd\Conexion-EcoRisaralda\vendor\laravel\framework\src\Illuminate\Foundation\Testing\RefreshDatabase.php:84
C:\Users\USUARIO\Documents\Documentos Christian\Archivos Estudio\Sena\PROYECTO FORMATIVO\BackEnd\Conexion-EcoRisaralda\vendor\laravel\framework\src\Illuminate\Foundation\Testing\RefreshDatabase.php:25
C:\Users\USUARIO\Documents\Documentos Christian\Archivos Estudio\Sena\PROYECTO FORMATIVO\BackEnd\Conexion-EcoRisaralda\vendor\laravel\framework\src\Illuminate\Foundation\Testing\Concerns\InteractsWithTestCaseLifecycle.php:217
C:\Users\USUARIO\Documents\Documentos Christian\Archivos Estudio\Sena\PROYECTO FORMATIVO\BackEnd\Conexion-EcoRisaralda\vendor\laravel\framework\src\Illuminate\Foundation\Testing\Concerns\InteractsWithTestCaseLifecycle.php:101
C:\Users\USUARIO\Documents\Documentos Christian\Archivos Estudio\Sena\PROYECTO FORMATIVO\BackEnd\Conexion-EcoRisaralda\vendor\laravel\framework\src\Illuminate\Foundation\Testing\TestCase.php:63</error>
        </testcase>
        <testcase name="test_user_can_remove_from_favorites" file="C:\Users\USUARIO\Documents\Documentos Christian\Archivos Estudio\Sena\PROYECTO FORMATIVO\BackEnd\Conexion-EcoRisaralda\tests\Feature\FavoritesApiTest.php" line="41" class="Tests\Feature\FavoritesApiTest" classname="Tests.Feature.FavoritesApiTest" assertions="0" time="0.000000">
          <error type="Illuminate\Database\QueryException">Tests\Feature\FavoritesApiTest::test_user_can_remove_from_favorites&#13;
Illuminate\Database\QueryException: SQLSTATE[HY000]: General error: 1 near "MODIFY": syntax error (Connection: sqlite, Database: :memory:, SQL: ALTER TABLE users MODIFY status ENUM('pending','approved','rejected','active','inactive') DEFAULT 'active')
&#13;
C:\Users\USUARIO\Documents\Documentos Christian\Archivos Estudio\Sena\PROYECTO FORMATIVO\BackEnd\Conexion-EcoRisaralda\vendor\laravel\framework\src\Illuminate\Database\Connection.php:838
C:\Users\USUARIO\Documents\Documentos Christian\Archivos Estudio\Sena\PROYECTO FORMATIVO\BackEnd\Conexion-EcoRisaralda\vendor\laravel\framework\src\Illuminate\Database\Connection.php:794
C:\Users\USUARIO\Documents\Documentos Christian\Archivos Estudio\Sena\PROYECTO FORMATIVO\BackEnd\Conexion-EcoRisaralda\vendor\laravel\framework\src\Illuminate\Database\Connection.php:573
C:\Users\USUARIO\Documents\Documentos Christian\Archivos Estudio\Sena\PROYECTO FORMATIVO\BackEnd\Conexion-EcoRisaralda\vendor\laravel\framework\src\Illuminate\Database\DatabaseManager.php:491
C:\Users\USUARIO\Documents\Documentos Christian\Archivos Estudio\Sena\PROYECTO FORMATIVO\BackEnd\Conexion-EcoRisaralda\vendor\laravel\framework\src\Illuminate\Support\Facades\Facade.php:363
C:\Users\USUARIO\Documents\Documentos Christian\Archivos Estudio\Sena\PROYECTO FORMATIVO\BackEnd\Conexion-EcoRisaralda\database\migrations\2026_02_09_000001_add_inactive_to_status_enum_on_users_table.php:16
C:\Users\USUARIO\Documents\Documentos Christian\Archivos Estudio\Sena\PROYECTO FORMATIVO\BackEnd\Conexion-EcoRisaralda\vendor\laravel\framework\src\Illuminate\Database\Migrations\Migrator.php:517
C:\Users\USUARIO\Documents\Documentos Christian\Archivos Estudio\Sena\PROYECTO FORMATIVO\BackEnd\Conexion-EcoRisaralda\vendor\laravel\framework\src\Illuminate\Database\Migrations\Migrator.php:442
C:\Users\USUARIO\Documents\Documentos Christian\Archivos Estudio\Sena\PROYECTO FORMATIVO\BackEnd\Conexion-EcoRisaralda\vendor\laravel\framework\src\Illuminate\Database\Migrations\Migrator.php:451
C:\Users\USUARIO\Documents\Documentos Christian\Archivos Estudio\Sena\PROYECTO FORMATIVO\BackEnd\Conexion-EcoRisaralda\vendor\laravel\framework\src\Illuminate\Database\Migrations\Migrator.php:253
C:\Users\USUARIO\Documents\Documentos Christian\Archivos Estudio\Sena\PROYECTO FORMATIVO\BackEnd\Conexion-EcoRisaralda\vendor\laravel\framework\src\Illuminate\Console\View\Components\Task.php:41
C:\Users\USUARIO\Documents\Documentos Christian\Archivos Estudio\Sena\PROYECTO FORMATIVO\BackEnd\Conexion-EcoRisaralda\vendor\laravel\framework\src\Illuminate\Database\Migrations\Migrator.php:814
C:\Users\USUARIO\Documents\Documentos Christian\Archivos Estudio\Sena\PROYECTO FORMATIVO\BackEnd\Conexion-EcoRisaralda\vendor\laravel\framework\src\Illuminate\Database\Migrations\Migrator.php:253
C:\Users\USUARIO\Documents\Documentos Christian\Archivos Estudio\Sena\PROYECTO FORMATIVO\BackEnd\Conexion-EcoRisaralda\vendor\laravel\framework\src\Illuminate\Database\Migrations\Migrator.php:211
C:\Users\USUARIO\Documents\Documentos Christian\Archivos Estudio\Sena\PROYECTO FORMATIVO\BackEnd\Conexion-EcoRisaralda\vendor\laravel\framework\src\Illuminate\Database\Migrations\Migrator.php:138
C:\Users\USUARIO\Documents\Documentos Christian\Archivos Estudio\Sena\PROYECTO FORMATIVO\BackEnd\Conexion-EcoRisaralda\vendor\laravel\framework\src\Illuminate\Database\Console\Migrations\MigrateCommand.php:116
C:\Users\USUARIO\Documents\Documentos Christian\Archivos Estudio\Sena\PROYECTO FORMATIVO\BackEnd\Conexion-EcoRisaralda\vendor\laravel\framework\src\Illuminate\Database\Migrations\Migrator.php:671
C:\Users\USUARIO\Documents\Documentos Christian\Archivos Estudio\Sena\PROYECTO FORMATIVO\BackEnd\Conexion-EcoRisaralda\vendor\laravel\framework\src\Illuminate\Database\Console\Migrations\MigrateCommand.php:109
C:\Users\USUARIO\Documents\Documentos Christian\Archivos Estudio\Sena\PROYECTO FORMATIVO\BackEnd\Conexion-EcoRisaralda\vendor\laravel\framework\src\Illuminate\Database\Console\Migrations\MigrateCommand.php:88
C:\Users\USUARIO\Documents\Documentos Christian\Archivos Estudio\Sena\PROYECTO FORMATIVO\BackEnd\Conexion-EcoRisaralda\vendor\laravel\framework\src\Illuminate\Container\BoundMethod.php:36
C:\Users\USUARIO\Documents\Documentos Christian\Archivos Estudio\Sena\PROYECTO FORMATIVO\BackEnd\Conexion-EcoRisaralda\vendor\laravel\framework\src\Illuminate\Container\Util.php:43
C:\Users\USUARIO\Documents\Documentos Christian\Archivos Estudio\Sena\PROYECTO FORMATIVO\BackEnd\Conexion-EcoRisaralda\vendor\laravel\framework\src\Illuminate\Container\BoundMethod.php:96
C:\Users\USUARIO\Documents\Documentos Christian\Archivos Estudio\Sena\PROYECTO FORMATIVO\BackEnd\Conexion-EcoRisaralda\vendor\laravel\framework\src\Illuminate\Container\BoundMethod.php:35
C:\Users\USUARIO\Documents\Documentos Christian\Archivos Estudio\Sena\PROYECTO FORMATIVO\BackEnd\Conexion-EcoRisaralda\vendor\laravel\framework\src\Illuminate\Container\Container.php:799
C:\Users\USUARIO\Documents\Documentos Christian\Archivos Estudio\Sena\PROYECTO FORMATIVO\BackEnd\Conexion-EcoRisaralda\vendor\laravel\framework\src\Illuminate\Console\Command.php:211
C:\Users\USUARIO\Documents\Documentos Christian\Archivos Estudio\Sena\PROYECTO FORMATIVO\BackEnd\Conexion-EcoRisaralda\vendor\symfony\console\Command\Command.php:341
C:\Users\USUARIO\Documents\Documentos Christian\Archivos Estudio\Sena\PROYECTO FORMATIVO\BackEnd\Conexion-EcoRisaralda\vendor\laravel\framework\src\Illuminate\Console\Command.php:180
C:\Users\USUARIO\Documents\Documentos Christian\Archivos Estudio\Sena\PROYECTO FORMATIVO\BackEnd\Conexion-EcoRisaralda\vendor\laravel\framework\src\Illuminate\Console\Concerns\CallsCommands.php:68
C:\Users\USUARIO\Documents\Documentos Christian\Archivos Estudio\Sena\PROYECTO FORMATIVO\BackEnd\Conexion-EcoRisaralda\vendor\laravel\framework\src\Illuminate\Console\Concerns\CallsCommands.php:29
C:\Users\USUARIO\Documents\Documentos Christian\Archivos Estudio\Sena\PROYECTO FORMATIVO\BackEnd\Conexion-EcoRisaralda\vendor\laravel\framework\src\Illuminate\Database\Console\Migrations\FreshCommand.php:81
C:\Users\USUARIO\Documents\Documentos Christian\Archivos Estudio\Sena\PROYECTO FORMATIVO\BackEnd\Conexion-EcoRisaralda\vendor\laravel\framework\src\Illuminate\Container\BoundMethod.php:36
C:\Users\USUARIO\Documents\Documentos Christian\Archivos Estudio\Sena\PROYECTO FORMATIVO\BackEnd\Conexion-EcoRisaralda\vendor\laravel\framework\src\Illuminate\Container\Util.php:43
C:\Users\USUARIO\Documents\Documentos Christian\Archivos Estudio\Sena\PROYECTO FORMATIVO\BackEnd\Conexion-EcoRisaralda\vendor\laravel\framework\src\Illuminate\Container\BoundMethod.php:96
C:\Users\USUARIO\Documents\Documentos Christian\Archivos Estudio\Sena\PROYECTO FORMATIVO\BackEnd\Conexion-EcoRisaralda\vendor\laravel\framework\src\Illuminate\Container\BoundMethod.php:35
C:\Users\USUARIO\Documents\Documentos Christian\Archivos Estudio\Sena\PROYECTO FORMATIVO\BackEnd\Conexion-EcoRisaralda\vendor\laravel\framework\src\Illuminate\Container\Container.php:799
C:\Users\USUARIO\Documents\Documentos Christian\Archivos Estudio\Sena\PROYECTO FORMATIVO\BackEnd\Conexion-EcoRisaralda\vendor\laravel\framework\src\Illuminate\Console\Command.php:211
C:\Users\USUARIO\Documents\Documentos Christian\Archivos Estudio\Sena\PROYECTO FORMATIVO\BackEnd\Conexion-EcoRisaralda\vendor\symfony\console\Command\Command.php:341
C:\Users\USUARIO\Documents\Documentos Christian\Archivos Estudio\Sena\PROYECTO FORMATIVO\BackEnd\Conexion-EcoRisaralda\vendor\laravel\framework\src\Illuminate\Console\Command.php:180
C:\Users\USUARIO\Documents\Documentos Christian\Archivos Estudio\Sena\PROYECTO FORMATIVO\BackEnd\Conexion-EcoRisaralda\vendor\symfony\console\Application.php:1079
C:\Users\USUARIO\Documents\Documentos Christian\Archivos Estudio\Sena\PROYECTO FORMATIVO\BackEnd\Conexion-EcoRisaralda\vendor\symfony\console\Application.php:356
C:\Users\USUARIO\Documents\Documentos Christian\Archivos Estudio\Sena\PROYECTO FORMATIVO\BackEnd\Conexion-EcoRisaralda\vendor\symfony\console\Application.php:195
C:\Users\USUARIO\Documents\Documentos Christian\Archivos Estudio\Sena\PROYECTO FORMATIVO\BackEnd\Conexion-EcoRisaralda\vendor\laravel\framework\src\Illuminate\Console\Application.php:165
C:\Users\USUARIO\Documents\Documentos Christian\Archivos Estudio\Sena\PROYECTO FORMATIVO\BackEnd\Conexion-EcoRisaralda\vendor\laravel\framework\src\Illuminate\Foundation\Console\Kernel.php:447
C:\Users\USUARIO\Documents\Documentos Christian\Archivos Estudio\Sena\PROYECTO FORMATIVO\BackEnd\Conexion-EcoRisaralda\vendor\laravel\framework\src\Illuminate\Testing\PendingCommand.php:451
C:\Users\USUARIO\Documents\Documentos Christian\Archivos Estudio\Sena\PROYECTO FORMATIVO\BackEnd\Conexion-EcoRisaralda\vendor\laravel\framework\src\Illuminate\Testing\PendingCommand.php:675
C:\Users\USUARIO\Documents\Documentos Christian\Archivos Estudio\Sena\PROYECTO FORMATIVO\BackEnd\Conexion-EcoRisaralda\vendor\laravel\framework\src\Illuminate\Foundation\Testing\Concerns\InteractsWithConsole.php:87
C:\Users\USUARIO\Documents\Documentos Christian\Archivos Estudio\Sena\PROYECTO FORMATIVO\BackEnd\Conexion-EcoRisaralda\vendor\laravel\framework\src\Illuminate\Foundation\Testing\RefreshDatabase.php:119
C:\Users\USUARIO\Documents\Documentos Christian\Archivos Estudio\Sena\PROYECTO FORMATIVO\BackEnd\Conexion-EcoRisaralda\vendor\laravel\framework\src\Illuminate\Foundation\Testing\RefreshDatabase.php:84
C:\Users\USUARIO\Documents\Documentos Christian\Archivos Estudio\Sena\PROYECTO FORMATIVO\BackEnd\Conexion-EcoRisaralda\vendor\laravel\framework\src\Illuminate\Foundation\Testing\RefreshDatabase.php:25
C:\Users\USUARIO\Documents\Documentos Christian\Archivos Estudio\Sena\PROYECTO FORMATIVO\BackEnd\Conexion-EcoRisaralda\vendor\laravel\framework\src\Illuminate\Foundation\Testing\Concerns\InteractsWithTestCaseLifecycle.php:217
C:\Users\USUARIO\Documents\Documentos Christian\Archivos Estudio\Sena\PROYECTO FORMATIVO\BackEnd\Conexion-EcoRisaralda\vendor\laravel\framework\src\Illuminate\Foundation\Testing\Concerns\InteractsWithTestCaseLifecycle.php:101
C:\Users\USUARIO\Documents\Documentos Christian\Archivos Estudio\Sena\PROYECTO FORMATIVO\BackEnd\Conexion-EcoRisaralda\vendor\laravel\framework\src\Illuminate\Foundation\Testing\TestCase.php:63</error>
        </testcase>
        <testcase name="test_unauthenticated_user_cannot_manage_favorites" file="C:\Users\USUARIO\Documents\Documentos Christian\Archivos Estudio\Sena\PROYECTO FORMATIVO\BackEnd\Conexion-EcoRisaralda\tests\Feature\FavoritesApiTest.php" line="56" class="Tests\Feature\FavoritesApiTest" classname="Tests.Feature.FavoritesApiTest" assertions="0" time="0.000000">
          <error type="Illuminate\Database\QueryException">Tests\Feature\FavoritesApiTest::test_unauthenticated_user_cannot_manage_favorites&#13;
Illuminate\Database\QueryException: SQLSTATE[HY000]: General error: 1 near "MODIFY": syntax error (Connection: sqlite, Database: :memory:, SQL: ALTER TABLE users MODIFY status ENUM('pending','approved','rejected','active','inactive') DEFAULT 'active')
&#13;
C:\Users\USUARIO\Documents\Documentos Christian\Archivos Estudio\Sena\PROYECTO FORMATIVO\BackEnd\Conexion-EcoRisaralda\vendor\laravel\framework\src\Illuminate\Database\Connection.php:838
C:\Users\USUARIO\Documents\Documentos Christian\Archivos Estudio\Sena\PROYECTO FORMATIVO\BackEnd\Conexion-EcoRisaralda\vendor\laravel\framework\src\Illuminate\Database\Connection.php:794
C:\Users\USUARIO\Documents\Documentos Christian\Archivos Estudio\Sena\PROYECTO FORMATIVO\BackEnd\Conexion-EcoRisaralda\vendor\laravel\framework\src\Illuminate\Database\Connection.php:573
C:\Users\USUARIO\Documents\Documentos Christian\Archivos Estudio\Sena\PROYECTO FORMATIVO\BackEnd\Conexion-EcoRisaralda\vendor\laravel\framework\src\Illuminate\Database\DatabaseManager.php:491
C:\Users\USUARIO\Documents\Documentos Christian\Archivos Estudio\Sena\PROYECTO FORMATIVO\BackEnd\Conexion-EcoRisaralda\vendor\laravel\framework\src\Illuminate\Support\Facades\Facade.php:363
C:\Users\USUARIO\Documents\Documentos Christian\Archivos Estudio\Sena\PROYECTO FORMATIVO\BackEnd\Conexion-EcoRisaralda\database\migrations\2026_02_09_000001_add_inactive_to_status_enum_on_users_table.php:16
C:\Users\USUARIO\Documents\Documentos Christian\Archivos Estudio\Sena\PROYECTO FORMATIVO\BackEnd\Conexion-EcoRisaralda\vendor\laravel\framework\src\Illuminate\Database\Migrations\Migrator.php:517
C:\Users\USUARIO\Documents\Documentos Christian\Archivos Estudio\Sena\PROYECTO FORMATIVO\BackEnd\Conexion-EcoRisaralda\vendor\laravel\framework\src\Illuminate\Database\Migrations\Migrator.php:442
C:\Users\USUARIO\Documents\Documentos Christian\Archivos Estudio\Sena\PROYECTO FORMATIVO\BackEnd\Conexion-EcoRisaralda\vendor\laravel\framework\src\Illuminate\Database\Migrations\Migrator.php:451
C:\Users\USUARIO\Documents\Documentos Christian\Archivos Estudio\Sena\PROYECTO FORMATIVO\BackEnd\Conexion-EcoRisaralda\vendor\laravel\framework\src\Illuminate\Database\Migrations\Migrator.php:253
C:\Users\USUARIO\Documents\Documentos Christian\Archivos Estudio\Sena\PROYECTO FORMATIVO\BackEnd\Conexion-EcoRisaralda\vendor\laravel\framework\src\Illuminate\Console\View\Components\Task.php:41
C:\Users\USUARIO\Documents\Documentos Christian\Archivos Estudio\Sena\PROYECTO FORMATIVO\BackEnd\Conexion-EcoRisaralda\vendor\laravel\framework\src\Illuminate\Database\Migrations\Migrator.php:814
C:\Users\USUARIO\Documents\Documentos Christian\Archivos Estudio\Sena\PROYECTO FORMATIVO\BackEnd\Conexion-EcoRisaralda\vendor\laravel\framework\src\Illuminate\Database\Migrations\Migrator.php:253
C:\Users\USUARIO\Documents\Documentos Christian\Archivos Estudio\Sena\PROYECTO FORMATIVO\BackEnd\Conexion-EcoRisaralda\vendor\laravel\framework\src\Illuminate\Database\Migrations\Migrator.php:211
C:\Users\USUARIO\Documents\Documentos Christian\Archivos Estudio\Sena\PROYECTO FORMATIVO\BackEnd\Conexion-EcoRisaralda\vendor\laravel\framework\src\Illuminate\Database\Migrations\Migrator.php:138
C:\Users\USUARIO\Documents\Documentos Christian\Archivos Estudio\Sena\PROYECTO FORMATIVO\BackEnd\Conexion-EcoRisaralda\vendor\laravel\framework\src\Illuminate\Database\Console\Migrations\MigrateCommand.php:116
C:\Users\USUARIO\Documents\Documentos Christian\Archivos Estudio\Sena\PROYECTO FORMATIVO\BackEnd\Conexion-EcoRisaralda\vendor\laravel\framework\src\Illuminate\Database\Migrations\Migrator.php:671
C:\Users\USUARIO\Documents\Documentos Christian\Archivos Estudio\Sena\PROYECTO FORMATIVO\BackEnd\Conexion-EcoRisaralda\vendor\laravel\framework\src\Illuminate\Database\Console\Migrations\MigrateCommand.php:109
C:\Users\USUARIO\Documents\Documentos Christian\Archivos Estudio\Sena\PROYECTO FORMATIVO\BackEnd\Conexion-EcoRisaralda\vendor\laravel\framework\src\Illuminate\Database\Console\Migrations\MigrateCommand.php:88
C:\Users\USUARIO\Documents\Documentos Christian\Archivos Estudio\Sena\PROYECTO FORMATIVO\BackEnd\Conexion-EcoRisaralda\vendor\laravel\framework\src\Illuminate\Container\BoundMethod.php:36
C:\Users\USUARIO\Documents\Documentos Christian\Archivos Estudio\Sena\PROYECTO FORMATIVO\BackEnd\Conexion-EcoRisaralda\vendor\laravel\framework\src\Illuminate\Container\Util.php:43
C:\Users\USUARIO\Documents\Documentos Christian\Archivos Estudio\Sena\PROYECTO FORMATIVO\BackEnd\Conexion-EcoRisaralda\vendor\laravel\framework\src\Illuminate\Container\BoundMethod.php:96
C:\Users\USUARIO\Documents\Documentos Christian\Archivos Estudio\Sena\PROYECTO FORMATIVO\BackEnd\Conexion-EcoRisaralda\vendor\laravel\framework\src\Illuminate\Container\BoundMethod.php:35
C:\Users\USUARIO\Documents\Documentos Christian\Archivos Estudio\Sena\PROYECTO FORMATIVO\BackEnd\Conexion-EcoRisaralda\vendor\laravel\framework\src\Illuminate\Container\Container.php:799
C:\Users\USUARIO\Documents\Documentos Christian\Archivos Estudio\Sena\PROYECTO FORMATIVO\BackEnd\Conexion-EcoRisaralda\vendor\laravel\framework\src\Illuminate\Console\Command.php:211
C:\Users\USUARIO\Documents\Documentos Christian\Archivos Estudio\Sena\PROYECTO FORMATIVO\BackEnd\Conexion-EcoRisaralda\vendor\symfony\console\Command\Command.php:341
C:\Users\USUARIO\Documents\Documentos Christian\Archivos Estudio\Sena\PROYECTO FORMATIVO\BackEnd\Conexion-EcoRisaralda\vendor\laravel\framework\src\Illuminate\Console\Command.php:180
C:\Users\USUARIO\Documents\Documentos Christian\Archivos Estudio\Sena\PROYECTO FORMATIVO\BackEnd\Conexion-EcoRisaralda\vendor\laravel\framework\src\Illuminate\Console\Concerns\CallsCommands.php:68
C:\Users\USUARIO\Documents\Documentos Christian\Archivos Estudio\Sena\PROYECTO FORMATIVO\BackEnd\Conexion-EcoRisaralda\vendor\laravel\framework\src\Illuminate\Console\Concerns\CallsCommands.php:29
C:\Users\USUARIO\Documents\Documentos Christian\Archivos Estudio\Sena\PROYECTO FORMATIVO\BackEnd\Conexion-EcoRisaralda\vendor\laravel\framework\src\Illuminate\Database\Console\Migrations\FreshCommand.php:81
C:\Users\USUARIO\Documents\Documentos Christian\Archivos Estudio\Sena\PROYECTO FORMATIVO\BackEnd\Conexion-EcoRisaralda\vendor\laravel\framework\src\Illuminate\Container\BoundMethod.php:36
C:\Users\USUARIO\Documents\Documentos Christian\Archivos Estudio\Sena\PROYECTO FORMATIVO\BackEnd\Conexion-EcoRisaralda\vendor\laravel\framework\src\Illuminate\Container\Util.php:43
C:\Users\USUARIO\Documents\Documentos Christian\Archivos Estudio\Sena\PROYECTO FORMATIVO\BackEnd\Conexion-EcoRisaralda\vendor\laravel\framework\src\Illuminate\Container\BoundMethod.php:96
C:\Users\USUARIO\Documents\Documentos Christian\Archivos Estudio\Sena\PROYECTO FORMATIVO\BackEnd\Conexion-EcoRisaralda\vendor\laravel\framework\src\Illuminate\Container\BoundMethod.php:35
C:\Users\USUARIO\Documents\Documentos Christian\Archivos Estudio\Sena\PROYECTO FORMATIVO\BackEnd\Conexion-EcoRisaralda\vendor\laravel\framework\src\Illuminate\Container\Container.php:799
C:\Users\USUARIO\Documents\Documentos Christian\Archivos Estudio\Sena\PROYECTO FORMATIVO\BackEnd\Conexion-EcoRisaralda\vendor\laravel\framework\src\Illuminate\Console\Command.php:211
C:\Users\USUARIO\Documents\Documentos Christian\Archivos Estudio\Sena\PROYECTO FORMATIVO\BackEnd\Conexion-EcoRisaralda\vendor\symfony\console\Command\Command.php:341
C:\Users\USUARIO\Documents\Documentos Christian\Archivos Estudio\Sena\PROYECTO FORMATIVO\BackEnd\Conexion-EcoRisaralda\vendor\laravel\framework\src\Illuminate\Console\Command.php:180
C:\Users\USUARIO\Documents\Documentos Christian\Archivos Estudio\Sena\PROYECTO FORMATIVO\BackEnd\Conexion-EcoRisaralda\vendor\symfony\console\Application.php:1079
C:\Users\USUARIO\Documents\Documentos Christian\Archivos Estudio\Sena\PROYECTO FORMATIVO\BackEnd\Conexion-EcoRisaralda\vendor\symfony\console\Application.php:356
C:\Users\USUARIO\Documents\Documentos Christian\Archivos Estudio\Sena\PROYECTO FORMATIVO\BackEnd\Conexion-EcoRisaralda\vendor\symfony\console\Application.php:195
C:\Users\USUARIO\Documents\Documentos Christian\Archivos Estudio\Sena\PROYECTO FORMATIVO\BackEnd\Conexion-EcoRisaralda\vendor\laravel\framework\src\Illuminate\Console\Application.php:165
C:\Users\USUARIO\Documents\Documentos Christian\Archivos Estudio\Sena\PROYECTO FORMATIVO\BackEnd\Conexion-EcoRisaralda\vendor\laravel\framework\src\Illuminate\Foundation\Console\Kernel.php:447
C:\Users\USUARIO\Documents\Documentos Christian\Archivos Estudio\Sena\PROYECTO FORMATIVO\BackEnd\Conexion-EcoRisaralda\vendor\laravel\framework\src\Illuminate\Testing\PendingCommand.php:451
C:\Users\USUARIO\Documents\Documentos Christian\Archivos Estudio\Sena\PROYECTO FORMATIVO\BackEnd\Conexion-EcoRisaralda\vendor\laravel\framework\src\Illuminate\Testing\PendingCommand.php:675
C:\Users\USUARIO\Documents\Documentos Christian\Archivos Estudio\Sena\PROYECTO FORMATIVO\BackEnd\Conexion-EcoRisaralda\vendor\laravel\framework\src\Illuminate\Foundation\Testing\Concerns\InteractsWithConsole.php:87
C:\Users\USUARIO\Documents\Documentos Christian\Archivos Estudio\Sena\PROYECTO FORMATIVO\BackEnd\Conexion-EcoRisaralda\vendor\laravel\framework\src\Illuminate\Foundation\Testing\RefreshDatabase.php:119
C:\Users\USUARIO\Documents\Documentos Christian\Archivos Estudio\Sena\PROYECTO FORMATIVO\BackEnd\Conexion-EcoRisaralda\vendor\laravel\framework\src\Illuminate\Foundation\Testing\RefreshDatabase.php:84
C:\Users\USUARIO\Documents\Documentos Christian\Archivos Estudio\Sena\PROYECTO FORMATIVO\BackEnd\Conexion-EcoRisaralda\vendor\laravel\framework\src\Illuminate\Foundation\Testing\RefreshDatabase.php:25
C:\Users\USUARIO\Documents\Documentos Christian\Archivos Estudio\Sena\PROYECTO FORMATIVO\BackEnd\Conexion-EcoRisaralda\vendor\laravel\framework\src\Illuminate\Foundation\Testing\Concerns\InteractsWithTestCaseLifecycle.php:217
C:\Users\USUARIO\Documents\Documentos Christian\Archivos Estudio\Sena\PROYECTO FORMATIVO\BackEnd\Conexion-EcoRisaralda\vendor\laravel\framework\src\Illuminate\Foundation\Testing\Concerns\InteractsWithTestCaseLifecycle.php:101
C:\Users\USUARIO\Documents\Documentos Christian\Archivos Estudio\Sena\PROYECTO FORMATIVO\BackEnd\Conexion-EcoRisaralda\vendor\laravel\framework\src\Illuminate\Foundation\Testing\TestCase.php:63</error>
        </testcase>
      </testsuite>
      <testsuite name="Tests\Feature\HealthTest" file="C:\Users\USUARIO\Documents\Documentos Christian\Archivos Estudio\Sena\PROYECTO FORMATIVO\BackEnd\Conexion-EcoRisaralda\tests\Feature\HealthTest.php" tests="1" assertions="2" errors="0" failures="0" skipped="0" time="0.087754">
        <testcase name="test_health_endpoint_returns_ok" file="C:\Users\USUARIO\Documents\Documentos Christian\Archivos Estudio\Sena\PROYECTO FORMATIVO\BackEnd\Conexion-EcoRisaralda\tests\Feature\HealthTest.php" line="9" class="Tests\Feature\HealthTest" classname="Tests.Feature.HealthTest" assertions="2" time="0.087754"/>
      </testsuite>
      <testsuite name="Tests\Feature\HistoryApiTest" file="C:\Users\USUARIO\Documents\Documentos Christian\Archivos Estudio\Sena\PROYECTO FORMATIVO\BackEnd\Conexion-EcoRisaralda\tests\Feature\HistoryApiTest.php" tests="4" assertions="0" errors="4" failures="0" skipped="0" time="0.000000">
        <testcase name="test_user_can_register_place_visit" file="C:\Users\USUARIO\Documents\Documentos Christian\Archivos Estudio\Sena\PROYECTO FORMATIVO\BackEnd\Conexion-EcoRisaralda\tests\Feature\HistoryApiTest.php" line="21" class="Tests\Feature\HistoryApiTest" classname="Tests.Feature.HistoryApiTest" assertions="0" time="0.000000">
          <error type="Illuminate\Database\QueryException">Tests\Feature\HistoryApiTest::test_user_can_register_place_visit&#13;
Illuminate\Database\QueryException: SQLSTATE[HY000]: General error: 1 near "MODIFY": syntax error (Connection: sqlite, Database: :memory:, SQL: ALTER TABLE users MODIFY status ENUM('pending','approved','rejected','active','inactive') DEFAULT 'active')
&#13;
C:\Users\USUARIO\Documents\Documentos Christian\Archivos Estudio\Sena\PROYECTO FORMATIVO\BackEnd\Conexion-EcoRisaralda\vendor\laravel\framework\src\Illuminate\Database\Connection.php:838
C:\Users\USUARIO\Documents\Documentos Christian\Archivos Estudio\Sena\PROYECTO FORMATIVO\BackEnd\Conexion-EcoRisaralda\vendor\laravel\framework\src\Illuminate\Database\Connection.php:794
C:\Users\USUARIO\Documents\Documentos Christian\Archivos Estudio\Sena\PROYECTO FORMATIVO\BackEnd\Conexion-EcoRisaralda\vendor\laravel\framework\src\Illuminate\Database\Connection.php:573
C:\Users\USUARIO\Documents\Documentos Christian\Archivos Estudio\Sena\PROYECTO FORMATIVO\BackEnd\Conexion-EcoRisaralda\vendor\laravel\framework\src\Illuminate\Database\DatabaseManager.php:491
C:\Users\USUARIO\Documents\Documentos Christian\Archivos Estudio\Sena\PROYECTO FORMATIVO\BackEnd\Conexion-EcoRisaralda\vendor\laravel\framework\src\Illuminate\Support\Facades\Facade.php:363
C:\Users\USUARIO\Documents\Documentos Christian\Archivos Estudio\Sena\PROYECTO FORMATIVO\BackEnd\Conexion-EcoRisaralda\database\migrations\2026_02_09_000001_add_inactive_to_status_enum_on_users_table.php:16
C:\Users\USUARIO\Documents\Documentos Christian\Archivos Estudio\Sena\PROYECTO FORMATIVO\BackEnd\Conexion-EcoRisaralda\vendor\laravel\framework\src\Illuminate\Database\Migrations\Migrator.php:517
C:\Users\USUARIO\Documents\Documentos Christian\Archivos Estudio\Sena\PROYECTO FORMATIVO\BackEnd\Conexion-EcoRisaralda\vendor\laravel\framework\src\Illuminate\Database\Migrations\Migrator.php:442
C:\Users\USUARIO\Documents\Documentos Christian\Archivos Estudio\Sena\PROYECTO FORMATIVO\BackEnd\Conexion-EcoRisaralda\vendor\laravel\framework\src\Illuminate\Database\Migrations\Migrator.php:451
C:\Users\USUARIO\Documents\Documentos Christian\Archivos Estudio\Sena\PROYECTO FORMATIVO\BackEnd\Conexion-EcoRisaralda\vendor\laravel\framework\src\Illuminate\Database\Migrations\Migrator.php:253
C:\Users\USUARIO\Documents\Documentos Christian\Archivos Estudio\Sena\PROYECTO FORMATIVO\BackEnd\Conexion-EcoRisaralda\vendor\laravel\framework\src\Illuminate\Console\View\Components\Task.php:41
C:\Users\USUARIO\Documents\Documentos Christian\Archivos Estudio\Sena\PROYECTO FORMATIVO\BackEnd\Conexion-EcoRisaralda\vendor\laravel\framework\src\Illuminate\Database\Migrations\Migrator.php:814
C:\Users\USUARIO\Documents\Documentos Christian\Archivos Estudio\Sena\PROYECTO FORMATIVO\BackEnd\Conexion-EcoRisaralda\vendor\laravel\framework\src\Illuminate\Database\Migrations\Migrator.php:253
C:\Users\USUARIO\Documents\Documentos Christian\Archivos Estudio\Sena\PROYECTO FORMATIVO\BackEnd\Conexion-EcoRisaralda\vendor\laravel\framework\src\Illuminate\Database\Migrations\Migrator.php:211
C:\Users\USUARIO\Documents\Documentos Christian\Archivos Estudio\Sena\PROYECTO FORMATIVO\BackEnd\Conexion-EcoRisaralda\vendor\laravel\framework\src\Illuminate\Database\Migrations\Migrator.php:138
C:\Users\USUARIO\Documents\Documentos Christian\Archivos Estudio\Sena\PROYECTO FORMATIVO\BackEnd\Conexion-EcoRisaralda\vendor\laravel\framework\src\Illuminate\Database\Console\Migrations\MigrateCommand.php:116
C:\Users\USUARIO\Documents\Documentos Christian\Archivos Estudio\Sena\PROYECTO FORMATIVO\BackEnd\Conexion-EcoRisaralda\vendor\laravel\framework\src\Illuminate\Database\Migrations\Migrator.php:671
C:\Users\USUARIO\Documents\Documentos Christian\Archivos Estudio\Sena\PROYECTO FORMATIVO\BackEnd\Conexion-EcoRisaralda\vendor\laravel\framework\src\Illuminate\Database\Console\Migrations\MigrateCommand.php:109
C:\Users\USUARIO\Documents\Documentos Christian\Archivos Estudio\Sena\PROYECTO FORMATIVO\BackEnd\Conexion-EcoRisaralda\vendor\laravel\framework\src\Illuminate\Database\Console\Migrations\MigrateCommand.php:88
C:\Users\USUARIO\Documents\Documentos Christian\Archivos Estudio\Sena\PROYECTO FORMATIVO\BackEnd\Conexion-EcoRisaralda\vendor\laravel\framework\src\Illuminate\Container\BoundMethod.php:36
C:\Users\USUARIO\Documents\Documentos Christian\Archivos Estudio\Sena\PROYECTO FORMATIVO\BackEnd\Conexion-EcoRisaralda\vendor\laravel\framework\src\Illuminate\Container\Util.php:43
C:\Users\USUARIO\Documents\Documentos Christian\Archivos Estudio\Sena\PROYECTO FORMATIVO\BackEnd\Conexion-EcoRisaralda\vendor\laravel\framework\src\Illuminate\Container\BoundMethod.php:96
C:\Users\USUARIO\Documents\Documentos Christian\Archivos Estudio\Sena\PROYECTO FORMATIVO\BackEnd\Conexion-EcoRisaralda\vendor\laravel\framework\src\Illuminate\Container\BoundMethod.php:35
C:\Users\USUARIO\Documents\Documentos Christian\Archivos Estudio\Sena\PROYECTO FORMATIVO\BackEnd\Conexion-EcoRisaralda\vendor\laravel\framework\src\Illuminate\Container\Container.php:799
C:\Users\USUARIO\Documents\Documentos Christian\Archivos Estudio\Sena\PROYECTO FORMATIVO\BackEnd\Conexion-EcoRisaralda\vendor\laravel\framework\src\Illuminate\Console\Command.php:211
C:\Users\USUARIO\Documents\Documentos Christian\Archivos Estudio\Sena\PROYECTO FORMATIVO\BackEnd\Conexion-EcoRisaralda\vendor\symfony\console\Command\Command.php:341
C:\Users\USUARIO\Documents\Documentos Christian\Archivos Estudio\Sena\PROYECTO FORMATIVO\BackEnd\Conexion-EcoRisaralda\vendor\laravel\framework\src\Illuminate\Console\Command.php:180
C:\Users\USUARIO\Documents\Documentos Christian\Archivos Estudio\Sena\PROYECTO FORMATIVO\BackEnd\Conexion-EcoRisaralda\vendor\laravel\framework\src\Illuminate\Console\Concerns\CallsCommands.php:68
C:\Users\USUARIO\Documents\Documentos Christian\Archivos Estudio\Sena\PROYECTO FORMATIVO\BackEnd\Conexion-EcoRisaralda\vendor\laravel\framework\src\Illuminate\Console\Concerns\CallsCommands.php:29
C:\Users\USUARIO\Documents\Documentos Christian\Archivos Estudio\Sena\PROYECTO FORMATIVO\BackEnd\Conexion-EcoRisaralda\vendor\laravel\framework\src\Illuminate\Database\Console\Migrations\FreshCommand.php:81
C:\Users\USUARIO\Documents\Documentos Christian\Archivos Estudio\Sena\PROYECTO FORMATIVO\BackEnd\Conexion-EcoRisaralda\vendor\laravel\framework\src\Illuminate\Container\BoundMethod.php:36
C:\Users\USUARIO\Documents\Documentos Christian\Archivos Estudio\Sena\PROYECTO FORMATIVO\BackEnd\Conexion-EcoRisaralda\vendor\laravel\framework\src\Illuminate\Container\Util.php:43
C:\Users\USUARIO\Documents\Documentos Christian\Archivos Estudio\Sena\PROYECTO FORMATIVO\BackEnd\Conexion-EcoRisaralda\vendor\laravel\framework\src\Illuminate\Container\BoundMethod.php:96
C:\Users\USUARIO\Documents\Documentos Christian\Archivos Estudio\Sena\PROYECTO FORMATIVO\BackEnd\Conexion-EcoRisaralda\vendor\laravel\framework\src\Illuminate\Container\BoundMethod.php:35
C:\Users\USUARIO\Documents\Documentos Christian\Archivos Estudio\Sena\PROYECTO FORMATIVO\BackEnd\Conexion-EcoRisaralda\vendor\laravel\framework\src\Illuminate\Container\Container.php:799
C:\Users\USUARIO\Documents\Documentos Christian\Archivos Estudio\Sena\PROYECTO FORMATIVO\BackEnd\Conexion-EcoRisaralda\vendor\laravel\framework\src\Illuminate\Console\Command.php:211
C:\Users\USUARIO\Documents\Documentos Christian\Archivos Estudio\Sena\PROYECTO FORMATIVO\BackEnd\Conexion-EcoRisaralda\vendor\symfony\console\Command\Command.php:341
C:\Users\USUARIO\Documents\Documentos Christian\Archivos Estudio\Sena\PROYECTO FORMATIVO\BackEnd\Conexion-EcoRisaralda\vendor\laravel\framework\src\Illuminate\Console\Command.php:180
C:\Users\USUARIO\Documents\Documentos Christian\Archivos Estudio\Sena\PROYECTO FORMATIVO\BackEnd\Conexion-EcoRisaralda\vendor\symfony\console\Application.php:1079
C:\Users\USUARIO\Documents\Documentos Christian\Archivos Estudio\Sena\PROYECTO FORMATIVO\BackEnd\Conexion-EcoRisaralda\vendor\symfony\console\Application.php:356
C:\Users\USUARIO\Documents\Documentos Christian\Archivos Estudio\Sena\PROYECTO FORMATIVO\BackEnd\Conexion-EcoRisaralda\vendor\symfony\console\Application.php:195
C:\Users\USUARIO\Documents\Documentos Christian\Archivos Estudio\Sena\PROYECTO FORMATIVO\BackEnd\Conexion-EcoRisaralda\vendor\laravel\framework\src\Illuminate\Console\Application.php:165
C:\Users\USUARIO\Documents\Documentos Christian\Archivos Estudio\Sena\PROYECTO FORMATIVO\BackEnd\Conexion-EcoRisaralda\vendor\laravel\framework\src\Illuminate\Foundation\Console\Kernel.php:447
C:\Users\USUARIO\Documents\Documentos Christian\Archivos Estudio\Sena\PROYECTO FORMATIVO\BackEnd\Conexion-EcoRisaralda\vendor\laravel\framework\src\Illuminate\Testing\PendingCommand.php:451
C:\Users\USUARIO\Documents\Documentos Christian\Archivos Estudio\Sena\PROYECTO FORMATIVO\BackEnd\Conexion-EcoRisaralda\vendor\laravel\framework\src\Illuminate\Testing\PendingCommand.php:675
C:\Users\USUARIO\Documents\Documentos Christian\Archivos Estudio\Sena\PROYECTO FORMATIVO\BackEnd\Conexion-EcoRisaralda\vendor\laravel\framework\src\Illuminate\Foundation\Testing\Concerns\InteractsWithConsole.php:87
C:\Users\USUARIO\Documents\Documentos Christian\Archivos Estudio\Sena\PROYECTO FORMATIVO\BackEnd\Conexion-EcoRisaralda\vendor\laravel\framework\src\Illuminate\Foundation\Testing\RefreshDatabase.php:119
C:\Users\USUARIO\Documents\Documentos Christian\Archivos Estudio\Sena\PROYECTO FORMATIVO\BackEnd\Conexion-EcoRisaralda\vendor\laravel\framework\src\Illuminate\Foundation\Testing\RefreshDatabase.php:84
C:\Users\USUARIO\Documents\Documentos Christian\Archivos Estudio\Sena\PROYECTO FORMATIVO\BackEnd\Conexion-EcoRisaralda\vendor\laravel\framework\src\Illuminate\Foundation\Testing\RefreshDatabase.php:25
C:\Users\USUARIO\Documents\Documentos Christian\Archivos Estudio\Sena\PROYECTO FORMATIVO\BackEnd\Conexion-EcoRisaralda\vendor\laravel\framework\src\Illuminate\Foundation\Testing\Concerns\InteractsWithTestCaseLifecycle.php:217
C:\Users\USUARIO\Documents\Documentos Christian\Archivos Estudio\Sena\PROYECTO FORMATIVO\BackEnd\Conexion-EcoRisaralda\vendor\laravel\framework\src\Illuminate\Foundation\Testing\Concerns\InteractsWithTestCaseLifecycle.php:101
C:\Users\USUARIO\Documents\Documentos Christian\Archivos Estudio\Sena\PROYECTO FORMATIVO\BackEnd\Conexion-EcoRisaralda\vendor\laravel\framework\src\Illuminate\Foundation\Testing\TestCase.php:63</error>
        </testcase>
        <testcase name="test_user_can_get_history" file="C:\Users\USUARIO\Documents\Documentos Christian\Archivos Estudio\Sena\PROYECTO FORMATIVO\BackEnd\Conexion-EcoRisaralda\tests\Feature\HistoryApiTest.php" line="38" class="Tests\Feature\HistoryApiTest" classname="Tests.Feature.HistoryApiTest" assertions="0" time="0.000000">
          <error type="Illuminate\Database\QueryException">Tests\Feature\HistoryApiTest::test_user_can_get_history&#13;
Illuminate\Database\QueryException: SQLSTATE[HY000]: General error: 1 near "MODIFY": syntax error (Connection: sqlite, Database: :memory:, SQL: ALTER TABLE users MODIFY status ENUM('pending','approved','rejected','active','inactive') DEFAULT 'active')
&#13;
C:\Users\USUARIO\Documents\Documentos Christian\Archivos Estudio\Sena\PROYECTO FORMATIVO\BackEnd\Conexion-EcoRisaralda\vendor\laravel\framework\src\Illuminate\Database\Connection.php:838
C:\Users\USUARIO\Documents\Documentos Christian\Archivos Estudio\Sena\PROYECTO FORMATIVO\BackEnd\Conexion-EcoRisaralda\vendor\laravel\framework\src\Illuminate\Database\Connection.php:794
C:\Users\USUARIO\Documents\Documentos Christian\Archivos Estudio\Sena\PROYECTO FORMATIVO\BackEnd\Conexion-EcoRisaralda\vendor\laravel\framework\src\Illuminate\Database\Connection.php:573
C:\Users\USUARIO\Documents\Documentos Christian\Archivos Estudio\Sena\PROYECTO FORMATIVO\BackEnd\Conexion-EcoRisaralda\vendor\laravel\framework\src\Illuminate\Database\DatabaseManager.php:491
C:\Users\USUARIO\Documents\Documentos Christian\Archivos Estudio\Sena\PROYECTO FORMATIVO\BackEnd\Conexion-EcoRisaralda\vendor\laravel\framework\src\Illuminate\Support\Facades\Facade.php:363
C:\Users\USUARIO\Documents\Documentos Christian\Archivos Estudio\Sena\PROYECTO FORMATIVO\BackEnd\Conexion-EcoRisaralda\database\migrations\2026_02_09_000001_add_inactive_to_status_enum_on_users_table.php:16
C:\Users\USUARIO\Documents\Documentos Christian\Archivos Estudio\Sena\PROYECTO FORMATIVO\BackEnd\Conexion-EcoRisaralda\vendor\laravel\framework\src\Illuminate\Database\Migrations\Migrator.php:517
C:\Users\USUARIO\Documents\Documentos Christian\Archivos Estudio\Sena\PROYECTO FORMATIVO\BackEnd\Conexion-EcoRisaralda\vendor\laravel\framework\src\Illuminate\Database\Migrations\Migrator.php:442
C:\Users\USUARIO\Documents\Documentos Christian\Archivos Estudio\Sena\PROYECTO FORMATIVO\BackEnd\Conexion-EcoRisaralda\vendor\laravel\framework\src\Illuminate\Database\Migrations\Migrator.php:451
C:\Users\USUARIO\Documents\Documentos Christian\Archivos Estudio\Sena\PROYECTO FORMATIVO\BackEnd\Conexion-EcoRisaralda\vendor\laravel\framework\src\Illuminate\Database\Migrations\Migrator.php:253
C:\Users\USUARIO\Documents\Documentos Christian\Archivos Estudio\Sena\PROYECTO FORMATIVO\BackEnd\Conexion-EcoRisaralda\vendor\laravel\framework\src\Illuminate\Console\View\Components\Task.php:41
C:\Users\USUARIO\Documents\Documentos Christian\Archivos Estudio\Sena\PROYECTO FORMATIVO\BackEnd\Conexion-EcoRisaralda\vendor\laravel\framework\src\Illuminate\Database\Migrations\Migrator.php:814
C:\Users\USUARIO\Documents\Documentos Christian\Archivos Estudio\Sena\PROYECTO FORMATIVO\BackEnd\Conexion-EcoRisaralda\vendor\laravel\framework\src\Illuminate\Database\Migrations\Migrator.php:253
C:\Users\USUARIO\Documents\Documentos Christian\Archivos Estudio\Sena\PROYECTO FORMATIVO\BackEnd\Conexion-EcoRisaralda\vendor\laravel\framework\src\Illuminate\Database\Migrations\Migrator.php:211
C:\Users\USUARIO\Documents\Documentos Christian\Archivos Estudio\Sena\PROYECTO FORMATIVO\BackEnd\Conexion-EcoRisaralda\vendor\laravel\framework\src\Illuminate\Database\Migrations\Migrator.php:138
C:\Users\USUARIO\Documents\Documentos Christian\Archivos Estudio\Sena\PROYECTO FORMATIVO\BackEnd\Conexion-EcoRisaralda\vendor\laravel\framework\src\Illuminate\Database\Console\Migrations\MigrateCommand.php:116
C:\Users\USUARIO\Documents\Documentos Christian\Archivos Estudio\Sena\PROYECTO FORMATIVO\BackEnd\Conexion-EcoRisaralda\vendor\laravel\framework\src\Illuminate\Database\Migrations\Migrator.php:671
C:\Users\USUARIO\Documents\Documentos Christian\Archivos Estudio\Sena\PROYECTO FORMATIVO\BackEnd\Conexion-EcoRisaralda\vendor\laravel\framework\src\Illuminate\Database\Console\Migrations\MigrateCommand.php:109
C:\Users\USUARIO\Documents\Documentos Christian\Archivos Estudio\Sena\PROYECTO FORMATIVO\BackEnd\Conexion-EcoRisaralda\vendor\laravel\framework\src\Illuminate\Database\Console\Migrations\MigrateCommand.php:88
C:\Users\USUARIO\Documents\Documentos Christian\Archivos Estudio\Sena\PROYECTO FORMATIVO\BackEnd\Conexion-EcoRisaralda\vendor\laravel\framework\src\Illuminate\Container\BoundMethod.php:36
C:\Users\USUARIO\Documents\Documentos Christian\Archivos Estudio\Sena\PROYECTO FORMATIVO\BackEnd\Conexion-EcoRisaralda\vendor\laravel\framework\src\Illuminate\Container\Util.php:43
C:\Users\USUARIO\Documents\Documentos Christian\Archivos Estudio\Sena\PROYECTO FORMATIVO\BackEnd\Conexion-EcoRisaralda\vendor\laravel\framework\src\Illuminate\Container\BoundMethod.php:96
C:\Users\USUARIO\Documents\Documentos Christian\Archivos Estudio\Sena\PROYECTO FORMATIVO\BackEnd\Conexion-EcoRisaralda\vendor\laravel\framework\src\Illuminate\Container\BoundMethod.php:35
C:\Users\USUARIO\Documents\Documentos Christian\Archivos Estudio\Sena\PROYECTO FORMATIVO\BackEnd\Conexion-EcoRisaralda\vendor\laravel\framework\src\Illuminate\Container\Container.php:799
C:\Users\USUARIO\Documents\Documentos Christian\Archivos Estudio\Sena\PROYECTO FORMATIVO\BackEnd\Conexion-EcoRisaralda\vendor\laravel\framework\src\Illuminate\Console\Command.php:211
C:\Users\USUARIO\Documents\Documentos Christian\Archivos Estudio\Sena\PROYECTO FORMATIVO\BackEnd\Conexion-EcoRisaralda\vendor\symfony\console\Command\Command.php:341
C:\Users\USUARIO\Documents\Documentos Christian\Archivos Estudio\Sena\PROYECTO FORMATIVO\BackEnd\Conexion-EcoRisaralda\vendor\laravel\framework\src\Illuminate\Console\Command.php:180
C:\Users\USUARIO\Documents\Documentos Christian\Archivos Estudio\Sena\PROYECTO FORMATIVO\BackEnd\Conexion-EcoRisaralda\vendor\laravel\framework\src\Illuminate\Console\Concerns\CallsCommands.php:68
C:\Users\USUARIO\Documents\Documentos Christian\Archivos Estudio\Sena\PROYECTO FORMATIVO\BackEnd\Conexion-EcoRisaralda\vendor\laravel\framework\src\Illuminate\Console\Concerns\CallsCommands.php:29
C:\Users\USUARIO\Documents\Documentos Christian\Archivos Estudio\Sena\PROYECTO FORMATIVO\BackEnd\Conexion-EcoRisaralda\vendor\laravel\framework\src\Illuminate\Database\Console\Migrations\FreshCommand.php:81
C:\Users\USUARIO\Documents\Documentos Christian\Archivos Estudio\Sena\PROYECTO FORMATIVO\BackEnd\Conexion-EcoRisaralda\vendor\laravel\framework\src\Illuminate\Container\BoundMethod.php:36
C:\Users\USUARIO\Documents\Documentos Christian\Archivos Estudio\Sena\PROYECTO FORMATIVO\BackEnd\Conexion-EcoRisaralda\vendor\laravel\framework\src\Illuminate\Container\Util.php:43
C:\Users\USUARIO\Documents\Documentos Christian\Archivos Estudio\Sena\PROYECTO FORMATIVO\BackEnd\Conexion-EcoRisaralda\vendor\laravel\framework\src\Illuminate\Container\BoundMethod.php:96
C:\Users\USUARIO\Documents\Documentos Christian\Archivos Estudio\Sena\PROYECTO FORMATIVO\BackEnd\Conexion-EcoRisaralda\vendor\laravel\framework\src\Illuminate\Container\BoundMethod.php:35
C:\Users\USUARIO\Documents\Documentos Christian\Archivos Estudio\Sena\PROYECTO FORMATIVO\BackEnd\Conexion-EcoRisaralda\vendor\laravel\framework\src\Illuminate\Container\Container.php:799
C:\Users\USUARIO\Documents\Documentos Christian\Archivos Estudio\Sena\PROYECTO FORMATIVO\BackEnd\Conexion-EcoRisaralda\vendor\laravel\framework\src\Illuminate\Console\Command.php:211
C:\Users\USUARIO\Documents\Documentos Christian\Archivos Estudio\Sena\PROYECTO FORMATIVO\BackEnd\Conexion-EcoRisaralda\vendor\symfony\console\Command\Command.php:341
C:\Users\USUARIO\Documents\Documentos Christian\Archivos Estudio\Sena\PROYECTO FORMATIVO\BackEnd\Conexion-EcoRisaralda\vendor\laravel\framework\src\Illuminate\Console\Command.php:180
C:\Users\USUARIO\Documents\Documentos Christian\Archivos Estudio\Sena\PROYECTO FORMATIVO\BackEnd\Conexion-EcoRisaralda\vendor\symfony\console\Application.php:1079
C:\Users\USUARIO\Documents\Documentos Christian\Archivos Estudio\Sena\PROYECTO FORMATIVO\BackEnd\Conexion-EcoRisaralda\vendor\symfony\console\Application.php:356
C:\Users\USUARIO\Documents\Documentos Christian\Archivos Estudio\Sena\PROYECTO FORMATIVO\BackEnd\Conexion-EcoRisaralda\vendor\symfony\console\Application.php:195
C:\Users\USUARIO\Documents\Documentos Christian\Archivos Estudio\Sena\PROYECTO FORMATIVO\BackEnd\Conexion-EcoRisaralda\vendor\laravel\framework\src\Illuminate\Console\Application.php:165
C:\Users\USUARIO\Documents\Documentos Christian\Archivos Estudio\Sena\PROYECTO FORMATIVO\BackEnd\Conexion-EcoRisaralda\vendor\laravel\framework\src\Illuminate\Foundation\Console\Kernel.php:447
C:\Users\USUARIO\Documents\Documentos Christian\Archivos Estudio\Sena\PROYECTO FORMATIVO\BackEnd\Conexion-EcoRisaralda\vendor\laravel\framework\src\Illuminate\Testing\PendingCommand.php:451
C:\Users\USUARIO\Documents\Documentos Christian\Archivos Estudio\Sena\PROYECTO FORMATIVO\BackEnd\Conexion-EcoRisaralda\vendor\laravel\framework\src\Illuminate\Testing\PendingCommand.php:675
C:\Users\USUARIO\Documents\Documentos Christian\Archivos Estudio\Sena\PROYECTO FORMATIVO\BackEnd\Conexion-EcoRisaralda\vendor\laravel\framework\src\Illuminate\Foundation\Testing\Concerns\InteractsWithConsole.php:87
C:\Users\USUARIO\Documents\Documentos Christian\Archivos Estudio\Sena\PROYECTO FORMATIVO\BackEnd\Conexion-EcoRisaralda\vendor\laravel\framework\src\Illuminate\Foundation\Testing\RefreshDatabase.php:119
C:\Users\USUARIO\Documents\Documentos Christian\Archivos Estudio\Sena\PROYECTO FORMATIVO\BackEnd\Conexion-EcoRisaralda\vendor\laravel\framework\src\Illuminate\Foundation\Testing\RefreshDatabase.php:84
C:\Users\USUARIO\Documents\Documentos Christian\Archivos Estudio\Sena\PROYECTO FORMATIVO\BackEnd\Conexion-EcoRisaralda\vendor\laravel\framework\src\Illuminate\Foundation\Testing\RefreshDatabase.php:25
C:\Users\USUARIO\Documents\Documentos Christian\Archivos Estudio\Sena\PROYECTO FORMATIVO\BackEnd\Conexion-EcoRisaralda\vendor\laravel\framework\src\Illuminate\Foundation\Testing\Concerns\InteractsWithTestCaseLifecycle.php:217
C:\Users\USUARIO\Documents\Documentos Christian\Archivos Estudio\Sena\PROYECTO FORMATIVO\BackEnd\Conexion-EcoRisaralda\vendor\laravel\framework\src\Illuminate\Foundation\Testing\Concerns\InteractsWithTestCaseLifecycle.php:101
C:\Users\USUARIO\Documents\Documentos Christian\Archivos Estudio\Sena\PROYECTO FORMATIVO\BackEnd\Conexion-EcoRisaralda\vendor\laravel\framework\src\Illuminate\Foundation\Testing\TestCase.php:63</error>
        </testcase>
        <testcase name="test_user_can_get_their_reviews" file="C:\Users\USUARIO\Documents\Documentos Christian\Archivos Estudio\Sena\PROYECTO FORMATIVO\BackEnd\Conexion-EcoRisaralda\tests\Feature\HistoryApiTest.php" line="58" class="Tests\Feature\HistoryApiTest" classname="Tests.Feature.HistoryApiTest" assertions="0" time="0.000000">
          <error type="Illuminate\Database\QueryException">Tests\Feature\HistoryApiTest::test_user_can_get_their_reviews&#13;
Illuminate\Database\QueryException: SQLSTATE[HY000]: General error: 1 near "MODIFY": syntax error (Connection: sqlite, Database: :memory:, SQL: ALTER TABLE users MODIFY status ENUM('pending','approved','rejected','active','inactive') DEFAULT 'active')
&#13;
C:\Users\USUARIO\Documents\Documentos Christian\Archivos Estudio\Sena\PROYECTO FORMATIVO\BackEnd\Conexion-EcoRisaralda\vendor\laravel\framework\src\Illuminate\Database\Connection.php:838
C:\Users\USUARIO\Documents\Documentos Christian\Archivos Estudio\Sena\PROYECTO FORMATIVO\BackEnd\Conexion-EcoRisaralda\vendor\laravel\framework\src\Illuminate\Database\Connection.php:794
C:\Users\USUARIO\Documents\Documentos Christian\Archivos Estudio\Sena\PROYECTO FORMATIVO\BackEnd\Conexion-EcoRisaralda\vendor\laravel\framework\src\Illuminate\Database\Connection.php:573
C:\Users\USUARIO\Documents\Documentos Christian\Archivos Estudio\Sena\PROYECTO FORMATIVO\BackEnd\Conexion-EcoRisaralda\vendor\laravel\framework\src\Illuminate\Database\DatabaseManager.php:491
C:\Users\USUARIO\Documents\Documentos Christian\Archivos Estudio\Sena\PROYECTO FORMATIVO\BackEnd\Conexion-EcoRisaralda\vendor\laravel\framework\src\Illuminate\Support\Facades\Facade.php:363
C:\Users\USUARIO\Documents\Documentos Christian\Archivos Estudio\Sena\PROYECTO FORMATIVO\BackEnd\Conexion-EcoRisaralda\database\migrations\2026_02_09_000001_add_inactive_to_status_enum_on_users_table.php:16
C:\Users\USUARIO\Documents\Documentos Christian\Archivos Estudio\Sena\PROYECTO FORMATIVO\BackEnd\Conexion-EcoRisaralda\vendor\laravel\framework\src\Illuminate\Database\Migrations\Migrator.php:517
C:\Users\USUARIO\Documents\Documentos Christian\Archivos Estudio\Sena\PROYECTO FORMATIVO\BackEnd\Conexion-EcoRisaralda\vendor\laravel\framework\src\Illuminate\Database\Migrations\Migrator.php:442
C:\Users\USUARIO\Documents\Documentos Christian\Archivos Estudio\Sena\PROYECTO FORMATIVO\BackEnd\Conexion-EcoRisaralda\vendor\laravel\framework\src\Illuminate\Database\Migrations\Migrator.php:451
C:\Users\USUARIO\Documents\Documentos Christian\Archivos Estudio\Sena\PROYECTO FORMATIVO\BackEnd\Conexion-EcoRisaralda\vendor\laravel\framework\src\Illuminate\Database\Migrations\Migrator.php:253
C:\Users\USUARIO\Documents\Documentos Christian\Archivos Estudio\Sena\PROYECTO FORMATIVO\BackEnd\Conexion-EcoRisaralda\vendor\laravel\framework\src\Illuminate\Console\View\Components\Task.php:41
C:\Users\USUARIO\Documents\Documentos Christian\Archivos Estudio\Sena\PROYECTO FORMATIVO\BackEnd\Conexion-EcoRisaralda\vendor\laravel\framework\src\Illuminate\Database\Migrations\Migrator.php:814
C:\Users\USUARIO\Documents\Documentos Christian\Archivos Estudio\Sena\PROYECTO FORMATIVO\BackEnd\Conexion-EcoRisaralda\vendor\laravel\framework\src\Illuminate\Database\Migrations\Migrator.php:253
C:\Users\USUARIO\Documents\Documentos Christian\Archivos Estudio\Sena\PROYECTO FORMATIVO\BackEnd\Conexion-EcoRisaralda\vendor\laravel\framework\src\Illuminate\Database\Migrations\Migrator.php:211
C:\Users\USUARIO\Documents\Documentos Christian\Archivos Estudio\Sena\PROYECTO FORMATIVO\BackEnd\Conexion-EcoRisaralda\vendor\laravel\framework\src\Illuminate\Database\Migrations\Migrator.php:138
C:\Users\USUARIO\Documents\Documentos Christian\Archivos Estudio\Sena\PROYECTO FORMATIVO\BackEnd\Conexion-EcoRisaralda\vendor\laravel\framework\src\Illuminate\Database\Console\Migrations\MigrateCommand.php:116
C:\Users\USUARIO\Documents\Documentos Christian\Archivos Estudio\Sena\PROYECTO FORMATIVO\BackEnd\Conexion-EcoRisaralda\vendor\laravel\framework\src\Illuminate\Database\Migrations\Migrator.php:671
C:\Users\USUARIO\Documents\Documentos Christian\Archivos Estudio\Sena\PROYECTO FORMATIVO\BackEnd\Conexion-EcoRisaralda\vendor\laravel\framework\src\Illuminate\Database\Console\Migrations\MigrateCommand.php:109
C:\Users\USUARIO\Documents\Documentos Christian\Archivos Estudio\Sena\PROYECTO FORMATIVO\BackEnd\Conexion-EcoRisaralda\vendor\laravel\framework\src\Illuminate\Database\Console\Migrations\MigrateCommand.php:88
C:\Users\USUARIO\Documents\Documentos Christian\Archivos Estudio\Sena\PROYECTO FORMATIVO\BackEnd\Conexion-EcoRisaralda\vendor\laravel\framework\src\Illuminate\Container\BoundMethod.php:36
C:\Users\USUARIO\Documents\Documentos Christian\Archivos Estudio\Sena\PROYECTO FORMATIVO\BackEnd\Conexion-EcoRisaralda\vendor\laravel\framework\src\Illuminate\Container\Util.php:43
C:\Users\USUARIO\Documents\Documentos Christian\Archivos Estudio\Sena\PROYECTO FORMATIVO\BackEnd\Conexion-EcoRisaralda\vendor\laravel\framework\src\Illuminate\Container\BoundMethod.php:96
C:\Users\USUARIO\Documents\Documentos Christian\Archivos Estudio\Sena\PROYECTO FORMATIVO\BackEnd\Conexion-EcoRisaralda\vendor\laravel\framework\src\Illuminate\Container\BoundMethod.php:35
C:\Users\USUARIO\Documents\Documentos Christian\Archivos Estudio\Sena\PROYECTO FORMATIVO\BackEnd\Conexion-EcoRisaralda\vendor\laravel\framework\src\Illuminate\Container\Container.php:799
C:\Users\USUARIO\Documents\Documentos Christian\Archivos Estudio\Sena\PROYECTO FORMATIVO\BackEnd\Conexion-EcoRisaralda\vendor\laravel\framework\src\Illuminate\Console\Command.php:211
C:\Users\USUARIO\Documents\Documentos Christian\Archivos Estudio\Sena\PROYECTO FORMATIVO\BackEnd\Conexion-EcoRisaralda\vendor\symfony\console\Command\Command.php:341
C:\Users\USUARIO\Documents\Documentos Christian\Archivos Estudio\Sena\PROYECTO FORMATIVO\BackEnd\Conexion-EcoRisaralda\vendor\laravel\framework\src\Illuminate\Console\Command.php:180
C:\Users\USUARIO\Documents\Documentos Christian\Archivos Estudio\Sena\PROYECTO FORMATIVO\BackEnd\Conexion-EcoRisaralda\vendor\laravel\framework\src\Illuminate\Console\Concerns\CallsCommands.php:68
C:\Users\USUARIO\Documents\Documentos Christian\Archivos Estudio\Sena\PROYECTO FORMATIVO\BackEnd\Conexion-EcoRisaralda\vendor\laravel\framework\src\Illuminate\Console\Concerns\CallsCommands.php:29
C:\Users\USUARIO\Documents\Documentos Christian\Archivos Estudio\Sena\PROYECTO FORMATIVO\BackEnd\Conexion-EcoRisaralda\vendor\laravel\framework\src\Illuminate\Database\Console\Migrations\FreshCommand.php:81
C:\Users\USUARIO\Documents\Documentos Christian\Archivos Estudio\Sena\PROYECTO FORMATIVO\BackEnd\Conexion-EcoRisaralda\vendor\laravel\framework\src\Illuminate\Container\BoundMethod.php:36
C:\Users\USUARIO\Documents\Documentos Christian\Archivos Estudio\Sena\PROYECTO FORMATIVO\BackEnd\Conexion-EcoRisaralda\vendor\laravel\framework\src\Illuminate\Container\Util.php:43
C:\Users\USUARIO\Documents\Documentos Christian\Archivos Estudio\Sena\PROYECTO FORMATIVO\BackEnd\Conexion-EcoRisaralda\vendor\laravel\framework\src\Illuminate\Container\BoundMethod.php:96
C:\Users\USUARIO\Documents\Documentos Christian\Archivos Estudio\Sena\PROYECTO FORMATIVO\BackEnd\Conexion-EcoRisaralda\vendor\laravel\framework\src\Illuminate\Container\BoundMethod.php:35
C:\Users\USUARIO\Documents\Documentos Christian\Archivos Estudio\Sena\PROYECTO FORMATIVO\BackEnd\Conexion-EcoRisaralda\vendor\laravel\framework\src\Illuminate\Container\Container.php:799
C:\Users\USUARIO\Documents\Documentos Christian\Archivos Estudio\Sena\PROYECTO FORMATIVO\BackEnd\Conexion-EcoRisaralda\vendor\laravel\framework\src\Illuminate\Console\Command.php:211
C:\Users\USUARIO\Documents\Documentos Christian\Archivos Estudio\Sena\PROYECTO FORMATIVO\BackEnd\Conexion-EcoRisaralda\vendor\symfony\console\Command\Command.php:341
C:\Users\USUARIO\Documents\Documentos Christian\Archivos Estudio\Sena\PROYECTO FORMATIVO\BackEnd\Conexion-EcoRisaralda\vendor\laravel\framework\src\Illuminate\Console\Command.php:180
C:\Users\USUARIO\Documents\Documentos Christian\Archivos Estudio\Sena\PROYECTO FORMATIVO\BackEnd\Conexion-EcoRisaralda\vendor\symfony\console\Application.php:1079
C:\Users\USUARIO\Documents\Documentos Christian\Archivos Estudio\Sena\PROYECTO FORMATIVO\BackEnd\Conexion-EcoRisaralda\vendor\symfony\console\Application.php:356
C:\Users\USUARIO\Documents\Documentos Christian\Archivos Estudio\Sena\PROYECTO FORMATIVO\BackEnd\Conexion-EcoRisaralda\vendor\symfony\console\Application.php:195
C:\Users\USUARIO\Documents\Documentos Christian\Archivos Estudio\Sena\PROYECTO FORMATIVO\BackEnd\Conexion-EcoRisaralda\vendor\laravel\framework\src\Illuminate\Console\Application.php:165
C:\Users\USUARIO\Documents\Documentos Christian\Archivos Estudio\Sena\PROYECTO FORMATIVO\BackEnd\Conexion-EcoRisaralda\vendor\laravel\framework\src\Illuminate\Foundation\Console\Kernel.php:447
C:\Users\USUARIO\Documents\Documentos Christian\Archivos Estudio\Sena\PROYECTO FORMATIVO\BackEnd\Conexion-EcoRisaralda\vendor\laravel\framework\src\Illuminate\Testing\PendingCommand.php:451
C:\Users\USUARIO\Documents\Documentos Christian\Archivos Estudio\Sena\PROYECTO FORMATIVO\BackEnd\Conexion-EcoRisaralda\vendor\laravel\framework\src\Illuminate\Testing\PendingCommand.php:675
C:\Users\USUARIO\Documents\Documentos Christian\Archivos Estudio\Sena\PROYECTO FORMATIVO\BackEnd\Conexion-EcoRisaralda\vendor\laravel\framework\src\Illuminate\Foundation\Testing\Concerns\InteractsWithConsole.php:87
C:\Users\USUARIO\Documents\Documentos Christian\Archivos Estudio\Sena\PROYECTO FORMATIVO\BackEnd\Conexion-EcoRisaralda\vendor\laravel\framework\src\Illuminate\Foundation\Testing\RefreshDatabase.php:119
C:\Users\USUARIO\Documents\Documentos Christian\Archivos Estudio\Sena\PROYECTO FORMATIVO\BackEnd\Conexion-EcoRisaralda\vendor\laravel\framework\src\Illuminate\Foundation\Testing\RefreshDatabase.php:84
C:\Users\USUARIO\Documents\Documentos Christian\Archivos Estudio\Sena\PROYECTO FORMATIVO\BackEnd\Conexion-EcoRisaralda\vendor\laravel\framework\src\Illuminate\Foundation\Testing\RefreshDatabase.php:25
C:\Users\USUARIO\Documents\Documentos Christian\Archivos Estudio\Sena\PROYECTO FORMATIVO\BackEnd\Conexion-EcoRisaralda\vendor\laravel\framework\src\Illuminate\Foundation\Testing\Concerns\InteractsWithTestCaseLifecycle.php:217
C:\Users\USUARIO\Documents\Documentos Christian\Archivos Estudio\Sena\PROYECTO FORMATIVO\BackEnd\Conexion-EcoRisaralda\vendor\laravel\framework\src\Illuminate\Foundation\Testing\Concerns\InteractsWithTestCaseLifecycle.php:101
C:\Users\USUARIO\Documents\Documentos Christian\Archivos Estudio\Sena\PROYECTO FORMATIVO\BackEnd\Conexion-EcoRisaralda\vendor\laravel\framework\src\Illuminate\Foundation\Testing\TestCase.php:63</error>
        </testcase>
        <testcase name="test_unauthenticated_user_cannot_access_history" file="C:\Users\USUARIO\Documents\Documentos Christian\Archivos Estudio\Sena\PROYECTO FORMATIVO\BackEnd\Conexion-EcoRisaralda\tests\Feature\HistoryApiTest.php" line="67" class="Tests\Feature\HistoryApiTest" classname="Tests.Feature.HistoryApiTest" assertions="0" time="0.000000">
          <error type="Illuminate\Database\QueryException">Tests\Feature\HistoryApiTest::test_unauthenticated_user_cannot_access_history&#13;
Illuminate\Database\QueryException: SQLSTATE[HY000]: General error: 1 near "MODIFY": syntax error (Connection: sqlite, Database: :memory:, SQL: ALTER TABLE users MODIFY status ENUM('pending','approved','rejected','active','inactive') DEFAULT 'active')
&#13;
C:\Users\USUARIO\Documents\Documentos Christian\Archivos Estudio\Sena\PROYECTO FORMATIVO\BackEnd\Conexion-EcoRisaralda\vendor\laravel\framework\src\Illuminate\Database\Connection.php:838
C:\Users\USUARIO\Documents\Documentos Christian\Archivos Estudio\Sena\PROYECTO FORMATIVO\BackEnd\Conexion-EcoRisaralda\vendor\laravel\framework\src\Illuminate\Database\Connection.php:794
C:\Users\USUARIO\Documents\Documentos Christian\Archivos Estudio\Sena\PROYECTO FORMATIVO\BackEnd\Conexion-EcoRisaralda\vendor\laravel\framework\src\Illuminate\Database\Connection.php:573
C:\Users\USUARIO\Documents\Documentos Christian\Archivos Estudio\Sena\PROYECTO FORMATIVO\BackEnd\Conexion-EcoRisaralda\vendor\laravel\framework\src\Illuminate\Database\DatabaseManager.php:491
C:\Users\USUARIO\Documents\Documentos Christian\Archivos Estudio\Sena\PROYECTO FORMATIVO\BackEnd\Conexion-EcoRisaralda\vendor\laravel\framework\src\Illuminate\Support\Facades\Facade.php:363
C:\Users\USUARIO\Documents\Documentos Christian\Archivos Estudio\Sena\PROYECTO FORMATIVO\BackEnd\Conexion-EcoRisaralda\database\migrations\2026_02_09_000001_add_inactive_to_status_enum_on_users_table.php:16
C:\Users\USUARIO\Documents\Documentos Christian\Archivos Estudio\Sena\PROYECTO FORMATIVO\BackEnd\Conexion-EcoRisaralda\vendor\laravel\framework\src\Illuminate\Database\Migrations\Migrator.php:517
C:\Users\USUARIO\Documents\Documentos Christian\Archivos Estudio\Sena\PROYECTO FORMATIVO\BackEnd\Conexion-EcoRisaralda\vendor\laravel\framework\src\Illuminate\Database\Migrations\Migrator.php:442
C:\Users\USUARIO\Documents\Documentos Christian\Archivos Estudio\Sena\PROYECTO FORMATIVO\BackEnd\Conexion-EcoRisaralda\vendor\laravel\framework\src\Illuminate\Database\Migrations\Migrator.php:451
C:\Users\USUARIO\Documents\Documentos Christian\Archivos Estudio\Sena\PROYECTO FORMATIVO\BackEnd\Conexion-EcoRisaralda\vendor\laravel\framework\src\Illuminate\Database\Migrations\Migrator.php:253
C:\Users\USUARIO\Documents\Documentos Christian\Archivos Estudio\Sena\PROYECTO FORMATIVO\BackEnd\Conexion-EcoRisaralda\vendor\laravel\framework\src\Illuminate\Console\View\Components\Task.php:41
C:\Users\USUARIO\Documents\Documentos Christian\Archivos Estudio\Sena\PROYECTO FORMATIVO\BackEnd\Conexion-EcoRisaralda\vendor\laravel\framework\src\Illuminate\Database\Migrations\Migrator.php:814
C:\Users\USUARIO\Documents\Documentos Christian\Archivos Estudio\Sena\PROYECTO FORMATIVO\BackEnd\Conexion-EcoRisaralda\vendor\laravel\framework\src\Illuminate\Database\Migrations\Migrator.php:253
C:\Users\USUARIO\Documents\Documentos Christian\Archivos Estudio\Sena\PROYECTO FORMATIVO\BackEnd\Conexion-EcoRisaralda\vendor\laravel\framework\src\Illuminate\Database\Migrations\Migrator.php:211
C:\Users\USUARIO\Documents\Documentos Christian\Archivos Estudio\Sena\PROYECTO FORMATIVO\BackEnd\Conexion-EcoRisaralda\vendor\laravel\framework\src\Illuminate\Database\Migrations\Migrator.php:138
C:\Users\USUARIO\Documents\Documentos Christian\Archivos Estudio\Sena\PROYECTO FORMATIVO\BackEnd\Conexion-EcoRisaralda\vendor\laravel\framework\src\Illuminate\Database\Console\Migrations\MigrateCommand.php:116
C:\Users\USUARIO\Documents\Documentos Christian\Archivos Estudio\Sena\PROYECTO FORMATIVO\BackEnd\Conexion-EcoRisaralda\vendor\laravel\framework\src\Illuminate\Database\Migrations\Migrator.php:671
C:\Users\USUARIO\Documents\Documentos Christian\Archivos Estudio\Sena\PROYECTO FORMATIVO\BackEnd\Conexion-EcoRisaralda\vendor\laravel\framework\src\Illuminate\Database\Console\Migrations\MigrateCommand.php:109
C:\Users\USUARIO\Documents\Documentos Christian\Archivos Estudio\Sena\PROYECTO FORMATIVO\BackEnd\Conexion-EcoRisaralda\vendor\laravel\framework\src\Illuminate\Database\Console\Migrations\MigrateCommand.php:88
C:\Users\USUARIO\Documents\Documentos Christian\Archivos Estudio\Sena\PROYECTO FORMATIVO\BackEnd\Conexion-EcoRisaralda\vendor\laravel\framework\src\Illuminate\Container\BoundMethod.php:36
C:\Users\USUARIO\Documents\Documentos Christian\Archivos Estudio\Sena\PROYECTO FORMATIVO\BackEnd\Conexion-EcoRisaralda\vendor\laravel\framework\src\Illuminate\Container\Util.php:43
C:\Users\USUARIO\Documents\Documentos Christian\Archivos Estudio\Sena\PROYECTO FORMATIVO\BackEnd\Conexion-EcoRisaralda\vendor\laravel\framework\src\Illuminate\Container\BoundMethod.php:96
C:\Users\USUARIO\Documents\Documentos Christian\Archivos Estudio\Sena\PROYECTO FORMATIVO\BackEnd\Conexion-EcoRisaralda\vendor\laravel\framework\src\Illuminate\Container\BoundMethod.php:35
C:\Users\USUARIO\Documents\Documentos Christian\Archivos Estudio\Sena\PROYECTO FORMATIVO\BackEnd\Conexion-EcoRisaralda\vendor\laravel\framework\src\Illuminate\Container\Container.php:799
C:\Users\USUARIO\Documents\Documentos Christian\Archivos Estudio\Sena\PROYECTO FORMATIVO\BackEnd\Conexion-EcoRisaralda\vendor\laravel\framework\src\Illuminate\Console\Command.php:211
C:\Users\USUARIO\Documents\Documentos Christian\Archivos Estudio\Sena\PROYECTO FORMATIVO\BackEnd\Conexion-EcoRisaralda\vendor\symfony\console\Command\Command.php:341
C:\Users\USUARIO\Documents\Documentos Christian\Archivos Estudio\Sena\PROYECTO FORMATIVO\BackEnd\Conexion-EcoRisaralda\vendor\laravel\framework\src\Illuminate\Console\Command.php:180
C:\Users\USUARIO\Documents\Documentos Christian\Archivos Estudio\Sena\PROYECTO FORMATIVO\BackEnd\Conexion-EcoRisaralda\vendor\laravel\framework\src\Illuminate\Console\Concerns\CallsCommands.php:68
C:\Users\USUARIO\Documents\Documentos Christian\Archivos Estudio\Sena\PROYECTO FORMATIVO\BackEnd\Conexion-EcoRisaralda\vendor\laravel\framework\src\Illuminate\Console\Concerns\CallsCommands.php:29
C:\Users\USUARIO\Documents\Documentos Christian\Archivos Estudio\Sena\PROYECTO FORMATIVO\BackEnd\Conexion-EcoRisaralda\vendor\laravel\framework\src\Illuminate\Database\Console\Migrations\FreshCommand.php:81
C:\Users\USUARIO\Documents\Documentos Christian\Archivos Estudio\Sena\PROYECTO FORMATIVO\BackEnd\Conexion-EcoRisaralda\vendor\laravel\framework\src\Illuminate\Container\BoundMethod.php:36
C:\Users\USUARIO\Documents\Documentos Christian\Archivos Estudio\Sena\PROYECTO FORMATIVO\BackEnd\Conexion-EcoRisaralda\vendor\laravel\framework\src\Illuminate\Container\Util.php:43
C:\Users\USUARIO\Documents\Documentos Christian\Archivos Estudio\Sena\PROYECTO FORMATIVO\BackEnd\Conexion-EcoRisaralda\vendor\laravel\framework\src\Illuminate\Container\BoundMethod.php:96
C:\Users\USUARIO\Documents\Documentos Christian\Archivos Estudio\Sena\PROYECTO FORMATIVO\BackEnd\Conexion-EcoRisaralda\vendor\laravel\framework\src\Illuminate\Container\BoundMethod.php:35
C:\Users\USUARIO\Documents\Documentos Christian\Archivos Estudio\Sena\PROYECTO FORMATIVO\BackEnd\Conexion-EcoRisaralda\vendor\laravel\framework\src\Illuminate\Container\Container.php:799
C:\Users\USUARIO\Documents\Documentos Christian\Archivos Estudio\Sena\PROYECTO FORMATIVO\BackEnd\Conexion-EcoRisaralda\vendor\laravel\framework\src\Illuminate\Console\Command.php:211
C:\Users\USUARIO\Documents\Documentos Christian\Archivos Estudio\Sena\PROYECTO FORMATIVO\BackEnd\Conexion-EcoRisaralda\vendor\symfony\console\Command\Command.php:341
C:\Users\USUARIO\Documents\Documentos Christian\Archivos Estudio\Sena\PROYECTO FORMATIVO\BackEnd\Conexion-EcoRisaralda\vendor\laravel\framework\src\Illuminate\Console\Command.php:180
C:\Users\USUARIO\Documents\Documentos Christian\Archivos Estudio\Sena\PROYECTO FORMATIVO\BackEnd\Conexion-EcoRisaralda\vendor\symfony\console\Application.php:1079
C:\Users\USUARIO\Documents\Documentos Christian\Archivos Estudio\Sena\PROYECTO FORMATIVO\BackEnd\Conexion-EcoRisaralda\vendor\symfony\console\Application.php:356
C:\Users\USUARIO\Documents\Documentos Christian\Archivos Estudio\Sena\PROYECTO FORMATIVO\BackEnd\Conexion-EcoRisaralda\vendor\symfony\console\Application.php:195
C:\Users\USUARIO\Documents\Documentos Christian\Archivos Estudio\Sena\PROYECTO FORMATIVO\BackEnd\Conexion-EcoRisaralda\vendor\laravel\framework\src\Illuminate\Console\Application.php:165
C:\Users\USUARIO\Documents\Documentos Christian\Archivos Estudio\Sena\PROYECTO FORMATIVO\BackEnd\Conexion-EcoRisaralda\vendor\laravel\framework\src\Illuminate\Foundation\Console\Kernel.php:447
C:\Users\USUARIO\Documents\Documentos Christian\Archivos Estudio\Sena\PROYECTO FORMATIVO\BackEnd\Conexion-EcoRisaralda\vendor\laravel\framework\src\Illuminate\Testing\PendingCommand.php:451
C:\Users\USUARIO\Documents\Documentos Christian\Archivos Estudio\Sena\PROYECTO FORMATIVO\BackEnd\Conexion-EcoRisaralda\vendor\laravel\framework\src\Illuminate\Testing\PendingCommand.php:675
C:\Users\USUARIO\Documents\Documentos Christian\Archivos Estudio\Sena\PROYECTO FORMATIVO\BackEnd\Conexion-EcoRisaralda\vendor\laravel\framework\src\Illuminate\Foundation\Testing\Concerns\InteractsWithConsole.php:87
C:\Users\USUARIO\Documents\Documentos Christian\Archivos Estudio\Sena\PROYECTO FORMATIVO\BackEnd\Conexion-EcoRisaralda\vendor\laravel\framework\src\Illuminate\Foundation\Testing\RefreshDatabase.php:119
C:\Users\USUARIO\Documents\Documentos Christian\Archivos Estudio\Sena\PROYECTO FORMATIVO\BackEnd\Conexion-EcoRisaralda\vendor\laravel\framework\src\Illuminate\Foundation\Testing\RefreshDatabase.php:84
C:\Users\USUARIO\Documents\Documentos Christian\Archivos Estudio\Sena\PROYECTO FORMATIVO\BackEnd\Conexion-EcoRisaralda\vendor\laravel\framework\src\Illuminate\Foundation\Testing\RefreshDatabase.php:25
C:\Users\USUARIO\Documents\Documentos Christian\Archivos Estudio\Sena\PROYECTO FORMATIVO\BackEnd\Conexion-EcoRisaralda\vendor\laravel\framework\src\Illuminate\Foundation\Testing\Concerns\InteractsWithTestCaseLifecycle.php:217
C:\Users\USUARIO\Documents\Documentos Christian\Archivos Estudio\Sena\PROYECTO FORMATIVO\BackEnd\Conexion-EcoRisaralda\vendor\laravel\framework\src\Illuminate\Foundation\Testing\Concerns\InteractsWithTestCaseLifecycle.php:101
C:\Users\USUARIO\Documents\Documentos Christian\Archivos Estudio\Sena\PROYECTO FORMATIVO\BackEnd\Conexion-EcoRisaralda\vendor\laravel\framework\src\Illuminate\Foundation\Testing\TestCase.php:63</error>
        </testcase>
      </testsuite>
      <testsuite name="Tests\Feature\NotificationsApiTest" file="C:\Users\USUARIO\Documents\Documentos Christian\Archivos Estudio\Sena\PROYECTO FORMATIVO\BackEnd\Conexion-EcoRisaralda\tests\Feature\NotificationsApiTest.php" tests="5" assertions="0" errors="5" failures="0" skipped="0" time="0.000000">
        <testcase name="test_user_can_list_notifications" file="C:\Users\USUARIO\Documents\Documentos Christian\Archivos Estudio\Sena\PROYECTO FORMATIVO\BackEnd\Conexion-EcoRisaralda\tests\Feature\NotificationsApiTest.php" line="20" class="Tests\Feature\NotificationsApiTest" classname="Tests.Feature.NotificationsApiTest" assertions="0" time="0.000000">
          <error type="Illuminate\Database\QueryException">Tests\Feature\NotificationsApiTest::test_user_can_list_notifications&#13;
Illuminate\Database\QueryException: SQLSTATE[HY000]: General error: 1 near "MODIFY": syntax error (Connection: sqlite, Database: :memory:, SQL: ALTER TABLE users MODIFY status ENUM('pending','approved','rejected','active','inactive') DEFAULT 'active')
&#13;
C:\Users\USUARIO\Documents\Documentos Christian\Archivos Estudio\Sena\PROYECTO FORMATIVO\BackEnd\Conexion-EcoRisaralda\vendor\laravel\framework\src\Illuminate\Database\Connection.php:838
C:\Users\USUARIO\Documents\Documentos Christian\Archivos Estudio\Sena\PROYECTO FORMATIVO\BackEnd\Conexion-EcoRisaralda\vendor\laravel\framework\src\Illuminate\Database\Connection.php:794
C:\Users\USUARIO\Documents\Documentos Christian\Archivos Estudio\Sena\PROYECTO FORMATIVO\BackEnd\Conexion-EcoRisaralda\vendor\laravel\framework\src\Illuminate\Database\Connection.php:573
C:\Users\USUARIO\Documents\Documentos Christian\Archivos Estudio\Sena\PROYECTO FORMATIVO\BackEnd\Conexion-EcoRisaralda\vendor\laravel\framework\src\Illuminate\Database\DatabaseManager.php:491
C:\Users\USUARIO\Documents\Documentos Christian\Archivos Estudio\Sena\PROYECTO FORMATIVO\BackEnd\Conexion-EcoRisaralda\vendor\laravel\framework\src\Illuminate\Support\Facades\Facade.php:363
C:\Users\USUARIO\Documents\Documentos Christian\Archivos Estudio\Sena\PROYECTO FORMATIVO\BackEnd\Conexion-EcoRisaralda\database\migrations\2026_02_09_000001_add_inactive_to_status_enum_on_users_table.php:16
C:\Users\USUARIO\Documents\Documentos Christian\Archivos Estudio\Sena\PROYECTO FORMATIVO\BackEnd\Conexion-EcoRisaralda\vendor\laravel\framework\src\Illuminate\Database\Migrations\Migrator.php:517
C:\Users\USUARIO\Documents\Documentos Christian\Archivos Estudio\Sena\PROYECTO FORMATIVO\BackEnd\Conexion-EcoRisaralda\vendor\laravel\framework\src\Illuminate\Database\Migrations\Migrator.php:442
C:\Users\USUARIO\Documents\Documentos Christian\Archivos Estudio\Sena\PROYECTO FORMATIVO\BackEnd\Conexion-EcoRisaralda\vendor\laravel\framework\src\Illuminate\Database\Migrations\Migrator.php:451
C:\Users\USUARIO\Documents\Documentos Christian\Archivos Estudio\Sena\PROYECTO FORMATIVO\BackEnd\Conexion-EcoRisaralda\vendor\laravel\framework\src\Illuminate\Database\Migrations\Migrator.php:253
C:\Users\USUARIO\Documents\Documentos Christian\Archivos Estudio\Sena\PROYECTO FORMATIVO\BackEnd\Conexion-EcoRisaralda\vendor\laravel\framework\src\Illuminate\Console\View\Components\Task.php:41
C:\Users\USUARIO\Documents\Documentos Christian\Archivos Estudio\Sena\PROYECTO FORMATIVO\BackEnd\Conexion-EcoRisaralda\vendor\laravel\framework\src\Illuminate\Database\Migrations\Migrator.php:814
C:\Users\USUARIO\Documents\Documentos Christian\Archivos Estudio\Sena\PROYECTO FORMATIVO\BackEnd\Conexion-EcoRisaralda\vendor\laravel\framework\src\Illuminate\Database\Migrations\Migrator.php:253
C:\Users\USUARIO\Documents\Documentos Christian\Archivos Estudio\Sena\PROYECTO FORMATIVO\BackEnd\Conexion-EcoRisaralda\vendor\laravel\framework\src\Illuminate\Database\Migrations\Migrator.php:211
C:\Users\USUARIO\Documents\Documentos Christian\Archivos Estudio\Sena\PROYECTO FORMATIVO\BackEnd\Conexion-EcoRisaralda\vendor\laravel\framework\src\Illuminate\Database\Migrations\Migrator.php:138
C:\Users\USUARIO\Documents\Documentos Christian\Archivos Estudio\Sena\PROYECTO FORMATIVO\BackEnd\Conexion-EcoRisaralda\vendor\laravel\framework\src\Illuminate\Database\Console\Migrations\MigrateCommand.php:116
C:\Users\USUARIO\Documents\Documentos Christian\Archivos Estudio\Sena\PROYECTO FORMATIVO\BackEnd\Conexion-EcoRisaralda\vendor\laravel\framework\src\Illuminate\Database\Migrations\Migrator.php:671
C:\Users\USUARIO\Documents\Documentos Christian\Archivos Estudio\Sena\PROYECTO FORMATIVO\BackEnd\Conexion-EcoRisaralda\vendor\laravel\framework\src\Illuminate\Database\Console\Migrations\MigrateCommand.php:109
C:\Users\USUARIO\Documents\Documentos Christian\Archivos Estudio\Sena\PROYECTO FORMATIVO\BackEnd\Conexion-EcoRisaralda\vendor\laravel\framework\src\Illuminate\Database\Console\Migrations\MigrateCommand.php:88
C:\Users\USUARIO\Documents\Documentos Christian\Archivos Estudio\Sena\PROYECTO FORMATIVO\BackEnd\Conexion-EcoRisaralda\vendor\laravel\framework\src\Illuminate\Container\BoundMethod.php:36
C:\Users\USUARIO\Documents\Documentos Christian\Archivos Estudio\Sena\PROYECTO FORMATIVO\BackEnd\Conexion-EcoRisaralda\vendor\laravel\framework\src\Illuminate\Container\Util.php:43
C:\Users\USUARIO\Documents\Documentos Christian\Archivos Estudio\Sena\PROYECTO FORMATIVO\BackEnd\Conexion-EcoRisaralda\vendor\laravel\framework\src\Illuminate\Container\BoundMethod.php:96
C:\Users\USUARIO\Documents\Documentos Christian\Archivos Estudio\Sena\PROYECTO FORMATIVO\BackEnd\Conexion-EcoRisaralda\vendor\laravel\framework\src\Illuminate\Container\BoundMethod.php:35
C:\Users\USUARIO\Documents\Documentos Christian\Archivos Estudio\Sena\PROYECTO FORMATIVO\BackEnd\Conexion-EcoRisaralda\vendor\laravel\framework\src\Illuminate\Container\Container.php:799
C:\Users\USUARIO\Documents\Documentos Christian\Archivos Estudio\Sena\PROYECTO FORMATIVO\BackEnd\Conexion-EcoRisaralda\vendor\laravel\framework\src\Illuminate\Console\Command.php:211
C:\Users\USUARIO\Documents\Documentos Christian\Archivos Estudio\Sena\PROYECTO FORMATIVO\BackEnd\Conexion-EcoRisaralda\vendor\symfony\console\Command\Command.php:341
C:\Users\USUARIO\Documents\Documentos Christian\Archivos Estudio\Sena\PROYECTO FORMATIVO\BackEnd\Conexion-EcoRisaralda\vendor\laravel\framework\src\Illuminate\Console\Command.php:180
C:\Users\USUARIO\Documents\Documentos Christian\Archivos Estudio\Sena\PROYECTO FORMATIVO\BackEnd\Conexion-EcoRisaralda\vendor\laravel\framework\src\Illuminate\Console\Concerns\CallsCommands.php:68
C:\Users\USUARIO\Documents\Documentos Christian\Archivos Estudio\Sena\PROYECTO FORMATIVO\BackEnd\Conexion-EcoRisaralda\vendor\laravel\framework\src\Illuminate\Console\Concerns\CallsCommands.php:29
C:\Users\USUARIO\Documents\Documentos Christian\Archivos Estudio\Sena\PROYECTO FORMATIVO\BackEnd\Conexion-EcoRisaralda\vendor\laravel\framework\src\Illuminate\Database\Console\Migrations\FreshCommand.php:81
C:\Users\USUARIO\Documents\Documentos Christian\Archivos Estudio\Sena\PROYECTO FORMATIVO\BackEnd\Conexion-EcoRisaralda\vendor\laravel\framework\src\Illuminate\Container\BoundMethod.php:36
C:\Users\USUARIO\Documents\Documentos Christian\Archivos Estudio\Sena\PROYECTO FORMATIVO\BackEnd\Conexion-EcoRisaralda\vendor\laravel\framework\src\Illuminate\Container\Util.php:43
C:\Users\USUARIO\Documents\Documentos Christian\Archivos Estudio\Sena\PROYECTO FORMATIVO\BackEnd\Conexion-EcoRisaralda\vendor\laravel\framework\src\Illuminate\Container\BoundMethod.php:96
C:\Users\USUARIO\Documents\Documentos Christian\Archivos Estudio\Sena\PROYECTO FORMATIVO\BackEnd\Conexion-EcoRisaralda\vendor\laravel\framework\src\Illuminate\Container\BoundMethod.php:35
C:\Users\USUARIO\Documents\Documentos Christian\Archivos Estudio\Sena\PROYECTO FORMATIVO\BackEnd\Conexion-EcoRisaralda\vendor\laravel\framework\src\Illuminate\Container\Container.php:799
C:\Users\USUARIO\Documents\Documentos Christian\Archivos Estudio\Sena\PROYECTO FORMATIVO\BackEnd\Conexion-EcoRisaralda\vendor\laravel\framework\src\Illuminate\Console\Command.php:211
C:\Users\USUARIO\Documents\Documentos Christian\Archivos Estudio\Sena\PROYECTO FORMATIVO\BackEnd\Conexion-EcoRisaralda\vendor\symfony\console\Command\Command.php:341
C:\Users\USUARIO\Documents\Documentos Christian\Archivos Estudio\Sena\PROYECTO FORMATIVO\BackEnd\Conexion-EcoRisaralda\vendor\laravel\framework\src\Illuminate\Console\Command.php:180
C:\Users\USUARIO\Documents\Documentos Christian\Archivos Estudio\Sena\PROYECTO FORMATIVO\BackEnd\Conexion-EcoRisaralda\vendor\symfony\console\Application.php:1079
C:\Users\USUARIO\Documents\Documentos Christian\Archivos Estudio\Sena\PROYECTO FORMATIVO\BackEnd\Conexion-EcoRisaralda\vendor\symfony\console\Application.php:356
C:\Users\USUARIO\Documents\Documentos Christian\Archivos Estudio\Sena\PROYECTO FORMATIVO\BackEnd\Conexion-EcoRisaralda\vendor\symfony\console\Application.php:195
C:\Users\USUARIO\Documents\Documentos Christian\Archivos Estudio\Sena\PROYECTO FORMATIVO\BackEnd\Conexion-EcoRisaralda\vendor\laravel\framework\src\Illuminate\Console\Application.php:165
C:\Users\USUARIO\Documents\Documentos Christian\Archivos Estudio\Sena\PROYECTO FORMATIVO\BackEnd\Conexion-EcoRisaralda\vendor\laravel\framework\src\Illuminate\Foundation\Console\Kernel.php:447
C:\Users\USUARIO\Documents\Documentos Christian\Archivos Estudio\Sena\PROYECTO FORMATIVO\BackEnd\Conexion-EcoRisaralda\vendor\laravel\framework\src\Illuminate\Testing\PendingCommand.php:451
C:\Users\USUARIO\Documents\Documentos Christian\Archivos Estudio\Sena\PROYECTO FORMATIVO\BackEnd\Conexion-EcoRisaralda\vendor\laravel\framework\src\Illuminate\Testing\PendingCommand.php:675
C:\Users\USUARIO\Documents\Documentos Christian\Archivos Estudio\Sena\PROYECTO FORMATIVO\BackEnd\Conexion-EcoRisaralda\vendor\laravel\framework\src\Illuminate\Foundation\Testing\Concerns\InteractsWithConsole.php:87
C:\Users\USUARIO\Documents\Documentos Christian\Archivos Estudio\Sena\PROYECTO FORMATIVO\BackEnd\Conexion-EcoRisaralda\vendor\laravel\framework\src\Illuminate\Foundation\Testing\RefreshDatabase.php:119
C:\Users\USUARIO\Documents\Documentos Christian\Archivos Estudio\Sena\PROYECTO FORMATIVO\BackEnd\Conexion-EcoRisaralda\vendor\laravel\framework\src\Illuminate\Foundation\Testing\RefreshDatabase.php:84
C:\Users\USUARIO\Documents\Documentos Christian\Archivos Estudio\Sena\PROYECTO FORMATIVO\BackEnd\Conexion-EcoRisaralda\vendor\laravel\framework\src\Illuminate\Foundation\Testing\RefreshDatabase.php:25
C:\Users\USUARIO\Documents\Documentos Christian\Archivos Estudio\Sena\PROYECTO FORMATIVO\BackEnd\Conexion-EcoRisaralda\vendor\laravel\framework\src\Illuminate\Foundation\Testing\Concerns\InteractsWithTestCaseLifecycle.php:217
C:\Users\USUARIO\Documents\Documentos Christian\Archivos Estudio\Sena\PROYECTO FORMATIVO\BackEnd\Conexion-EcoRisaralda\vendor\laravel\framework\src\Illuminate\Foundation\Testing\Concerns\InteractsWithTestCaseLifecycle.php:101
C:\Users\USUARIO\Documents\Documentos Christian\Archivos Estudio\Sena\PROYECTO FORMATIVO\BackEnd\Conexion-EcoRisaralda\vendor\laravel\framework\src\Illuminate\Foundation\Testing\TestCase.php:63</error>
        </testcase>
        <testcase name="test_user_can_mark_notification_as_read" file="C:\Users\USUARIO\Documents\Documentos Christian\Archivos Estudio\Sena\PROYECTO FORMATIVO\BackEnd\Conexion-EcoRisaralda\tests\Feature\NotificationsApiTest.php" line="35" class="Tests\Feature\NotificationsApiTest" classname="Tests.Feature.NotificationsApiTest" assertions="0" time="0.000000">
          <error type="Illuminate\Database\QueryException">Tests\Feature\NotificationsApiTest::test_user_can_mark_notification_as_read&#13;
Illuminate\Database\QueryException: SQLSTATE[HY000]: General error: 1 near "MODIFY": syntax error (Connection: sqlite, Database: :memory:, SQL: ALTER TABLE users MODIFY status ENUM('pending','approved','rejected','active','inactive') DEFAULT 'active')
&#13;
C:\Users\USUARIO\Documents\Documentos Christian\Archivos Estudio\Sena\PROYECTO FORMATIVO\BackEnd\Conexion-EcoRisaralda\vendor\laravel\framework\src\Illuminate\Database\Connection.php:838
C:\Users\USUARIO\Documents\Documentos Christian\Archivos Estudio\Sena\PROYECTO FORMATIVO\BackEnd\Conexion-EcoRisaralda\vendor\laravel\framework\src\Illuminate\Database\Connection.php:794
C:\Users\USUARIO\Documents\Documentos Christian\Archivos Estudio\Sena\PROYECTO FORMATIVO\BackEnd\Conexion-EcoRisaralda\vendor\laravel\framework\src\Illuminate\Database\Connection.php:573
C:\Users\USUARIO\Documents\Documentos Christian\Archivos Estudio\Sena\PROYECTO FORMATIVO\BackEnd\Conexion-EcoRisaralda\vendor\laravel\framework\src\Illuminate\Database\DatabaseManager.php:491
C:\Users\USUARIO\Documents\Documentos Christian\Archivos Estudio\Sena\PROYECTO FORMATIVO\BackEnd\Conexion-EcoRisaralda\vendor\laravel\framework\src\Illuminate\Support\Facades\Facade.php:363
C:\Users\USUARIO\Documents\Documentos Christian\Archivos Estudio\Sena\PROYECTO FORMATIVO\BackEnd\Conexion-EcoRisaralda\database\migrations\2026_02_09_000001_add_inactive_to_status_enum_on_users_table.php:16
C:\Users\USUARIO\Documents\Documentos Christian\Archivos Estudio\Sena\PROYECTO FORMATIVO\BackEnd\Conexion-EcoRisaralda\vendor\laravel\framework\src\Illuminate\Database\Migrations\Migrator.php:517
C:\Users\USUARIO\Documents\Documentos Christian\Archivos Estudio\Sena\PROYECTO FORMATIVO\BackEnd\Conexion-EcoRisaralda\vendor\laravel\framework\src\Illuminate\Database\Migrations\Migrator.php:442
C:\Users\USUARIO\Documents\Documentos Christian\Archivos Estudio\Sena\PROYECTO FORMATIVO\BackEnd\Conexion-EcoRisaralda\vendor\laravel\framework\src\Illuminate\Database\Migrations\Migrator.php:451
C:\Users\USUARIO\Documents\Documentos Christian\Archivos Estudio\Sena\PROYECTO FORMATIVO\BackEnd\Conexion-EcoRisaralda\vendor\laravel\framework\src\Illuminate\Database\Migrations\Migrator.php:253
C:\Users\USUARIO\Documents\Documentos Christian\Archivos Estudio\Sena\PROYECTO FORMATIVO\BackEnd\Conexion-EcoRisaralda\vendor\laravel\framework\src\Illuminate\Console\View\Components\Task.php:41
C:\Users\USUARIO\Documents\Documentos Christian\Archivos Estudio\Sena\PROYECTO FORMATIVO\BackEnd\Conexion-EcoRisaralda\vendor\laravel\framework\src\Illuminate\Database\Migrations\Migrator.php:814
C:\Users\USUARIO\Documents\Documentos Christian\Archivos Estudio\Sena\PROYECTO FORMATIVO\BackEnd\Conexion-EcoRisaralda\vendor\laravel\framework\src\Illuminate\Database\Migrations\Migrator.php:253
C:\Users\USUARIO\Documents\Documentos Christian\Archivos Estudio\Sena\PROYECTO FORMATIVO\BackEnd\Conexion-EcoRisaralda\vendor\laravel\framework\src\Illuminate\Database\Migrations\Migrator.php:211
C:\Users\USUARIO\Documents\Documentos Christian\Archivos Estudio\Sena\PROYECTO FORMATIVO\BackEnd\Conexion-EcoRisaralda\vendor\laravel\framework\src\Illuminate\Database\Migrations\Migrator.php:138
C:\Users\USUARIO\Documents\Documentos Christian\Archivos Estudio\Sena\PROYECTO FORMATIVO\BackEnd\Conexion-EcoRisaralda\vendor\laravel\framework\src\Illuminate\Database\Console\Migrations\MigrateCommand.php:116
C:\Users\USUARIO\Documents\Documentos Christian\Archivos Estudio\Sena\PROYECTO FORMATIVO\BackEnd\Conexion-EcoRisaralda\vendor\laravel\framework\src\Illuminate\Database\Migrations\Migrator.php:671
C:\Users\USUARIO\Documents\Documentos Christian\Archivos Estudio\Sena\PROYECTO FORMATIVO\BackEnd\Conexion-EcoRisaralda\vendor\laravel\framework\src\Illuminate\Database\Console\Migrations\MigrateCommand.php:109
C:\Users\USUARIO\Documents\Documentos Christian\Archivos Estudio\Sena\PROYECTO FORMATIVO\BackEnd\Conexion-EcoRisaralda\vendor\laravel\framework\src\Illuminate\Database\Console\Migrations\MigrateCommand.php:88
C:\Users\USUARIO\Documents\Documentos Christian\Archivos Estudio\Sena\PROYECTO FORMATIVO\BackEnd\Conexion-EcoRisaralda\vendor\laravel\framework\src\Illuminate\Container\BoundMethod.php:36
C:\Users\USUARIO\Documents\Documentos Christian\Archivos Estudio\Sena\PROYECTO FORMATIVO\BackEnd\Conexion-EcoRisaralda\vendor\laravel\framework\src\Illuminate\Container\Util.php:43
C:\Users\USUARIO\Documents\Documentos Christian\Archivos Estudio\Sena\PROYECTO FORMATIVO\BackEnd\Conexion-EcoRisaralda\vendor\laravel\framework\src\Illuminate\Container\BoundMethod.php:96
C:\Users\USUARIO\Documents\Documentos Christian\Archivos Estudio\Sena\PROYECTO FORMATIVO\BackEnd\Conexion-EcoRisaralda\vendor\laravel\framework\src\Illuminate\Container\BoundMethod.php:35
C:\Users\USUARIO\Documents\Documentos Christian\Archivos Estudio\Sena\PROYECTO FORMATIVO\BackEnd\Conexion-EcoRisaralda\vendor\laravel\framework\src\Illuminate\Container\Container.php:799
C:\Users\USUARIO\Documents\Documentos Christian\Archivos Estudio\Sena\PROYECTO FORMATIVO\BackEnd\Conexion-EcoRisaralda\vendor\laravel\framework\src\Illuminate\Console\Command.php:211
C:\Users\USUARIO\Documents\Documentos Christian\Archivos Estudio\Sena\PROYECTO FORMATIVO\BackEnd\Conexion-EcoRisaralda\vendor\symfony\console\Command\Command.php:341
C:\Users\USUARIO\Documents\Documentos Christian\Archivos Estudio\Sena\PROYECTO FORMATIVO\BackEnd\Conexion-EcoRisaralda\vendor\laravel\framework\src\Illuminate\Console\Command.php:180
C:\Users\USUARIO\Documents\Documentos Christian\Archivos Estudio\Sena\PROYECTO FORMATIVO\BackEnd\Conexion-EcoRisaralda\vendor\laravel\framework\src\Illuminate\Console\Concerns\CallsCommands.php:68
C:\Users\USUARIO\Documents\Documentos Christian\Archivos Estudio\Sena\PROYECTO FORMATIVO\BackEnd\Conexion-EcoRisaralda\vendor\laravel\framework\src\Illuminate\Console\Concerns\CallsCommands.php:29
C:\Users\USUARIO\Documents\Documentos Christian\Archivos Estudio\Sena\PROYECTO FORMATIVO\BackEnd\Conexion-EcoRisaralda\vendor\laravel\framework\src\Illuminate\Database\Console\Migrations\FreshCommand.php:81
C:\Users\USUARIO\Documents\Documentos Christian\Archivos Estudio\Sena\PROYECTO FORMATIVO\BackEnd\Conexion-EcoRisaralda\vendor\laravel\framework\src\Illuminate\Container\BoundMethod.php:36
C:\Users\USUARIO\Documents\Documentos Christian\Archivos Estudio\Sena\PROYECTO FORMATIVO\BackEnd\Conexion-EcoRisaralda\vendor\laravel\framework\src\Illuminate\Container\Util.php:43
C:\Users\USUARIO\Documents\Documentos Christian\Archivos Estudio\Sena\PROYECTO FORMATIVO\BackEnd\Conexion-EcoRisaralda\vendor\laravel\framework\src\Illuminate\Container\BoundMethod.php:96
C:\Users\USUARIO\Documents\Documentos Christian\Archivos Estudio\Sena\PROYECTO FORMATIVO\BackEnd\Conexion-EcoRisaralda\vendor\laravel\framework\src\Illuminate\Container\BoundMethod.php:35
C:\Users\USUARIO\Documents\Documentos Christian\Archivos Estudio\Sena\PROYECTO FORMATIVO\BackEnd\Conexion-EcoRisaralda\vendor\laravel\framework\src\Illuminate\Container\Container.php:799
C:\Users\USUARIO\Documents\Documentos Christian\Archivos Estudio\Sena\PROYECTO FORMATIVO\BackEnd\Conexion-EcoRisaralda\vendor\laravel\framework\src\Illuminate\Console\Command.php:211
C:\Users\USUARIO\Documents\Documentos Christian\Archivos Estudio\Sena\PROYECTO FORMATIVO\BackEnd\Conexion-EcoRisaralda\vendor\symfony\console\Command\Command.php:341
C:\Users\USUARIO\Documents\Documentos Christian\Archivos Estudio\Sena\PROYECTO FORMATIVO\BackEnd\Conexion-EcoRisaralda\vendor\laravel\framework\src\Illuminate\Console\Command.php:180
C:\Users\USUARIO\Documents\Documentos Christian\Archivos Estudio\Sena\PROYECTO FORMATIVO\BackEnd\Conexion-EcoRisaralda\vendor\symfony\console\Application.php:1079
C:\Users\USUARIO\Documents\Documentos Christian\Archivos Estudio\Sena\PROYECTO FORMATIVO\BackEnd\Conexion-EcoRisaralda\vendor\symfony\console\Application.php:356
C:\Users\USUARIO\Documents\Documentos Christian\Archivos Estudio\Sena\PROYECTO FORMATIVO\BackEnd\Conexion-EcoRisaralda\vendor\symfony\console\Application.php:195
C:\Users\USUARIO\Documents\Documentos Christian\Archivos Estudio\Sena\PROYECTO FORMATIVO\BackEnd\Conexion-EcoRisaralda\vendor\laravel\framework\src\Illuminate\Console\Application.php:165
C:\Users\USUARIO\Documents\Documentos Christian\Archivos Estudio\Sena\PROYECTO FORMATIVO\BackEnd\Conexion-EcoRisaralda\vendor\laravel\framework\src\Illuminate\Foundation\Console\Kernel.php:447
C:\Users\USUARIO\Documents\Documentos Christian\Archivos Estudio\Sena\PROYECTO FORMATIVO\BackEnd\Conexion-EcoRisaralda\vendor\laravel\framework\src\Illuminate\Testing\PendingCommand.php:451
C:\Users\USUARIO\Documents\Documentos Christian\Archivos Estudio\Sena\PROYECTO FORMATIVO\BackEnd\Conexion-EcoRisaralda\vendor\laravel\framework\src\Illuminate\Testing\PendingCommand.php:675
C:\Users\USUARIO\Documents\Documentos Christian\Archivos Estudio\Sena\PROYECTO FORMATIVO\BackEnd\Conexion-EcoRisaralda\vendor\laravel\framework\src\Illuminate\Foundation\Testing\Concerns\InteractsWithConsole.php:87
C:\Users\USUARIO\Documents\Documentos Christian\Archivos Estudio\Sena\PROYECTO FORMATIVO\BackEnd\Conexion-EcoRisaralda\vendor\laravel\framework\src\Illuminate\Foundation\Testing\RefreshDatabase.php:119
C:\Users\USUARIO\Documents\Documentos Christian\Archivos Estudio\Sena\PROYECTO FORMATIVO\BackEnd\Conexion-EcoRisaralda\vendor\laravel\framework\src\Illuminate\Foundation\Testing\RefreshDatabase.php:84
C:\Users\USUARIO\Documents\Documentos Christian\Archivos Estudio\Sena\PROYECTO FORMATIVO\BackEnd\Conexion-EcoRisaralda\vendor\laravel\framework\src\Illuminate\Foundation\Testing\RefreshDatabase.php:25
C:\Users\USUARIO\Documents\Documentos Christian\Archivos Estudio\Sena\PROYECTO FORMATIVO\BackEnd\Conexion-EcoRisaralda\vendor\laravel\framework\src\Illuminate\Foundation\Testing\Concerns\InteractsWithTestCaseLifecycle.php:217
C:\Users\USUARIO\Documents\Documentos Christian\Archivos Estudio\Sena\PROYECTO FORMATIVO\BackEnd\Conexion-EcoRisaralda\vendor\laravel\framework\src\Illuminate\Foundation\Testing\Concerns\InteractsWithTestCaseLifecycle.php:101
C:\Users\USUARIO\Documents\Documentos Christian\Archivos Estudio\Sena\PROYECTO FORMATIVO\BackEnd\Conexion-EcoRisaralda\vendor\laravel\framework\src\Illuminate\Foundation\Testing\TestCase.php:63</error>
        </testcase>
        <testcase name="test_user_can_archive_notification" file="C:\Users\USUARIO\Documents\Documentos Christian\Archivos Estudio\Sena\PROYECTO FORMATIVO\BackEnd\Conexion-EcoRisaralda\tests\Feature\NotificationsApiTest.php" line="55" class="Tests\Feature\NotificationsApiTest" classname="Tests.Feature.NotificationsApiTest" assertions="0" time="0.000000">
          <error type="Illuminate\Database\QueryException">Tests\Feature\NotificationsApiTest::test_user_can_archive_notification&#13;
Illuminate\Database\QueryException: SQLSTATE[HY000]: General error: 1 near "MODIFY": syntax error (Connection: sqlite, Database: :memory:, SQL: ALTER TABLE users MODIFY status ENUM('pending','approved','rejected','active','inactive') DEFAULT 'active')
&#13;
C:\Users\USUARIO\Documents\Documentos Christian\Archivos Estudio\Sena\PROYECTO FORMATIVO\BackEnd\Conexion-EcoRisaralda\vendor\laravel\framework\src\Illuminate\Database\Connection.php:838
C:\Users\USUARIO\Documents\Documentos Christian\Archivos Estudio\Sena\PROYECTO FORMATIVO\BackEnd\Conexion-EcoRisaralda\vendor\laravel\framework\src\Illuminate\Database\Connection.php:794
C:\Users\USUARIO\Documents\Documentos Christian\Archivos Estudio\Sena\PROYECTO FORMATIVO\BackEnd\Conexion-EcoRisaralda\vendor\laravel\framework\src\Illuminate\Database\Connection.php:573
C:\Users\USUARIO\Documents\Documentos Christian\Archivos Estudio\Sena\PROYECTO FORMATIVO\BackEnd\Conexion-EcoRisaralda\vendor\laravel\framework\src\Illuminate\Database\DatabaseManager.php:491
C:\Users\USUARIO\Documents\Documentos Christian\Archivos Estudio\Sena\PROYECTO FORMATIVO\BackEnd\Conexion-EcoRisaralda\vendor\laravel\framework\src\Illuminate\Support\Facades\Facade.php:363
C:\Users\USUARIO\Documents\Documentos Christian\Archivos Estudio\Sena\PROYECTO FORMATIVO\BackEnd\Conexion-EcoRisaralda\database\migrations\2026_02_09_000001_add_inactive_to_status_enum_on_users_table.php:16
C:\Users\USUARIO\Documents\Documentos Christian\Archivos Estudio\Sena\PROYECTO FORMATIVO\BackEnd\Conexion-EcoRisaralda\vendor\laravel\framework\src\Illuminate\Database\Migrations\Migrator.php:517
C:\Users\USUARIO\Documents\Documentos Christian\Archivos Estudio\Sena\PROYECTO FORMATIVO\BackEnd\Conexion-EcoRisaralda\vendor\laravel\framework\src\Illuminate\Database\Migrations\Migrator.php:442
C:\Users\USUARIO\Documents\Documentos Christian\Archivos Estudio\Sena\PROYECTO FORMATIVO\BackEnd\Conexion-EcoRisaralda\vendor\laravel\framework\src\Illuminate\Database\Migrations\Migrator.php:451
C:\Users\USUARIO\Documents\Documentos Christian\Archivos Estudio\Sena\PROYECTO FORMATIVO\BackEnd\Conexion-EcoRisaralda\vendor\laravel\framework\src\Illuminate\Database\Migrations\Migrator.php:253
C:\Users\USUARIO\Documents\Documentos Christian\Archivos Estudio\Sena\PROYECTO FORMATIVO\BackEnd\Conexion-EcoRisaralda\vendor\laravel\framework\src\Illuminate\Console\View\Components\Task.php:41
C:\Users\USUARIO\Documents\Documentos Christian\Archivos Estudio\Sena\PROYECTO FORMATIVO\BackEnd\Conexion-EcoRisaralda\vendor\laravel\framework\src\Illuminate\Database\Migrations\Migrator.php:814
C:\Users\USUARIO\Documents\Documentos Christian\Archivos Estudio\Sena\PROYECTO FORMATIVO\BackEnd\Conexion-EcoRisaralda\vendor\laravel\framework\src\Illuminate\Database\Migrations\Migrator.php:253
C:\Users\USUARIO\Documents\Documentos Christian\Archivos Estudio\Sena\PROYECTO FORMATIVO\BackEnd\Conexion-EcoRisaralda\vendor\laravel\framework\src\Illuminate\Database\Migrations\Migrator.php:211
C:\Users\USUARIO\Documents\Documentos Christian\Archivos Estudio\Sena\PROYECTO FORMATIVO\BackEnd\Conexion-EcoRisaralda\vendor\laravel\framework\src\Illuminate\Database\Migrations\Migrator.php:138
C:\Users\USUARIO\Documents\Documentos Christian\Archivos Estudio\Sena\PROYECTO FORMATIVO\BackEnd\Conexion-EcoRisaralda\vendor\laravel\framework\src\Illuminate\Database\Console\Migrations\MigrateCommand.php:116
C:\Users\USUARIO\Documents\Documentos Christian\Archivos Estudio\Sena\PROYECTO FORMATIVO\BackEnd\Conexion-EcoRisaralda\vendor\laravel\framework\src\Illuminate\Database\Migrations\Migrator.php:671
C:\Users\USUARIO\Documents\Documentos Christian\Archivos Estudio\Sena\PROYECTO FORMATIVO\BackEnd\Conexion-EcoRisaralda\vendor\laravel\framework\src\Illuminate\Database\Console\Migrations\MigrateCommand.php:109
C:\Users\USUARIO\Documents\Documentos Christian\Archivos Estudio\Sena\PROYECTO FORMATIVO\BackEnd\Conexion-EcoRisaralda\vendor\laravel\framework\src\Illuminate\Database\Console\Migrations\MigrateCommand.php:88
C:\Users\USUARIO\Documents\Documentos Christian\Archivos Estudio\Sena\PROYECTO FORMATIVO\BackEnd\Conexion-EcoRisaralda\vendor\laravel\framework\src\Illuminate\Container\BoundMethod.php:36
C:\Users\USUARIO\Documents\Documentos Christian\Archivos Estudio\Sena\PROYECTO FORMATIVO\BackEnd\Conexion-EcoRisaralda\vendor\laravel\framework\src\Illuminate\Container\Util.php:43
C:\Users\USUARIO\Documents\Documentos Christian\Archivos Estudio\Sena\PROYECTO FORMATIVO\BackEnd\Conexion-EcoRisaralda\vendor\laravel\framework\src\Illuminate\Container\BoundMethod.php:96
C:\Users\USUARIO\Documents\Documentos Christian\Archivos Estudio\Sena\PROYECTO FORMATIVO\BackEnd\Conexion-EcoRisaralda\vendor\laravel\framework\src\Illuminate\Container\BoundMethod.php:35
C:\Users\USUARIO\Documents\Documentos Christian\Archivos Estudio\Sena\PROYECTO FORMATIVO\BackEnd\Conexion-EcoRisaralda\vendor\laravel\framework\src\Illuminate\Container\Container.php:799
C:\Users\USUARIO\Documents\Documentos Christian\Archivos Estudio\Sena\PROYECTO FORMATIVO\BackEnd\Conexion-EcoRisaralda\vendor\laravel\framework\src\Illuminate\Console\Command.php:211
C:\Users\USUARIO\Documents\Documentos Christian\Archivos Estudio\Sena\PROYECTO FORMATIVO\BackEnd\Conexion-EcoRisaralda\vendor\symfony\console\Command\Command.php:341
C:\Users\USUARIO\Documents\Documentos Christian\Archivos Estudio\Sena\PROYECTO FORMATIVO\BackEnd\Conexion-EcoRisaralda\vendor\laravel\framework\src\Illuminate\Console\Command.php:180
C:\Users\USUARIO\Documents\Documentos Christian\Archivos Estudio\Sena\PROYECTO FORMATIVO\BackEnd\Conexion-EcoRisaralda\vendor\laravel\framework\src\Illuminate\Console\Concerns\CallsCommands.php:68
C:\Users\USUARIO\Documents\Documentos Christian\Archivos Estudio\Sena\PROYECTO FORMATIVO\BackEnd\Conexion-EcoRisaralda\vendor\laravel\framework\src\Illuminate\Console\Concerns\CallsCommands.php:29
C:\Users\USUARIO\Documents\Documentos Christian\Archivos Estudio\Sena\PROYECTO FORMATIVO\BackEnd\Conexion-EcoRisaralda\vendor\laravel\framework\src\Illuminate\Database\Console\Migrations\FreshCommand.php:81
C:\Users\USUARIO\Documents\Documentos Christian\Archivos Estudio\Sena\PROYECTO FORMATIVO\BackEnd\Conexion-EcoRisaralda\vendor\laravel\framework\src\Illuminate\Container\BoundMethod.php:36
C:\Users\USUARIO\Documents\Documentos Christian\Archivos Estudio\Sena\PROYECTO FORMATIVO\BackEnd\Conexion-EcoRisaralda\vendor\laravel\framework\src\Illuminate\Container\Util.php:43
C:\Users\USUARIO\Documents\Documentos Christian\Archivos Estudio\Sena\PROYECTO FORMATIVO\BackEnd\Conexion-EcoRisaralda\vendor\laravel\framework\src\Illuminate\Container\BoundMethod.php:96
C:\Users\USUARIO\Documents\Documentos Christian\Archivos Estudio\Sena\PROYECTO FORMATIVO\BackEnd\Conexion-EcoRisaralda\vendor\laravel\framework\src\Illuminate\Container\BoundMethod.php:35
C:\Users\USUARIO\Documents\Documentos Christian\Archivos Estudio\Sena\PROYECTO FORMATIVO\BackEnd\Conexion-EcoRisaralda\vendor\laravel\framework\src\Illuminate\Container\Container.php:799
C:\Users\USUARIO\Documents\Documentos Christian\Archivos Estudio\Sena\PROYECTO FORMATIVO\BackEnd\Conexion-EcoRisaralda\vendor\laravel\framework\src\Illuminate\Console\Command.php:211
C:\Users\USUARIO\Documents\Documentos Christian\Archivos Estudio\Sena\PROYECTO FORMATIVO\BackEnd\Conexion-EcoRisaralda\vendor\symfony\console\Command\Command.php:341
C:\Users\USUARIO\Documents\Documentos Christian\Archivos Estudio\Sena\PROYECTO FORMATIVO\BackEnd\Conexion-EcoRisaralda\vendor\laravel\framework\src\Illuminate\Console\Command.php:180
C:\Users\USUARIO\Documents\Documentos Christian\Archivos Estudio\Sena\PROYECTO FORMATIVO\BackEnd\Conexion-EcoRisaralda\vendor\symfony\console\Application.php:1079
C:\Users\USUARIO\Documents\Documentos Christian\Archivos Estudio\Sena\PROYECTO FORMATIVO\BackEnd\Conexion-EcoRisaralda\vendor\symfony\console\Application.php:356
C:\Users\USUARIO\Documents\Documentos Christian\Archivos Estudio\Sena\PROYECTO FORMATIVO\BackEnd\Conexion-EcoRisaralda\vendor\symfony\console\Application.php:195
C:\Users\USUARIO\Documents\Documentos Christian\Archivos Estudio\Sena\PROYECTO FORMATIVO\BackEnd\Conexion-EcoRisaralda\vendor\laravel\framework\src\Illuminate\Console\Application.php:165
C:\Users\USUARIO\Documents\Documentos Christian\Archivos Estudio\Sena\PROYECTO FORMATIVO\BackEnd\Conexion-EcoRisaralda\vendor\laravel\framework\src\Illuminate\Foundation\Console\Kernel.php:447
C:\Users\USUARIO\Documents\Documentos Christian\Archivos Estudio\Sena\PROYECTO FORMATIVO\BackEnd\Conexion-EcoRisaralda\vendor\laravel\framework\src\Illuminate\Testing\PendingCommand.php:451
C:\Users\USUARIO\Documents\Documentos Christian\Archivos Estudio\Sena\PROYECTO FORMATIVO\BackEnd\Conexion-EcoRisaralda\vendor\laravel\framework\src\Illuminate\Testing\PendingCommand.php:675
C:\Users\USUARIO\Documents\Documentos Christian\Archivos Estudio\Sena\PROYECTO FORMATIVO\BackEnd\Conexion-EcoRisaralda\vendor\laravel\framework\src\Illuminate\Foundation\Testing\Concerns\InteractsWithConsole.php:87
C:\Users\USUARIO\Documents\Documentos Christian\Archivos Estudio\Sena\PROYECTO FORMATIVO\BackEnd\Conexion-EcoRisaralda\vendor\laravel\framework\src\Illuminate\Foundation\Testing\RefreshDatabase.php:119
C:\Users\USUARIO\Documents\Documentos Christian\Archivos Estudio\Sena\PROYECTO FORMATIVO\BackEnd\Conexion-EcoRisaralda\vendor\laravel\framework\src\Illuminate\Foundation\Testing\RefreshDatabase.php:84
C:\Users\USUARIO\Documents\Documentos Christian\Archivos Estudio\Sena\PROYECTO FORMATIVO\BackEnd\Conexion-EcoRisaralda\vendor\laravel\framework\src\Illuminate\Foundation\Testing\RefreshDatabase.php:25
C:\Users\USUARIO\Documents\Documentos Christian\Archivos Estudio\Sena\PROYECTO FORMATIVO\BackEnd\Conexion-EcoRisaralda\vendor\laravel\framework\src\Illuminate\Foundation\Testing\Concerns\InteractsWithTestCaseLifecycle.php:217
C:\Users\USUARIO\Documents\Documentos Christian\Archivos Estudio\Sena\PROYECTO FORMATIVO\BackEnd\Conexion-EcoRisaralda\vendor\laravel\framework\src\Illuminate\Foundation\Testing\Concerns\InteractsWithTestCaseLifecycle.php:101
C:\Users\USUARIO\Documents\Documentos Christian\Archivos Estudio\Sena\PROYECTO FORMATIVO\BackEnd\Conexion-EcoRisaralda\vendor\laravel\framework\src\Illuminate\Foundation\Testing\TestCase.php:63</error>
        </testcase>
        <testcase name="test_user_can_archive_all_notifications" file="C:\Users\USUARIO\Documents\Documentos Christian\Archivos Estudio\Sena\PROYECTO FORMATIVO\BackEnd\Conexion-EcoRisaralda\tests\Feature\NotificationsApiTest.php" line="75" class="Tests\Feature\NotificationsApiTest" classname="Tests.Feature.NotificationsApiTest" assertions="0" time="0.000000">
          <error type="Illuminate\Database\QueryException">Tests\Feature\NotificationsApiTest::test_user_can_archive_all_notifications&#13;
Illuminate\Database\QueryException: SQLSTATE[HY000]: General error: 1 near "MODIFY": syntax error (Connection: sqlite, Database: :memory:, SQL: ALTER TABLE users MODIFY status ENUM('pending','approved','rejected','active','inactive') DEFAULT 'active')
&#13;
C:\Users\USUARIO\Documents\Documentos Christian\Archivos Estudio\Sena\PROYECTO FORMATIVO\BackEnd\Conexion-EcoRisaralda\vendor\laravel\framework\src\Illuminate\Database\Connection.php:838
C:\Users\USUARIO\Documents\Documentos Christian\Archivos Estudio\Sena\PROYECTO FORMATIVO\BackEnd\Conexion-EcoRisaralda\vendor\laravel\framework\src\Illuminate\Database\Connection.php:794
C:\Users\USUARIO\Documents\Documentos Christian\Archivos Estudio\Sena\PROYECTO FORMATIVO\BackEnd\Conexion-EcoRisaralda\vendor\laravel\framework\src\Illuminate\Database\Connection.php:573
C:\Users\USUARIO\Documents\Documentos Christian\Archivos Estudio\Sena\PROYECTO FORMATIVO\BackEnd\Conexion-EcoRisaralda\vendor\laravel\framework\src\Illuminate\Database\DatabaseManager.php:491
C:\Users\USUARIO\Documents\Documentos Christian\Archivos Estudio\Sena\PROYECTO FORMATIVO\BackEnd\Conexion-EcoRisaralda\vendor\laravel\framework\src\Illuminate\Support\Facades\Facade.php:363
C:\Users\USUARIO\Documents\Documentos Christian\Archivos Estudio\Sena\PROYECTO FORMATIVO\BackEnd\Conexion-EcoRisaralda\database\migrations\2026_02_09_000001_add_inactive_to_status_enum_on_users_table.php:16
C:\Users\USUARIO\Documents\Documentos Christian\Archivos Estudio\Sena\PROYECTO FORMATIVO\BackEnd\Conexion-EcoRisaralda\vendor\laravel\framework\src\Illuminate\Database\Migrations\Migrator.php:517
C:\Users\USUARIO\Documents\Documentos Christian\Archivos Estudio\Sena\PROYECTO FORMATIVO\BackEnd\Conexion-EcoRisaralda\vendor\laravel\framework\src\Illuminate\Database\Migrations\Migrator.php:442
C:\Users\USUARIO\Documents\Documentos Christian\Archivos Estudio\Sena\PROYECTO FORMATIVO\BackEnd\Conexion-EcoRisaralda\vendor\laravel\framework\src\Illuminate\Database\Migrations\Migrator.php:451
C:\Users\USUARIO\Documents\Documentos Christian\Archivos Estudio\Sena\PROYECTO FORMATIVO\BackEnd\Conexion-EcoRisaralda\vendor\laravel\framework\src\Illuminate\Database\Migrations\Migrator.php:253
C:\Users\USUARIO\Documents\Documentos Christian\Archivos Estudio\Sena\PROYECTO FORMATIVO\BackEnd\Conexion-EcoRisaralda\vendor\laravel\framework\src\Illuminate\Console\View\Components\Task.php:41
C:\Users\USUARIO\Documents\Documentos Christian\Archivos Estudio\Sena\PROYECTO FORMATIVO\BackEnd\Conexion-EcoRisaralda\vendor\laravel\framework\src\Illuminate\Database\Migrations\Migrator.php:814
C:\Users\USUARIO\Documents\Documentos Christian\Archivos Estudio\Sena\PROYECTO FORMATIVO\BackEnd\Conexion-EcoRisaralda\vendor\laravel\framework\src\Illuminate\Database\Migrations\Migrator.php:253
C:\Users\USUARIO\Documents\Documentos Christian\Archivos Estudio\Sena\PROYECTO FORMATIVO\BackEnd\Conexion-EcoRisaralda\vendor\laravel\framework\src\Illuminate\Database\Migrations\Migrator.php:211
C:\Users\USUARIO\Documents\Documentos Christian\Archivos Estudio\Sena\PROYECTO FORMATIVO\BackEnd\Conexion-EcoRisaralda\vendor\laravel\framework\src\Illuminate\Database\Migrations\Migrator.php:138
C:\Users\USUARIO\Documents\Documentos Christian\Archivos Estudio\Sena\PROYECTO FORMATIVO\BackEnd\Conexion-EcoRisaralda\vendor\laravel\framework\src\Illuminate\Database\Console\Migrations\MigrateCommand.php:116
C:\Users\USUARIO\Documents\Documentos Christian\Archivos Estudio\Sena\PROYECTO FORMATIVO\BackEnd\Conexion-EcoRisaralda\vendor\laravel\framework\src\Illuminate\Database\Migrations\Migrator.php:671
C:\Users\USUARIO\Documents\Documentos Christian\Archivos Estudio\Sena\PROYECTO FORMATIVO\BackEnd\Conexion-EcoRisaralda\vendor\laravel\framework\src\Illuminate\Database\Console\Migrations\MigrateCommand.php:109
C:\Users\USUARIO\Documents\Documentos Christian\Archivos Estudio\Sena\PROYECTO FORMATIVO\BackEnd\Conexion-EcoRisaralda\vendor\laravel\framework\src\Illuminate\Database\Console\Migrations\MigrateCommand.php:88
C:\Users\USUARIO\Documents\Documentos Christian\Archivos Estudio\Sena\PROYECTO FORMATIVO\BackEnd\Conexion-EcoRisaralda\vendor\laravel\framework\src\Illuminate\Container\BoundMethod.php:36
C:\Users\USUARIO\Documents\Documentos Christian\Archivos Estudio\Sena\PROYECTO FORMATIVO\BackEnd\Conexion-EcoRisaralda\vendor\laravel\framework\src\Illuminate\Container\Util.php:43
C:\Users\USUARIO\Documents\Documentos Christian\Archivos Estudio\Sena\PROYECTO FORMATIVO\BackEnd\Conexion-EcoRisaralda\vendor\laravel\framework\src\Illuminate\Container\BoundMethod.php:96
C:\Users\USUARIO\Documents\Documentos Christian\Archivos Estudio\Sena\PROYECTO FORMATIVO\BackEnd\Conexion-EcoRisaralda\vendor\laravel\framework\src\Illuminate\Container\BoundMethod.php:35
C:\Users\USUARIO\Documents\Documentos Christian\Archivos Estudio\Sena\PROYECTO FORMATIVO\BackEnd\Conexion-EcoRisaralda\vendor\laravel\framework\src\Illuminate\Container\Container.php:799
C:\Users\USUARIO\Documents\Documentos Christian\Archivos Estudio\Sena\PROYECTO FORMATIVO\BackEnd\Conexion-EcoRisaralda\vendor\laravel\framework\src\Illuminate\Console\Command.php:211
C:\Users\USUARIO\Documents\Documentos Christian\Archivos Estudio\Sena\PROYECTO FORMATIVO\BackEnd\Conexion-EcoRisaralda\vendor\symfony\console\Command\Command.php:341
C:\Users\USUARIO\Documents\Documentos Christian\Archivos Estudio\Sena\PROYECTO FORMATIVO\BackEnd\Conexion-EcoRisaralda\vendor\laravel\framework\src\Illuminate\Console\Command.php:180
C:\Users\USUARIO\Documents\Documentos Christian\Archivos Estudio\Sena\PROYECTO FORMATIVO\BackEnd\Conexion-EcoRisaralda\vendor\laravel\framework\src\Illuminate\Console\Concerns\CallsCommands.php:68
C:\Users\USUARIO\Documents\Documentos Christian\Archivos Estudio\Sena\PROYECTO FORMATIVO\BackEnd\Conexion-EcoRisaralda\vendor\laravel\framework\src\Illuminate\Console\Concerns\CallsCommands.php:29
C:\Users\USUARIO\Documents\Documentos Christian\Archivos Estudio\Sena\PROYECTO FORMATIVO\BackEnd\Conexion-EcoRisaralda\vendor\laravel\framework\src\Illuminate\Database\Console\Migrations\FreshCommand.php:81
C:\Users\USUARIO\Documents\Documentos Christian\Archivos Estudio\Sena\PROYECTO FORMATIVO\BackEnd\Conexion-EcoRisaralda\vendor\laravel\framework\src\Illuminate\Container\BoundMethod.php:36
C:\Users\USUARIO\Documents\Documentos Christian\Archivos Estudio\Sena\PROYECTO FORMATIVO\BackEnd\Conexion-EcoRisaralda\vendor\laravel\framework\src\Illuminate\Container\Util.php:43
C:\Users\USUARIO\Documents\Documentos Christian\Archivos Estudio\Sena\PROYECTO FORMATIVO\BackEnd\Conexion-EcoRisaralda\vendor\laravel\framework\src\Illuminate\Container\BoundMethod.php:96
C:\Users\USUARIO\Documents\Documentos Christian\Archivos Estudio\Sena\PROYECTO FORMATIVO\BackEnd\Conexion-EcoRisaralda\vendor\laravel\framework\src\Illuminate\Container\BoundMethod.php:35
C:\Users\USUARIO\Documents\Documentos Christian\Archivos Estudio\Sena\PROYECTO FORMATIVO\BackEnd\Conexion-EcoRisaralda\vendor\laravel\framework\src\Illuminate\Container\Container.php:799
C:\Users\USUARIO\Documents\Documentos Christian\Archivos Estudio\Sena\PROYECTO FORMATIVO\BackEnd\Conexion-EcoRisaralda\vendor\laravel\framework\src\Illuminate\Console\Command.php:211
C:\Users\USUARIO\Documents\Documentos Christian\Archivos Estudio\Sena\PROYECTO FORMATIVO\BackEnd\Conexion-EcoRisaralda\vendor\symfony\console\Command\Command.php:341
C:\Users\USUARIO\Documents\Documentos Christian\Archivos Estudio\Sena\PROYECTO FORMATIVO\BackEnd\Conexion-EcoRisaralda\vendor\laravel\framework\src\Illuminate\Console\Command.php:180
C:\Users\USUARIO\Documents\Documentos Christian\Archivos Estudio\Sena\PROYECTO FORMATIVO\BackEnd\Conexion-EcoRisaralda\vendor\symfony\console\Application.php:1079
C:\Users\USUARIO\Documents\Documentos Christian\Archivos Estudio\Sena\PROYECTO FORMATIVO\BackEnd\Conexion-EcoRisaralda\vendor\symfony\console\Application.php:356
C:\Users\USUARIO\Documents\Documentos Christian\Archivos Estudio\Sena\PROYECTO FORMATIVO\BackEnd\Conexion-EcoRisaralda\vendor\symfony\console\Application.php:195
C:\Users\USUARIO\Documents\Documentos Christian\Archivos Estudio\Sena\PROYECTO FORMATIVO\BackEnd\Conexion-EcoRisaralda\vendor\laravel\framework\src\Illuminate\Console\Application.php:165
C:\Users\USUARIO\Documents\Documentos Christian\Archivos Estudio\Sena\PROYECTO FORMATIVO\BackEnd\Conexion-EcoRisaralda\vendor\laravel\framework\src\Illuminate\Foundation\Console\Kernel.php:447
C:\Users\USUARIO\Documents\Documentos Christian\Archivos Estudio\Sena\PROYECTO FORMATIVO\BackEnd\Conexion-EcoRisaralda\vendor\laravel\framework\src\Illuminate\Testing\PendingCommand.php:451
C:\Users\USUARIO\Documents\Documentos Christian\Archivos Estudio\Sena\PROYECTO FORMATIVO\BackEnd\Conexion-EcoRisaralda\vendor\laravel\framework\src\Illuminate\Testing\PendingCommand.php:675
C:\Users\USUARIO\Documents\Documentos Christian\Archivos Estudio\Sena\PROYECTO FORMATIVO\BackEnd\Conexion-EcoRisaralda\vendor\laravel\framework\src\Illuminate\Foundation\Testing\Concerns\InteractsWithConsole.php:87
C:\Users\USUARIO\Documents\Documentos Christian\Archivos Estudio\Sena\PROYECTO FORMATIVO\BackEnd\Conexion-EcoRisaralda\vendor\laravel\framework\src\Illuminate\Foundation\Testing\RefreshDatabase.php:119
C:\Users\USUARIO\Documents\Documentos Christian\Archivos Estudio\Sena\PROYECTO FORMATIVO\BackEnd\Conexion-EcoRisaralda\vendor\laravel\framework\src\Illuminate\Foundation\Testing\RefreshDatabase.php:84
C:\Users\USUARIO\Documents\Documentos Christian\Archivos Estudio\Sena\PROYECTO FORMATIVO\BackEnd\Conexion-EcoRisaralda\vendor\laravel\framework\src\Illuminate\Foundation\Testing\RefreshDatabase.php:25
C:\Users\USUARIO\Documents\Documentos Christian\Archivos Estudio\Sena\PROYECTO FORMATIVO\BackEnd\Conexion-EcoRisaralda\vendor\laravel\framework\src\Illuminate\Foundation\Testing\Concerns\InteractsWithTestCaseLifecycle.php:217
C:\Users\USUARIO\Documents\Documentos Christian\Archivos Estudio\Sena\PROYECTO FORMATIVO\BackEnd\Conexion-EcoRisaralda\vendor\laravel\framework\src\Illuminate\Foundation\Testing\Concerns\InteractsWithTestCaseLifecycle.php:101
C:\Users\USUARIO\Documents\Documentos Christian\Archivos Estudio\Sena\PROYECTO FORMATIVO\BackEnd\Conexion-EcoRisaralda\vendor\laravel\framework\src\Illuminate\Foundation\Testing\TestCase.php:63</error>
        </testcase>
        <testcase name="test_unauthenticated_user_cannot_access_notifications" file="C:\Users\USUARIO\Documents\Documentos Christian\Archivos Estudio\Sena\PROYECTO FORMATIVO\BackEnd\Conexion-EcoRisaralda\tests\Feature\NotificationsApiTest.php" line="97" class="Tests\Feature\NotificationsApiTest" classname="Tests.Feature.NotificationsApiTest" assertions="0" time="0.000000">
          <error type="Illuminate\Database\QueryException">Tests\Feature\NotificationsApiTest::test_unauthenticated_user_cannot_access_notifications&#13;
Illuminate\Database\QueryException: SQLSTATE[HY000]: General error: 1 near "MODIFY": syntax error (Connection: sqlite, Database: :memory:, SQL: ALTER TABLE users MODIFY status ENUM('pending','approved','rejected','active','inactive') DEFAULT 'active')
&#13;
C:\Users\USUARIO\Documents\Documentos Christian\Archivos Estudio\Sena\PROYECTO FORMATIVO\BackEnd\Conexion-EcoRisaralda\vendor\laravel\framework\src\Illuminate\Database\Connection.php:838
C:\Users\USUARIO\Documents\Documentos Christian\Archivos Estudio\Sena\PROYECTO FORMATIVO\BackEnd\Conexion-EcoRisaralda\vendor\laravel\framework\src\Illuminate\Database\Connection.php:794
C:\Users\USUARIO\Documents\Documentos Christian\Archivos Estudio\Sena\PROYECTO FORMATIVO\BackEnd\Conexion-EcoRisaralda\vendor\laravel\framework\src\Illuminate\Database\Connection.php:573
C:\Users\USUARIO\Documents\Documentos Christian\Archivos Estudio\Sena\PROYECTO FORMATIVO\BackEnd\Conexion-EcoRisaralda\vendor\laravel\framework\src\Illuminate\Database\DatabaseManager.php:491
C:\Users\USUARIO\Documents\Documentos Christian\Archivos Estudio\Sena\PROYECTO FORMATIVO\BackEnd\Conexion-EcoRisaralda\vendor\laravel\framework\src\Illuminate\Support\Facades\Facade.php:363
C:\Users\USUARIO\Documents\Documentos Christian\Archivos Estudio\Sena\PROYECTO FORMATIVO\BackEnd\Conexion-EcoRisaralda\database\migrations\2026_02_09_000001_add_inactive_to_status_enum_on_users_table.php:16
C:\Users\USUARIO\Documents\Documentos Christian\Archivos Estudio\Sena\PROYECTO FORMATIVO\BackEnd\Conexion-EcoRisaralda\vendor\laravel\framework\src\Illuminate\Database\Migrations\Migrator.php:517
C:\Users\USUARIO\Documents\Documentos Christian\Archivos Estudio\Sena\PROYECTO FORMATIVO\BackEnd\Conexion-EcoRisaralda\vendor\laravel\framework\src\Illuminate\Database\Migrations\Migrator.php:442
C:\Users\USUARIO\Documents\Documentos Christian\Archivos Estudio\Sena\PROYECTO FORMATIVO\BackEnd\Conexion-EcoRisaralda\vendor\laravel\framework\src\Illuminate\Database\Migrations\Migrator.php:451
C:\Users\USUARIO\Documents\Documentos Christian\Archivos Estudio\Sena\PROYECTO FORMATIVO\BackEnd\Conexion-EcoRisaralda\vendor\laravel\framework\src\Illuminate\Database\Migrations\Migrator.php:253
C:\Users\USUARIO\Documents\Documentos Christian\Archivos Estudio\Sena\PROYECTO FORMATIVO\BackEnd\Conexion-EcoRisaralda\vendor\laravel\framework\src\Illuminate\Console\View\Components\Task.php:41
C:\Users\USUARIO\Documents\Documentos Christian\Archivos Estudio\Sena\PROYECTO FORMATIVO\BackEnd\Conexion-EcoRisaralda\vendor\laravel\framework\src\Illuminate\Database\Migrations\Migrator.php:814
C:\Users\USUARIO\Documents\Documentos Christian\Archivos Estudio\Sena\PROYECTO FORMATIVO\BackEnd\Conexion-EcoRisaralda\vendor\laravel\framework\src\Illuminate\Database\Migrations\Migrator.php:253
C:\Users\USUARIO\Documents\Documentos Christian\Archivos Estudio\Sena\PROYECTO FORMATIVO\BackEnd\Conexion-EcoRisaralda\vendor\laravel\framework\src\Illuminate\Database\Migrations\Migrator.php:211
C:\Users\USUARIO\Documents\Documentos Christian\Archivos Estudio\Sena\PROYECTO FORMATIVO\BackEnd\Conexion-EcoRisaralda\vendor\laravel\framework\src\Illuminate\Database\Migrations\Migrator.php:138
C:\Users\USUARIO\Documents\Documentos Christian\Archivos Estudio\Sena\PROYECTO FORMATIVO\BackEnd\Conexion-EcoRisaralda\vendor\laravel\framework\src\Illuminate\Database\Console\Migrations\MigrateCommand.php:116
C:\Users\USUARIO\Documents\Documentos Christian\Archivos Estudio\Sena\PROYECTO FORMATIVO\BackEnd\Conexion-EcoRisaralda\vendor\laravel\framework\src\Illuminate\Database\Migrations\Migrator.php:671
C:\Users\USUARIO\Documents\Documentos Christian\Archivos Estudio\Sena\PROYECTO FORMATIVO\BackEnd\Conexion-EcoRisaralda\vendor\laravel\framework\src\Illuminate\Database\Console\Migrations\MigrateCommand.php:109
C:\Users\USUARIO\Documents\Documentos Christian\Archivos Estudio\Sena\PROYECTO FORMATIVO\BackEnd\Conexion-EcoRisaralda\vendor\laravel\framework\src\Illuminate\Database\Console\Migrations\MigrateCommand.php:88
C:\Users\USUARIO\Documents\Documentos Christian\Archivos Estudio\Sena\PROYECTO FORMATIVO\BackEnd\Conexion-EcoRisaralda\vendor\laravel\framework\src\Illuminate\Container\BoundMethod.php:36
C:\Users\USUARIO\Documents\Documentos Christian\Archivos Estudio\Sena\PROYECTO FORMATIVO\BackEnd\Conexion-EcoRisaralda\vendor\laravel\framework\src\Illuminate\Container\Util.php:43
C:\Users\USUARIO\Documents\Documentos Christian\Archivos Estudio\Sena\PROYECTO FORMATIVO\BackEnd\Conexion-EcoRisaralda\vendor\laravel\framework\src\Illuminate\Container\BoundMethod.php:96
C:\Users\USUARIO\Documents\Documentos Christian\Archivos Estudio\Sena\PROYECTO FORMATIVO\BackEnd\Conexion-EcoRisaralda\vendor\laravel\framework\src\Illuminate\Container\BoundMethod.php:35
C:\Users\USUARIO\Documents\Documentos Christian\Archivos Estudio\Sena\PROYECTO FORMATIVO\BackEnd\Conexion-EcoRisaralda\vendor\laravel\framework\src\Illuminate\Container\Container.php:799
C:\Users\USUARIO\Documents\Documentos Christian\Archivos Estudio\Sena\PROYECTO FORMATIVO\BackEnd\Conexion-EcoRisaralda\vendor\laravel\framework\src\Illuminate\Console\Command.php:211
C:\Users\USUARIO\Documents\Documentos Christian\Archivos Estudio\Sena\PROYECTO FORMATIVO\BackEnd\Conexion-EcoRisaralda\vendor\symfony\console\Command\Command.php:341
C:\Users\USUARIO\Documents\Documentos Christian\Archivos Estudio\Sena\PROYECTO FORMATIVO\BackEnd\Conexion-EcoRisaralda\vendor\laravel\framework\src\Illuminate\Console\Command.php:180
C:\Users\USUARIO\Documents\Documentos Christian\Archivos Estudio\Sena\PROYECTO FORMATIVO\BackEnd\Conexion-EcoRisaralda\vendor\laravel\framework\src\Illuminate\Console\Concerns\CallsCommands.php:68
C:\Users\USUARIO\Documents\Documentos Christian\Archivos Estudio\Sena\PROYECTO FORMATIVO\BackEnd\Conexion-EcoRisaralda\vendor\laravel\framework\src\Illuminate\Console\Concerns\CallsCommands.php:29
C:\Users\USUARIO\Documents\Documentos Christian\Archivos Estudio\Sena\PROYECTO FORMATIVO\BackEnd\Conexion-EcoRisaralda\vendor\laravel\framework\src\Illuminate\Database\Console\Migrations\FreshCommand.php:81
C:\Users\USUARIO\Documents\Documentos Christian\Archivos Estudio\Sena\PROYECTO FORMATIVO\BackEnd\Conexion-EcoRisaralda\vendor\laravel\framework\src\Illuminate\Container\BoundMethod.php:36
C:\Users\USUARIO\Documents\Documentos Christian\Archivos Estudio\Sena\PROYECTO FORMATIVO\BackEnd\Conexion-EcoRisaralda\vendor\laravel\framework\src\Illuminate\Container\Util.php:43
C:\Users\USUARIO\Documents\Documentos Christian\Archivos Estudio\Sena\PROYECTO FORMATIVO\BackEnd\Conexion-EcoRisaralda\vendor\laravel\framework\src\Illuminate\Container\BoundMethod.php:96
C:\Users\USUARIO\Documents\Documentos Christian\Archivos Estudio\Sena\PROYECTO FORMATIVO\BackEnd\Conexion-EcoRisaralda\vendor\laravel\framework\src\Illuminate\Container\BoundMethod.php:35
C:\Users\USUARIO\Documents\Documentos Christian\Archivos Estudio\Sena\PROYECTO FORMATIVO\BackEnd\Conexion-EcoRisaralda\vendor\laravel\framework\src\Illuminate\Container\Container.php:799
C:\Users\USUARIO\Documents\Documentos Christian\Archivos Estudio\Sena\PROYECTO FORMATIVO\BackEnd\Conexion-EcoRisaralda\vendor\laravel\framework\src\Illuminate\Console\Command.php:211
C:\Users\USUARIO\Documents\Documentos Christian\Archivos Estudio\Sena\PROYECTO FORMATIVO\BackEnd\Conexion-EcoRisaralda\vendor\symfony\console\Command\Command.php:341
C:\Users\USUARIO\Documents\Documentos Christian\Archivos Estudio\Sena\PROYECTO FORMATIVO\BackEnd\Conexion-EcoRisaralda\vendor\laravel\framework\src\Illuminate\Console\Command.php:180
C:\Users\USUARIO\Documents\Documentos Christian\Archivos Estudio\Sena\PROYECTO FORMATIVO\BackEnd\Conexion-EcoRisaralda\vendor\symfony\console\Application.php:1079
C:\Users\USUARIO\Documents\Documentos Christian\Archivos Estudio\Sena\PROYECTO FORMATIVO\BackEnd\Conexion-EcoRisaralda\vendor\symfony\console\Application.php:356
C:\Users\USUARIO\Documents\Documentos Christian\Archivos Estudio\Sena\PROYECTO FORMATIVO\BackEnd\Conexion-EcoRisaralda\vendor\symfony\console\Application.php:195
C:\Users\USUARIO\Documents\Documentos Christian\Archivos Estudio\Sena\PROYECTO FORMATIVO\BackEnd\Conexion-EcoRisaralda\vendor\laravel\framework\src\Illuminate\Console\Application.php:165
C:\Users\USUARIO\Documents\Documentos Christian\Archivos Estudio\Sena\PROYECTO FORMATIVO\BackEnd\Conexion-EcoRisaralda\vendor\laravel\framework\src\Illuminate\Foundation\Console\Kernel.php:447
C:\Users\USUARIO\Documents\Documentos Christian\Archivos Estudio\Sena\PROYECTO FORMATIVO\BackEnd\Conexion-EcoRisaralda\vendor\laravel\framework\src\Illuminate\Testing\PendingCommand.php:451
C:\Users\USUARIO\Documents\Documentos Christian\Archivos Estudio\Sena\PROYECTO FORMATIVO\BackEnd\Conexion-EcoRisaralda\vendor\laravel\framework\src\Illuminate\Testing\PendingCommand.php:675
C:\Users\USUARIO\Documents\Documentos Christian\Archivos Estudio\Sena\PROYECTO FORMATIVO\BackEnd\Conexion-EcoRisaralda\vendor\laravel\framework\src\Illuminate\Foundation\Testing\Concerns\InteractsWithConsole.php:87
C:\Users\USUARIO\Documents\Documentos Christian\Archivos Estudio\Sena\PROYECTO FORMATIVO\BackEnd\Conexion-EcoRisaralda\vendor\laravel\framework\src\Illuminate\Foundation\Testing\RefreshDatabase.php:119
C:\Users\USUARIO\Documents\Documentos Christian\Archivos Estudio\Sena\PROYECTO FORMATIVO\BackEnd\Conexion-EcoRisaralda\vendor\laravel\framework\src\Illuminate\Foundation\Testing\RefreshDatabase.php:84
C:\Users\USUARIO\Documents\Documentos Christian\Archivos Estudio\Sena\PROYECTO FORMATIVO\BackEnd\Conexion-EcoRisaralda\vendor\laravel\framework\src\Illuminate\Foundation\Testing\RefreshDatabase.php:25
C:\Users\USUARIO\Documents\Documentos Christian\Archivos Estudio\Sena\PROYECTO FORMATIVO\BackEnd\Conexion-EcoRisaralda\vendor\laravel\framework\src\Illuminate\Foundation\Testing\Concerns\InteractsWithTestCaseLifecycle.php:217
C:\Users\USUARIO\Documents\Documentos Christian\Archivos Estudio\Sena\PROYECTO FORMATIVO\BackEnd\Conexion-EcoRisaralda\vendor\laravel\framework\src\Illuminate\Foundation\Testing\Concerns\InteractsWithTestCaseLifecycle.php:101
C:\Users\USUARIO\Documents\Documentos Christian\Archivos Estudio\Sena\PROYECTO FORMATIVO\BackEnd\Conexion-EcoRisaralda\vendor\laravel\framework\src\Illuminate\Foundation\Testing\TestCase.php:63</error>
        </testcase>
      </testsuite>
      <testsuite name="Tests\Feature\PlacesApiTest" file="C:\Users\USUARIO\Documents\Documentos Christian\Archivos Estudio\Sena\PROYECTO FORMATIVO\BackEnd\Conexion-EcoRisaralda\tests\Feature\PlacesApiTest.php" tests="6" assertions="0" errors="6" failures="0" skipped="0" time="0.000000">
        <testcase name="test_can_list_places" file="C:\Users\USUARIO\Documents\Documentos Christian\Archivos Estudio\Sena\PROYECTO FORMATIVO\BackEnd\Conexion-EcoRisaralda\tests\Feature\PlacesApiTest.php" line="20" class="Tests\Feature\PlacesApiTest" classname="Tests.Feature.PlacesApiTest" assertions="0" time="0.000000">
          <error type="Illuminate\Database\QueryException">Tests\Feature\PlacesApiTest::test_can_list_places&#13;
Illuminate\Database\QueryException: SQLSTATE[HY000]: General error: 1 near "MODIFY": syntax error (Connection: sqlite, Database: :memory:, SQL: ALTER TABLE users MODIFY status ENUM('pending','approved','rejected','active','inactive') DEFAULT 'active')
&#13;
C:\Users\USUARIO\Documents\Documentos Christian\Archivos Estudio\Sena\PROYECTO FORMATIVO\BackEnd\Conexion-EcoRisaralda\vendor\laravel\framework\src\Illuminate\Database\Connection.php:838
C:\Users\USUARIO\Documents\Documentos Christian\Archivos Estudio\Sena\PROYECTO FORMATIVO\BackEnd\Conexion-EcoRisaralda\vendor\laravel\framework\src\Illuminate\Database\Connection.php:794
C:\Users\USUARIO\Documents\Documentos Christian\Archivos Estudio\Sena\PROYECTO FORMATIVO\BackEnd\Conexion-EcoRisaralda\vendor\laravel\framework\src\Illuminate\Database\Connection.php:573
C:\Users\USUARIO\Documents\Documentos Christian\Archivos Estudio\Sena\PROYECTO FORMATIVO\BackEnd\Conexion-EcoRisaralda\vendor\laravel\framework\src\Illuminate\Database\DatabaseManager.php:491
C:\Users\USUARIO\Documents\Documentos Christian\Archivos Estudio\Sena\PROYECTO FORMATIVO\BackEnd\Conexion-EcoRisaralda\vendor\laravel\framework\src\Illuminate\Support\Facades\Facade.php:363
C:\Users\USUARIO\Documents\Documentos Christian\Archivos Estudio\Sena\PROYECTO FORMATIVO\BackEnd\Conexion-EcoRisaralda\database\migrations\2026_02_09_000001_add_inactive_to_status_enum_on_users_table.php:16
C:\Users\USUARIO\Documents\Documentos Christian\Archivos Estudio\Sena\PROYECTO FORMATIVO\BackEnd\Conexion-EcoRisaralda\vendor\laravel\framework\src\Illuminate\Database\Migrations\Migrator.php:517
C:\Users\USUARIO\Documents\Documentos Christian\Archivos Estudio\Sena\PROYECTO FORMATIVO\BackEnd\Conexion-EcoRisaralda\vendor\laravel\framework\src\Illuminate\Database\Migrations\Migrator.php:442
C:\Users\USUARIO\Documents\Documentos Christian\Archivos Estudio\Sena\PROYECTO FORMATIVO\BackEnd\Conexion-EcoRisaralda\vendor\laravel\framework\src\Illuminate\Database\Migrations\Migrator.php:451
C:\Users\USUARIO\Documents\Documentos Christian\Archivos Estudio\Sena\PROYECTO FORMATIVO\BackEnd\Conexion-EcoRisaralda\vendor\laravel\framework\src\Illuminate\Database\Migrations\Migrator.php:253
C:\Users\USUARIO\Documents\Documentos Christian\Archivos Estudio\Sena\PROYECTO FORMATIVO\BackEnd\Conexion-EcoRisaralda\vendor\laravel\framework\src\Illuminate\Console\View\Components\Task.php:41
C:\Users\USUARIO\Documents\Documentos Christian\Archivos Estudio\Sena\PROYECTO FORMATIVO\BackEnd\Conexion-EcoRisaralda\vendor\laravel\framework\src\Illuminate\Database\Migrations\Migrator.php:814
C:\Users\USUARIO\Documents\Documentos Christian\Archivos Estudio\Sena\PROYECTO FORMATIVO\BackEnd\Conexion-EcoRisaralda\vendor\laravel\framework\src\Illuminate\Database\Migrations\Migrator.php:253
C:\Users\USUARIO\Documents\Documentos Christian\Archivos Estudio\Sena\PROYECTO FORMATIVO\BackEnd\Conexion-EcoRisaralda\vendor\laravel\framework\src\Illuminate\Database\Migrations\Migrator.php:211
C:\Users\USUARIO\Documents\Documentos Christian\Archivos Estudio\Sena\PROYECTO FORMATIVO\BackEnd\Conexion-EcoRisaralda\vendor\laravel\framework\src\Illuminate\Database\Migrations\Migrator.php:138
C:\Users\USUARIO\Documents\Documentos Christian\Archivos Estudio\Sena\PROYECTO FORMATIVO\BackEnd\Conexion-EcoRisaralda\vendor\laravel\framework\src\Illuminate\Database\Console\Migrations\MigrateCommand.php:116
C:\Users\USUARIO\Documents\Documentos Christian\Archivos Estudio\Sena\PROYECTO FORMATIVO\BackEnd\Conexion-EcoRisaralda\vendor\laravel\framework\src\Illuminate\Database\Migrations\Migrator.php:671
C:\Users\USUARIO\Documents\Documentos Christian\Archivos Estudio\Sena\PROYECTO FORMATIVO\BackEnd\Conexion-EcoRisaralda\vendor\laravel\framework\src\Illuminate\Database\Console\Migrations\MigrateCommand.php:109
C:\Users\USUARIO\Documents\Documentos Christian\Archivos Estudio\Sena\PROYECTO FORMATIVO\BackEnd\Conexion-EcoRisaralda\vendor\laravel\framework\src\Illuminate\Database\Console\Migrations\MigrateCommand.php:88
C:\Users\USUARIO\Documents\Documentos Christian\Archivos Estudio\Sena\PROYECTO FORMATIVO\BackEnd\Conexion-EcoRisaralda\vendor\laravel\framework\src\Illuminate\Container\BoundMethod.php:36
C:\Users\USUARIO\Documents\Documentos Christian\Archivos Estudio\Sena\PROYECTO FORMATIVO\BackEnd\Conexion-EcoRisaralda\vendor\laravel\framework\src\Illuminate\Container\Util.php:43
C:\Users\USUARIO\Documents\Documentos Christian\Archivos Estudio\Sena\PROYECTO FORMATIVO\BackEnd\Conexion-EcoRisaralda\vendor\laravel\framework\src\Illuminate\Container\BoundMethod.php:96
C:\Users\USUARIO\Documents\Documentos Christian\Archivos Estudio\Sena\PROYECTO FORMATIVO\BackEnd\Conexion-EcoRisaralda\vendor\laravel\framework\src\Illuminate\Container\BoundMethod.php:35
C:\Users\USUARIO\Documents\Documentos Christian\Archivos Estudio\Sena\PROYECTO FORMATIVO\BackEnd\Conexion-EcoRisaralda\vendor\laravel\framework\src\Illuminate\Container\Container.php:799
C:\Users\USUARIO\Documents\Documentos Christian\Archivos Estudio\Sena\PROYECTO FORMATIVO\BackEnd\Conexion-EcoRisaralda\vendor\laravel\framework\src\Illuminate\Console\Command.php:211
C:\Users\USUARIO\Documents\Documentos Christian\Archivos Estudio\Sena\PROYECTO FORMATIVO\BackEnd\Conexion-EcoRisaralda\vendor\symfony\console\Command\Command.php:341
C:\Users\USUARIO\Documents\Documentos Christian\Archivos Estudio\Sena\PROYECTO FORMATIVO\BackEnd\Conexion-EcoRisaralda\vendor\laravel\framework\src\Illuminate\Console\Command.php:180
C:\Users\USUARIO\Documents\Documentos Christian\Archivos Estudio\Sena\PROYECTO FORMATIVO\BackEnd\Conexion-EcoRisaralda\vendor\laravel\framework\src\Illuminate\Console\Concerns\CallsCommands.php:68
C:\Users\USUARIO\Documents\Documentos Christian\Archivos Estudio\Sena\PROYECTO FORMATIVO\BackEnd\Conexion-EcoRisaralda\vendor\laravel\framework\src\Illuminate\Console\Concerns\CallsCommands.php:29
C:\Users\USUARIO\Documents\Documentos Christian\Archivos Estudio\Sena\PROYECTO FORMATIVO\BackEnd\Conexion-EcoRisaralda\vendor\laravel\framework\src\Illuminate\Database\Console\Migrations\FreshCommand.php:81
C:\Users\USUARIO\Documents\Documentos Christian\Archivos Estudio\Sena\PROYECTO FORMATIVO\BackEnd\Conexion-EcoRisaralda\vendor\laravel\framework\src\Illuminate\Container\BoundMethod.php:36
C:\Users\USUARIO\Documents\Documentos Christian\Archivos Estudio\Sena\PROYECTO FORMATIVO\BackEnd\Conexion-EcoRisaralda\vendor\laravel\framework\src\Illuminate\Container\Util.php:43
C:\Users\USUARIO\Documents\Documentos Christian\Archivos Estudio\Sena\PROYECTO FORMATIVO\BackEnd\Conexion-EcoRisaralda\vendor\laravel\framework\src\Illuminate\Container\BoundMethod.php:96
C:\Users\USUARIO\Documents\Documentos Christian\Archivos Estudio\Sena\PROYECTO FORMATIVO\BackEnd\Conexion-EcoRisaralda\vendor\laravel\framework\src\Illuminate\Container\BoundMethod.php:35
C:\Users\USUARIO\Documents\Documentos Christian\Archivos Estudio\Sena\PROYECTO FORMATIVO\BackEnd\Conexion-EcoRisaralda\vendor\laravel\framework\src\Illuminate\Container\Container.php:799
C:\Users\USUARIO\Documents\Documentos Christian\Archivos Estudio\Sena\PROYECTO FORMATIVO\BackEnd\Conexion-EcoRisaralda\vendor\laravel\framework\src\Illuminate\Console\Command.php:211
C:\Users\USUARIO\Documents\Documentos Christian\Archivos Estudio\Sena\PROYECTO FORMATIVO\BackEnd\Conexion-EcoRisaralda\vendor\symfony\console\Command\Command.php:341
C:\Users\USUARIO\Documents\Documentos Christian\Archivos Estudio\Sena\PROYECTO FORMATIVO\BackEnd\Conexion-EcoRisaralda\vendor\laravel\framework\src\Illuminate\Console\Command.php:180
C:\Users\USUARIO\Documents\Documentos Christian\Archivos Estudio\Sena\PROYECTO FORMATIVO\BackEnd\Conexion-EcoRisaralda\vendor\symfony\console\Application.php:1079
C:\Users\USUARIO\Documents\Documentos Christian\Archivos Estudio\Sena\PROYECTO FORMATIVO\BackEnd\Conexion-EcoRisaralda\vendor\symfony\console\Application.php:356
C:\Users\USUARIO\Documents\Documentos Christian\Archivos Estudio\Sena\PROYECTO FORMATIVO\BackEnd\Conexion-EcoRisaralda\vendor\symfony\console\Application.php:195
C:\Users\USUARIO\Documents\Documentos Christian\Archivos Estudio\Sena\PROYECTO FORMATIVO\BackEnd\Conexion-EcoRisaralda\vendor\laravel\framework\src\Illuminate\Console\Application.php:165
C:\Users\USUARIO\Documents\Documentos Christian\Archivos Estudio\Sena\PROYECTO FORMATIVO\BackEnd\Conexion-EcoRisaralda\vendor\laravel\framework\src\Illuminate\Foundation\Console\Kernel.php:447
C:\Users\USUARIO\Documents\Documentos Christian\Archivos Estudio\Sena\PROYECTO FORMATIVO\BackEnd\Conexion-EcoRisaralda\vendor\laravel\framework\src\Illuminate\Testing\PendingCommand.php:451
C:\Users\USUARIO\Documents\Documentos Christian\Archivos Estudio\Sena\PROYECTO FORMATIVO\BackEnd\Conexion-EcoRisaralda\vendor\laravel\framework\src\Illuminate\Testing\PendingCommand.php:675
C:\Users\USUARIO\Documents\Documentos Christian\Archivos Estudio\Sena\PROYECTO FORMATIVO\BackEnd\Conexion-EcoRisaralda\vendor\laravel\framework\src\Illuminate\Foundation\Testing\Concerns\InteractsWithConsole.php:87
C:\Users\USUARIO\Documents\Documentos Christian\Archivos Estudio\Sena\PROYECTO FORMATIVO\BackEnd\Conexion-EcoRisaralda\vendor\laravel\framework\src\Illuminate\Foundation\Testing\RefreshDatabase.php:119
C:\Users\USUARIO\Documents\Documentos Christian\Archivos Estudio\Sena\PROYECTO FORMATIVO\BackEnd\Conexion-EcoRisaralda\vendor\laravel\framework\src\Illuminate\Foundation\Testing\RefreshDatabase.php:84
C:\Users\USUARIO\Documents\Documentos Christian\Archivos Estudio\Sena\PROYECTO FORMATIVO\BackEnd\Conexion-EcoRisaralda\vendor\laravel\framework\src\Illuminate\Foundation\Testing\RefreshDatabase.php:25
C:\Users\USUARIO\Documents\Documentos Christian\Archivos Estudio\Sena\PROYECTO FORMATIVO\BackEnd\Conexion-EcoRisaralda\vendor\laravel\framework\src\Illuminate\Foundation\Testing\Concerns\InteractsWithTestCaseLifecycle.php:217
C:\Users\USUARIO\Documents\Documentos Christian\Archivos Estudio\Sena\PROYECTO FORMATIVO\BackEnd\Conexion-EcoRisaralda\vendor\laravel\framework\src\Illuminate\Foundation\Testing\Concerns\InteractsWithTestCaseLifecycle.php:101
C:\Users\USUARIO\Documents\Documentos Christian\Archivos Estudio\Sena\PROYECTO FORMATIVO\BackEnd\Conexion-EcoRisaralda\vendor\laravel\framework\src\Illuminate\Foundation\Testing\TestCase.php:63</error>
        </testcase>
        <testcase name="test_can_get_single_place" file="C:\Users\USUARIO\Documents\Documentos Christian\Archivos Estudio\Sena\PROYECTO FORMATIVO\BackEnd\Conexion-EcoRisaralda\tests\Feature\PlacesApiTest.php" line="30" class="Tests\Feature\PlacesApiTest" classname="Tests.Feature.PlacesApiTest" assertions="0" time="0.000000">
          <error type="Illuminate\Database\QueryException">Tests\Feature\PlacesApiTest::test_can_get_single_place&#13;
Illuminate\Database\QueryException: SQLSTATE[HY000]: General error: 1 near "MODIFY": syntax error (Connection: sqlite, Database: :memory:, SQL: ALTER TABLE users MODIFY status ENUM('pending','approved','rejected','active','inactive') DEFAULT 'active')
&#13;
C:\Users\USUARIO\Documents\Documentos Christian\Archivos Estudio\Sena\PROYECTO FORMATIVO\BackEnd\Conexion-EcoRisaralda\vendor\laravel\framework\src\Illuminate\Database\Connection.php:838
C:\Users\USUARIO\Documents\Documentos Christian\Archivos Estudio\Sena\PROYECTO FORMATIVO\BackEnd\Conexion-EcoRisaralda\vendor\laravel\framework\src\Illuminate\Database\Connection.php:794
C:\Users\USUARIO\Documents\Documentos Christian\Archivos Estudio\Sena\PROYECTO FORMATIVO\BackEnd\Conexion-EcoRisaralda\vendor\laravel\framework\src\Illuminate\Database\Connection.php:573
C:\Users\USUARIO\Documents\Documentos Christian\Archivos Estudio\Sena\PROYECTO FORMATIVO\BackEnd\Conexion-EcoRisaralda\vendor\laravel\framework\src\Illuminate\Database\DatabaseManager.php:491
C:\Users\USUARIO\Documents\Documentos Christian\Archivos Estudio\Sena\PROYECTO FORMATIVO\BackEnd\Conexion-EcoRisaralda\vendor\laravel\framework\src\Illuminate\Support\Facades\Facade.php:363
C:\Users\USUARIO\Documents\Documentos Christian\Archivos Estudio\Sena\PROYECTO FORMATIVO\BackEnd\Conexion-EcoRisaralda\database\migrations\2026_02_09_000001_add_inactive_to_status_enum_on_users_table.php:16
C:\Users\USUARIO\Documents\Documentos Christian\Archivos Estudio\Sena\PROYECTO FORMATIVO\BackEnd\Conexion-EcoRisaralda\vendor\laravel\framework\src\Illuminate\Database\Migrations\Migrator.php:517
C:\Users\USUARIO\Documents\Documentos Christian\Archivos Estudio\Sena\PROYECTO FORMATIVO\BackEnd\Conexion-EcoRisaralda\vendor\laravel\framework\src\Illuminate\Database\Migrations\Migrator.php:442
C:\Users\USUARIO\Documents\Documentos Christian\Archivos Estudio\Sena\PROYECTO FORMATIVO\BackEnd\Conexion-EcoRisaralda\vendor\laravel\framework\src\Illuminate\Database\Migrations\Migrator.php:451
C:\Users\USUARIO\Documents\Documentos Christian\Archivos Estudio\Sena\PROYECTO FORMATIVO\BackEnd\Conexion-EcoRisaralda\vendor\laravel\framework\src\Illuminate\Database\Migrations\Migrator.php:253
C:\Users\USUARIO\Documents\Documentos Christian\Archivos Estudio\Sena\PROYECTO FORMATIVO\BackEnd\Conexion-EcoRisaralda\vendor\laravel\framework\src\Illuminate\Console\View\Components\Task.php:41
C:\Users\USUARIO\Documents\Documentos Christian\Archivos Estudio\Sena\PROYECTO FORMATIVO\BackEnd\Conexion-EcoRisaralda\vendor\laravel\framework\src\Illuminate\Database\Migrations\Migrator.php:814
C:\Users\USUARIO\Documents\Documentos Christian\Archivos Estudio\Sena\PROYECTO FORMATIVO\BackEnd\Conexion-EcoRisaralda\vendor\laravel\framework\src\Illuminate\Database\Migrations\Migrator.php:253
C:\Users\USUARIO\Documents\Documentos Christian\Archivos Estudio\Sena\PROYECTO FORMATIVO\BackEnd\Conexion-EcoRisaralda\vendor\laravel\framework\src\Illuminate\Database\Migrations\Migrator.php:211
C:\Users\USUARIO\Documents\Documentos Christian\Archivos Estudio\Sena\PROYECTO FORMATIVO\BackEnd\Conexion-EcoRisaralda\vendor\laravel\framework\src\Illuminate\Database\Migrations\Migrator.php:138
C:\Users\USUARIO\Documents\Documentos Christian\Archivos Estudio\Sena\PROYECTO FORMATIVO\BackEnd\Conexion-EcoRisaralda\vendor\laravel\framework\src\Illuminate\Database\Console\Migrations\MigrateCommand.php:116
C:\Users\USUARIO\Documents\Documentos Christian\Archivos Estudio\Sena\PROYECTO FORMATIVO\BackEnd\Conexion-EcoRisaralda\vendor\laravel\framework\src\Illuminate\Database\Migrations\Migrator.php:671
C:\Users\USUARIO\Documents\Documentos Christian\Archivos Estudio\Sena\PROYECTO FORMATIVO\BackEnd\Conexion-EcoRisaralda\vendor\laravel\framework\src\Illuminate\Database\Console\Migrations\MigrateCommand.php:109
C:\Users\USUARIO\Documents\Documentos Christian\Archivos Estudio\Sena\PROYECTO FORMATIVO\BackEnd\Conexion-EcoRisaralda\vendor\laravel\framework\src\Illuminate\Database\Console\Migrations\MigrateCommand.php:88
C:\Users\USUARIO\Documents\Documentos Christian\Archivos Estudio\Sena\PROYECTO FORMATIVO\BackEnd\Conexion-EcoRisaralda\vendor\laravel\framework\src\Illuminate\Container\BoundMethod.php:36
C:\Users\USUARIO\Documents\Documentos Christian\Archivos Estudio\Sena\PROYECTO FORMATIVO\BackEnd\Conexion-EcoRisaralda\vendor\laravel\framework\src\Illuminate\Container\Util.php:43
C:\Users\USUARIO\Documents\Documentos Christian\Archivos Estudio\Sena\PROYECTO FORMATIVO\BackEnd\Conexion-EcoRisaralda\vendor\laravel\framework\src\Illuminate\Container\BoundMethod.php:96
C:\Users\USUARIO\Documents\Documentos Christian\Archivos Estudio\Sena\PROYECTO FORMATIVO\BackEnd\Conexion-EcoRisaralda\vendor\laravel\framework\src\Illuminate\Container\BoundMethod.php:35
C:\Users\USUARIO\Documents\Documentos Christian\Archivos Estudio\Sena\PROYECTO FORMATIVO\BackEnd\Conexion-EcoRisaralda\vendor\laravel\framework\src\Illuminate\Container\Container.php:799
C:\Users\USUARIO\Documents\Documentos Christian\Archivos Estudio\Sena\PROYECTO FORMATIVO\BackEnd\Conexion-EcoRisaralda\vendor\laravel\framework\src\Illuminate\Console\Command.php:211
C:\Users\USUARIO\Documents\Documentos Christian\Archivos Estudio\Sena\PROYECTO FORMATIVO\BackEnd\Conexion-EcoRisaralda\vendor\symfony\console\Command\Command.php:341
C:\Users\USUARIO\Documents\Documentos Christian\Archivos Estudio\Sena\PROYECTO FORMATIVO\BackEnd\Conexion-EcoRisaralda\vendor\laravel\framework\src\Illuminate\Console\Command.php:180
C:\Users\USUARIO\Documents\Documentos Christian\Archivos Estudio\Sena\PROYECTO FORMATIVO\BackEnd\Conexion-EcoRisaralda\vendor\laravel\framework\src\Illuminate\Console\Concerns\CallsCommands.php:68
C:\Users\USUARIO\Documents\Documentos Christian\Archivos Estudio\Sena\PROYECTO FORMATIVO\BackEnd\Conexion-EcoRisaralda\vendor\laravel\framework\src\Illuminate\Console\Concerns\CallsCommands.php:29
C:\Users\USUARIO\Documents\Documentos Christian\Archivos Estudio\Sena\PROYECTO FORMATIVO\BackEnd\Conexion-EcoRisaralda\vendor\laravel\framework\src\Illuminate\Database\Console\Migrations\FreshCommand.php:81
C:\Users\USUARIO\Documents\Documentos Christian\Archivos Estudio\Sena\PROYECTO FORMATIVO\BackEnd\Conexion-EcoRisaralda\vendor\laravel\framework\src\Illuminate\Container\BoundMethod.php:36
C:\Users\USUARIO\Documents\Documentos Christian\Archivos Estudio\Sena\PROYECTO FORMATIVO\BackEnd\Conexion-EcoRisaralda\vendor\laravel\framework\src\Illuminate\Container\Util.php:43
C:\Users\USUARIO\Documents\Documentos Christian\Archivos Estudio\Sena\PROYECTO FORMATIVO\BackEnd\Conexion-EcoRisaralda\vendor\laravel\framework\src\Illuminate\Container\BoundMethod.php:96
C:\Users\USUARIO\Documents\Documentos Christian\Archivos Estudio\Sena\PROYECTO FORMATIVO\BackEnd\Conexion-EcoRisaralda\vendor\laravel\framework\src\Illuminate\Container\BoundMethod.php:35
C:\Users\USUARIO\Documents\Documentos Christian\Archivos Estudio\Sena\PROYECTO FORMATIVO\BackEnd\Conexion-EcoRisaralda\vendor\laravel\framework\src\Illuminate\Container\Container.php:799
C:\Users\USUARIO\Documents\Documentos Christian\Archivos Estudio\Sena\PROYECTO FORMATIVO\BackEnd\Conexion-EcoRisaralda\vendor\laravel\framework\src\Illuminate\Console\Command.php:211
C:\Users\USUARIO\Documents\Documentos Christian\Archivos Estudio\Sena\PROYECTO FORMATIVO\BackEnd\Conexion-EcoRisaralda\vendor\symfony\console\Command\Command.php:341
C:\Users\USUARIO\Documents\Documentos Christian\Archivos Estudio\Sena\PROYECTO FORMATIVO\BackEnd\Conexion-EcoRisaralda\vendor\laravel\framework\src\Illuminate\Console\Command.php:180
C:\Users\USUARIO\Documents\Documentos Christian\Archivos Estudio\Sena\PROYECTO FORMATIVO\BackEnd\Conexion-EcoRisaralda\vendor\symfony\console\Application.php:1079
C:\Users\USUARIO\Documents\Documentos Christian\Archivos Estudio\Sena\PROYECTO FORMATIVO\BackEnd\Conexion-EcoRisaralda\vendor\symfony\console\Application.php:356
C:\Users\USUARIO\Documents\Documentos Christian\Archivos Estudio\Sena\PROYECTO FORMATIVO\BackEnd\Conexion-EcoRisaralda\vendor\symfony\console\Application.php:195
C:\Users\USUARIO\Documents\Documentos Christian\Archivos Estudio\Sena\PROYECTO FORMATIVO\BackEnd\Conexion-EcoRisaralda\vendor\laravel\framework\src\Illuminate\Console\Application.php:165
C:\Users\USUARIO\Documents\Documentos Christian\Archivos Estudio\Sena\PROYECTO FORMATIVO\BackEnd\Conexion-EcoRisaralda\vendor\laravel\framework\src\Illuminate\Foundation\Console\Kernel.php:447
C:\Users\USUARIO\Documents\Documentos Christian\Archivos Estudio\Sena\PROYECTO FORMATIVO\BackEnd\Conexion-EcoRisaralda\vendor\laravel\framework\src\Illuminate\Testing\PendingCommand.php:451
C:\Users\USUARIO\Documents\Documentos Christian\Archivos Estudio\Sena\PROYECTO FORMATIVO\BackEnd\Conexion-EcoRisaralda\vendor\laravel\framework\src\Illuminate\Testing\PendingCommand.php:675
C:\Users\USUARIO\Documents\Documentos Christian\Archivos Estudio\Sena\PROYECTO FORMATIVO\BackEnd\Conexion-EcoRisaralda\vendor\laravel\framework\src\Illuminate\Foundation\Testing\Concerns\InteractsWithConsole.php:87
C:\Users\USUARIO\Documents\Documentos Christian\Archivos Estudio\Sena\PROYECTO FORMATIVO\BackEnd\Conexion-EcoRisaralda\vendor\laravel\framework\src\Illuminate\Foundation\Testing\RefreshDatabase.php:119
C:\Users\USUARIO\Documents\Documentos Christian\Archivos Estudio\Sena\PROYECTO FORMATIVO\BackEnd\Conexion-EcoRisaralda\vendor\laravel\framework\src\Illuminate\Foundation\Testing\RefreshDatabase.php:84
C:\Users\USUARIO\Documents\Documentos Christian\Archivos Estudio\Sena\PROYECTO FORMATIVO\BackEnd\Conexion-EcoRisaralda\vendor\laravel\framework\src\Illuminate\Foundation\Testing\RefreshDatabase.php:25
C:\Users\USUARIO\Documents\Documentos Christian\Archivos Estudio\Sena\PROYECTO FORMATIVO\BackEnd\Conexion-EcoRisaralda\vendor\laravel\framework\src\Illuminate\Foundation\Testing\Concerns\InteractsWithTestCaseLifecycle.php:217
C:\Users\USUARIO\Documents\Documentos Christian\Archivos Estudio\Sena\PROYECTO FORMATIVO\BackEnd\Conexion-EcoRisaralda\vendor\laravel\framework\src\Illuminate\Foundation\Testing\Concerns\InteractsWithTestCaseLifecycle.php:101
C:\Users\USUARIO\Documents\Documentos Christian\Archivos Estudio\Sena\PROYECTO FORMATIVO\BackEnd\Conexion-EcoRisaralda\vendor\laravel\framework\src\Illuminate\Foundation\Testing\TestCase.php:63</error>
        </testcase>
        <testcase name="test_returns_404_for_nonexistent_place" file="C:\Users\USUARIO\Documents\Documentos Christian\Archivos Estudio\Sena\PROYECTO FORMATIVO\BackEnd\Conexion-EcoRisaralda\tests\Feature\PlacesApiTest.php" line="40" class="Tests\Feature\PlacesApiTest" classname="Tests.Feature.PlacesApiTest" assertions="0" time="0.000000">
          <error type="Illuminate\Database\QueryException">Tests\Feature\PlacesApiTest::test_returns_404_for_nonexistent_place&#13;
Illuminate\Database\QueryException: SQLSTATE[HY000]: General error: 1 near "MODIFY": syntax error (Connection: sqlite, Database: :memory:, SQL: ALTER TABLE users MODIFY status ENUM('pending','approved','rejected','active','inactive') DEFAULT 'active')
&#13;
C:\Users\USUARIO\Documents\Documentos Christian\Archivos Estudio\Sena\PROYECTO FORMATIVO\BackEnd\Conexion-EcoRisaralda\vendor\laravel\framework\src\Illuminate\Database\Connection.php:838
C:\Users\USUARIO\Documents\Documentos Christian\Archivos Estudio\Sena\PROYECTO FORMATIVO\BackEnd\Conexion-EcoRisaralda\vendor\laravel\framework\src\Illuminate\Database\Connection.php:794
C:\Users\USUARIO\Documents\Documentos Christian\Archivos Estudio\Sena\PROYECTO FORMATIVO\BackEnd\Conexion-EcoRisaralda\vendor\laravel\framework\src\Illuminate\Database\Connection.php:573
C:\Users\USUARIO\Documents\Documentos Christian\Archivos Estudio\Sena\PROYECTO FORMATIVO\BackEnd\Conexion-EcoRisaralda\vendor\laravel\framework\src\Illuminate\Database\DatabaseManager.php:491
C:\Users\USUARIO\Documents\Documentos Christian\Archivos Estudio\Sena\PROYECTO FORMATIVO\BackEnd\Conexion-EcoRisaralda\vendor\laravel\framework\src\Illuminate\Support\Facades\Facade.php:363
C:\Users\USUARIO\Documents\Documentos Christian\Archivos Estudio\Sena\PROYECTO FORMATIVO\BackEnd\Conexion-EcoRisaralda\database\migrations\2026_02_09_000001_add_inactive_to_status_enum_on_users_table.php:16
C:\Users\USUARIO\Documents\Documentos Christian\Archivos Estudio\Sena\PROYECTO FORMATIVO\BackEnd\Conexion-EcoRisaralda\vendor\laravel\framework\src\Illuminate\Database\Migrations\Migrator.php:517
C:\Users\USUARIO\Documents\Documentos Christian\Archivos Estudio\Sena\PROYECTO FORMATIVO\BackEnd\Conexion-EcoRisaralda\vendor\laravel\framework\src\Illuminate\Database\Migrations\Migrator.php:442
C:\Users\USUARIO\Documents\Documentos Christian\Archivos Estudio\Sena\PROYECTO FORMATIVO\BackEnd\Conexion-EcoRisaralda\vendor\laravel\framework\src\Illuminate\Database\Migrations\Migrator.php:451
C:\Users\USUARIO\Documents\Documentos Christian\Archivos Estudio\Sena\PROYECTO FORMATIVO\BackEnd\Conexion-EcoRisaralda\vendor\laravel\framework\src\Illuminate\Database\Migrations\Migrator.php:253
C:\Users\USUARIO\Documents\Documentos Christian\Archivos Estudio\Sena\PROYECTO FORMATIVO\BackEnd\Conexion-EcoRisaralda\vendor\laravel\framework\src\Illuminate\Console\View\Components\Task.php:41
C:\Users\USUARIO\Documents\Documentos Christian\Archivos Estudio\Sena\PROYECTO FORMATIVO\BackEnd\Conexion-EcoRisaralda\vendor\laravel\framework\src\Illuminate\Database\Migrations\Migrator.php:814
C:\Users\USUARIO\Documents\Documentos Christian\Archivos Estudio\Sena\PROYECTO FORMATIVO\BackEnd\Conexion-EcoRisaralda\vendor\laravel\framework\src\Illuminate\Database\Migrations\Migrator.php:253
C:\Users\USUARIO\Documents\Documentos Christian\Archivos Estudio\Sena\PROYECTO FORMATIVO\BackEnd\Conexion-EcoRisaralda\vendor\laravel\framework\src\Illuminate\Database\Migrations\Migrator.php:211
C:\Users\USUARIO\Documents\Documentos Christian\Archivos Estudio\Sena\PROYECTO FORMATIVO\BackEnd\Conexion-EcoRisaralda\vendor\laravel\framework\src\Illuminate\Database\Migrations\Migrator.php:138
C:\Users\USUARIO\Documents\Documentos Christian\Archivos Estudio\Sena\PROYECTO FORMATIVO\BackEnd\Conexion-EcoRisaralda\vendor\laravel\framework\src\Illuminate\Database\Console\Migrations\MigrateCommand.php:116
C:\Users\USUARIO\Documents\Documentos Christian\Archivos Estudio\Sena\PROYECTO FORMATIVO\BackEnd\Conexion-EcoRisaralda\vendor\laravel\framework\src\Illuminate\Database\Migrations\Migrator.php:671
C:\Users\USUARIO\Documents\Documentos Christian\Archivos Estudio\Sena\PROYECTO FORMATIVO\BackEnd\Conexion-EcoRisaralda\vendor\laravel\framework\src\Illuminate\Database\Console\Migrations\MigrateCommand.php:109
C:\Users\USUARIO\Documents\Documentos Christian\Archivos Estudio\Sena\PROYECTO FORMATIVO\BackEnd\Conexion-EcoRisaralda\vendor\laravel\framework\src\Illuminate\Database\Console\Migrations\MigrateCommand.php:88
C:\Users\USUARIO\Documents\Documentos Christian\Archivos Estudio\Sena\PROYECTO FORMATIVO\BackEnd\Conexion-EcoRisaralda\vendor\laravel\framework\src\Illuminate\Container\BoundMethod.php:36
C:\Users\USUARIO\Documents\Documentos Christian\Archivos Estudio\Sena\PROYECTO FORMATIVO\BackEnd\Conexion-EcoRisaralda\vendor\laravel\framework\src\Illuminate\Container\Util.php:43
C:\Users\USUARIO\Documents\Documentos Christian\Archivos Estudio\Sena\PROYECTO FORMATIVO\BackEnd\Conexion-EcoRisaralda\vendor\laravel\framework\src\Illuminate\Container\BoundMethod.php:96
C:\Users\USUARIO\Documents\Documentos Christian\Archivos Estudio\Sena\PROYECTO FORMATIVO\BackEnd\Conexion-EcoRisaralda\vendor\laravel\framework\src\Illuminate\Container\BoundMethod.php:35
C:\Users\USUARIO\Documents\Documentos Christian\Archivos Estudio\Sena\PROYECTO FORMATIVO\BackEnd\Conexion-EcoRisaralda\vendor\laravel\framework\src\Illuminate\Container\Container.php:799
C:\Users\USUARIO\Documents\Documentos Christian\Archivos Estudio\Sena\PROYECTO FORMATIVO\BackEnd\Conexion-EcoRisaralda\vendor\laravel\framework\src\Illuminate\Console\Command.php:211
C:\Users\USUARIO\Documents\Documentos Christian\Archivos Estudio\Sena\PROYECTO FORMATIVO\BackEnd\Conexion-EcoRisaralda\vendor\symfony\console\Command\Command.php:341
C:\Users\USUARIO\Documents\Documentos Christian\Archivos Estudio\Sena\PROYECTO FORMATIVO\BackEnd\Conexion-EcoRisaralda\vendor\laravel\framework\src\Illuminate\Console\Command.php:180
C:\Users\USUARIO\Documents\Documentos Christian\Archivos Estudio\Sena\PROYECTO FORMATIVO\BackEnd\Conexion-EcoRisaralda\vendor\laravel\framework\src\Illuminate\Console\Concerns\CallsCommands.php:68
C:\Users\USUARIO\Documents\Documentos Christian\Archivos Estudio\Sena\PROYECTO FORMATIVO\BackEnd\Conexion-EcoRisaralda\vendor\laravel\framework\src\Illuminate\Console\Concerns\CallsCommands.php:29
C:\Users\USUARIO\Documents\Documentos Christian\Archivos Estudio\Sena\PROYECTO FORMATIVO\BackEnd\Conexion-EcoRisaralda\vendor\laravel\framework\src\Illuminate\Database\Console\Migrations\FreshCommand.php:81
C:\Users\USUARIO\Documents\Documentos Christian\Archivos Estudio\Sena\PROYECTO FORMATIVO\BackEnd\Conexion-EcoRisaralda\vendor\laravel\framework\src\Illuminate\Container\BoundMethod.php:36
C:\Users\USUARIO\Documents\Documentos Christian\Archivos Estudio\Sena\PROYECTO FORMATIVO\BackEnd\Conexion-EcoRisaralda\vendor\laravel\framework\src\Illuminate\Container\Util.php:43
C:\Users\USUARIO\Documents\Documentos Christian\Archivos Estudio\Sena\PROYECTO FORMATIVO\BackEnd\Conexion-EcoRisaralda\vendor\laravel\framework\src\Illuminate\Container\BoundMethod.php:96
C:\Users\USUARIO\Documents\Documentos Christian\Archivos Estudio\Sena\PROYECTO FORMATIVO\BackEnd\Conexion-EcoRisaralda\vendor\laravel\framework\src\Illuminate\Container\BoundMethod.php:35
C:\Users\USUARIO\Documents\Documentos Christian\Archivos Estudio\Sena\PROYECTO FORMATIVO\BackEnd\Conexion-EcoRisaralda\vendor\laravel\framework\src\Illuminate\Container\Container.php:799
C:\Users\USUARIO\Documents\Documentos Christian\Archivos Estudio\Sena\PROYECTO FORMATIVO\BackEnd\Conexion-EcoRisaralda\vendor\laravel\framework\src\Illuminate\Console\Command.php:211
C:\Users\USUARIO\Documents\Documentos Christian\Archivos Estudio\Sena\PROYECTO FORMATIVO\BackEnd\Conexion-EcoRisaralda\vendor\symfony\console\Command\Command.php:341
C:\Users\USUARIO\Documents\Documentos Christian\Archivos Estudio\Sena\PROYECTO FORMATIVO\BackEnd\Conexion-EcoRisaralda\vendor\laravel\framework\src\Illuminate\Console\Command.php:180
C:\Users\USUARIO\Documents\Documentos Christian\Archivos Estudio\Sena\PROYECTO FORMATIVO\BackEnd\Conexion-EcoRisaralda\vendor\symfony\console\Application.php:1079
C:\Users\USUARIO\Documents\Documentos Christian\Archivos Estudio\Sena\PROYECTO FORMATIVO\BackEnd\Conexion-EcoRisaralda\vendor\symfony\console\Application.php:356
C:\Users\USUARIO\Documents\Documentos Christian\Archivos Estudio\Sena\PROYECTO FORMATIVO\BackEnd\Conexion-EcoRisaralda\vendor\symfony\console\Application.php:195
C:\Users\USUARIO\Documents\Documentos Christian\Archivos Estudio\Sena\PROYECTO FORMATIVO\BackEnd\Conexion-EcoRisaralda\vendor\laravel\framework\src\Illuminate\Console\Application.php:165
C:\Users\USUARIO\Documents\Documentos Christian\Archivos Estudio\Sena\PROYECTO FORMATIVO\BackEnd\Conexion-EcoRisaralda\vendor\laravel\framework\src\Illuminate\Foundation\Console\Kernel.php:447
C:\Users\USUARIO\Documents\Documentos Christian\Archivos Estudio\Sena\PROYECTO FORMATIVO\BackEnd\Conexion-EcoRisaralda\vendor\laravel\framework\src\Illuminate\Testing\PendingCommand.php:451
C:\Users\USUARIO\Documents\Documentos Christian\Archivos Estudio\Sena\PROYECTO FORMATIVO\BackEnd\Conexion-EcoRisaralda\vendor\laravel\framework\src\Illuminate\Testing\PendingCommand.php:675
C:\Users\USUARIO\Documents\Documentos Christian\Archivos Estudio\Sena\PROYECTO FORMATIVO\BackEnd\Conexion-EcoRisaralda\vendor\laravel\framework\src\Illuminate\Foundation\Testing\Concerns\InteractsWithConsole.php:87
C:\Users\USUARIO\Documents\Documentos Christian\Archivos Estudio\Sena\PROYECTO FORMATIVO\BackEnd\Conexion-EcoRisaralda\vendor\laravel\framework\src\Illuminate\Foundation\Testing\RefreshDatabase.php:119
C:\Users\USUARIO\Documents\Documentos Christian\Archivos Estudio\Sena\PROYECTO FORMATIVO\BackEnd\Conexion-EcoRisaralda\vendor\laravel\framework\src\Illuminate\Foundation\Testing\RefreshDatabase.php:84
C:\Users\USUARIO\Documents\Documentos Christian\Archivos Estudio\Sena\PROYECTO FORMATIVO\BackEnd\Conexion-EcoRisaralda\vendor\laravel\framework\src\Illuminate\Foundation\Testing\RefreshDatabase.php:25
C:\Users\USUARIO\Documents\Documentos Christian\Archivos Estudio\Sena\PROYECTO FORMATIVO\BackEnd\Conexion-EcoRisaralda\vendor\laravel\framework\src\Illuminate\Foundation\Testing\Concerns\InteractsWithTestCaseLifecycle.php:217
C:\Users\USUARIO\Documents\Documentos Christian\Archivos Estudio\Sena\PROYECTO FORMATIVO\BackEnd\Conexion-EcoRisaralda\vendor\laravel\framework\src\Illuminate\Foundation\Testing\Concerns\InteractsWithTestCaseLifecycle.php:101
C:\Users\USUARIO\Documents\Documentos Christian\Archivos Estudio\Sena\PROYECTO FORMATIVO\BackEnd\Conexion-EcoRisaralda\vendor\laravel\framework\src\Illuminate\Foundation\Testing\TestCase.php:63</error>
        </testcase>
        <testcase name="test_operator_can_get_their_places" file="C:\Users\USUARIO\Documents\Documentos Christian\Archivos Estudio\Sena\PROYECTO FORMATIVO\BackEnd\Conexion-EcoRisaralda\tests\Feature\PlacesApiTest.php" line="47" class="Tests\Feature\PlacesApiTest" classname="Tests.Feature.PlacesApiTest" assertions="0" time="0.000000">
          <error type="Illuminate\Database\QueryException">Tests\Feature\PlacesApiTest::test_operator_can_get_their_places&#13;
Illuminate\Database\QueryException: SQLSTATE[HY000]: General error: 1 near "MODIFY": syntax error (Connection: sqlite, Database: :memory:, SQL: ALTER TABLE users MODIFY status ENUM('pending','approved','rejected','active','inactive') DEFAULT 'active')
&#13;
C:\Users\USUARIO\Documents\Documentos Christian\Archivos Estudio\Sena\PROYECTO FORMATIVO\BackEnd\Conexion-EcoRisaralda\vendor\laravel\framework\src\Illuminate\Database\Connection.php:838
C:\Users\USUARIO\Documents\Documentos Christian\Archivos Estudio\Sena\PROYECTO FORMATIVO\BackEnd\Conexion-EcoRisaralda\vendor\laravel\framework\src\Illuminate\Database\Connection.php:794
C:\Users\USUARIO\Documents\Documentos Christian\Archivos Estudio\Sena\PROYECTO FORMATIVO\BackEnd\Conexion-EcoRisaralda\vendor\laravel\framework\src\Illuminate\Database\Connection.php:573
C:\Users\USUARIO\Documents\Documentos Christian\Archivos Estudio\Sena\PROYECTO FORMATIVO\BackEnd\Conexion-EcoRisaralda\vendor\laravel\framework\src\Illuminate\Database\DatabaseManager.php:491
C:\Users\USUARIO\Documents\Documentos Christian\Archivos Estudio\Sena\PROYECTO FORMATIVO\BackEnd\Conexion-EcoRisaralda\vendor\laravel\framework\src\Illuminate\Support\Facades\Facade.php:363
C:\Users\USUARIO\Documents\Documentos Christian\Archivos Estudio\Sena\PROYECTO FORMATIVO\BackEnd\Conexion-EcoRisaralda\database\migrations\2026_02_09_000001_add_inactive_to_status_enum_on_users_table.php:16
C:\Users\USUARIO\Documents\Documentos Christian\Archivos Estudio\Sena\PROYECTO FORMATIVO\BackEnd\Conexion-EcoRisaralda\vendor\laravel\framework\src\Illuminate\Database\Migrations\Migrator.php:517
C:\Users\USUARIO\Documents\Documentos Christian\Archivos Estudio\Sena\PROYECTO FORMATIVO\BackEnd\Conexion-EcoRisaralda\vendor\laravel\framework\src\Illuminate\Database\Migrations\Migrator.php:442
C:\Users\USUARIO\Documents\Documentos Christian\Archivos Estudio\Sena\PROYECTO FORMATIVO\BackEnd\Conexion-EcoRisaralda\vendor\laravel\framework\src\Illuminate\Database\Migrations\Migrator.php:451
C:\Users\USUARIO\Documents\Documentos Christian\Archivos Estudio\Sena\PROYECTO FORMATIVO\BackEnd\Conexion-EcoRisaralda\vendor\laravel\framework\src\Illuminate\Database\Migrations\Migrator.php:253
C:\Users\USUARIO\Documents\Documentos Christian\Archivos Estudio\Sena\PROYECTO FORMATIVO\BackEnd\Conexion-EcoRisaralda\vendor\laravel\framework\src\Illuminate\Console\View\Components\Task.php:41
C:\Users\USUARIO\Documents\Documentos Christian\Archivos Estudio\Sena\PROYECTO FORMATIVO\BackEnd\Conexion-EcoRisaralda\vendor\laravel\framework\src\Illuminate\Database\Migrations\Migrator.php:814
C:\Users\USUARIO\Documents\Documentos Christian\Archivos Estudio\Sena\PROYECTO FORMATIVO\BackEnd\Conexion-EcoRisaralda\vendor\laravel\framework\src\Illuminate\Database\Migrations\Migrator.php:253
C:\Users\USUARIO\Documents\Documentos Christian\Archivos Estudio\Sena\PROYECTO FORMATIVO\BackEnd\Conexion-EcoRisaralda\vendor\laravel\framework\src\Illuminate\Database\Migrations\Migrator.php:211
C:\Users\USUARIO\Documents\Documentos Christian\Archivos Estudio\Sena\PROYECTO FORMATIVO\BackEnd\Conexion-EcoRisaralda\vendor\laravel\framework\src\Illuminate\Database\Migrations\Migrator.php:138
C:\Users\USUARIO\Documents\Documentos Christian\Archivos Estudio\Sena\PROYECTO FORMATIVO\BackEnd\Conexion-EcoRisaralda\vendor\laravel\framework\src\Illuminate\Database\Console\Migrations\MigrateCommand.php:116
C:\Users\USUARIO\Documents\Documentos Christian\Archivos Estudio\Sena\PROYECTO FORMATIVO\BackEnd\Conexion-EcoRisaralda\vendor\laravel\framework\src\Illuminate\Database\Migrations\Migrator.php:671
C:\Users\USUARIO\Documents\Documentos Christian\Archivos Estudio\Sena\PROYECTO FORMATIVO\BackEnd\Conexion-EcoRisaralda\vendor\laravel\framework\src\Illuminate\Database\Console\Migrations\MigrateCommand.php:109
C:\Users\USUARIO\Documents\Documentos Christian\Archivos Estudio\Sena\PROYECTO FORMATIVO\BackEnd\Conexion-EcoRisaralda\vendor\laravel\framework\src\Illuminate\Database\Console\Migrations\MigrateCommand.php:88
C:\Users\USUARIO\Documents\Documentos Christian\Archivos Estudio\Sena\PROYECTO FORMATIVO\BackEnd\Conexion-EcoRisaralda\vendor\laravel\framework\src\Illuminate\Container\BoundMethod.php:36
C:\Users\USUARIO\Documents\Documentos Christian\Archivos Estudio\Sena\PROYECTO FORMATIVO\BackEnd\Conexion-EcoRisaralda\vendor\laravel\framework\src\Illuminate\Container\Util.php:43
C:\Users\USUARIO\Documents\Documentos Christian\Archivos Estudio\Sena\PROYECTO FORMATIVO\BackEnd\Conexion-EcoRisaralda\vendor\laravel\framework\src\Illuminate\Container\BoundMethod.php:96
C:\Users\USUARIO\Documents\Documentos Christian\Archivos Estudio\Sena\PROYECTO FORMATIVO\BackEnd\Conexion-EcoRisaralda\vendor\laravel\framework\src\Illuminate\Container\BoundMethod.php:35
C:\Users\USUARIO\Documents\Documentos Christian\Archivos Estudio\Sena\PROYECTO FORMATIVO\BackEnd\Conexion-EcoRisaralda\vendor\laravel\framework\src\Illuminate\Container\Container.php:799
C:\Users\USUARIO\Documents\Documentos Christian\Archivos Estudio\Sena\PROYECTO FORMATIVO\BackEnd\Conexion-EcoRisaralda\vendor\laravel\framework\src\Illuminate\Console\Command.php:211
C:\Users\USUARIO\Documents\Documentos Christian\Archivos Estudio\Sena\PROYECTO FORMATIVO\BackEnd\Conexion-EcoRisaralda\vendor\symfony\console\Command\Command.php:341
C:\Users\USUARIO\Documents\Documentos Christian\Archivos Estudio\Sena\PROYECTO FORMATIVO\BackEnd\Conexion-EcoRisaralda\vendor\laravel\framework\src\Illuminate\Console\Command.php:180
C:\Users\USUARIO\Documents\Documentos Christian\Archivos Estudio\Sena\PROYECTO FORMATIVO\BackEnd\Conexion-EcoRisaralda\vendor\laravel\framework\src\Illuminate\Console\Concerns\CallsCommands.php:68
C:\Users\USUARIO\Documents\Documentos Christian\Archivos Estudio\Sena\PROYECTO FORMATIVO\BackEnd\Conexion-EcoRisaralda\vendor\laravel\framework\src\Illuminate\Console\Concerns\CallsCommands.php:29
C:\Users\USUARIO\Documents\Documentos Christian\Archivos Estudio\Sena\PROYECTO FORMATIVO\BackEnd\Conexion-EcoRisaralda\vendor\laravel\framework\src\Illuminate\Database\Console\Migrations\FreshCommand.php:81
C:\Users\USUARIO\Documents\Documentos Christian\Archivos Estudio\Sena\PROYECTO FORMATIVO\BackEnd\Conexion-EcoRisaralda\vendor\laravel\framework\src\Illuminate\Container\BoundMethod.php:36
C:\Users\USUARIO\Documents\Documentos Christian\Archivos Estudio\Sena\PROYECTO FORMATIVO\BackEnd\Conexion-EcoRisaralda\vendor\laravel\framework\src\Illuminate\Container\Util.php:43
C:\Users\USUARIO\Documents\Documentos Christian\Archivos Estudio\Sena\PROYECTO FORMATIVO\BackEnd\Conexion-EcoRisaralda\vendor\laravel\framework\src\Illuminate\Container\BoundMethod.php:96
C:\Users\USUARIO\Documents\Documentos Christian\Archivos Estudio\Sena\PROYECTO FORMATIVO\BackEnd\Conexion-EcoRisaralda\vendor\laravel\framework\src\Illuminate\Container\BoundMethod.php:35
C:\Users\USUARIO\Documents\Documentos Christian\Archivos Estudio\Sena\PROYECTO FORMATIVO\BackEnd\Conexion-EcoRisaralda\vendor\laravel\framework\src\Illuminate\Container\Container.php:799
C:\Users\USUARIO\Documents\Documentos Christian\Archivos Estudio\Sena\PROYECTO FORMATIVO\BackEnd\Conexion-EcoRisaralda\vendor\laravel\framework\src\Illuminate\Console\Command.php:211
C:\Users\USUARIO\Documents\Documentos Christian\Archivos Estudio\Sena\PROYECTO FORMATIVO\BackEnd\Conexion-EcoRisaralda\vendor\symfony\console\Command\Command.php:341
C:\Users\USUARIO\Documents\Documentos Christian\Archivos Estudio\Sena\PROYECTO FORMATIVO\BackEnd\Conexion-EcoRisaralda\vendor\laravel\framework\src\Illuminate\Console\Command.php:180
C:\Users\USUARIO\Documents\Documentos Christian\Archivos Estudio\Sena\PROYECTO FORMATIVO\BackEnd\Conexion-EcoRisaralda\vendor\symfony\console\Application.php:1079
C:\Users\USUARIO\Documents\Documentos Christian\Archivos Estudio\Sena\PROYECTO FORMATIVO\BackEnd\Conexion-EcoRisaralda\vendor\symfony\console\Application.php:356
C:\Users\USUARIO\Documents\Documentos Christian\Archivos Estudio\Sena\PROYECTO FORMATIVO\BackEnd\Conexion-EcoRisaralda\vendor\symfony\console\Application.php:195
C:\Users\USUARIO\Documents\Documentos Christian\Archivos Estudio\Sena\PROYECTO FORMATIVO\BackEnd\Conexion-EcoRisaralda\vendor\laravel\framework\src\Illuminate\Console\Application.php:165
C:\Users\USUARIO\Documents\Documentos Christian\Archivos Estudio\Sena\PROYECTO FORMATIVO\BackEnd\Conexion-EcoRisaralda\vendor\laravel\framework\src\Illuminate\Foundation\Console\Kernel.php:447
C:\Users\USUARIO\Documents\Documentos Christian\Archivos Estudio\Sena\PROYECTO FORMATIVO\BackEnd\Conexion-EcoRisaralda\vendor\laravel\framework\src\Illuminate\Testing\PendingCommand.php:451
C:\Users\USUARIO\Documents\Documentos Christian\Archivos Estudio\Sena\PROYECTO FORMATIVO\BackEnd\Conexion-EcoRisaralda\vendor\laravel\framework\src\Illuminate\Testing\PendingCommand.php:675
C:\Users\USUARIO\Documents\Documentos Christian\Archivos Estudio\Sena\PROYECTO FORMATIVO\BackEnd\Conexion-EcoRisaralda\vendor\laravel\framework\src\Illuminate\Foundation\Testing\Concerns\InteractsWithConsole.php:87
C:\Users\USUARIO\Documents\Documentos Christian\Archivos Estudio\Sena\PROYECTO FORMATIVO\BackEnd\Conexion-EcoRisaralda\vendor\laravel\framework\src\Illuminate\Foundation\Testing\RefreshDatabase.php:119
C:\Users\USUARIO\Documents\Documentos Christian\Archivos Estudio\Sena\PROYECTO FORMATIVO\BackEnd\Conexion-EcoRisaralda\vendor\laravel\framework\src\Illuminate\Foundation\Testing\RefreshDatabase.php:84
C:\Users\USUARIO\Documents\Documentos Christian\Archivos Estudio\Sena\PROYECTO FORMATIVO\BackEnd\Conexion-EcoRisaralda\vendor\laravel\framework\src\Illuminate\Foundation\Testing\RefreshDatabase.php:25
C:\Users\USUARIO\Documents\Documentos Christian\Archivos Estudio\Sena\PROYECTO FORMATIVO\BackEnd\Conexion-EcoRisaralda\vendor\laravel\framework\src\Illuminate\Foundation\Testing\Concerns\InteractsWithTestCaseLifecycle.php:217
C:\Users\USUARIO\Documents\Documentos Christian\Archivos Estudio\Sena\PROYECTO FORMATIVO\BackEnd\Conexion-EcoRisaralda\vendor\laravel\framework\src\Illuminate\Foundation\Testing\Concerns\InteractsWithTestCaseLifecycle.php:101
C:\Users\USUARIO\Documents\Documentos Christian\Archivos Estudio\Sena\PROYECTO FORMATIVO\BackEnd\Conexion-EcoRisaralda\vendor\laravel\framework\src\Illuminate\Foundation\Testing\TestCase.php:63</error>
        </testcase>
        <testcase name="test_operator_can_delete_own_place" file="C:\Users\USUARIO\Documents\Documentos Christian\Archivos Estudio\Sena\PROYECTO FORMATIVO\BackEnd\Conexion-EcoRisaralda\tests\Feature\PlacesApiTest.php" line="57" class="Tests\Feature\PlacesApiTest" classname="Tests.Feature.PlacesApiTest" assertions="0" time="0.000000">
          <error type="Illuminate\Database\QueryException">Tests\Feature\PlacesApiTest::test_operator_can_delete_own_place&#13;
Illuminate\Database\QueryException: SQLSTATE[HY000]: General error: 1 near "MODIFY": syntax error (Connection: sqlite, Database: :memory:, SQL: ALTER TABLE users MODIFY status ENUM('pending','approved','rejected','active','inactive') DEFAULT 'active')
&#13;
C:\Users\USUARIO\Documents\Documentos Christian\Archivos Estudio\Sena\PROYECTO FORMATIVO\BackEnd\Conexion-EcoRisaralda\vendor\laravel\framework\src\Illuminate\Database\Connection.php:838
C:\Users\USUARIO\Documents\Documentos Christian\Archivos Estudio\Sena\PROYECTO FORMATIVO\BackEnd\Conexion-EcoRisaralda\vendor\laravel\framework\src\Illuminate\Database\Connection.php:794
C:\Users\USUARIO\Documents\Documentos Christian\Archivos Estudio\Sena\PROYECTO FORMATIVO\BackEnd\Conexion-EcoRisaralda\vendor\laravel\framework\src\Illuminate\Database\Connection.php:573
C:\Users\USUARIO\Documents\Documentos Christian\Archivos Estudio\Sena\PROYECTO FORMATIVO\BackEnd\Conexion-EcoRisaralda\vendor\laravel\framework\src\Illuminate\Database\DatabaseManager.php:491
C:\Users\USUARIO\Documents\Documentos Christian\Archivos Estudio\Sena\PROYECTO FORMATIVO\BackEnd\Conexion-EcoRisaralda\vendor\laravel\framework\src\Illuminate\Support\Facades\Facade.php:363
C:\Users\USUARIO\Documents\Documentos Christian\Archivos Estudio\Sena\PROYECTO FORMATIVO\BackEnd\Conexion-EcoRisaralda\database\migrations\2026_02_09_000001_add_inactive_to_status_enum_on_users_table.php:16
C:\Users\USUARIO\Documents\Documentos Christian\Archivos Estudio\Sena\PROYECTO FORMATIVO\BackEnd\Conexion-EcoRisaralda\vendor\laravel\framework\src\Illuminate\Database\Migrations\Migrator.php:517
C:\Users\USUARIO\Documents\Documentos Christian\Archivos Estudio\Sena\PROYECTO FORMATIVO\BackEnd\Conexion-EcoRisaralda\vendor\laravel\framework\src\Illuminate\Database\Migrations\Migrator.php:442
C:\Users\USUARIO\Documents\Documentos Christian\Archivos Estudio\Sena\PROYECTO FORMATIVO\BackEnd\Conexion-EcoRisaralda\vendor\laravel\framework\src\Illuminate\Database\Migrations\Migrator.php:451
C:\Users\USUARIO\Documents\Documentos Christian\Archivos Estudio\Sena\PROYECTO FORMATIVO\BackEnd\Conexion-EcoRisaralda\vendor\laravel\framework\src\Illuminate\Database\Migrations\Migrator.php:253
C:\Users\USUARIO\Documents\Documentos Christian\Archivos Estudio\Sena\PROYECTO FORMATIVO\BackEnd\Conexion-EcoRisaralda\vendor\laravel\framework\src\Illuminate\Console\View\Components\Task.php:41
C:\Users\USUARIO\Documents\Documentos Christian\Archivos Estudio\Sena\PROYECTO FORMATIVO\BackEnd\Conexion-EcoRisaralda\vendor\laravel\framework\src\Illuminate\Database\Migrations\Migrator.php:814
C:\Users\USUARIO\Documents\Documentos Christian\Archivos Estudio\Sena\PROYECTO FORMATIVO\BackEnd\Conexion-EcoRisaralda\vendor\laravel\framework\src\Illuminate\Database\Migrations\Migrator.php:253
C:\Users\USUARIO\Documents\Documentos Christian\Archivos Estudio\Sena\PROYECTO FORMATIVO\BackEnd\Conexion-EcoRisaralda\vendor\laravel\framework\src\Illuminate\Database\Migrations\Migrator.php:211
C:\Users\USUARIO\Documents\Documentos Christian\Archivos Estudio\Sena\PROYECTO FORMATIVO\BackEnd\Conexion-EcoRisaralda\vendor\laravel\framework\src\Illuminate\Database\Migrations\Migrator.php:138
C:\Users\USUARIO\Documents\Documentos Christian\Archivos Estudio\Sena\PROYECTO FORMATIVO\BackEnd\Conexion-EcoRisaralda\vendor\laravel\framework\src\Illuminate\Database\Console\Migrations\MigrateCommand.php:116
C:\Users\USUARIO\Documents\Documentos Christian\Archivos Estudio\Sena\PROYECTO FORMATIVO\BackEnd\Conexion-EcoRisaralda\vendor\laravel\framework\src\Illuminate\Database\Migrations\Migrator.php:671
C:\Users\USUARIO\Documents\Documentos Christian\Archivos Estudio\Sena\PROYECTO FORMATIVO\BackEnd\Conexion-EcoRisaralda\vendor\laravel\framework\src\Illuminate\Database\Console\Migrations\MigrateCommand.php:109
C:\Users\USUARIO\Documents\Documentos Christian\Archivos Estudio\Sena\PROYECTO FORMATIVO\BackEnd\Conexion-EcoRisaralda\vendor\laravel\framework\src\Illuminate\Database\Console\Migrations\MigrateCommand.php:88
C:\Users\USUARIO\Documents\Documentos Christian\Archivos Estudio\Sena\PROYECTO FORMATIVO\BackEnd\Conexion-EcoRisaralda\vendor\laravel\framework\src\Illuminate\Container\BoundMethod.php:36
C:\Users\USUARIO\Documents\Documentos Christian\Archivos Estudio\Sena\PROYECTO FORMATIVO\BackEnd\Conexion-EcoRisaralda\vendor\laravel\framework\src\Illuminate\Container\Util.php:43
C:\Users\USUARIO\Documents\Documentos Christian\Archivos Estudio\Sena\PROYECTO FORMATIVO\BackEnd\Conexion-EcoRisaralda\vendor\laravel\framework\src\Illuminate\Container\BoundMethod.php:96
C:\Users\USUARIO\Documents\Documentos Christian\Archivos Estudio\Sena\PROYECTO FORMATIVO\BackEnd\Conexion-EcoRisaralda\vendor\laravel\framework\src\Illuminate\Container\BoundMethod.php:35
C:\Users\USUARIO\Documents\Documentos Christian\Archivos Estudio\Sena\PROYECTO FORMATIVO\BackEnd\Conexion-EcoRisaralda\vendor\laravel\framework\src\Illuminate\Container\Container.php:799
C:\Users\USUARIO\Documents\Documentos Christian\Archivos Estudio\Sena\PROYECTO FORMATIVO\BackEnd\Conexion-EcoRisaralda\vendor\laravel\framework\src\Illuminate\Console\Command.php:211
C:\Users\USUARIO\Documents\Documentos Christian\Archivos Estudio\Sena\PROYECTO FORMATIVO\BackEnd\Conexion-EcoRisaralda\vendor\symfony\console\Command\Command.php:341
C:\Users\USUARIO\Documents\Documentos Christian\Archivos Estudio\Sena\PROYECTO FORMATIVO\BackEnd\Conexion-EcoRisaralda\vendor\laravel\framework\src\Illuminate\Console\Command.php:180
C:\Users\USUARIO\Documents\Documentos Christian\Archivos Estudio\Sena\PROYECTO FORMATIVO\BackEnd\Conexion-EcoRisaralda\vendor\laravel\framework\src\Illuminate\Console\Concerns\CallsCommands.php:68
C:\Users\USUARIO\Documents\Documentos Christian\Archivos Estudio\Sena\PROYECTO FORMATIVO\BackEnd\Conexion-EcoRisaralda\vendor\laravel\framework\src\Illuminate\Console\Concerns\CallsCommands.php:29
C:\Users\USUARIO\Documents\Documentos Christian\Archivos Estudio\Sena\PROYECTO FORMATIVO\BackEnd\Conexion-EcoRisaralda\vendor\laravel\framework\src\Illuminate\Database\Console\Migrations\FreshCommand.php:81
C:\Users\USUARIO\Documents\Documentos Christian\Archivos Estudio\Sena\PROYECTO FORMATIVO\BackEnd\Conexion-EcoRisaralda\vendor\laravel\framework\src\Illuminate\Container\BoundMethod.php:36
C:\Users\USUARIO\Documents\Documentos Christian\Archivos Estudio\Sena\PROYECTO FORMATIVO\BackEnd\Conexion-EcoRisaralda\vendor\laravel\framework\src\Illuminate\Container\Util.php:43
C:\Users\USUARIO\Documents\Documentos Christian\Archivos Estudio\Sena\PROYECTO FORMATIVO\BackEnd\Conexion-EcoRisaralda\vendor\laravel\framework\src\Illuminate\Container\BoundMethod.php:96
C:\Users\USUARIO\Documents\Documentos Christian\Archivos Estudio\Sena\PROYECTO FORMATIVO\BackEnd\Conexion-EcoRisaralda\vendor\laravel\framework\src\Illuminate\Container\BoundMethod.php:35
C:\Users\USUARIO\Documents\Documentos Christian\Archivos Estudio\Sena\PROYECTO FORMATIVO\BackEnd\Conexion-EcoRisaralda\vendor\laravel\framework\src\Illuminate\Container\Container.php:799
C:\Users\USUARIO\Documents\Documentos Christian\Archivos Estudio\Sena\PROYECTO FORMATIVO\BackEnd\Conexion-EcoRisaralda\vendor\laravel\framework\src\Illuminate\Console\Command.php:211
C:\Users\USUARIO\Documents\Documentos Christian\Archivos Estudio\Sena\PROYECTO FORMATIVO\BackEnd\Conexion-EcoRisaralda\vendor\symfony\console\Command\Command.php:341
C:\Users\USUARIO\Documents\Documentos Christian\Archivos Estudio\Sena\PROYECTO FORMATIVO\BackEnd\Conexion-EcoRisaralda\vendor\laravel\framework\src\Illuminate\Console\Command.php:180
C:\Users\USUARIO\Documents\Documentos Christian\Archivos Estudio\Sena\PROYECTO FORMATIVO\BackEnd\Conexion-EcoRisaralda\vendor\symfony\console\Application.php:1079
C:\Users\USUARIO\Documents\Documentos Christian\Archivos Estudio\Sena\PROYECTO FORMATIVO\BackEnd\Conexion-EcoRisaralda\vendor\symfony\console\Application.php:356
C:\Users\USUARIO\Documents\Documentos Christian\Archivos Estudio\Sena\PROYECTO FORMATIVO\BackEnd\Conexion-EcoRisaralda\vendor\symfony\console\Application.php:195
C:\Users\USUARIO\Documents\Documentos Christian\Archivos Estudio\Sena\PROYECTO FORMATIVO\BackEnd\Conexion-EcoRisaralda\vendor\laravel\framework\src\Illuminate\Console\Application.php:165
C:\Users\USUARIO\Documents\Documentos Christian\Archivos Estudio\Sena\PROYECTO FORMATIVO\BackEnd\Conexion-EcoRisaralda\vendor\laravel\framework\src\Illuminate\Foundation\Console\Kernel.php:447
C:\Users\USUARIO\Documents\Documentos Christian\Archivos Estudio\Sena\PROYECTO FORMATIVO\BackEnd\Conexion-EcoRisaralda\vendor\laravel\framework\src\Illuminate\Testing\PendingCommand.php:451
C:\Users\USUARIO\Documents\Documentos Christian\Archivos Estudio\Sena\PROYECTO FORMATIVO\BackEnd\Conexion-EcoRisaralda\vendor\laravel\framework\src\Illuminate\Testing\PendingCommand.php:675
C:\Users\USUARIO\Documents\Documentos Christian\Archivos Estudio\Sena\PROYECTO FORMATIVO\BackEnd\Conexion-EcoRisaralda\vendor\laravel\framework\src\Illuminate\Foundation\Testing\Concerns\InteractsWithConsole.php:87
C:\Users\USUARIO\Documents\Documentos Christian\Archivos Estudio\Sena\PROYECTO FORMATIVO\BackEnd\Conexion-EcoRisaralda\vendor\laravel\framework\src\Illuminate\Foundation\Testing\RefreshDatabase.php:119
C:\Users\USUARIO\Documents\Documentos Christian\Archivos Estudio\Sena\PROYECTO FORMATIVO\BackEnd\Conexion-EcoRisaralda\vendor\laravel\framework\src\Illuminate\Foundation\Testing\RefreshDatabase.php:84
C:\Users\USUARIO\Documents\Documentos Christian\Archivos Estudio\Sena\PROYECTO FORMATIVO\BackEnd\Conexion-EcoRisaralda\vendor\laravel\framework\src\Illuminate\Foundation\Testing\RefreshDatabase.php:25
C:\Users\USUARIO\Documents\Documentos Christian\Archivos Estudio\Sena\PROYECTO FORMATIVO\BackEnd\Conexion-EcoRisaralda\vendor\laravel\framework\src\Illuminate\Foundation\Testing\Concerns\InteractsWithTestCaseLifecycle.php:217
C:\Users\USUARIO\Documents\Documentos Christian\Archivos Estudio\Sena\PROYECTO FORMATIVO\BackEnd\Conexion-EcoRisaralda\vendor\laravel\framework\src\Illuminate\Foundation\Testing\Concerns\InteractsWithTestCaseLifecycle.php:101
C:\Users\USUARIO\Documents\Documentos Christian\Archivos Estudio\Sena\PROYECTO FORMATIVO\BackEnd\Conexion-EcoRisaralda\vendor\laravel\framework\src\Illuminate\Foundation\Testing\TestCase.php:63</error>
        </testcase>
        <testcase name="test_unauthenticated_user_cannot_delete_place" file="C:\Users\USUARIO\Documents\Documentos Christian\Archivos Estudio\Sena\PROYECTO FORMATIVO\BackEnd\Conexion-EcoRisaralda\tests\Feature\PlacesApiTest.php" line="67" class="Tests\Feature\PlacesApiTest" classname="Tests.Feature.PlacesApiTest" assertions="0" time="0.000000">
          <error type="Illuminate\Database\QueryException">Tests\Feature\PlacesApiTest::test_unauthenticated_user_cannot_delete_place&#13;
Illuminate\Database\QueryException: SQLSTATE[HY000]: General error: 1 near "MODIFY": syntax error (Connection: sqlite, Database: :memory:, SQL: ALTER TABLE users MODIFY status ENUM('pending','approved','rejected','active','inactive') DEFAULT 'active')
&#13;
C:\Users\USUARIO\Documents\Documentos Christian\Archivos Estudio\Sena\PROYECTO FORMATIVO\BackEnd\Conexion-EcoRisaralda\vendor\laravel\framework\src\Illuminate\Database\Connection.php:838
C:\Users\USUARIO\Documents\Documentos Christian\Archivos Estudio\Sena\PROYECTO FORMATIVO\BackEnd\Conexion-EcoRisaralda\vendor\laravel\framework\src\Illuminate\Database\Connection.php:794
C:\Users\USUARIO\Documents\Documentos Christian\Archivos Estudio\Sena\PROYECTO FORMATIVO\BackEnd\Conexion-EcoRisaralda\vendor\laravel\framework\src\Illuminate\Database\Connection.php:573
C:\Users\USUARIO\Documents\Documentos Christian\Archivos Estudio\Sena\PROYECTO FORMATIVO\BackEnd\Conexion-EcoRisaralda\vendor\laravel\framework\src\Illuminate\Database\DatabaseManager.php:491
C:\Users\USUARIO\Documents\Documentos Christian\Archivos Estudio\Sena\PROYECTO FORMATIVO\BackEnd\Conexion-EcoRisaralda\vendor\laravel\framework\src\Illuminate\Support\Facades\Facade.php:363
C:\Users\USUARIO\Documents\Documentos Christian\Archivos Estudio\Sena\PROYECTO FORMATIVO\BackEnd\Conexion-EcoRisaralda\database\migrations\2026_02_09_000001_add_inactive_to_status_enum_on_users_table.php:16
C:\Users\USUARIO\Documents\Documentos Christian\Archivos Estudio\Sena\PROYECTO FORMATIVO\BackEnd\Conexion-EcoRisaralda\vendor\laravel\framework\src\Illuminate\Database\Migrations\Migrator.php:517
C:\Users\USUARIO\Documents\Documentos Christian\Archivos Estudio\Sena\PROYECTO FORMATIVO\BackEnd\Conexion-EcoRisaralda\vendor\laravel\framework\src\Illuminate\Database\Migrations\Migrator.php:442
C:\Users\USUARIO\Documents\Documentos Christian\Archivos Estudio\Sena\PROYECTO FORMATIVO\BackEnd\Conexion-EcoRisaralda\vendor\laravel\framework\src\Illuminate\Database\Migrations\Migrator.php:451
C:\Users\USUARIO\Documents\Documentos Christian\Archivos Estudio\Sena\PROYECTO FORMATIVO\BackEnd\Conexion-EcoRisaralda\vendor\laravel\framework\src\Illuminate\Database\Migrations\Migrator.php:253
C:\Users\USUARIO\Documents\Documentos Christian\Archivos Estudio\Sena\PROYECTO FORMATIVO\BackEnd\Conexion-EcoRisaralda\vendor\laravel\framework\src\Illuminate\Console\View\Components\Task.php:41
C:\Users\USUARIO\Documents\Documentos Christian\Archivos Estudio\Sena\PROYECTO FORMATIVO\BackEnd\Conexion-EcoRisaralda\vendor\laravel\framework\src\Illuminate\Database\Migrations\Migrator.php:814
C:\Users\USUARIO\Documents\Documentos Christian\Archivos Estudio\Sena\PROYECTO FORMATIVO\BackEnd\Conexion-EcoRisaralda\vendor\laravel\framework\src\Illuminate\Database\Migrations\Migrator.php:253
C:\Users\USUARIO\Documents\Documentos Christian\Archivos Estudio\Sena\PROYECTO FORMATIVO\BackEnd\Conexion-EcoRisaralda\vendor\laravel\framework\src\Illuminate\Database\Migrations\Migrator.php:211
C:\Users\USUARIO\Documents\Documentos Christian\Archivos Estudio\Sena\PROYECTO FORMATIVO\BackEnd\Conexion-EcoRisaralda\vendor\laravel\framework\src\Illuminate\Database\Migrations\Migrator.php:138
C:\Users\USUARIO\Documents\Documentos Christian\Archivos Estudio\Sena\PROYECTO FORMATIVO\BackEnd\Conexion-EcoRisaralda\vendor\laravel\framework\src\Illuminate\Database\Console\Migrations\MigrateCommand.php:116
C:\Users\USUARIO\Documents\Documentos Christian\Archivos Estudio\Sena\PROYECTO FORMATIVO\BackEnd\Conexion-EcoRisaralda\vendor\laravel\framework\src\Illuminate\Database\Migrations\Migrator.php:671
C:\Users\USUARIO\Documents\Documentos Christian\Archivos Estudio\Sena\PROYECTO FORMATIVO\BackEnd\Conexion-EcoRisaralda\vendor\laravel\framework\src\Illuminate\Database\Console\Migrations\MigrateCommand.php:109
C:\Users\USUARIO\Documents\Documentos Christian\Archivos Estudio\Sena\PROYECTO FORMATIVO\BackEnd\Conexion-EcoRisaralda\vendor\laravel\framework\src\Illuminate\Database\Console\Migrations\MigrateCommand.php:88
C:\Users\USUARIO\Documents\Documentos Christian\Archivos Estudio\Sena\PROYECTO FORMATIVO\BackEnd\Conexion-EcoRisaralda\vendor\laravel\framework\src\Illuminate\Container\BoundMethod.php:36
C:\Users\USUARIO\Documents\Documentos Christian\Archivos Estudio\Sena\PROYECTO FORMATIVO\BackEnd\Conexion-EcoRisaralda\vendor\laravel\framework\src\Illuminate\Container\Util.php:43
C:\Users\USUARIO\Documents\Documentos Christian\Archivos Estudio\Sena\PROYECTO FORMATIVO\BackEnd\Conexion-EcoRisaralda\vendor\laravel\framework\src\Illuminate\Container\BoundMethod.php:96
C:\Users\USUARIO\Documents\Documentos Christian\Archivos Estudio\Sena\PROYECTO FORMATIVO\BackEnd\Conexion-EcoRisaralda\vendor\laravel\framework\src\Illuminate\Container\BoundMethod.php:35
C:\Users\USUARIO\Documents\Documentos Christian\Archivos Estudio\Sena\PROYECTO FORMATIVO\BackEnd\Conexion-EcoRisaralda\vendor\laravel\framework\src\Illuminate\Container\Container.php:799
C:\Users\USUARIO\Documents\Documentos Christian\Archivos Estudio\Sena\PROYECTO FORMATIVO\BackEnd\Conexion-EcoRisaralda\vendor\laravel\framework\src\Illuminate\Console\Command.php:211
C:\Users\USUARIO\Documents\Documentos Christian\Archivos Estudio\Sena\PROYECTO FORMATIVO\BackEnd\Conexion-EcoRisaralda\vendor\symfony\console\Command\Command.php:341
C:\Users\USUARIO\Documents\Documentos Christian\Archivos Estudio\Sena\PROYECTO FORMATIVO\BackEnd\Conexion-EcoRisaralda\vendor\laravel\framework\src\Illuminate\Console\Command.php:180
C:\Users\USUARIO\Documents\Documentos Christian\Archivos Estudio\Sena\PROYECTO FORMATIVO\BackEnd\Conexion-EcoRisaralda\vendor\laravel\framework\src\Illuminate\Console\Concerns\CallsCommands.php:68
C:\Users\USUARIO\Documents\Documentos Christian\Archivos Estudio\Sena\PROYECTO FORMATIVO\BackEnd\Conexion-EcoRisaralda\vendor\laravel\framework\src\Illuminate\Console\Concerns\CallsCommands.php:29
C:\Users\USUARIO\Documents\Documentos Christian\Archivos Estudio\Sena\PROYECTO FORMATIVO\BackEnd\Conexion-EcoRisaralda\vendor\laravel\framework\src\Illuminate\Database\Console\Migrations\FreshCommand.php:81
C:\Users\USUARIO\Documents\Documentos Christian\Archivos Estudio\Sena\PROYECTO FORMATIVO\BackEnd\Conexion-EcoRisaralda\vendor\laravel\framework\src\Illuminate\Container\BoundMethod.php:36
C:\Users\USUARIO\Documents\Documentos Christian\Archivos Estudio\Sena\PROYECTO FORMATIVO\BackEnd\Conexion-EcoRisaralda\vendor\laravel\framework\src\Illuminate\Container\Util.php:43
C:\Users\USUARIO\Documents\Documentos Christian\Archivos Estudio\Sena\PROYECTO FORMATIVO\BackEnd\Conexion-EcoRisaralda\vendor\laravel\framework\src\Illuminate\Container\BoundMethod.php:96
C:\Users\USUARIO\Documents\Documentos Christian\Archivos Estudio\Sena\PROYECTO FORMATIVO\BackEnd\Conexion-EcoRisaralda\vendor\laravel\framework\src\Illuminate\Container\BoundMethod.php:35
C:\Users\USUARIO\Documents\Documentos Christian\Archivos Estudio\Sena\PROYECTO FORMATIVO\BackEnd\Conexion-EcoRisaralda\vendor\laravel\framework\src\Illuminate\Container\Container.php:799
C:\Users\USUARIO\Documents\Documentos Christian\Archivos Estudio\Sena\PROYECTO FORMATIVO\BackEnd\Conexion-EcoRisaralda\vendor\laravel\framework\src\Illuminate\Console\Command.php:211
C:\Users\USUARIO\Documents\Documentos Christian\Archivos Estudio\Sena\PROYECTO FORMATIVO\BackEnd\Conexion-EcoRisaralda\vendor\symfony\console\Command\Command.php:341
C:\Users\USUARIO\Documents\Documentos Christian\Archivos Estudio\Sena\PROYECTO FORMATIVO\BackEnd\Conexion-EcoRisaralda\vendor\laravel\framework\src\Illuminate\Console\Command.php:180
C:\Users\USUARIO\Documents\Documentos Christian\Archivos Estudio\Sena\PROYECTO FORMATIVO\BackEnd\Conexion-EcoRisaralda\vendor\symfony\console\Application.php:1079
C:\Users\USUARIO\Documents\Documentos Christian\Archivos Estudio\Sena\PROYECTO FORMATIVO\BackEnd\Conexion-EcoRisaralda\vendor\symfony\console\Application.php:356
C:\Users\USUARIO\Documents\Documentos Christian\Archivos Estudio\Sena\PROYECTO FORMATIVO\BackEnd\Conexion-EcoRisaralda\vendor\symfony\console\Application.php:195
C:\Users\USUARIO\Documents\Documentos Christian\Archivos Estudio\Sena\PROYECTO FORMATIVO\BackEnd\Conexion-EcoRisaralda\vendor\laravel\framework\src\Illuminate\Console\Application.php:165
C:\Users\USUARIO\Documents\Documentos Christian\Archivos Estudio\Sena\PROYECTO FORMATIVO\BackEnd\Conexion-EcoRisaralda\vendor\laravel\framework\src\Illuminate\Foundation\Console\Kernel.php:447
C:\Users\USUARIO\Documents\Documentos Christian\Archivos Estudio\Sena\PROYECTO FORMATIVO\BackEnd\Conexion-EcoRisaralda\vendor\laravel\framework\src\Illuminate\Testing\PendingCommand.php:451
C:\Users\USUARIO\Documents\Documentos Christian\Archivos Estudio\Sena\PROYECTO FORMATIVO\BackEnd\Conexion-EcoRisaralda\vendor\laravel\framework\src\Illuminate\Testing\PendingCommand.php:675
C:\Users\USUARIO\Documents\Documentos Christian\Archivos Estudio\Sena\PROYECTO FORMATIVO\BackEnd\Conexion-EcoRisaralda\vendor\laravel\framework\src\Illuminate\Foundation\Testing\Concerns\InteractsWithConsole.php:87
C:\Users\USUARIO\Documents\Documentos Christian\Archivos Estudio\Sena\PROYECTO FORMATIVO\BackEnd\Conexion-EcoRisaralda\vendor\laravel\framework\src\Illuminate\Foundation\Testing\RefreshDatabase.php:119
C:\Users\USUARIO\Documents\Documentos Christian\Archivos Estudio\Sena\PROYECTO FORMATIVO\BackEnd\Conexion-EcoRisaralda\vendor\laravel\framework\src\Illuminate\Foundation\Testing\RefreshDatabase.php:84
C:\Users\USUARIO\Documents\Documentos Christian\Archivos Estudio\Sena\PROYECTO FORMATIVO\BackEnd\Conexion-EcoRisaralda\vendor\laravel\framework\src\Illuminate\Foundation\Testing\RefreshDatabase.php:25
C:\Users\USUARIO\Documents\Documentos Christian\Archivos Estudio\Sena\PROYECTO FORMATIVO\BackEnd\Conexion-EcoRisaralda\vendor\laravel\framework\src\Illuminate\Foundation\Testing\Concerns\InteractsWithTestCaseLifecycle.php:217
C:\Users\USUARIO\Documents\Documentos Christian\Archivos Estudio\Sena\PROYECTO FORMATIVO\BackEnd\Conexion-EcoRisaralda\vendor\laravel\framework\src\Illuminate\Foundation\Testing\Concerns\InteractsWithTestCaseLifecycle.php:101
C:\Users\USUARIO\Documents\Documentos Christian\Archivos Estudio\Sena\PROYECTO FORMATIVO\BackEnd\Conexion-EcoRisaralda\vendor\laravel\framework\src\Illuminate\Foundation\Testing\TestCase.php:63</error>
        </testcase>
      </testsuite>
      <testsuite name="Tests\Feature\PreferencesApiTest" file="C:\Users\USUARIO\Documents\Documentos Christian\Archivos Estudio\Sena\PROYECTO FORMATIVO\BackEnd\Conexion-EcoRisaralda\tests\Feature\PreferencesApiTest.php" tests="6" assertions="0" errors="6" failures="0" skipped="0" time="0.000000">
        <testcase name="test_can_list_preferences_without_auth" file="C:\Users\USUARIO\Documents\Documentos Christian\Archivos Estudio\Sena\PROYECTO FORMATIVO\BackEnd\Conexion-EcoRisaralda\tests\Feature\PreferencesApiTest.php" line="19" class="Tests\Feature\PreferencesApiTest" classname="Tests.Feature.PreferencesApiTest" assertions="0" time="0.000000">
          <error type="Illuminate\Database\QueryException">Tests\Feature\PreferencesApiTest::test_can_list_preferences_without_auth&#13;
Illuminate\Database\QueryException: SQLSTATE[HY000]: General error: 1 near "MODIFY": syntax error (Connection: sqlite, Database: :memory:, SQL: ALTER TABLE users MODIFY status ENUM('pending','approved','rejected','active','inactive') DEFAULT 'active')
&#13;
C:\Users\USUARIO\Documents\Documentos Christian\Archivos Estudio\Sena\PROYECTO FORMATIVO\BackEnd\Conexion-EcoRisaralda\vendor\laravel\framework\src\Illuminate\Database\Connection.php:838
C:\Users\USUARIO\Documents\Documentos Christian\Archivos Estudio\Sena\PROYECTO FORMATIVO\BackEnd\Conexion-EcoRisaralda\vendor\laravel\framework\src\Illuminate\Database\Connection.php:794
C:\Users\USUARIO\Documents\Documentos Christian\Archivos Estudio\Sena\PROYECTO FORMATIVO\BackEnd\Conexion-EcoRisaralda\vendor\laravel\framework\src\Illuminate\Database\Connection.php:573
C:\Users\USUARIO\Documents\Documentos Christian\Archivos Estudio\Sena\PROYECTO FORMATIVO\BackEnd\Conexion-EcoRisaralda\vendor\laravel\framework\src\Illuminate\Database\DatabaseManager.php:491
C:\Users\USUARIO\Documents\Documentos Christian\Archivos Estudio\Sena\PROYECTO FORMATIVO\BackEnd\Conexion-EcoRisaralda\vendor\laravel\framework\src\Illuminate\Support\Facades\Facade.php:363
C:\Users\USUARIO\Documents\Documentos Christian\Archivos Estudio\Sena\PROYECTO FORMATIVO\BackEnd\Conexion-EcoRisaralda\database\migrations\2026_02_09_000001_add_inactive_to_status_enum_on_users_table.php:16
C:\Users\USUARIO\Documents\Documentos Christian\Archivos Estudio\Sena\PROYECTO FORMATIVO\BackEnd\Conexion-EcoRisaralda\vendor\laravel\framework\src\Illuminate\Database\Migrations\Migrator.php:517
C:\Users\USUARIO\Documents\Documentos Christian\Archivos Estudio\Sena\PROYECTO FORMATIVO\BackEnd\Conexion-EcoRisaralda\vendor\laravel\framework\src\Illuminate\Database\Migrations\Migrator.php:442
C:\Users\USUARIO\Documents\Documentos Christian\Archivos Estudio\Sena\PROYECTO FORMATIVO\BackEnd\Conexion-EcoRisaralda\vendor\laravel\framework\src\Illuminate\Database\Migrations\Migrator.php:451
C:\Users\USUARIO\Documents\Documentos Christian\Archivos Estudio\Sena\PROYECTO FORMATIVO\BackEnd\Conexion-EcoRisaralda\vendor\laravel\framework\src\Illuminate\Database\Migrations\Migrator.php:253
C:\Users\USUARIO\Documents\Documentos Christian\Archivos Estudio\Sena\PROYECTO FORMATIVO\BackEnd\Conexion-EcoRisaralda\vendor\laravel\framework\src\Illuminate\Console\View\Components\Task.php:41
C:\Users\USUARIO\Documents\Documentos Christian\Archivos Estudio\Sena\PROYECTO FORMATIVO\BackEnd\Conexion-EcoRisaralda\vendor\laravel\framework\src\Illuminate\Database\Migrations\Migrator.php:814
C:\Users\USUARIO\Documents\Documentos Christian\Archivos Estudio\Sena\PROYECTO FORMATIVO\BackEnd\Conexion-EcoRisaralda\vendor\laravel\framework\src\Illuminate\Database\Migrations\Migrator.php:253
C:\Users\USUARIO\Documents\Documentos Christian\Archivos Estudio\Sena\PROYECTO FORMATIVO\BackEnd\Conexion-EcoRisaralda\vendor\laravel\framework\src\Illuminate\Database\Migrations\Migrator.php:211
C:\Users\USUARIO\Documents\Documentos Christian\Archivos Estudio\Sena\PROYECTO FORMATIVO\BackEnd\Conexion-EcoRisaralda\vendor\laravel\framework\src\Illuminate\Database\Migrations\Migrator.php:138
C:\Users\USUARIO\Documents\Documentos Christian\Archivos Estudio\Sena\PROYECTO FORMATIVO\BackEnd\Conexion-EcoRisaralda\vendor\laravel\framework\src\Illuminate\Database\Console\Migrations\MigrateCommand.php:116
C:\Users\USUARIO\Documents\Documentos Christian\Archivos Estudio\Sena\PROYECTO FORMATIVO\BackEnd\Conexion-EcoRisaralda\vendor\laravel\framework\src\Illuminate\Database\Migrations\Migrator.php:671
C:\Users\USUARIO\Documents\Documentos Christian\Archivos Estudio\Sena\PROYECTO FORMATIVO\BackEnd\Conexion-EcoRisaralda\vendor\laravel\framework\src\Illuminate\Database\Console\Migrations\MigrateCommand.php:109
C:\Users\USUARIO\Documents\Documentos Christian\Archivos Estudio\Sena\PROYECTO FORMATIVO\BackEnd\Conexion-EcoRisaralda\vendor\laravel\framework\src\Illuminate\Database\Console\Migrations\MigrateCommand.php:88
C:\Users\USUARIO\Documents\Documentos Christian\Archivos Estudio\Sena\PROYECTO FORMATIVO\BackEnd\Conexion-EcoRisaralda\vendor\laravel\framework\src\Illuminate\Container\BoundMethod.php:36
C:\Users\USUARIO\Documents\Documentos Christian\Archivos Estudio\Sena\PROYECTO FORMATIVO\BackEnd\Conexion-EcoRisaralda\vendor\laravel\framework\src\Illuminate\Container\Util.php:43
C:\Users\USUARIO\Documents\Documentos Christian\Archivos Estudio\Sena\PROYECTO FORMATIVO\BackEnd\Conexion-EcoRisaralda\vendor\laravel\framework\src\Illuminate\Container\BoundMethod.php:96
C:\Users\USUARIO\Documents\Documentos Christian\Archivos Estudio\Sena\PROYECTO FORMATIVO\BackEnd\Conexion-EcoRisaralda\vendor\laravel\framework\src\Illuminate\Container\BoundMethod.php:35
C:\Users\USUARIO\Documents\Documentos Christian\Archivos Estudio\Sena\PROYECTO FORMATIVO\BackEnd\Conexion-EcoRisaralda\vendor\laravel\framework\src\Illuminate\Container\Container.php:799
C:\Users\USUARIO\Documents\Documentos Christian\Archivos Estudio\Sena\PROYECTO FORMATIVO\BackEnd\Conexion-EcoRisaralda\vendor\laravel\framework\src\Illuminate\Console\Command.php:211
C:\Users\USUARIO\Documents\Documentos Christian\Archivos Estudio\Sena\PROYECTO FORMATIVO\BackEnd\Conexion-EcoRisaralda\vendor\symfony\console\Command\Command.php:341
C:\Users\USUARIO\Documents\Documentos Christian\Archivos Estudio\Sena\PROYECTO FORMATIVO\BackEnd\Conexion-EcoRisaralda\vendor\laravel\framework\src\Illuminate\Console\Command.php:180
C:\Users\USUARIO\Documents\Documentos Christian\Archivos Estudio\Sena\PROYECTO FORMATIVO\BackEnd\Conexion-EcoRisaralda\vendor\laravel\framework\src\Illuminate\Console\Concerns\CallsCommands.php:68
C:\Users\USUARIO\Documents\Documentos Christian\Archivos Estudio\Sena\PROYECTO FORMATIVO\BackEnd\Conexion-EcoRisaralda\vendor\laravel\framework\src\Illuminate\Console\Concerns\CallsCommands.php:29
C:\Users\USUARIO\Documents\Documentos Christian\Archivos Estudio\Sena\PROYECTO FORMATIVO\BackEnd\Conexion-EcoRisaralda\vendor\laravel\framework\src\Illuminate\Database\Console\Migrations\FreshCommand.php:81
C:\Users\USUARIO\Documents\Documentos Christian\Archivos Estudio\Sena\PROYECTO FORMATIVO\BackEnd\Conexion-EcoRisaralda\vendor\laravel\framework\src\Illuminate\Container\BoundMethod.php:36
C:\Users\USUARIO\Documents\Documentos Christian\Archivos Estudio\Sena\PROYECTO FORMATIVO\BackEnd\Conexion-EcoRisaralda\vendor\laravel\framework\src\Illuminate\Container\Util.php:43
C:\Users\USUARIO\Documents\Documentos Christian\Archivos Estudio\Sena\PROYECTO FORMATIVO\BackEnd\Conexion-EcoRisaralda\vendor\laravel\framework\src\Illuminate\Container\BoundMethod.php:96
C:\Users\USUARIO\Documents\Documentos Christian\Archivos Estudio\Sena\PROYECTO FORMATIVO\BackEnd\Conexion-EcoRisaralda\vendor\laravel\framework\src\Illuminate\Container\BoundMethod.php:35
C:\Users\USUARIO\Documents\Documentos Christian\Archivos Estudio\Sena\PROYECTO FORMATIVO\BackEnd\Conexion-EcoRisaralda\vendor\laravel\framework\src\Illuminate\Container\Container.php:799
C:\Users\USUARIO\Documents\Documentos Christian\Archivos Estudio\Sena\PROYECTO FORMATIVO\BackEnd\Conexion-EcoRisaralda\vendor\laravel\framework\src\Illuminate\Console\Command.php:211
C:\Users\USUARIO\Documents\Documentos Christian\Archivos Estudio\Sena\PROYECTO FORMATIVO\BackEnd\Conexion-EcoRisaralda\vendor\symfony\console\Command\Command.php:341
C:\Users\USUARIO\Documents\Documentos Christian\Archivos Estudio\Sena\PROYECTO FORMATIVO\BackEnd\Conexion-EcoRisaralda\vendor\laravel\framework\src\Illuminate\Console\Command.php:180
C:\Users\USUARIO\Documents\Documentos Christian\Archivos Estudio\Sena\PROYECTO FORMATIVO\BackEnd\Conexion-EcoRisaralda\vendor\symfony\console\Application.php:1079
C:\Users\USUARIO\Documents\Documentos Christian\Archivos Estudio\Sena\PROYECTO FORMATIVO\BackEnd\Conexion-EcoRisaralda\vendor\symfony\console\Application.php:356
C:\Users\USUARIO\Documents\Documentos Christian\Archivos Estudio\Sena\PROYECTO FORMATIVO\BackEnd\Conexion-EcoRisaralda\vendor\symfony\console\Application.php:195
C:\Users\USUARIO\Documents\Documentos Christian\Archivos Estudio\Sena\PROYECTO FORMATIVO\BackEnd\Conexion-EcoRisaralda\vendor\laravel\framework\src\Illuminate\Console\Application.php:165
C:\Users\USUARIO\Documents\Documentos Christian\Archivos Estudio\Sena\PROYECTO FORMATIVO\BackEnd\Conexion-EcoRisaralda\vendor\laravel\framework\src\Illuminate\Foundation\Console\Kernel.php:447
C:\Users\USUARIO\Documents\Documentos Christian\Archivos Estudio\Sena\PROYECTO FORMATIVO\BackEnd\Conexion-EcoRisaralda\vendor\laravel\framework\src\Illuminate\Testing\PendingCommand.php:451
C:\Users\USUARIO\Documents\Documentos Christian\Archivos Estudio\Sena\PROYECTO FORMATIVO\BackEnd\Conexion-EcoRisaralda\vendor\laravel\framework\src\Illuminate\Testing\PendingCommand.php:675
C:\Users\USUARIO\Documents\Documentos Christian\Archivos Estudio\Sena\PROYECTO FORMATIVO\BackEnd\Conexion-EcoRisaralda\vendor\laravel\framework\src\Illuminate\Foundation\Testing\Concerns\InteractsWithConsole.php:87
C:\Users\USUARIO\Documents\Documentos Christian\Archivos Estudio\Sena\PROYECTO FORMATIVO\BackEnd\Conexion-EcoRisaralda\vendor\laravel\framework\src\Illuminate\Foundation\Testing\RefreshDatabase.php:119
C:\Users\USUARIO\Documents\Documentos Christian\Archivos Estudio\Sena\PROYECTO FORMATIVO\BackEnd\Conexion-EcoRisaralda\vendor\laravel\framework\src\Illuminate\Foundation\Testing\RefreshDatabase.php:84
C:\Users\USUARIO\Documents\Documentos Christian\Archivos Estudio\Sena\PROYECTO FORMATIVO\BackEnd\Conexion-EcoRisaralda\vendor\laravel\framework\src\Illuminate\Foundation\Testing\RefreshDatabase.php:25
C:\Users\USUARIO\Documents\Documentos Christian\Archivos Estudio\Sena\PROYECTO FORMATIVO\BackEnd\Conexion-EcoRisaralda\vendor\laravel\framework\src\Illuminate\Foundation\Testing\Concerns\InteractsWithTestCaseLifecycle.php:217
C:\Users\USUARIO\Documents\Documentos Christian\Archivos Estudio\Sena\PROYECTO FORMATIVO\BackEnd\Conexion-EcoRisaralda\vendor\laravel\framework\src\Illuminate\Foundation\Testing\Concerns\InteractsWithTestCaseLifecycle.php:101
C:\Users\USUARIO\Documents\Documentos Christian\Archivos Estudio\Sena\PROYECTO FORMATIVO\BackEnd\Conexion-EcoRisaralda\vendor\laravel\framework\src\Illuminate\Foundation\Testing\TestCase.php:63</error>
        </testcase>
        <testcase name="test_preferences_are_seeded_if_empty" file="C:\Users\USUARIO\Documents\Documentos Christian\Archivos Estudio\Sena\PROYECTO FORMATIVO\BackEnd\Conexion-EcoRisaralda\tests\Feature\PreferencesApiTest.php" line="26" class="Tests\Feature\PreferencesApiTest" classname="Tests.Feature.PreferencesApiTest" assertions="0" time="0.000000">
          <error type="Illuminate\Database\QueryException">Tests\Feature\PreferencesApiTest::test_preferences_are_seeded_if_empty&#13;
Illuminate\Database\QueryException: SQLSTATE[HY000]: General error: 1 near "MODIFY": syntax error (Connection: sqlite, Database: :memory:, SQL: ALTER TABLE users MODIFY status ENUM('pending','approved','rejected','active','inactive') DEFAULT 'active')
&#13;
C:\Users\USUARIO\Documents\Documentos Christian\Archivos Estudio\Sena\PROYECTO FORMATIVO\BackEnd\Conexion-EcoRisaralda\vendor\laravel\framework\src\Illuminate\Database\Connection.php:838
C:\Users\USUARIO\Documents\Documentos Christian\Archivos Estudio\Sena\PROYECTO FORMATIVO\BackEnd\Conexion-EcoRisaralda\vendor\laravel\framework\src\Illuminate\Database\Connection.php:794
C:\Users\USUARIO\Documents\Documentos Christian\Archivos Estudio\Sena\PROYECTO FORMATIVO\BackEnd\Conexion-EcoRisaralda\vendor\laravel\framework\src\Illuminate\Database\Connection.php:573
C:\Users\USUARIO\Documents\Documentos Christian\Archivos Estudio\Sena\PROYECTO FORMATIVO\BackEnd\Conexion-EcoRisaralda\vendor\laravel\framework\src\Illuminate\Database\DatabaseManager.php:491
C:\Users\USUARIO\Documents\Documentos Christian\Archivos Estudio\Sena\PROYECTO FORMATIVO\BackEnd\Conexion-EcoRisaralda\vendor\laravel\framework\src\Illuminate\Support\Facades\Facade.php:363
C:\Users\USUARIO\Documents\Documentos Christian\Archivos Estudio\Sena\PROYECTO FORMATIVO\BackEnd\Conexion-EcoRisaralda\database\migrations\2026_02_09_000001_add_inactive_to_status_enum_on_users_table.php:16
C:\Users\USUARIO\Documents\Documentos Christian\Archivos Estudio\Sena\PROYECTO FORMATIVO\BackEnd\Conexion-EcoRisaralda\vendor\laravel\framework\src\Illuminate\Database\Migrations\Migrator.php:517
C:\Users\USUARIO\Documents\Documentos Christian\Archivos Estudio\Sena\PROYECTO FORMATIVO\BackEnd\Conexion-EcoRisaralda\vendor\laravel\framework\src\Illuminate\Database\Migrations\Migrator.php:442
C:\Users\USUARIO\Documents\Documentos Christian\Archivos Estudio\Sena\PROYECTO FORMATIVO\BackEnd\Conexion-EcoRisaralda\vendor\laravel\framework\src\Illuminate\Database\Migrations\Migrator.php:451
C:\Users\USUARIO\Documents\Documentos Christian\Archivos Estudio\Sena\PROYECTO FORMATIVO\BackEnd\Conexion-EcoRisaralda\vendor\laravel\framework\src\Illuminate\Database\Migrations\Migrator.php:253
C:\Users\USUARIO\Documents\Documentos Christian\Archivos Estudio\Sena\PROYECTO FORMATIVO\BackEnd\Conexion-EcoRisaralda\vendor\laravel\framework\src\Illuminate\Console\View\Components\Task.php:41
C:\Users\USUARIO\Documents\Documentos Christian\Archivos Estudio\Sena\PROYECTO FORMATIVO\BackEnd\Conexion-EcoRisaralda\vendor\laravel\framework\src\Illuminate\Database\Migrations\Migrator.php:814
C:\Users\USUARIO\Documents\Documentos Christian\Archivos Estudio\Sena\PROYECTO FORMATIVO\BackEnd\Conexion-EcoRisaralda\vendor\laravel\framework\src\Illuminate\Database\Migrations\Migrator.php:253
C:\Users\USUARIO\Documents\Documentos Christian\Archivos Estudio\Sena\PROYECTO FORMATIVO\BackEnd\Conexion-EcoRisaralda\vendor\laravel\framework\src\Illuminate\Database\Migrations\Migrator.php:211
C:\Users\USUARIO\Documents\Documentos Christian\Archivos Estudio\Sena\PROYECTO FORMATIVO\BackEnd\Conexion-EcoRisaralda\vendor\laravel\framework\src\Illuminate\Database\Migrations\Migrator.php:138
C:\Users\USUARIO\Documents\Documentos Christian\Archivos Estudio\Sena\PROYECTO FORMATIVO\BackEnd\Conexion-EcoRisaralda\vendor\laravel\framework\src\Illuminate\Database\Console\Migrations\MigrateCommand.php:116
C:\Users\USUARIO\Documents\Documentos Christian\Archivos Estudio\Sena\PROYECTO FORMATIVO\BackEnd\Conexion-EcoRisaralda\vendor\laravel\framework\src\Illuminate\Database\Migrations\Migrator.php:671
C:\Users\USUARIO\Documents\Documentos Christian\Archivos Estudio\Sena\PROYECTO FORMATIVO\BackEnd\Conexion-EcoRisaralda\vendor\laravel\framework\src\Illuminate\Database\Console\Migrations\MigrateCommand.php:109
C:\Users\USUARIO\Documents\Documentos Christian\Archivos Estudio\Sena\PROYECTO FORMATIVO\BackEnd\Conexion-EcoRisaralda\vendor\laravel\framework\src\Illuminate\Database\Console\Migrations\MigrateCommand.php:88
C:\Users\USUARIO\Documents\Documentos Christian\Archivos Estudio\Sena\PROYECTO FORMATIVO\BackEnd\Conexion-EcoRisaralda\vendor\laravel\framework\src\Illuminate\Container\BoundMethod.php:36
C:\Users\USUARIO\Documents\Documentos Christian\Archivos Estudio\Sena\PROYECTO FORMATIVO\BackEnd\Conexion-EcoRisaralda\vendor\laravel\framework\src\Illuminate\Container\Util.php:43
C:\Users\USUARIO\Documents\Documentos Christian\Archivos Estudio\Sena\PROYECTO FORMATIVO\BackEnd\Conexion-EcoRisaralda\vendor\laravel\framework\src\Illuminate\Container\BoundMethod.php:96
C:\Users\USUARIO\Documents\Documentos Christian\Archivos Estudio\Sena\PROYECTO FORMATIVO\BackEnd\Conexion-EcoRisaralda\vendor\laravel\framework\src\Illuminate\Container\BoundMethod.php:35
C:\Users\USUARIO\Documents\Documentos Christian\Archivos Estudio\Sena\PROYECTO FORMATIVO\BackEnd\Conexion-EcoRisaralda\vendor\laravel\framework\src\Illuminate\Container\Container.php:799
C:\Users\USUARIO\Documents\Documentos Christian\Archivos Estudio\Sena\PROYECTO FORMATIVO\BackEnd\Conexion-EcoRisaralda\vendor\laravel\framework\src\Illuminate\Console\Command.php:211
C:\Users\USUARIO\Documents\Documentos Christian\Archivos Estudio\Sena\PROYECTO FORMATIVO\BackEnd\Conexion-EcoRisaralda\vendor\symfony\console\Command\Command.php:341
C:\Users\USUARIO\Documents\Documentos Christian\Archivos Estudio\Sena\PROYECTO FORMATIVO\BackEnd\Conexion-EcoRisaralda\vendor\laravel\framework\src\Illuminate\Console\Command.php:180
C:\Users\USUARIO\Documents\Documentos Christian\Archivos Estudio\Sena\PROYECTO FORMATIVO\BackEnd\Conexion-EcoRisaralda\vendor\laravel\framework\src\Illuminate\Console\Concerns\CallsCommands.php:68
C:\Users\USUARIO\Documents\Documentos Christian\Archivos Estudio\Sena\PROYECTO FORMATIVO\BackEnd\Conexion-EcoRisaralda\vendor\laravel\framework\src\Illuminate\Console\Concerns\CallsCommands.php:29
C:\Users\USUARIO\Documents\Documentos Christian\Archivos Estudio\Sena\PROYECTO FORMATIVO\BackEnd\Conexion-EcoRisaralda\vendor\laravel\framework\src\Illuminate\Database\Console\Migrations\FreshCommand.php:81
C:\Users\USUARIO\Documents\Documentos Christian\Archivos Estudio\Sena\PROYECTO FORMATIVO\BackEnd\Conexion-EcoRisaralda\vendor\laravel\framework\src\Illuminate\Container\BoundMethod.php:36
C:\Users\USUARIO\Documents\Documentos Christian\Archivos Estudio\Sena\PROYECTO FORMATIVO\BackEnd\Conexion-EcoRisaralda\vendor\laravel\framework\src\Illuminate\Container\Util.php:43
C:\Users\USUARIO\Documents\Documentos Christian\Archivos Estudio\Sena\PROYECTO FORMATIVO\BackEnd\Conexion-EcoRisaralda\vendor\laravel\framework\src\Illuminate\Container\BoundMethod.php:96
C:\Users\USUARIO\Documents\Documentos Christian\Archivos Estudio\Sena\PROYECTO FORMATIVO\BackEnd\Conexion-EcoRisaralda\vendor\laravel\framework\src\Illuminate\Container\BoundMethod.php:35
C:\Users\USUARIO\Documents\Documentos Christian\Archivos Estudio\Sena\PROYECTO FORMATIVO\BackEnd\Conexion-EcoRisaralda\vendor\laravel\framework\src\Illuminate\Container\Container.php:799
C:\Users\USUARIO\Documents\Documentos Christian\Archivos Estudio\Sena\PROYECTO FORMATIVO\BackEnd\Conexion-EcoRisaralda\vendor\laravel\framework\src\Illuminate\Console\Command.php:211
C:\Users\USUARIO\Documents\Documentos Christian\Archivos Estudio\Sena\PROYECTO FORMATIVO\BackEnd\Conexion-EcoRisaralda\vendor\symfony\console\Command\Command.php:341
C:\Users\USUARIO\Documents\Documentos Christian\Archivos Estudio\Sena\PROYECTO FORMATIVO\BackEnd\Conexion-EcoRisaralda\vendor\laravel\framework\src\Illuminate\Console\Command.php:180
C:\Users\USUARIO\Documents\Documentos Christian\Archivos Estudio\Sena\PROYECTO FORMATIVO\BackEnd\Conexion-EcoRisaralda\vendor\symfony\console\Application.php:1079
C:\Users\USUARIO\Documents\Documentos Christian\Archivos Estudio\Sena\PROYECTO FORMATIVO\BackEnd\Conexion-EcoRisaralda\vendor\symfony\console\Application.php:356
C:\Users\USUARIO\Documents\Documentos Christian\Archivos Estudio\Sena\PROYECTO FORMATIVO\BackEnd\Conexion-EcoRisaralda\vendor\symfony\console\Application.php:195
C:\Users\USUARIO\Documents\Documentos Christian\Archivos Estudio\Sena\PROYECTO FORMATIVO\BackEnd\Conexion-EcoRisaralda\vendor\laravel\framework\src\Illuminate\Console\Application.php:165
C:\Users\USUARIO\Documents\Documentos Christian\Archivos Estudio\Sena\PROYECTO FORMATIVO\BackEnd\Conexion-EcoRisaralda\vendor\laravel\framework\src\Illuminate\Foundation\Console\Kernel.php:447
C:\Users\USUARIO\Documents\Documentos Christian\Archivos Estudio\Sena\PROYECTO FORMATIVO\BackEnd\Conexion-EcoRisaralda\vendor\laravel\framework\src\Illuminate\Testing\PendingCommand.php:451
C:\Users\USUARIO\Documents\Documentos Christian\Archivos Estudio\Sena\PROYECTO FORMATIVO\BackEnd\Conexion-EcoRisaralda\vendor\laravel\framework\src\Illuminate\Testing\PendingCommand.php:675
C:\Users\USUARIO\Documents\Documentos Christian\Archivos Estudio\Sena\PROYECTO FORMATIVO\BackEnd\Conexion-EcoRisaralda\vendor\laravel\framework\src\Illuminate\Foundation\Testing\Concerns\InteractsWithConsole.php:87
C:\Users\USUARIO\Documents\Documentos Christian\Archivos Estudio\Sena\PROYECTO FORMATIVO\BackEnd\Conexion-EcoRisaralda\vendor\laravel\framework\src\Illuminate\Foundation\Testing\RefreshDatabase.php:119
C:\Users\USUARIO\Documents\Documentos Christian\Archivos Estudio\Sena\PROYECTO FORMATIVO\BackEnd\Conexion-EcoRisaralda\vendor\laravel\framework\src\Illuminate\Foundation\Testing\RefreshDatabase.php:84
C:\Users\USUARIO\Documents\Documentos Christian\Archivos Estudio\Sena\PROYECTO FORMATIVO\BackEnd\Conexion-EcoRisaralda\vendor\laravel\framework\src\Illuminate\Foundation\Testing\RefreshDatabase.php:25
C:\Users\USUARIO\Documents\Documentos Christian\Archivos Estudio\Sena\PROYECTO FORMATIVO\BackEnd\Conexion-EcoRisaralda\vendor\laravel\framework\src\Illuminate\Foundation\Testing\Concerns\InteractsWithTestCaseLifecycle.php:217
C:\Users\USUARIO\Documents\Documentos Christian\Archivos Estudio\Sena\PROYECTO FORMATIVO\BackEnd\Conexion-EcoRisaralda\vendor\laravel\framework\src\Illuminate\Foundation\Testing\Concerns\InteractsWithTestCaseLifecycle.php:101
C:\Users\USUARIO\Documents\Documentos Christian\Archivos Estudio\Sena\PROYECTO FORMATIVO\BackEnd\Conexion-EcoRisaralda\vendor\laravel\framework\src\Illuminate\Foundation\Testing\TestCase.php:63</error>
        </testcase>
        <testcase name="test_user_can_get_their_preferences" file="C:\Users\USUARIO\Documents\Documentos Christian\Archivos Estudio\Sena\PROYECTO FORMATIVO\BackEnd\Conexion-EcoRisaralda\tests\Feature\PreferencesApiTest.php" line="34" class="Tests\Feature\PreferencesApiTest" classname="Tests.Feature.PreferencesApiTest" assertions="0" time="0.000000">
          <error type="Illuminate\Database\QueryException">Tests\Feature\PreferencesApiTest::test_user_can_get_their_preferences&#13;
Illuminate\Database\QueryException: SQLSTATE[HY000]: General error: 1 near "MODIFY": syntax error (Connection: sqlite, Database: :memory:, SQL: ALTER TABLE users MODIFY status ENUM('pending','approved','rejected','active','inactive') DEFAULT 'active')
&#13;
C:\Users\USUARIO\Documents\Documentos Christian\Archivos Estudio\Sena\PROYECTO FORMATIVO\BackEnd\Conexion-EcoRisaralda\vendor\laravel\framework\src\Illuminate\Database\Connection.php:838
C:\Users\USUARIO\Documents\Documentos Christian\Archivos Estudio\Sena\PROYECTO FORMATIVO\BackEnd\Conexion-EcoRisaralda\vendor\laravel\framework\src\Illuminate\Database\Connection.php:794
C:\Users\USUARIO\Documents\Documentos Christian\Archivos Estudio\Sena\PROYECTO FORMATIVO\BackEnd\Conexion-EcoRisaralda\vendor\laravel\framework\src\Illuminate\Database\Connection.php:573
C:\Users\USUARIO\Documents\Documentos Christian\Archivos Estudio\Sena\PROYECTO FORMATIVO\BackEnd\Conexion-EcoRisaralda\vendor\laravel\framework\src\Illuminate\Database\DatabaseManager.php:491
C:\Users\USUARIO\Documents\Documentos Christian\Archivos Estudio\Sena\PROYECTO FORMATIVO\BackEnd\Conexion-EcoRisaralda\vendor\laravel\framework\src\Illuminate\Support\Facades\Facade.php:363
C:\Users\USUARIO\Documents\Documentos Christian\Archivos Estudio\Sena\PROYECTO FORMATIVO\BackEnd\Conexion-EcoRisaralda\database\migrations\2026_02_09_000001_add_inactive_to_status_enum_on_users_table.php:16
C:\Users\USUARIO\Documents\Documentos Christian\Archivos Estudio\Sena\PROYECTO FORMATIVO\BackEnd\Conexion-EcoRisaralda\vendor\laravel\framework\src\Illuminate\Database\Migrations\Migrator.php:517
C:\Users\USUARIO\Documents\Documentos Christian\Archivos Estudio\Sena\PROYECTO FORMATIVO\BackEnd\Conexion-EcoRisaralda\vendor\laravel\framework\src\Illuminate\Database\Migrations\Migrator.php:442
C:\Users\USUARIO\Documents\Documentos Christian\Archivos Estudio\Sena\PROYECTO FORMATIVO\BackEnd\Conexion-EcoRisaralda\vendor\laravel\framework\src\Illuminate\Database\Migrations\Migrator.php:451
C:\Users\USUARIO\Documents\Documentos Christian\Archivos Estudio\Sena\PROYECTO FORMATIVO\BackEnd\Conexion-EcoRisaralda\vendor\laravel\framework\src\Illuminate\Database\Migrations\Migrator.php:253
C:\Users\USUARIO\Documents\Documentos Christian\Archivos Estudio\Sena\PROYECTO FORMATIVO\BackEnd\Conexion-EcoRisaralda\vendor\laravel\framework\src\Illuminate\Console\View\Components\Task.php:41
C:\Users\USUARIO\Documents\Documentos Christian\Archivos Estudio\Sena\PROYECTO FORMATIVO\BackEnd\Conexion-EcoRisaralda\vendor\laravel\framework\src\Illuminate\Database\Migrations\Migrator.php:814
C:\Users\USUARIO\Documents\Documentos Christian\Archivos Estudio\Sena\PROYECTO FORMATIVO\BackEnd\Conexion-EcoRisaralda\vendor\laravel\framework\src\Illuminate\Database\Migrations\Migrator.php:253
C:\Users\USUARIO\Documents\Documentos Christian\Archivos Estudio\Sena\PROYECTO FORMATIVO\BackEnd\Conexion-EcoRisaralda\vendor\laravel\framework\src\Illuminate\Database\Migrations\Migrator.php:211
C:\Users\USUARIO\Documents\Documentos Christian\Archivos Estudio\Sena\PROYECTO FORMATIVO\BackEnd\Conexion-EcoRisaralda\vendor\laravel\framework\src\Illuminate\Database\Migrations\Migrator.php:138
C:\Users\USUARIO\Documents\Documentos Christian\Archivos Estudio\Sena\PROYECTO FORMATIVO\BackEnd\Conexion-EcoRisaralda\vendor\laravel\framework\src\Illuminate\Database\Console\Migrations\MigrateCommand.php:116
C:\Users\USUARIO\Documents\Documentos Christian\Archivos Estudio\Sena\PROYECTO FORMATIVO\BackEnd\Conexion-EcoRisaralda\vendor\laravel\framework\src\Illuminate\Database\Migrations\Migrator.php:671
C:\Users\USUARIO\Documents\Documentos Christian\Archivos Estudio\Sena\PROYECTO FORMATIVO\BackEnd\Conexion-EcoRisaralda\vendor\laravel\framework\src\Illuminate\Database\Console\Migrations\MigrateCommand.php:109
C:\Users\USUARIO\Documents\Documentos Christian\Archivos Estudio\Sena\PROYECTO FORMATIVO\BackEnd\Conexion-EcoRisaralda\vendor\laravel\framework\src\Illuminate\Database\Console\Migrations\MigrateCommand.php:88
C:\Users\USUARIO\Documents\Documentos Christian\Archivos Estudio\Sena\PROYECTO FORMATIVO\BackEnd\Conexion-EcoRisaralda\vendor\laravel\framework\src\Illuminate\Container\BoundMethod.php:36
C:\Users\USUARIO\Documents\Documentos Christian\Archivos Estudio\Sena\PROYECTO FORMATIVO\BackEnd\Conexion-EcoRisaralda\vendor\laravel\framework\src\Illuminate\Container\Util.php:43
C:\Users\USUARIO\Documents\Documentos Christian\Archivos Estudio\Sena\PROYECTO FORMATIVO\BackEnd\Conexion-EcoRisaralda\vendor\laravel\framework\src\Illuminate\Container\BoundMethod.php:96
C:\Users\USUARIO\Documents\Documentos Christian\Archivos Estudio\Sena\PROYECTO FORMATIVO\BackEnd\Conexion-EcoRisaralda\vendor\laravel\framework\src\Illuminate\Container\BoundMethod.php:35
C:\Users\USUARIO\Documents\Documentos Christian\Archivos Estudio\Sena\PROYECTO FORMATIVO\BackEnd\Conexion-EcoRisaralda\vendor\laravel\framework\src\Illuminate\Container\Container.php:799
C:\Users\USUARIO\Documents\Documentos Christian\Archivos Estudio\Sena\PROYECTO FORMATIVO\BackEnd\Conexion-EcoRisaralda\vendor\laravel\framework\src\Illuminate\Console\Command.php:211
C:\Users\USUARIO\Documents\Documentos Christian\Archivos Estudio\Sena\PROYECTO FORMATIVO\BackEnd\Conexion-EcoRisaralda\vendor\symfony\console\Command\Command.php:341
C:\Users\USUARIO\Documents\Documentos Christian\Archivos Estudio\Sena\PROYECTO FORMATIVO\BackEnd\Conexion-EcoRisaralda\vendor\laravel\framework\src\Illuminate\Console\Command.php:180
C:\Users\USUARIO\Documents\Documentos Christian\Archivos Estudio\Sena\PROYECTO FORMATIVO\BackEnd\Conexion-EcoRisaralda\vendor\laravel\framework\src\Illuminate\Console\Concerns\CallsCommands.php:68
C:\Users\USUARIO\Documents\Documentos Christian\Archivos Estudio\Sena\PROYECTO FORMATIVO\BackEnd\Conexion-EcoRisaralda\vendor\laravel\framework\src\Illuminate\Console\Concerns\CallsCommands.php:29
C:\Users\USUARIO\Documents\Documentos Christian\Archivos Estudio\Sena\PROYECTO FORMATIVO\BackEnd\Conexion-EcoRisaralda\vendor\laravel\framework\src\Illuminate\Database\Console\Migrations\FreshCommand.php:81
C:\Users\USUARIO\Documents\Documentos Christian\Archivos Estudio\Sena\PROYECTO FORMATIVO\BackEnd\Conexion-EcoRisaralda\vendor\laravel\framework\src\Illuminate\Container\BoundMethod.php:36
C:\Users\USUARIO\Documents\Documentos Christian\Archivos Estudio\Sena\PROYECTO FORMATIVO\BackEnd\Conexion-EcoRisaralda\vendor\laravel\framework\src\Illuminate\Container\Util.php:43
C:\Users\USUARIO\Documents\Documentos Christian\Archivos Estudio\Sena\PROYECTO FORMATIVO\BackEnd\Conexion-EcoRisaralda\vendor\laravel\framework\src\Illuminate\Container\BoundMethod.php:96
C:\Users\USUARIO\Documents\Documentos Christian\Archivos Estudio\Sena\PROYECTO FORMATIVO\BackEnd\Conexion-EcoRisaralda\vendor\laravel\framework\src\Illuminate\Container\BoundMethod.php:35
C:\Users\USUARIO\Documents\Documentos Christian\Archivos Estudio\Sena\PROYECTO FORMATIVO\BackEnd\Conexion-EcoRisaralda\vendor\laravel\framework\src\Illuminate\Container\Container.php:799
C:\Users\USUARIO\Documents\Documentos Christian\Archivos Estudio\Sena\PROYECTO FORMATIVO\BackEnd\Conexion-EcoRisaralda\vendor\laravel\framework\src\Illuminate\Console\Command.php:211
C:\Users\USUARIO\Documents\Documentos Christian\Archivos Estudio\Sena\PROYECTO FORMATIVO\BackEnd\Conexion-EcoRisaralda\vendor\symfony\console\Command\Command.php:341
C:\Users\USUARIO\Documents\Documentos Christian\Archivos Estudio\Sena\PROYECTO FORMATIVO\BackEnd\Conexion-EcoRisaralda\vendor\laravel\framework\src\Illuminate\Console\Command.php:180
C:\Users\USUARIO\Documents\Documentos Christian\Archivos Estudio\Sena\PROYECTO FORMATIVO\BackEnd\Conexion-EcoRisaralda\vendor\symfony\console\Application.php:1079
C:\Users\USUARIO\Documents\Documentos Christian\Archivos Estudio\Sena\PROYECTO FORMATIVO\BackEnd\Conexion-EcoRisaralda\vendor\symfony\console\Application.php:356
C:\Users\USUARIO\Documents\Documentos Christian\Archivos Estudio\Sena\PROYECTO FORMATIVO\BackEnd\Conexion-EcoRisaralda\vendor\symfony\console\Application.php:195
C:\Users\USUARIO\Documents\Documentos Christian\Archivos Estudio\Sena\PROYECTO FORMATIVO\BackEnd\Conexion-EcoRisaralda\vendor\laravel\framework\src\Illuminate\Console\Application.php:165
C:\Users\USUARIO\Documents\Documentos Christian\Archivos Estudio\Sena\PROYECTO FORMATIVO\BackEnd\Conexion-EcoRisaralda\vendor\laravel\framework\src\Illuminate\Foundation\Console\Kernel.php:447
C:\Users\USUARIO\Documents\Documentos Christian\Archivos Estudio\Sena\PROYECTO FORMATIVO\BackEnd\Conexion-EcoRisaralda\vendor\laravel\framework\src\Illuminate\Testing\PendingCommand.php:451
C:\Users\USUARIO\Documents\Documentos Christian\Archivos Estudio\Sena\PROYECTO FORMATIVO\BackEnd\Conexion-EcoRisaralda\vendor\laravel\framework\src\Illuminate\Testing\PendingCommand.php:675
C:\Users\USUARIO\Documents\Documentos Christian\Archivos Estudio\Sena\PROYECTO FORMATIVO\BackEnd\Conexion-EcoRisaralda\vendor\laravel\framework\src\Illuminate\Foundation\Testing\Concerns\InteractsWithConsole.php:87
C:\Users\USUARIO\Documents\Documentos Christian\Archivos Estudio\Sena\PROYECTO FORMATIVO\BackEnd\Conexion-EcoRisaralda\vendor\laravel\framework\src\Illuminate\Foundation\Testing\RefreshDatabase.php:119
C:\Users\USUARIO\Documents\Documentos Christian\Archivos Estudio\Sena\PROYECTO FORMATIVO\BackEnd\Conexion-EcoRisaralda\vendor\laravel\framework\src\Illuminate\Foundation\Testing\RefreshDatabase.php:84
C:\Users\USUARIO\Documents\Documentos Christian\Archivos Estudio\Sena\PROYECTO FORMATIVO\BackEnd\Conexion-EcoRisaralda\vendor\laravel\framework\src\Illuminate\Foundation\Testing\RefreshDatabase.php:25
C:\Users\USUARIO\Documents\Documentos Christian\Archivos Estudio\Sena\PROYECTO FORMATIVO\BackEnd\Conexion-EcoRisaralda\vendor\laravel\framework\src\Illuminate\Foundation\Testing\Concerns\InteractsWithTestCaseLifecycle.php:217
C:\Users\USUARIO\Documents\Documentos Christian\Archivos Estudio\Sena\PROYECTO FORMATIVO\BackEnd\Conexion-EcoRisaralda\vendor\laravel\framework\src\Illuminate\Foundation\Testing\Concerns\InteractsWithTestCaseLifecycle.php:101
C:\Users\USUARIO\Documents\Documentos Christian\Archivos Estudio\Sena\PROYECTO FORMATIVO\BackEnd\Conexion-EcoRisaralda\vendor\laravel\framework\src\Illuminate\Foundation\Testing\TestCase.php:63</error>
        </testcase>
        <testcase name="test_user_can_update_preferences" file="C:\Users\USUARIO\Documents\Documentos Christian\Archivos Estudio\Sena\PROYECTO FORMATIVO\BackEnd\Conexion-EcoRisaralda\tests\Feature\PreferencesApiTest.php" line="43" class="Tests\Feature\PreferencesApiTest" classname="Tests.Feature.PreferencesApiTest" assertions="0" time="0.000000">
          <error type="Illuminate\Database\QueryException">Tests\Feature\PreferencesApiTest::test_user_can_update_preferences&#13;
Illuminate\Database\QueryException: SQLSTATE[HY000]: General error: 1 near "MODIFY": syntax error (Connection: sqlite, Database: :memory:, SQL: ALTER TABLE users MODIFY status ENUM('pending','approved','rejected','active','inactive') DEFAULT 'active')
&#13;
C:\Users\USUARIO\Documents\Documentos Christian\Archivos Estudio\Sena\PROYECTO FORMATIVO\BackEnd\Conexion-EcoRisaralda\vendor\laravel\framework\src\Illuminate\Database\Connection.php:838
C:\Users\USUARIO\Documents\Documentos Christian\Archivos Estudio\Sena\PROYECTO FORMATIVO\BackEnd\Conexion-EcoRisaralda\vendor\laravel\framework\src\Illuminate\Database\Connection.php:794
C:\Users\USUARIO\Documents\Documentos Christian\Archivos Estudio\Sena\PROYECTO FORMATIVO\BackEnd\Conexion-EcoRisaralda\vendor\laravel\framework\src\Illuminate\Database\Connection.php:573
C:\Users\USUARIO\Documents\Documentos Christian\Archivos Estudio\Sena\PROYECTO FORMATIVO\BackEnd\Conexion-EcoRisaralda\vendor\laravel\framework\src\Illuminate\Database\DatabaseManager.php:491
C:\Users\USUARIO\Documents\Documentos Christian\Archivos Estudio\Sena\PROYECTO FORMATIVO\BackEnd\Conexion-EcoRisaralda\vendor\laravel\framework\src\Illuminate\Support\Facades\Facade.php:363
C:\Users\USUARIO\Documents\Documentos Christian\Archivos Estudio\Sena\PROYECTO FORMATIVO\BackEnd\Conexion-EcoRisaralda\database\migrations\2026_02_09_000001_add_inactive_to_status_enum_on_users_table.php:16
C:\Users\USUARIO\Documents\Documentos Christian\Archivos Estudio\Sena\PROYECTO FORMATIVO\BackEnd\Conexion-EcoRisaralda\vendor\laravel\framework\src\Illuminate\Database\Migrations\Migrator.php:517
C:\Users\USUARIO\Documents\Documentos Christian\Archivos Estudio\Sena\PROYECTO FORMATIVO\BackEnd\Conexion-EcoRisaralda\vendor\laravel\framework\src\Illuminate\Database\Migrations\Migrator.php:442
C:\Users\USUARIO\Documents\Documentos Christian\Archivos Estudio\Sena\PROYECTO FORMATIVO\BackEnd\Conexion-EcoRisaralda\vendor\laravel\framework\src\Illuminate\Database\Migrations\Migrator.php:451
C:\Users\USUARIO\Documents\Documentos Christian\Archivos Estudio\Sena\PROYECTO FORMATIVO\BackEnd\Conexion-EcoRisaralda\vendor\laravel\framework\src\Illuminate\Database\Migrations\Migrator.php:253
C:\Users\USUARIO\Documents\Documentos Christian\Archivos Estudio\Sena\PROYECTO FORMATIVO\BackEnd\Conexion-EcoRisaralda\vendor\laravel\framework\src\Illuminate\Console\View\Components\Task.php:41
C:\Users\USUARIO\Documents\Documentos Christian\Archivos Estudio\Sena\PROYECTO FORMATIVO\BackEnd\Conexion-EcoRisaralda\vendor\laravel\framework\src\Illuminate\Database\Migrations\Migrator.php:814
C:\Users\USUARIO\Documents\Documentos Christian\Archivos Estudio\Sena\PROYECTO FORMATIVO\BackEnd\Conexion-EcoRisaralda\vendor\laravel\framework\src\Illuminate\Database\Migrations\Migrator.php:253
C:\Users\USUARIO\Documents\Documentos Christian\Archivos Estudio\Sena\PROYECTO FORMATIVO\BackEnd\Conexion-EcoRisaralda\vendor\laravel\framework\src\Illuminate\Database\Migrations\Migrator.php:211
C:\Users\USUARIO\Documents\Documentos Christian\Archivos Estudio\Sena\PROYECTO FORMATIVO\BackEnd\Conexion-EcoRisaralda\vendor\laravel\framework\src\Illuminate\Database\Migrations\Migrator.php:138
C:\Users\USUARIO\Documents\Documentos Christian\Archivos Estudio\Sena\PROYECTO FORMATIVO\BackEnd\Conexion-EcoRisaralda\vendor\laravel\framework\src\Illuminate\Database\Console\Migrations\MigrateCommand.php:116
C:\Users\USUARIO\Documents\Documentos Christian\Archivos Estudio\Sena\PROYECTO FORMATIVO\BackEnd\Conexion-EcoRisaralda\vendor\laravel\framework\src\Illuminate\Database\Migrations\Migrator.php:671
C:\Users\USUARIO\Documents\Documentos Christian\Archivos Estudio\Sena\PROYECTO FORMATIVO\BackEnd\Conexion-EcoRisaralda\vendor\laravel\framework\src\Illuminate\Database\Console\Migrations\MigrateCommand.php:109
C:\Users\USUARIO\Documents\Documentos Christian\Archivos Estudio\Sena\PROYECTO FORMATIVO\BackEnd\Conexion-EcoRisaralda\vendor\laravel\framework\src\Illuminate\Database\Console\Migrations\MigrateCommand.php:88
C:\Users\USUARIO\Documents\Documentos Christian\Archivos Estudio\Sena\PROYECTO FORMATIVO\BackEnd\Conexion-EcoRisaralda\vendor\laravel\framework\src\Illuminate\Container\BoundMethod.php:36
C:\Users\USUARIO\Documents\Documentos Christian\Archivos Estudio\Sena\PROYECTO FORMATIVO\BackEnd\Conexion-EcoRisaralda\vendor\laravel\framework\src\Illuminate\Container\Util.php:43
C:\Users\USUARIO\Documents\Documentos Christian\Archivos Estudio\Sena\PROYECTO FORMATIVO\BackEnd\Conexion-EcoRisaralda\vendor\laravel\framework\src\Illuminate\Container\BoundMethod.php:96
C:\Users\USUARIO\Documents\Documentos Christian\Archivos Estudio\Sena\PROYECTO FORMATIVO\BackEnd\Conexion-EcoRisaralda\vendor\laravel\framework\src\Illuminate\Container\BoundMethod.php:35
C:\Users\USUARIO\Documents\Documentos Christian\Archivos Estudio\Sena\PROYECTO FORMATIVO\BackEnd\Conexion-EcoRisaralda\vendor\laravel\framework\src\Illuminate\Container\Container.php:799
C:\Users\USUARIO\Documents\Documentos Christian\Archivos Estudio\Sena\PROYECTO FORMATIVO\BackEnd\Conexion-EcoRisaralda\vendor\laravel\framework\src\Illuminate\Console\Command.php:211
C:\Users\USUARIO\Documents\Documentos Christian\Archivos Estudio\Sena\PROYECTO FORMATIVO\BackEnd\Conexion-EcoRisaralda\vendor\symfony\console\Command\Command.php:341
C:\Users\USUARIO\Documents\Documentos Christian\Archivos Estudio\Sena\PROYECTO FORMATIVO\BackEnd\Conexion-EcoRisaralda\vendor\laravel\framework\src\Illuminate\Console\Command.php:180
C:\Users\USUARIO\Documents\Documentos Christian\Archivos Estudio\Sena\PROYECTO FORMATIVO\BackEnd\Conexion-EcoRisaralda\vendor\laravel\framework\src\Illuminate\Console\Concerns\CallsCommands.php:68
C:\Users\USUARIO\Documents\Documentos Christian\Archivos Estudio\Sena\PROYECTO FORMATIVO\BackEnd\Conexion-EcoRisaralda\vendor\laravel\framework\src\Illuminate\Console\Concerns\CallsCommands.php:29
C:\Users\USUARIO\Documents\Documentos Christian\Archivos Estudio\Sena\PROYECTO FORMATIVO\BackEnd\Conexion-EcoRisaralda\vendor\laravel\framework\src\Illuminate\Database\Console\Migrations\FreshCommand.php:81
C:\Users\USUARIO\Documents\Documentos Christian\Archivos Estudio\Sena\PROYECTO FORMATIVO\BackEnd\Conexion-EcoRisaralda\vendor\laravel\framework\src\Illuminate\Container\BoundMethod.php:36
C:\Users\USUARIO\Documents\Documentos Christian\Archivos Estudio\Sena\PROYECTO FORMATIVO\BackEnd\Conexion-EcoRisaralda\vendor\laravel\framework\src\Illuminate\Container\Util.php:43
C:\Users\USUARIO\Documents\Documentos Christian\Archivos Estudio\Sena\PROYECTO FORMATIVO\BackEnd\Conexion-EcoRisaralda\vendor\laravel\framework\src\Illuminate\Container\BoundMethod.php:96
C:\Users\USUARIO\Documents\Documentos Christian\Archivos Estudio\Sena\PROYECTO FORMATIVO\BackEnd\Conexion-EcoRisaralda\vendor\laravel\framework\src\Illuminate\Container\BoundMethod.php:35
C:\Users\USUARIO\Documents\Documentos Christian\Archivos Estudio\Sena\PROYECTO FORMATIVO\BackEnd\Conexion-EcoRisaralda\vendor\laravel\framework\src\Illuminate\Container\Container.php:799
C:\Users\USUARIO\Documents\Documentos Christian\Archivos Estudio\Sena\PROYECTO FORMATIVO\BackEnd\Conexion-EcoRisaralda\vendor\laravel\framework\src\Illuminate\Console\Command.php:211
C:\Users\USUARIO\Documents\Documentos Christian\Archivos Estudio\Sena\PROYECTO FORMATIVO\BackEnd\Conexion-EcoRisaralda\vendor\symfony\console\Command\Command.php:341
C:\Users\USUARIO\Documents\Documentos Christian\Archivos Estudio\Sena\PROYECTO FORMATIVO\BackEnd\Conexion-EcoRisaralda\vendor\laravel\framework\src\Illuminate\Console\Command.php:180
C:\Users\USUARIO\Documents\Documentos Christian\Archivos Estudio\Sena\PROYECTO FORMATIVO\BackEnd\Conexion-EcoRisaralda\vendor\symfony\console\Application.php:1079
C:\Users\USUARIO\Documents\Documentos Christian\Archivos Estudio\Sena\PROYECTO FORMATIVO\BackEnd\Conexion-EcoRisaralda\vendor\symfony\console\Application.php:356
C:\Users\USUARIO\Documents\Documentos Christian\Archivos Estudio\Sena\PROYECTO FORMATIVO\BackEnd\Conexion-EcoRisaralda\vendor\symfony\console\Application.php:195
C:\Users\USUARIO\Documents\Documentos Christian\Archivos Estudio\Sena\PROYECTO FORMATIVO\BackEnd\Conexion-EcoRisaralda\vendor\laravel\framework\src\Illuminate\Console\Application.php:165
C:\Users\USUARIO\Documents\Documentos Christian\Archivos Estudio\Sena\PROYECTO FORMATIVO\BackEnd\Conexion-EcoRisaralda\vendor\laravel\framework\src\Illuminate\Foundation\Console\Kernel.php:447
C:\Users\USUARIO\Documents\Documentos Christian\Archivos Estudio\Sena\PROYECTO FORMATIVO\BackEnd\Conexion-EcoRisaralda\vendor\laravel\framework\src\Illuminate\Testing\PendingCommand.php:451
C:\Users\USUARIO\Documents\Documentos Christian\Archivos Estudio\Sena\PROYECTO FORMATIVO\BackEnd\Conexion-EcoRisaralda\vendor\laravel\framework\src\Illuminate\Testing\PendingCommand.php:675
C:\Users\USUARIO\Documents\Documentos Christian\Archivos Estudio\Sena\PROYECTO FORMATIVO\BackEnd\Conexion-EcoRisaralda\vendor\laravel\framework\src\Illuminate\Foundation\Testing\Concerns\InteractsWithConsole.php:87
C:\Users\USUARIO\Documents\Documentos Christian\Archivos Estudio\Sena\PROYECTO FORMATIVO\BackEnd\Conexion-EcoRisaralda\vendor\laravel\framework\src\Illuminate\Foundation\Testing\RefreshDatabase.php:119
C:\Users\USUARIO\Documents\Documentos Christian\Archivos Estudio\Sena\PROYECTO FORMATIVO\BackEnd\Conexion-EcoRisaralda\vendor\laravel\framework\src\Illuminate\Foundation\Testing\RefreshDatabase.php:84
C:\Users\USUARIO\Documents\Documentos Christian\Archivos Estudio\Sena\PROYECTO FORMATIVO\BackEnd\Conexion-EcoRisaralda\vendor\laravel\framework\src\Illuminate\Foundation\Testing\RefreshDatabase.php:25
C:\Users\USUARIO\Documents\Documentos Christian\Archivos Estudio\Sena\PROYECTO FORMATIVO\BackEnd\Conexion-EcoRisaralda\vendor\laravel\framework\src\Illuminate\Foundation\Testing\Concerns\InteractsWithTestCaseLifecycle.php:217
C:\Users\USUARIO\Documents\Documentos Christian\Archivos Estudio\Sena\PROYECTO FORMATIVO\BackEnd\Conexion-EcoRisaralda\vendor\laravel\framework\src\Illuminate\Foundation\Testing\Concerns\InteractsWithTestCaseLifecycle.php:101
C:\Users\USUARIO\Documents\Documentos Christian\Archivos Estudio\Sena\PROYECTO FORMATIVO\BackEnd\Conexion-EcoRisaralda\vendor\laravel\framework\src\Illuminate\Foundation\Testing\TestCase.php:63</error>
        </testcase>
        <testcase name="test_first_time_preferences_flag" file="C:\Users\USUARIO\Documents\Documentos Christian\Archivos Estudio\Sena\PROYECTO FORMATIVO\BackEnd\Conexion-EcoRisaralda\tests\Feature\PreferencesApiTest.php" line="61" class="Tests\Feature\PreferencesApiTest" classname="Tests.Feature.PreferencesApiTest" assertions="0" time="0.000000">
          <error type="Illuminate\Database\QueryException">Tests\Feature\PreferencesApiTest::test_first_time_preferences_flag&#13;
Illuminate\Database\QueryException: SQLSTATE[HY000]: General error: 1 near "MODIFY": syntax error (Connection: sqlite, Database: :memory:, SQL: ALTER TABLE users MODIFY status ENUM('pending','approved','rejected','active','inactive') DEFAULT 'active')
&#13;
C:\Users\USUARIO\Documents\Documentos Christian\Archivos Estudio\Sena\PROYECTO FORMATIVO\BackEnd\Conexion-EcoRisaralda\vendor\laravel\framework\src\Illuminate\Database\Connection.php:838
C:\Users\USUARIO\Documents\Documentos Christian\Archivos Estudio\Sena\PROYECTO FORMATIVO\BackEnd\Conexion-EcoRisaralda\vendor\laravel\framework\src\Illuminate\Database\Connection.php:794
C:\Users\USUARIO\Documents\Documentos Christian\Archivos Estudio\Sena\PROYECTO FORMATIVO\BackEnd\Conexion-EcoRisaralda\vendor\laravel\framework\src\Illuminate\Database\Connection.php:573
C:\Users\USUARIO\Documents\Documentos Christian\Archivos Estudio\Sena\PROYECTO FORMATIVO\BackEnd\Conexion-EcoRisaralda\vendor\laravel\framework\src\Illuminate\Database\DatabaseManager.php:491
C:\Users\USUARIO\Documents\Documentos Christian\Archivos Estudio\Sena\PROYECTO FORMATIVO\BackEnd\Conexion-EcoRisaralda\vendor\laravel\framework\src\Illuminate\Support\Facades\Facade.php:363
C:\Users\USUARIO\Documents\Documentos Christian\Archivos Estudio\Sena\PROYECTO FORMATIVO\BackEnd\Conexion-EcoRisaralda\database\migrations\2026_02_09_000001_add_inactive_to_status_enum_on_users_table.php:16
C:\Users\USUARIO\Documents\Documentos Christian\Archivos Estudio\Sena\PROYECTO FORMATIVO\BackEnd\Conexion-EcoRisaralda\vendor\laravel\framework\src\Illuminate\Database\Migrations\Migrator.php:517
C:\Users\USUARIO\Documents\Documentos Christian\Archivos Estudio\Sena\PROYECTO FORMATIVO\BackEnd\Conexion-EcoRisaralda\vendor\laravel\framework\src\Illuminate\Database\Migrations\Migrator.php:442
C:\Users\USUARIO\Documents\Documentos Christian\Archivos Estudio\Sena\PROYECTO FORMATIVO\BackEnd\Conexion-EcoRisaralda\vendor\laravel\framework\src\Illuminate\Database\Migrations\Migrator.php:451
C:\Users\USUARIO\Documents\Documentos Christian\Archivos Estudio\Sena\PROYECTO FORMATIVO\BackEnd\Conexion-EcoRisaralda\vendor\laravel\framework\src\Illuminate\Database\Migrations\Migrator.php:253
C:\Users\USUARIO\Documents\Documentos Christian\Archivos Estudio\Sena\PROYECTO FORMATIVO\BackEnd\Conexion-EcoRisaralda\vendor\laravel\framework\src\Illuminate\Console\View\Components\Task.php:41
C:\Users\USUARIO\Documents\Documentos Christian\Archivos Estudio\Sena\PROYECTO FORMATIVO\BackEnd\Conexion-EcoRisaralda\vendor\laravel\framework\src\Illuminate\Database\Migrations\Migrator.php:814
C:\Users\USUARIO\Documents\Documentos Christian\Archivos Estudio\Sena\PROYECTO FORMATIVO\BackEnd\Conexion-EcoRisaralda\vendor\laravel\framework\src\Illuminate\Database\Migrations\Migrator.php:253
C:\Users\USUARIO\Documents\Documentos Christian\Archivos Estudio\Sena\PROYECTO FORMATIVO\BackEnd\Conexion-EcoRisaralda\vendor\laravel\framework\src\Illuminate\Database\Migrations\Migrator.php:211
C:\Users\USUARIO\Documents\Documentos Christian\Archivos Estudio\Sena\PROYECTO FORMATIVO\BackEnd\Conexion-EcoRisaralda\vendor\laravel\framework\src\Illuminate\Database\Migrations\Migrator.php:138
C:\Users\USUARIO\Documents\Documentos Christian\Archivos Estudio\Sena\PROYECTO FORMATIVO\BackEnd\Conexion-EcoRisaralda\vendor\laravel\framework\src\Illuminate\Database\Console\Migrations\MigrateCommand.php:116
C:\Users\USUARIO\Documents\Documentos Christian\Archivos Estudio\Sena\PROYECTO FORMATIVO\BackEnd\Conexion-EcoRisaralda\vendor\laravel\framework\src\Illuminate\Database\Migrations\Migrator.php:671
C:\Users\USUARIO\Documents\Documentos Christian\Archivos Estudio\Sena\PROYECTO FORMATIVO\BackEnd\Conexion-EcoRisaralda\vendor\laravel\framework\src\Illuminate\Database\Console\Migrations\MigrateCommand.php:109
C:\Users\USUARIO\Documents\Documentos Christian\Archivos Estudio\Sena\PROYECTO FORMATIVO\BackEnd\Conexion-EcoRisaralda\vendor\laravel\framework\src\Illuminate\Database\Console\Migrations\MigrateCommand.php:88
C:\Users\USUARIO\Documents\Documentos Christian\Archivos Estudio\Sena\PROYECTO FORMATIVO\BackEnd\Conexion-EcoRisaralda\vendor\laravel\framework\src\Illuminate\Container\BoundMethod.php:36
C:\Users\USUARIO\Documents\Documentos Christian\Archivos Estudio\Sena\PROYECTO FORMATIVO\BackEnd\Conexion-EcoRisaralda\vendor\laravel\framework\src\Illuminate\Container\Util.php:43
C:\Users\USUARIO\Documents\Documentos Christian\Archivos Estudio\Sena\PROYECTO FORMATIVO\BackEnd\Conexion-EcoRisaralda\vendor\laravel\framework\src\Illuminate\Container\BoundMethod.php:96
C:\Users\USUARIO\Documents\Documentos Christian\Archivos Estudio\Sena\PROYECTO FORMATIVO\BackEnd\Conexion-EcoRisaralda\vendor\laravel\framework\src\Illuminate\Container\BoundMethod.php:35
C:\Users\USUARIO\Documents\Documentos Christian\Archivos Estudio\Sena\PROYECTO FORMATIVO\BackEnd\Conexion-EcoRisaralda\vendor\laravel\framework\src\Illuminate\Container\Container.php:799
C:\Users\USUARIO\Documents\Documentos Christian\Archivos Estudio\Sena\PROYECTO FORMATIVO\BackEnd\Conexion-EcoRisaralda\vendor\laravel\framework\src\Illuminate\Console\Command.php:211
C:\Users\USUARIO\Documents\Documentos Christian\Archivos Estudio\Sena\PROYECTO FORMATIVO\BackEnd\Conexion-EcoRisaralda\vendor\symfony\console\Command\Command.php:341
C:\Users\USUARIO\Documents\Documentos Christian\Archivos Estudio\Sena\PROYECTO FORMATIVO\BackEnd\Conexion-EcoRisaralda\vendor\laravel\framework\src\Illuminate\Console\Command.php:180
C:\Users\USUARIO\Documents\Documentos Christian\Archivos Estudio\Sena\PROYECTO FORMATIVO\BackEnd\Conexion-EcoRisaralda\vendor\laravel\framework\src\Illuminate\Console\Concerns\CallsCommands.php:68
C:\Users\USUARIO\Documents\Documentos Christian\Archivos Estudio\Sena\PROYECTO FORMATIVO\BackEnd\Conexion-EcoRisaralda\vendor\laravel\framework\src\Illuminate\Console\Concerns\CallsCommands.php:29
C:\Users\USUARIO\Documents\Documentos Christian\Archivos Estudio\Sena\PROYECTO FORMATIVO\BackEnd\Conexion-EcoRisaralda\vendor\laravel\framework\src\Illuminate\Database\Console\Migrations\FreshCommand.php:81
C:\Users\USUARIO\Documents\Documentos Christian\Archivos Estudio\Sena\PROYECTO FORMATIVO\BackEnd\Conexion-EcoRisaralda\vendor\laravel\framework\src\Illuminate\Container\BoundMethod.php:36
C:\Users\USUARIO\Documents\Documentos Christian\Archivos Estudio\Sena\PROYECTO FORMATIVO\BackEnd\Conexion-EcoRisaralda\vendor\laravel\framework\src\Illuminate\Container\Util.php:43
C:\Users\USUARIO\Documents\Documentos Christian\Archivos Estudio\Sena\PROYECTO FORMATIVO\BackEnd\Conexion-EcoRisaralda\vendor\laravel\framework\src\Illuminate\Container\BoundMethod.php:96
C:\Users\USUARIO\Documents\Documentos Christian\Archivos Estudio\Sena\PROYECTO FORMATIVO\BackEnd\Conexion-EcoRisaralda\vendor\laravel\framework\src\Illuminate\Container\BoundMethod.php:35
C:\Users\USUARIO\Documents\Documentos Christian\Archivos Estudio\Sena\PROYECTO FORMATIVO\BackEnd\Conexion-EcoRisaralda\vendor\laravel\framework\src\Illuminate\Container\Container.php:799
C:\Users\USUARIO\Documents\Documentos Christian\Archivos Estudio\Sena\PROYECTO FORMATIVO\BackEnd\Conexion-EcoRisaralda\vendor\laravel\framework\src\Illuminate\Console\Command.php:211
C:\Users\USUARIO\Documents\Documentos Christian\Archivos Estudio\Sena\PROYECTO FORMATIVO\BackEnd\Conexion-EcoRisaralda\vendor\symfony\console\Command\Command.php:341
C:\Users\USUARIO\Documents\Documentos Christian\Archivos Estudio\Sena\PROYECTO FORMATIVO\BackEnd\Conexion-EcoRisaralda\vendor\laravel\framework\src\Illuminate\Console\Command.php:180
C:\Users\USUARIO\Documents\Documentos Christian\Archivos Estudio\Sena\PROYECTO FORMATIVO\BackEnd\Conexion-EcoRisaralda\vendor\symfony\console\Application.php:1079
C:\Users\USUARIO\Documents\Documentos Christian\Archivos Estudio\Sena\PROYECTO FORMATIVO\BackEnd\Conexion-EcoRisaralda\vendor\symfony\console\Application.php:356
C:\Users\USUARIO\Documents\Documentos Christian\Archivos Estudio\Sena\PROYECTO FORMATIVO\BackEnd\Conexion-EcoRisaralda\vendor\symfony\console\Application.php:195
C:\Users\USUARIO\Documents\Documentos Christian\Archivos Estudio\Sena\PROYECTO FORMATIVO\BackEnd\Conexion-EcoRisaralda\vendor\laravel\framework\src\Illuminate\Console\Application.php:165
C:\Users\USUARIO\Documents\Documentos Christian\Archivos Estudio\Sena\PROYECTO FORMATIVO\BackEnd\Conexion-EcoRisaralda\vendor\laravel\framework\src\Illuminate\Foundation\Console\Kernel.php:447
C:\Users\USUARIO\Documents\Documentos Christian\Archivos Estudio\Sena\PROYECTO FORMATIVO\BackEnd\Conexion-EcoRisaralda\vendor\laravel\framework\src\Illuminate\Testing\PendingCommand.php:451
C:\Users\USUARIO\Documents\Documentos Christian\Archivos Estudio\Sena\PROYECTO FORMATIVO\BackEnd\Conexion-EcoRisaralda\vendor\laravel\framework\src\Illuminate\Testing\PendingCommand.php:675
C:\Users\USUARIO\Documents\Documentos Christian\Archivos Estudio\Sena\PROYECTO FORMATIVO\BackEnd\Conexion-EcoRisaralda\vendor\laravel\framework\src\Illuminate\Foundation\Testing\Concerns\InteractsWithConsole.php:87
C:\Users\USUARIO\Documents\Documentos Christian\Archivos Estudio\Sena\PROYECTO FORMATIVO\BackEnd\Conexion-EcoRisaralda\vendor\laravel\framework\src\Illuminate\Foundation\Testing\RefreshDatabase.php:119
C:\Users\USUARIO\Documents\Documentos Christian\Archivos Estudio\Sena\PROYECTO FORMATIVO\BackEnd\Conexion-EcoRisaralda\vendor\laravel\framework\src\Illuminate\Foundation\Testing\RefreshDatabase.php:84
C:\Users\USUARIO\Documents\Documentos Christian\Archivos Estudio\Sena\PROYECTO FORMATIVO\BackEnd\Conexion-EcoRisaralda\vendor\laravel\framework\src\Illuminate\Foundation\Testing\RefreshDatabase.php:25
C:\Users\USUARIO\Documents\Documentos Christian\Archivos Estudio\Sena\PROYECTO FORMATIVO\BackEnd\Conexion-EcoRisaralda\vendor\laravel\framework\src\Illuminate\Foundation\Testing\Concerns\InteractsWithTestCaseLifecycle.php:217
C:\Users\USUARIO\Documents\Documentos Christian\Archivos Estudio\Sena\PROYECTO FORMATIVO\BackEnd\Conexion-EcoRisaralda\vendor\laravel\framework\src\Illuminate\Foundation\Testing\Concerns\InteractsWithTestCaseLifecycle.php:101
C:\Users\USUARIO\Documents\Documentos Christian\Archivos Estudio\Sena\PROYECTO FORMATIVO\BackEnd\Conexion-EcoRisaralda\vendor\laravel\framework\src\Illuminate\Foundation\Testing\TestCase.php:63</error>
        </testcase>
        <testcase name="test_unauthenticated_user_cannot_update_preferences" file="C:\Users\USUARIO\Documents\Documentos Christian\Archivos Estudio\Sena\PROYECTO FORMATIVO\BackEnd\Conexion-EcoRisaralda\tests\Feature\PreferencesApiTest.php" line="71" class="Tests\Feature\PreferencesApiTest" classname="Tests.Feature.PreferencesApiTest" assertions="0" time="0.000000">
          <error type="Illuminate\Database\QueryException">Tests\Feature\PreferencesApiTest::test_unauthenticated_user_cannot_update_preferences&#13;
Illuminate\Database\QueryException: SQLSTATE[HY000]: General error: 1 near "MODIFY": syntax error (Connection: sqlite, Database: :memory:, SQL: ALTER TABLE users MODIFY status ENUM('pending','approved','rejected','active','inactive') DEFAULT 'active')
&#13;
C:\Users\USUARIO\Documents\Documentos Christian\Archivos Estudio\Sena\PROYECTO FORMATIVO\BackEnd\Conexion-EcoRisaralda\vendor\laravel\framework\src\Illuminate\Database\Connection.php:838
C:\Users\USUARIO\Documents\Documentos Christian\Archivos Estudio\Sena\PROYECTO FORMATIVO\BackEnd\Conexion-EcoRisaralda\vendor\laravel\framework\src\Illuminate\Database\Connection.php:794
C:\Users\USUARIO\Documents\Documentos Christian\Archivos Estudio\Sena\PROYECTO FORMATIVO\BackEnd\Conexion-EcoRisaralda\vendor\laravel\framework\src\Illuminate\Database\Connection.php:573
C:\Users\USUARIO\Documents\Documentos Christian\Archivos Estudio\Sena\PROYECTO FORMATIVO\BackEnd\Conexion-EcoRisaralda\vendor\laravel\framework\src\Illuminate\Database\DatabaseManager.php:491
C:\Users\USUARIO\Documents\Documentos Christian\Archivos Estudio\Sena\PROYECTO FORMATIVO\BackEnd\Conexion-EcoRisaralda\vendor\laravel\framework\src\Illuminate\Support\Facades\Facade.php:363
C:\Users\USUARIO\Documents\Documentos Christian\Archivos Estudio\Sena\PROYECTO FORMATIVO\BackEnd\Conexion-EcoRisaralda\database\migrations\2026_02_09_000001_add_inactive_to_status_enum_on_users_table.php:16
C:\Users\USUARIO\Documents\Documentos Christian\Archivos Estudio\Sena\PROYECTO FORMATIVO\BackEnd\Conexion-EcoRisaralda\vendor\laravel\framework\src\Illuminate\Database\Migrations\Migrator.php:517
C:\Users\USUARIO\Documents\Documentos Christian\Archivos Estudio\Sena\PROYECTO FORMATIVO\BackEnd\Conexion-EcoRisaralda\vendor\laravel\framework\src\Illuminate\Database\Migrations\Migrator.php:442
C:\Users\USUARIO\Documents\Documentos Christian\Archivos Estudio\Sena\PROYECTO FORMATIVO\BackEnd\Conexion-EcoRisaralda\vendor\laravel\framework\src\Illuminate\Database\Migrations\Migrator.php:451
C:\Users\USUARIO\Documents\Documentos Christian\Archivos Estudio\Sena\PROYECTO FORMATIVO\BackEnd\Conexion-EcoRisaralda\vendor\laravel\framework\src\Illuminate\Database\Migrations\Migrator.php:253
C:\Users\USUARIO\Documents\Documentos Christian\Archivos Estudio\Sena\PROYECTO FORMATIVO\BackEnd\Conexion-EcoRisaralda\vendor\laravel\framework\src\Illuminate\Console\View\Components\Task.php:41
C:\Users\USUARIO\Documents\Documentos Christian\Archivos Estudio\Sena\PROYECTO FORMATIVO\BackEnd\Conexion-EcoRisaralda\vendor\laravel\framework\src\Illuminate\Database\Migrations\Migrator.php:814
C:\Users\USUARIO\Documents\Documentos Christian\Archivos Estudio\Sena\PROYECTO FORMATIVO\BackEnd\Conexion-EcoRisaralda\vendor\laravel\framework\src\Illuminate\Database\Migrations\Migrator.php:253
C:\Users\USUARIO\Documents\Documentos Christian\Archivos Estudio\Sena\PROYECTO FORMATIVO\BackEnd\Conexion-EcoRisaralda\vendor\laravel\framework\src\Illuminate\Database\Migrations\Migrator.php:211
C:\Users\USUARIO\Documents\Documentos Christian\Archivos Estudio\Sena\PROYECTO FORMATIVO\BackEnd\Conexion-EcoRisaralda\vendor\laravel\framework\src\Illuminate\Database\Migrations\Migrator.php:138
C:\Users\USUARIO\Documents\Documentos Christian\Archivos Estudio\Sena\PROYECTO FORMATIVO\BackEnd\Conexion-EcoRisaralda\vendor\laravel\framework\src\Illuminate\Database\Console\Migrations\MigrateCommand.php:116
C:\Users\USUARIO\Documents\Documentos Christian\Archivos Estudio\Sena\PROYECTO FORMATIVO\BackEnd\Conexion-EcoRisaralda\vendor\laravel\framework\src\Illuminate\Database\Migrations\Migrator.php:671
C:\Users\USUARIO\Documents\Documentos Christian\Archivos Estudio\Sena\PROYECTO FORMATIVO\BackEnd\Conexion-EcoRisaralda\vendor\laravel\framework\src\Illuminate\Database\Console\Migrations\MigrateCommand.php:109
C:\Users\USUARIO\Documents\Documentos Christian\Archivos Estudio\Sena\PROYECTO FORMATIVO\BackEnd\Conexion-EcoRisaralda\vendor\laravel\framework\src\Illuminate\Database\Console\Migrations\MigrateCommand.php:88
C:\Users\USUARIO\Documents\Documentos Christian\Archivos Estudio\Sena\PROYECTO FORMATIVO\BackEnd\Conexion-EcoRisaralda\vendor\laravel\framework\src\Illuminate\Container\BoundMethod.php:36
C:\Users\USUARIO\Documents\Documentos Christian\Archivos Estudio\Sena\PROYECTO FORMATIVO\BackEnd\Conexion-EcoRisaralda\vendor\laravel\framework\src\Illuminate\Container\Util.php:43
C:\Users\USUARIO\Documents\Documentos Christian\Archivos Estudio\Sena\PROYECTO FORMATIVO\BackEnd\Conexion-EcoRisaralda\vendor\laravel\framework\src\Illuminate\Container\BoundMethod.php:96
C:\Users\USUARIO\Documents\Documentos Christian\Archivos Estudio\Sena\PROYECTO FORMATIVO\BackEnd\Conexion-EcoRisaralda\vendor\laravel\framework\src\Illuminate\Container\BoundMethod.php:35
C:\Users\USUARIO\Documents\Documentos Christian\Archivos Estudio\Sena\PROYECTO FORMATIVO\BackEnd\Conexion-EcoRisaralda\vendor\laravel\framework\src\Illuminate\Container\Container.php:799
C:\Users\USUARIO\Documents\Documentos Christian\Archivos Estudio\Sena\PROYECTO FORMATIVO\BackEnd\Conexion-EcoRisaralda\vendor\laravel\framework\src\Illuminate\Console\Command.php:211
C:\Users\USUARIO\Documents\Documentos Christian\Archivos Estudio\Sena\PROYECTO FORMATIVO\BackEnd\Conexion-EcoRisaralda\vendor\symfony\console\Command\Command.php:341
C:\Users\USUARIO\Documents\Documentos Christian\Archivos Estudio\Sena\PROYECTO FORMATIVO\BackEnd\Conexion-EcoRisaralda\vendor\laravel\framework\src\Illuminate\Console\Command.php:180
C:\Users\USUARIO\Documents\Documentos Christian\Archivos Estudio\Sena\PROYECTO FORMATIVO\BackEnd\Conexion-EcoRisaralda\vendor\laravel\framework\src\Illuminate\Console\Concerns\CallsCommands.php:68
C:\Users\USUARIO\Documents\Documentos Christian\Archivos Estudio\Sena\PROYECTO FORMATIVO\BackEnd\Conexion-EcoRisaralda\vendor\laravel\framework\src\Illuminate\Console\Concerns\CallsCommands.php:29
C:\Users\USUARIO\Documents\Documentos Christian\Archivos Estudio\Sena\PROYECTO FORMATIVO\BackEnd\Conexion-EcoRisaralda\vendor\laravel\framework\src\Illuminate\Database\Console\Migrations\FreshCommand.php:81
C:\Users\USUARIO\Documents\Documentos Christian\Archivos Estudio\Sena\PROYECTO FORMATIVO\BackEnd\Conexion-EcoRisaralda\vendor\laravel\framework\src\Illuminate\Container\BoundMethod.php:36
C:\Users\USUARIO\Documents\Documentos Christian\Archivos Estudio\Sena\PROYECTO FORMATIVO\BackEnd\Conexion-EcoRisaralda\vendor\laravel\framework\src\Illuminate\Container\Util.php:43
C:\Users\USUARIO\Documents\Documentos Christian\Archivos Estudio\Sena\PROYECTO FORMATIVO\BackEnd\Conexion-EcoRisaralda\vendor\laravel\framework\src\Illuminate\Container\BoundMethod.php:96
C:\Users\USUARIO\Documents\Documentos Christian\Archivos Estudio\Sena\PROYECTO FORMATIVO\BackEnd\Conexion-EcoRisaralda\vendor\laravel\framework\src\Illuminate\Container\BoundMethod.php:35
C:\Users\USUARIO\Documents\Documentos Christian\Archivos Estudio\Sena\PROYECTO FORMATIVO\BackEnd\Conexion-EcoRisaralda\vendor\laravel\framework\src\Illuminate\Container\Container.php:799
C:\Users\USUARIO\Documents\Documentos Christian\Archivos Estudio\Sena\PROYECTO FORMATIVO\BackEnd\Conexion-EcoRisaralda\vendor\laravel\framework\src\Illuminate\Console\Command.php:211
C:\Users\USUARIO\Documents\Documentos Christian\Archivos Estudio\Sena\PROYECTO FORMATIVO\BackEnd\Conexion-EcoRisaralda\vendor\symfony\console\Command\Command.php:341
C:\Users\USUARIO\Documents\Documentos Christian\Archivos Estudio\Sena\PROYECTO FORMATIVO\BackEnd\Conexion-EcoRisaralda\vendor\laravel\framework\src\Illuminate\Console\Command.php:180
C:\Users\USUARIO\Documents\Documentos Christian\Archivos Estudio\Sena\PROYECTO FORMATIVO\BackEnd\Conexion-EcoRisaralda\vendor\symfony\console\Application.php:1079
C:\Users\USUARIO\Documents\Documentos Christian\Archivos Estudio\Sena\PROYECTO FORMATIVO\BackEnd\Conexion-EcoRisaralda\vendor\symfony\console\Application.php:356
C:\Users\USUARIO\Documents\Documentos Christian\Archivos Estudio\Sena\PROYECTO FORMATIVO\BackEnd\Conexion-EcoRisaralda\vendor\symfony\console\Application.php:195
C:\Users\USUARIO\Documents\Documentos Christian\Archivos Estudio\Sena\PROYECTO FORMATIVO\BackEnd\Conexion-EcoRisaralda\vendor\laravel\framework\src\Illuminate\Console\Application.php:165
C:\Users\USUARIO\Documents\Documentos Christian\Archivos Estudio\Sena\PROYECTO FORMATIVO\BackEnd\Conexion-EcoRisaralda\vendor\laravel\framework\src\Illuminate\Foundation\Console\Kernel.php:447
C:\Users\USUARIO\Documents\Documentos Christian\Archivos Estudio\Sena\PROYECTO FORMATIVO\BackEnd\Conexion-EcoRisaralda\vendor\laravel\framework\src\Illuminate\Testing\PendingCommand.php:451
C:\Users\USUARIO\Documents\Documentos Christian\Archivos Estudio\Sena\PROYECTO FORMATIVO\BackEnd\Conexion-EcoRisaralda\vendor\laravel\framework\src\Illuminate\Testing\PendingCommand.php:675
C:\Users\USUARIO\Documents\Documentos Christian\Archivos Estudio\Sena\PROYECTO FORMATIVO\BackEnd\Conexion-EcoRisaralda\vendor\laravel\framework\src\Illuminate\Foundation\Testing\Concerns\InteractsWithConsole.php:87
C:\Users\USUARIO\Documents\Documentos Christian\Archivos Estudio\Sena\PROYECTO FORMATIVO\BackEnd\Conexion-EcoRisaralda\vendor\laravel\framework\src\Illuminate\Foundation\Testing\RefreshDatabase.php:119
C:\Users\USUARIO\Documents\Documentos Christian\Archivos Estudio\Sena\PROYECTO FORMATIVO\BackEnd\Conexion-EcoRisaralda\vendor\laravel\framework\src\Illuminate\Foundation\Testing\RefreshDatabase.php:84
C:\Users\USUARIO\Documents\Documentos Christian\Archivos Estudio\Sena\PROYECTO FORMATIVO\BackEnd\Conexion-EcoRisaralda\vendor\laravel\framework\src\Illuminate\Foundation\Testing\RefreshDatabase.php:25
C:\Users\USUARIO\Documents\Documentos Christian\Archivos Estudio\Sena\PROYECTO FORMATIVO\BackEnd\Conexion-EcoRisaralda\vendor\laravel\framework\src\Illuminate\Foundation\Testing\Concerns\InteractsWithTestCaseLifecycle.php:217
C:\Users\USUARIO\Documents\Documentos Christian\Archivos Estudio\Sena\PROYECTO FORMATIVO\BackEnd\Conexion-EcoRisaralda\vendor\laravel\framework\src\Illuminate\Foundation\Testing\Concerns\InteractsWithTestCaseLifecycle.php:101
C:\Users\USUARIO\Documents\Documentos Christian\Archivos Estudio\Sena\PROYECTO FORMATIVO\BackEnd\Conexion-EcoRisaralda\vendor\laravel\framework\src\Illuminate\Foundation\Testing\TestCase.php:63</error>
        </testcase>
      </testsuite>
      <testsuite name="Tests\Feature\ReviewsApiTest" file="C:\Users\USUARIO\Documents\Documentos Christian\Archivos Estudio\Sena\PROYECTO FORMATIVO\BackEnd\Conexion-EcoRisaralda\tests\Feature\ReviewsApiTest.php" tests="9" assertions="0" errors="9" failures="0" skipped="0" time="0.000000">
        <testcase name="test_user_can_create_review" file="C:\Users\USUARIO\Documents\Documentos Christian\Archivos Estudio\Sena\PROYECTO FORMATIVO\BackEnd\Conexion-EcoRisaralda\tests\Feature\ReviewsApiTest.php" line="21" class="Tests\Feature\ReviewsApiTest" classname="Tests.Feature.ReviewsApiTest" assertions="0" time="0.000000">
          <error type="Illuminate\Database\QueryException">Tests\Feature\ReviewsApiTest::test_user_can_create_review&#13;
Illuminate\Database\QueryException: SQLSTATE[HY000]: General error: 1 near "MODIFY": syntax error (Connection: sqlite, Database: :memory:, SQL: ALTER TABLE users MODIFY status ENUM('pending','approved','rejected','active','inactive') DEFAULT 'active')
&#13;
C:\Users\USUARIO\Documents\Documentos Christian\Archivos Estudio\Sena\PROYECTO FORMATIVO\BackEnd\Conexion-EcoRisaralda\vendor\laravel\framework\src\Illuminate\Database\Connection.php:838
C:\Users\USUARIO\Documents\Documentos Christian\Archivos Estudio\Sena\PROYECTO FORMATIVO\BackEnd\Conexion-EcoRisaralda\vendor\laravel\framework\src\Illuminate\Database\Connection.php:794
C:\Users\USUARIO\Documents\Documentos Christian\Archivos Estudio\Sena\PROYECTO FORMATIVO\BackEnd\Conexion-EcoRisaralda\vendor\laravel\framework\src\Illuminate\Database\Connection.php:573
C:\Users\USUARIO\Documents\Documentos Christian\Archivos Estudio\Sena\PROYECTO FORMATIVO\BackEnd\Conexion-EcoRisaralda\vendor\laravel\framework\src\Illuminate\Database\DatabaseManager.php:491
C:\Users\USUARIO\Documents\Documentos Christian\Archivos Estudio\Sena\PROYECTO FORMATIVO\BackEnd\Conexion-EcoRisaralda\vendor\laravel\framework\src\Illuminate\Support\Facades\Facade.php:363
C:\Users\USUARIO\Documents\Documentos Christian\Archivos Estudio\Sena\PROYECTO FORMATIVO\BackEnd\Conexion-EcoRisaralda\database\migrations\2026_02_09_000001_add_inactive_to_status_enum_on_users_table.php:16
C:\Users\USUARIO\Documents\Documentos Christian\Archivos Estudio\Sena\PROYECTO FORMATIVO\BackEnd\Conexion-EcoRisaralda\vendor\laravel\framework\src\Illuminate\Database\Migrations\Migrator.php:517
C:\Users\USUARIO\Documents\Documentos Christian\Archivos Estudio\Sena\PROYECTO FORMATIVO\BackEnd\Conexion-EcoRisaralda\vendor\laravel\framework\src\Illuminate\Database\Migrations\Migrator.php:442
C:\Users\USUARIO\Documents\Documentos Christian\Archivos Estudio\Sena\PROYECTO FORMATIVO\BackEnd\Conexion-EcoRisaralda\vendor\laravel\framework\src\Illuminate\Database\Migrations\Migrator.php:451
C:\Users\USUARIO\Documents\Documentos Christian\Archivos Estudio\Sena\PROYECTO FORMATIVO\BackEnd\Conexion-EcoRisaralda\vendor\laravel\framework\src\Illuminate\Database\Migrations\Migrator.php:253
C:\Users\USUARIO\Documents\Documentos Christian\Archivos Estudio\Sena\PROYECTO FORMATIVO\BackEnd\Conexion-EcoRisaralda\vendor\laravel\framework\src\Illuminate\Console\View\Components\Task.php:41
C:\Users\USUARIO\Documents\Documentos Christian\Archivos Estudio\Sena\PROYECTO FORMATIVO\BackEnd\Conexion-EcoRisaralda\vendor\laravel\framework\src\Illuminate\Database\Migrations\Migrator.php:814
C:\Users\USUARIO\Documents\Documentos Christian\Archivos Estudio\Sena\PROYECTO FORMATIVO\BackEnd\Conexion-EcoRisaralda\vendor\laravel\framework\src\Illuminate\Database\Migrations\Migrator.php:253
C:\Users\USUARIO\Documents\Documentos Christian\Archivos Estudio\Sena\PROYECTO FORMATIVO\BackEnd\Conexion-EcoRisaralda\vendor\laravel\framework\src\Illuminate\Database\Migrations\Migrator.php:211
C:\Users\USUARIO\Documents\Documentos Christian\Archivos Estudio\Sena\PROYECTO FORMATIVO\BackEnd\Conexion-EcoRisaralda\vendor\laravel\framework\src\Illuminate\Database\Migrations\Migrator.php:138
C:\Users\USUARIO\Documents\Documentos Christian\Archivos Estudio\Sena\PROYECTO FORMATIVO\BackEnd\Conexion-EcoRisaralda\vendor\laravel\framework\src\Illuminate\Database\Console\Migrations\MigrateCommand.php:116
C:\Users\USUARIO\Documents\Documentos Christian\Archivos Estudio\Sena\PROYECTO FORMATIVO\BackEnd\Conexion-EcoRisaralda\vendor\laravel\framework\src\Illuminate\Database\Migrations\Migrator.php:671
C:\Users\USUARIO\Documents\Documentos Christian\Archivos Estudio\Sena\PROYECTO FORMATIVO\BackEnd\Conexion-EcoRisaralda\vendor\laravel\framework\src\Illuminate\Database\Console\Migrations\MigrateCommand.php:109
C:\Users\USUARIO\Documents\Documentos Christian\Archivos Estudio\Sena\PROYECTO FORMATIVO\BackEnd\Conexion-EcoRisaralda\vendor\laravel\framework\src\Illuminate\Database\Console\Migrations\MigrateCommand.php:88
C:\Users\USUARIO\Documents\Documentos Christian\Archivos Estudio\Sena\PROYECTO FORMATIVO\BackEnd\Conexion-EcoRisaralda\vendor\laravel\framework\src\Illuminate\Container\BoundMethod.php:36
C:\Users\USUARIO\Documents\Documentos Christian\Archivos Estudio\Sena\PROYECTO FORMATIVO\BackEnd\Conexion-EcoRisaralda\vendor\laravel\framework\src\Illuminate\Container\Util.php:43
C:\Users\USUARIO\Documents\Documentos Christian\Archivos Estudio\Sena\PROYECTO FORMATIVO\BackEnd\Conexion-EcoRisaralda\vendor\laravel\framework\src\Illuminate\Container\BoundMethod.php:96
C:\Users\USUARIO\Documents\Documentos Christian\Archivos Estudio\Sena\PROYECTO FORMATIVO\BackEnd\Conexion-EcoRisaralda\vendor\laravel\framework\src\Illuminate\Container\BoundMethod.php:35
C:\Users\USUARIO\Documents\Documentos Christian\Archivos Estudio\Sena\PROYECTO FORMATIVO\BackEnd\Conexion-EcoRisaralda\vendor\laravel\framework\src\Illuminate\Container\Container.php:799
C:\Users\USUARIO\Documents\Documentos Christian\Archivos Estudio\Sena\PROYECTO FORMATIVO\BackEnd\Conexion-EcoRisaralda\vendor\laravel\framework\src\Illuminate\Console\Command.php:211
C:\Users\USUARIO\Documents\Documentos Christian\Archivos Estudio\Sena\PROYECTO FORMATIVO\BackEnd\Conexion-EcoRisaralda\vendor\symfony\console\Command\Command.php:341
C:\Users\USUARIO\Documents\Documentos Christian\Archivos Estudio\Sena\PROYECTO FORMATIVO\BackEnd\Conexion-EcoRisaralda\vendor\laravel\framework\src\Illuminate\Console\Command.php:180
C:\Users\USUARIO\Documents\Documentos Christian\Archivos Estudio\Sena\PROYECTO FORMATIVO\BackEnd\Conexion-EcoRisaralda\vendor\laravel\framework\src\Illuminate\Console\Concerns\CallsCommands.php:68
C:\Users\USUARIO\Documents\Documentos Christian\Archivos Estudio\Sena\PROYECTO FORMATIVO\BackEnd\Conexion-EcoRisaralda\vendor\laravel\framework\src\Illuminate\Console\Concerns\CallsCommands.php:29
C:\Users\USUARIO\Documents\Documentos Christian\Archivos Estudio\Sena\PROYECTO FORMATIVO\BackEnd\Conexion-EcoRisaralda\vendor\laravel\framework\src\Illuminate\Database\Console\Migrations\FreshCommand.php:81
C:\Users\USUARIO\Documents\Documentos Christian\Archivos Estudio\Sena\PROYECTO FORMATIVO\BackEnd\Conexion-EcoRisaralda\vendor\laravel\framework\src\Illuminate\Container\BoundMethod.php:36
C:\Users\USUARIO\Documents\Documentos Christian\Archivos Estudio\Sena\PROYECTO FORMATIVO\BackEnd\Conexion-EcoRisaralda\vendor\laravel\framework\src\Illuminate\Container\Util.php:43
C:\Users\USUARIO\Documents\Documentos Christian\Archivos Estudio\Sena\PROYECTO FORMATIVO\BackEnd\Conexion-EcoRisaralda\vendor\laravel\framework\src\Illuminate\Container\BoundMethod.php:96
C:\Users\USUARIO\Documents\Documentos Christian\Archivos Estudio\Sena\PROYECTO FORMATIVO\BackEnd\Conexion-EcoRisaralda\vendor\laravel\framework\src\Illuminate\Container\BoundMethod.php:35
C:\Users\USUARIO\Documents\Documentos Christian\Archivos Estudio\Sena\PROYECTO FORMATIVO\BackEnd\Conexion-EcoRisaralda\vendor\laravel\framework\src\Illuminate\Container\Container.php:799
C:\Users\USUARIO\Documents\Documentos Christian\Archivos Estudio\Sena\PROYECTO FORMATIVO\BackEnd\Conexion-EcoRisaralda\vendor\laravel\framework\src\Illuminate\Console\Command.php:211
C:\Users\USUARIO\Documents\Documentos Christian\Archivos Estudio\Sena\PROYECTO FORMATIVO\BackEnd\Conexion-EcoRisaralda\vendor\symfony\console\Command\Command.php:341
C:\Users\USUARIO\Documents\Documentos Christian\Archivos Estudio\Sena\PROYECTO FORMATIVO\BackEnd\Conexion-EcoRisaralda\vendor\laravel\framework\src\Illuminate\Console\Command.php:180
C:\Users\USUARIO\Documents\Documentos Christian\Archivos Estudio\Sena\PROYECTO FORMATIVO\BackEnd\Conexion-EcoRisaralda\vendor\symfony\console\Application.php:1079
C:\Users\USUARIO\Documents\Documentos Christian\Archivos Estudio\Sena\PROYECTO FORMATIVO\BackEnd\Conexion-EcoRisaralda\vendor\symfony\console\Application.php:356
C:\Users\USUARIO\Documents\Documentos Christian\Archivos Estudio\Sena\PROYECTO FORMATIVO\BackEnd\Conexion-EcoRisaralda\vendor\symfony\console\Application.php:195
C:\Users\USUARIO\Documents\Documentos Christian\Archivos Estudio\Sena\PROYECTO FORMATIVO\BackEnd\Conexion-EcoRisaralda\vendor\laravel\framework\src\Illuminate\Console\Application.php:165
C:\Users\USUARIO\Documents\Documentos Christian\Archivos Estudio\Sena\PROYECTO FORMATIVO\BackEnd\Conexion-EcoRisaralda\vendor\laravel\framework\src\Illuminate\Foundation\Console\Kernel.php:447
C:\Users\USUARIO\Documents\Documentos Christian\Archivos Estudio\Sena\PROYECTO FORMATIVO\BackEnd\Conexion-EcoRisaralda\vendor\laravel\framework\src\Illuminate\Testing\PendingCommand.php:451
C:\Users\USUARIO\Documents\Documentos Christian\Archivos Estudio\Sena\PROYECTO FORMATIVO\BackEnd\Conexion-EcoRisaralda\vendor\laravel\framework\src\Illuminate\Testing\PendingCommand.php:675
C:\Users\USUARIO\Documents\Documentos Christian\Archivos Estudio\Sena\PROYECTO FORMATIVO\BackEnd\Conexion-EcoRisaralda\vendor\laravel\framework\src\Illuminate\Foundation\Testing\Concerns\InteractsWithConsole.php:87
C:\Users\USUARIO\Documents\Documentos Christian\Archivos Estudio\Sena\PROYECTO FORMATIVO\BackEnd\Conexion-EcoRisaralda\vendor\laravel\framework\src\Illuminate\Foundation\Testing\RefreshDatabase.php:119
C:\Users\USUARIO\Documents\Documentos Christian\Archivos Estudio\Sena\PROYECTO FORMATIVO\BackEnd\Conexion-EcoRisaralda\vendor\laravel\framework\src\Illuminate\Foundation\Testing\RefreshDatabase.php:84
C:\Users\USUARIO\Documents\Documentos Christian\Archivos Estudio\Sena\PROYECTO FORMATIVO\BackEnd\Conexion-EcoRisaralda\vendor\laravel\framework\src\Illuminate\Foundation\Testing\RefreshDatabase.php:25
C:\Users\USUARIO\Documents\Documentos Christian\Archivos Estudio\Sena\PROYECTO FORMATIVO\BackEnd\Conexion-EcoRisaralda\vendor\laravel\framework\src\Illuminate\Foundation\Testing\Concerns\InteractsWithTestCaseLifecycle.php:217
C:\Users\USUARIO\Documents\Documentos Christian\Archivos Estudio\Sena\PROYECTO FORMATIVO\BackEnd\Conexion-EcoRisaralda\vendor\laravel\framework\src\Illuminate\Foundation\Testing\Concerns\InteractsWithTestCaseLifecycle.php:101
C:\Users\USUARIO\Documents\Documentos Christian\Archivos Estudio\Sena\PROYECTO FORMATIVO\BackEnd\Conexion-EcoRisaralda\vendor\laravel\framework\src\Illuminate\Foundation\Testing\TestCase.php:63</error>
        </testcase>
        <testcase name="test_operator_cannot_review_own_place" file="C:\Users\USUARIO\Documents\Documentos Christian\Archivos Estudio\Sena\PROYECTO FORMATIVO\BackEnd\Conexion-EcoRisaralda\tests\Feature\ReviewsApiTest.php" line="42" class="Tests\Feature\ReviewsApiTest" classname="Tests.Feature.ReviewsApiTest" assertions="0" time="0.000000">
          <error type="Illuminate\Database\QueryException">Tests\Feature\ReviewsApiTest::test_operator_cannot_review_own_place&#13;
Illuminate\Database\QueryException: SQLSTATE[HY000]: General error: 1 near "MODIFY": syntax error (Connection: sqlite, Database: :memory:, SQL: ALTER TABLE users MODIFY status ENUM('pending','approved','rejected','active','inactive') DEFAULT 'active')
&#13;
C:\Users\USUARIO\Documents\Documentos Christian\Archivos Estudio\Sena\PROYECTO FORMATIVO\BackEnd\Conexion-EcoRisaralda\vendor\laravel\framework\src\Illuminate\Database\Connection.php:838
C:\Users\USUARIO\Documents\Documentos Christian\Archivos Estudio\Sena\PROYECTO FORMATIVO\BackEnd\Conexion-EcoRisaralda\vendor\laravel\framework\src\Illuminate\Database\Connection.php:794
C:\Users\USUARIO\Documents\Documentos Christian\Archivos Estudio\Sena\PROYECTO FORMATIVO\BackEnd\Conexion-EcoRisaralda\vendor\laravel\framework\src\Illuminate\Database\Connection.php:573
C:\Users\USUARIO\Documents\Documentos Christian\Archivos Estudio\Sena\PROYECTO FORMATIVO\BackEnd\Conexion-EcoRisaralda\vendor\laravel\framework\src\Illuminate\Database\DatabaseManager.php:491
C:\Users\USUARIO\Documents\Documentos Christian\Archivos Estudio\Sena\PROYECTO FORMATIVO\BackEnd\Conexion-EcoRisaralda\vendor\laravel\framework\src\Illuminate\Support\Facades\Facade.php:363
C:\Users\USUARIO\Documents\Documentos Christian\Archivos Estudio\Sena\PROYECTO FORMATIVO\BackEnd\Conexion-EcoRisaralda\database\migrations\2026_02_09_000001_add_inactive_to_status_enum_on_users_table.php:16
C:\Users\USUARIO\Documents\Documentos Christian\Archivos Estudio\Sena\PROYECTO FORMATIVO\BackEnd\Conexion-EcoRisaralda\vendor\laravel\framework\src\Illuminate\Database\Migrations\Migrator.php:517
C:\Users\USUARIO\Documents\Documentos Christian\Archivos Estudio\Sena\PROYECTO FORMATIVO\BackEnd\Conexion-EcoRisaralda\vendor\laravel\framework\src\Illuminate\Database\Migrations\Migrator.php:442
C:\Users\USUARIO\Documents\Documentos Christian\Archivos Estudio\Sena\PROYECTO FORMATIVO\BackEnd\Conexion-EcoRisaralda\vendor\laravel\framework\src\Illuminate\Database\Migrations\Migrator.php:451
C:\Users\USUARIO\Documents\Documentos Christian\Archivos Estudio\Sena\PROYECTO FORMATIVO\BackEnd\Conexion-EcoRisaralda\vendor\laravel\framework\src\Illuminate\Database\Migrations\Migrator.php:253
C:\Users\USUARIO\Documents\Documentos Christian\Archivos Estudio\Sena\PROYECTO FORMATIVO\BackEnd\Conexion-EcoRisaralda\vendor\laravel\framework\src\Illuminate\Console\View\Components\Task.php:41
C:\Users\USUARIO\Documents\Documentos Christian\Archivos Estudio\Sena\PROYECTO FORMATIVO\BackEnd\Conexion-EcoRisaralda\vendor\laravel\framework\src\Illuminate\Database\Migrations\Migrator.php:814
C:\Users\USUARIO\Documents\Documentos Christian\Archivos Estudio\Sena\PROYECTO FORMATIVO\BackEnd\Conexion-EcoRisaralda\vendor\laravel\framework\src\Illuminate\Database\Migrations\Migrator.php:253
C:\Users\USUARIO\Documents\Documentos Christian\Archivos Estudio\Sena\PROYECTO FORMATIVO\BackEnd\Conexion-EcoRisaralda\vendor\laravel\framework\src\Illuminate\Database\Migrations\Migrator.php:211
C:\Users\USUARIO\Documents\Documentos Christian\Archivos Estudio\Sena\PROYECTO FORMATIVO\BackEnd\Conexion-EcoRisaralda\vendor\laravel\framework\src\Illuminate\Database\Migrations\Migrator.php:138
C:\Users\USUARIO\Documents\Documentos Christian\Archivos Estudio\Sena\PROYECTO FORMATIVO\BackEnd\Conexion-EcoRisaralda\vendor\laravel\framework\src\Illuminate\Database\Console\Migrations\MigrateCommand.php:116
C:\Users\USUARIO\Documents\Documentos Christian\Archivos Estudio\Sena\PROYECTO FORMATIVO\BackEnd\Conexion-EcoRisaralda\vendor\laravel\framework\src\Illuminate\Database\Migrations\Migrator.php:671
C:\Users\USUARIO\Documents\Documentos Christian\Archivos Estudio\Sena\PROYECTO FORMATIVO\BackEnd\Conexion-EcoRisaralda\vendor\laravel\framework\src\Illuminate\Database\Console\Migrations\MigrateCommand.php:109
C:\Users\USUARIO\Documents\Documentos Christian\Archivos Estudio\Sena\PROYECTO FORMATIVO\BackEnd\Conexion-EcoRisaralda\vendor\laravel\framework\src\Illuminate\Database\Console\Migrations\MigrateCommand.php:88
C:\Users\USUARIO\Documents\Documentos Christian\Archivos Estudio\Sena\PROYECTO FORMATIVO\BackEnd\Conexion-EcoRisaralda\vendor\laravel\framework\src\Illuminate\Container\BoundMethod.php:36
C:\Users\USUARIO\Documents\Documentos Christian\Archivos Estudio\Sena\PROYECTO FORMATIVO\BackEnd\Conexion-EcoRisaralda\vendor\laravel\framework\src\Illuminate\Container\Util.php:43
C:\Users\USUARIO\Documents\Documentos Christian\Archivos Estudio\Sena\PROYECTO FORMATIVO\BackEnd\Conexion-EcoRisaralda\vendor\laravel\framework\src\Illuminate\Container\BoundMethod.php:96
C:\Users\USUARIO\Documents\Documentos Christian\Archivos Estudio\Sena\PROYECTO FORMATIVO\BackEnd\Conexion-EcoRisaralda\vendor\laravel\framework\src\Illuminate\Container\BoundMethod.php:35
C:\Users\USUARIO\Documents\Documentos Christian\Archivos Estudio\Sena\PROYECTO FORMATIVO\BackEnd\Conexion-EcoRisaralda\vendor\laravel\framework\src\Illuminate\Container\Container.php:799
C:\Users\USUARIO\Documents\Documentos Christian\Archivos Estudio\Sena\PROYECTO FORMATIVO\BackEnd\Conexion-EcoRisaralda\vendor\laravel\framework\src\Illuminate\Console\Command.php:211
C:\Users\USUARIO\Documents\Documentos Christian\Archivos Estudio\Sena\PROYECTO FORMATIVO\BackEnd\Conexion-EcoRisaralda\vendor\symfony\console\Command\Command.php:341
C:\Users\USUARIO\Documents\Documentos Christian\Archivos Estudio\Sena\PROYECTO FORMATIVO\BackEnd\Conexion-EcoRisaralda\vendor\laravel\framework\src\Illuminate\Console\Command.php:180
C:\Users\USUARIO\Documents\Documentos Christian\Archivos Estudio\Sena\PROYECTO FORMATIVO\BackEnd\Conexion-EcoRisaralda\vendor\laravel\framework\src\Illuminate\Console\Concerns\CallsCommands.php:68
C:\Users\USUARIO\Documents\Documentos Christian\Archivos Estudio\Sena\PROYECTO FORMATIVO\BackEnd\Conexion-EcoRisaralda\vendor\laravel\framework\src\Illuminate\Console\Concerns\CallsCommands.php:29
C:\Users\USUARIO\Documents\Documentos Christian\Archivos Estudio\Sena\PROYECTO FORMATIVO\BackEnd\Conexion-EcoRisaralda\vendor\laravel\framework\src\Illuminate\Database\Console\Migrations\FreshCommand.php:81
C:\Users\USUARIO\Documents\Documentos Christian\Archivos Estudio\Sena\PROYECTO FORMATIVO\BackEnd\Conexion-EcoRisaralda\vendor\laravel\framework\src\Illuminate\Container\BoundMethod.php:36
C:\Users\USUARIO\Documents\Documentos Christian\Archivos Estudio\Sena\PROYECTO FORMATIVO\BackEnd\Conexion-EcoRisaralda\vendor\laravel\framework\src\Illuminate\Container\Util.php:43
C:\Users\USUARIO\Documents\Documentos Christian\Archivos Estudio\Sena\PROYECTO FORMATIVO\BackEnd\Conexion-EcoRisaralda\vendor\laravel\framework\src\Illuminate\Container\BoundMethod.php:96
C:\Users\USUARIO\Documents\Documentos Christian\Archivos Estudio\Sena\PROYECTO FORMATIVO\BackEnd\Conexion-EcoRisaralda\vendor\laravel\framework\src\Illuminate\Container\BoundMethod.php:35
C:\Users\USUARIO\Documents\Documentos Christian\Archivos Estudio\Sena\PROYECTO FORMATIVO\BackEnd\Conexion-EcoRisaralda\vendor\laravel\framework\src\Illuminate\Container\Container.php:799
C:\Users\USUARIO\Documents\Documentos Christian\Archivos Estudio\Sena\PROYECTO FORMATIVO\BackEnd\Conexion-EcoRisaralda\vendor\laravel\framework\src\Illuminate\Console\Command.php:211
C:\Users\USUARIO\Documents\Documentos Christian\Archivos Estudio\Sena\PROYECTO FORMATIVO\BackEnd\Conexion-EcoRisaralda\vendor\symfony\console\Command\Command.php:341
C:\Users\USUARIO\Documents\Documentos Christian\Archivos Estudio\Sena\PROYECTO FORMATIVO\BackEnd\Conexion-EcoRisaralda\vendor\laravel\framework\src\Illuminate\Console\Command.php:180
C:\Users\USUARIO\Documents\Documentos Christian\Archivos Estudio\Sena\PROYECTO FORMATIVO\BackEnd\Conexion-EcoRisaralda\vendor\symfony\console\Application.php:1079
C:\Users\USUARIO\Documents\Documentos Christian\Archivos Estudio\Sena\PROYECTO FORMATIVO\BackEnd\Conexion-EcoRisaralda\vendor\symfony\console\Application.php:356
C:\Users\USUARIO\Documents\Documentos Christian\Archivos Estudio\Sena\PROYECTO FORMATIVO\BackEnd\Conexion-EcoRisaralda\vendor\symfony\console\Application.php:195
C:\Users\USUARIO\Documents\Documentos Christian\Archivos Estudio\Sena\PROYECTO FORMATIVO\BackEnd\Conexion-EcoRisaralda\vendor\laravel\framework\src\Illuminate\Console\Application.php:165
C:\Users\USUARIO\Documents\Documentos Christian\Archivos Estudio\Sena\PROYECTO FORMATIVO\BackEnd\Conexion-EcoRisaralda\vendor\laravel\framework\src\Illuminate\Foundation\Console\Kernel.php:447
C:\Users\USUARIO\Documents\Documentos Christian\Archivos Estudio\Sena\PROYECTO FORMATIVO\BackEnd\Conexion-EcoRisaralda\vendor\laravel\framework\src\Illuminate\Testing\PendingCommand.php:451
C:\Users\USUARIO\Documents\Documentos Christian\Archivos Estudio\Sena\PROYECTO FORMATIVO\BackEnd\Conexion-EcoRisaralda\vendor\laravel\framework\src\Illuminate\Testing\PendingCommand.php:675
C:\Users\USUARIO\Documents\Documentos Christian\Archivos Estudio\Sena\PROYECTO FORMATIVO\BackEnd\Conexion-EcoRisaralda\vendor\laravel\framework\src\Illuminate\Foundation\Testing\Concerns\InteractsWithConsole.php:87
C:\Users\USUARIO\Documents\Documentos Christian\Archivos Estudio\Sena\PROYECTO FORMATIVO\BackEnd\Conexion-EcoRisaralda\vendor\laravel\framework\src\Illuminate\Foundation\Testing\RefreshDatabase.php:119
C:\Users\USUARIO\Documents\Documentos Christian\Archivos Estudio\Sena\PROYECTO FORMATIVO\BackEnd\Conexion-EcoRisaralda\vendor\laravel\framework\src\Illuminate\Foundation\Testing\RefreshDatabase.php:84
C:\Users\USUARIO\Documents\Documentos Christian\Archivos Estudio\Sena\PROYECTO FORMATIVO\BackEnd\Conexion-EcoRisaralda\vendor\laravel\framework\src\Illuminate\Foundation\Testing\RefreshDatabase.php:25
C:\Users\USUARIO\Documents\Documentos Christian\Archivos Estudio\Sena\PROYECTO FORMATIVO\BackEnd\Conexion-EcoRisaralda\vendor\laravel\framework\src\Illuminate\Foundation\Testing\Concerns\InteractsWithTestCaseLifecycle.php:217
C:\Users\USUARIO\Documents\Documentos Christian\Archivos Estudio\Sena\PROYECTO FORMATIVO\BackEnd\Conexion-EcoRisaralda\vendor\laravel\framework\src\Illuminate\Foundation\Testing\Concerns\InteractsWithTestCaseLifecycle.php:101
C:\Users\USUARIO\Documents\Documentos Christian\Archivos Estudio\Sena\PROYECTO FORMATIVO\BackEnd\Conexion-EcoRisaralda\vendor\laravel\framework\src\Illuminate\Foundation\Testing\TestCase.php:63</error>
        </testcase>
        <testcase name="test_review_requires_rating" file="C:\Users\USUARIO\Documents\Documentos Christian\Archivos Estudio\Sena\PROYECTO FORMATIVO\BackEnd\Conexion-EcoRisaralda\tests\Feature\ReviewsApiTest.php" line="55" class="Tests\Feature\ReviewsApiTest" classname="Tests.Feature.ReviewsApiTest" assertions="0" time="0.000000">
          <error type="Illuminate\Database\QueryException">Tests\Feature\ReviewsApiTest::test_review_requires_rating&#13;
Illuminate\Database\QueryException: SQLSTATE[HY000]: General error: 1 near "MODIFY": syntax error (Connection: sqlite, Database: :memory:, SQL: ALTER TABLE users MODIFY status ENUM('pending','approved','rejected','active','inactive') DEFAULT 'active')
&#13;
C:\Users\USUARIO\Documents\Documentos Christian\Archivos Estudio\Sena\PROYECTO FORMATIVO\BackEnd\Conexion-EcoRisaralda\vendor\laravel\framework\src\Illuminate\Database\Connection.php:838
C:\Users\USUARIO\Documents\Documentos Christian\Archivos Estudio\Sena\PROYECTO FORMATIVO\BackEnd\Conexion-EcoRisaralda\vendor\laravel\framework\src\Illuminate\Database\Connection.php:794
C:\Users\USUARIO\Documents\Documentos Christian\Archivos Estudio\Sena\PROYECTO FORMATIVO\BackEnd\Conexion-EcoRisaralda\vendor\laravel\framework\src\Illuminate\Database\Connection.php:573
C:\Users\USUARIO\Documents\Documentos Christian\Archivos Estudio\Sena\PROYECTO FORMATIVO\BackEnd\Conexion-EcoRisaralda\vendor\laravel\framework\src\Illuminate\Database\DatabaseManager.php:491
C:\Users\USUARIO\Documents\Documentos Christian\Archivos Estudio\Sena\PROYECTO FORMATIVO\BackEnd\Conexion-EcoRisaralda\vendor\laravel\framework\src\Illuminate\Support\Facades\Facade.php:363
C:\Users\USUARIO\Documents\Documentos Christian\Archivos Estudio\Sena\PROYECTO FORMATIVO\BackEnd\Conexion-EcoRisaralda\database\migrations\2026_02_09_000001_add_inactive_to_status_enum_on_users_table.php:16
C:\Users\USUARIO\Documents\Documentos Christian\Archivos Estudio\Sena\PROYECTO FORMATIVO\BackEnd\Conexion-EcoRisaralda\vendor\laravel\framework\src\Illuminate\Database\Migrations\Migrator.php:517
C:\Users\USUARIO\Documents\Documentos Christian\Archivos Estudio\Sena\PROYECTO FORMATIVO\BackEnd\Conexion-EcoRisaralda\vendor\laravel\framework\src\Illuminate\Database\Migrations\Migrator.php:442
C:\Users\USUARIO\Documents\Documentos Christian\Archivos Estudio\Sena\PROYECTO FORMATIVO\BackEnd\Conexion-EcoRisaralda\vendor\laravel\framework\src\Illuminate\Database\Migrations\Migrator.php:451
C:\Users\USUARIO\Documents\Documentos Christian\Archivos Estudio\Sena\PROYECTO FORMATIVO\BackEnd\Conexion-EcoRisaralda\vendor\laravel\framework\src\Illuminate\Database\Migrations\Migrator.php:253
C:\Users\USUARIO\Documents\Documentos Christian\Archivos Estudio\Sena\PROYECTO FORMATIVO\BackEnd\Conexion-EcoRisaralda\vendor\laravel\framework\src\Illuminate\Console\View\Components\Task.php:41
C:\Users\USUARIO\Documents\Documentos Christian\Archivos Estudio\Sena\PROYECTO FORMATIVO\BackEnd\Conexion-EcoRisaralda\vendor\laravel\framework\src\Illuminate\Database\Migrations\Migrator.php:814
C:\Users\USUARIO\Documents\Documentos Christian\Archivos Estudio\Sena\PROYECTO FORMATIVO\BackEnd\Conexion-EcoRisaralda\vendor\laravel\framework\src\Illuminate\Database\Migrations\Migrator.php:253
C:\Users\USUARIO\Documents\Documentos Christian\Archivos Estudio\Sena\PROYECTO FORMATIVO\BackEnd\Conexion-EcoRisaralda\vendor\laravel\framework\src\Illuminate\Database\Migrations\Migrator.php:211
C:\Users\USUARIO\Documents\Documentos Christian\Archivos Estudio\Sena\PROYECTO FORMATIVO\BackEnd\Conexion-EcoRisaralda\vendor\laravel\framework\src\Illuminate\Database\Migrations\Migrator.php:138
C:\Users\USUARIO\Documents\Documentos Christian\Archivos Estudio\Sena\PROYECTO FORMATIVO\BackEnd\Conexion-EcoRisaralda\vendor\laravel\framework\src\Illuminate\Database\Console\Migrations\MigrateCommand.php:116
C:\Users\USUARIO\Documents\Documentos Christian\Archivos Estudio\Sena\PROYECTO FORMATIVO\BackEnd\Conexion-EcoRisaralda\vendor\laravel\framework\src\Illuminate\Database\Migrations\Migrator.php:671
C:\Users\USUARIO\Documents\Documentos Christian\Archivos Estudio\Sena\PROYECTO FORMATIVO\BackEnd\Conexion-EcoRisaralda\vendor\laravel\framework\src\Illuminate\Database\Console\Migrations\MigrateCommand.php:109
C:\Users\USUARIO\Documents\Documentos Christian\Archivos Estudio\Sena\PROYECTO FORMATIVO\BackEnd\Conexion-EcoRisaralda\vendor\laravel\framework\src\Illuminate\Database\Console\Migrations\MigrateCommand.php:88
C:\Users\USUARIO\Documents\Documentos Christian\Archivos Estudio\Sena\PROYECTO FORMATIVO\BackEnd\Conexion-EcoRisaralda\vendor\laravel\framework\src\Illuminate\Container\BoundMethod.php:36
C:\Users\USUARIO\Documents\Documentos Christian\Archivos Estudio\Sena\PROYECTO FORMATIVO\BackEnd\Conexion-EcoRisaralda\vendor\laravel\framework\src\Illuminate\Container\Util.php:43
C:\Users\USUARIO\Documents\Documentos Christian\Archivos Estudio\Sena\PROYECTO FORMATIVO\BackEnd\Conexion-EcoRisaralda\vendor\laravel\framework\src\Illuminate\Container\BoundMethod.php:96
C:\Users\USUARIO\Documents\Documentos Christian\Archivos Estudio\Sena\PROYECTO FORMATIVO\BackEnd\Conexion-EcoRisaralda\vendor\laravel\framework\src\Illuminate\Container\BoundMethod.php:35
C:\Users\USUARIO\Documents\Documentos Christian\Archivos Estudio\Sena\PROYECTO FORMATIVO\BackEnd\Conexion-EcoRisaralda\vendor\laravel\framework\src\Illuminate\Container\Container.php:799
C:\Users\USUARIO\Documents\Documentos Christian\Archivos Estudio\Sena\PROYECTO FORMATIVO\BackEnd\Conexion-EcoRisaralda\vendor\laravel\framework\src\Illuminate\Console\Command.php:211
C:\Users\USUARIO\Documents\Documentos Christian\Archivos Estudio\Sena\PROYECTO FORMATIVO\BackEnd\Conexion-EcoRisaralda\vendor\symfony\console\Command\Command.php:341
C:\Users\USUARIO\Documents\Documentos Christian\Archivos Estudio\Sena\PROYECTO FORMATIVO\BackEnd\Conexion-EcoRisaralda\vendor\laravel\framework\src\Illuminate\Console\Command.php:180
C:\Users\USUARIO\Documents\Documentos Christian\Archivos Estudio\Sena\PROYECTO FORMATIVO\BackEnd\Conexion-EcoRisaralda\vendor\laravel\framework\src\Illuminate\Console\Concerns\CallsCommands.php:68
C:\Users\USUARIO\Documents\Documentos Christian\Archivos Estudio\Sena\PROYECTO FORMATIVO\BackEnd\Conexion-EcoRisaralda\vendor\laravel\framework\src\Illuminate\Console\Concerns\CallsCommands.php:29
C:\Users\USUARIO\Documents\Documentos Christian\Archivos Estudio\Sena\PROYECTO FORMATIVO\BackEnd\Conexion-EcoRisaralda\vendor\laravel\framework\src\Illuminate\Database\Console\Migrations\FreshCommand.php:81
C:\Users\USUARIO\Documents\Documentos Christian\Archivos Estudio\Sena\PROYECTO FORMATIVO\BackEnd\Conexion-EcoRisaralda\vendor\laravel\framework\src\Illuminate\Container\BoundMethod.php:36
C:\Users\USUARIO\Documents\Documentos Christian\Archivos Estudio\Sena\PROYECTO FORMATIVO\BackEnd\Conexion-EcoRisaralda\vendor\laravel\framework\src\Illuminate\Container\Util.php:43
C:\Users\USUARIO\Documents\Documentos Christian\Archivos Estudio\Sena\PROYECTO FORMATIVO\BackEnd\Conexion-EcoRisaralda\vendor\laravel\framework\src\Illuminate\Container\BoundMethod.php:96
C:\Users\USUARIO\Documents\Documentos Christian\Archivos Estudio\Sena\PROYECTO FORMATIVO\BackEnd\Conexion-EcoRisaralda\vendor\laravel\framework\src\Illuminate\Container\BoundMethod.php:35
C:\Users\USUARIO\Documents\Documentos Christian\Archivos Estudio\Sena\PROYECTO FORMATIVO\BackEnd\Conexion-EcoRisaralda\vendor\laravel\framework\src\Illuminate\Container\Container.php:799
C:\Users\USUARIO\Documents\Documentos Christian\Archivos Estudio\Sena\PROYECTO FORMATIVO\BackEnd\Conexion-EcoRisaralda\vendor\laravel\framework\src\Illuminate\Console\Command.php:211
C:\Users\USUARIO\Documents\Documentos Christian\Archivos Estudio\Sena\PROYECTO FORMATIVO\BackEnd\Conexion-EcoRisaralda\vendor\symfony\console\Command\Command.php:341
C:\Users\USUARIO\Documents\Documentos Christian\Archivos Estudio\Sena\PROYECTO FORMATIVO\BackEnd\Conexion-EcoRisaralda\vendor\laravel\framework\src\Illuminate\Console\Command.php:180
C:\Users\USUARIO\Documents\Documentos Christian\Archivos Estudio\Sena\PROYECTO FORMATIVO\BackEnd\Conexion-EcoRisaralda\vendor\symfony\console\Application.php:1079
C:\Users\USUARIO\Documents\Documentos Christian\Archivos Estudio\Sena\PROYECTO FORMATIVO\BackEnd\Conexion-EcoRisaralda\vendor\symfony\console\Application.php:356
C:\Users\USUARIO\Documents\Documentos Christian\Archivos Estudio\Sena\PROYECTO FORMATIVO\BackEnd\Conexion-EcoRisaralda\vendor\symfony\console\Application.php:195
C:\Users\USUARIO\Documents\Documentos Christian\Archivos Estudio\Sena\PROYECTO FORMATIVO\BackEnd\Conexion-EcoRisaralda\vendor\laravel\framework\src\Illuminate\Console\Application.php:165
C:\Users\USUARIO\Documents\Documentos Christian\Archivos Estudio\Sena\PROYECTO FORMATIVO\BackEnd\Conexion-EcoRisaralda\vendor\laravel\framework\src\Illuminate\Foundation\Console\Kernel.php:447
C:\Users\USUARIO\Documents\Documentos Christian\Archivos Estudio\Sena\PROYECTO FORMATIVO\BackEnd\Conexion-EcoRisaralda\vendor\laravel\framework\src\Illuminate\Testing\PendingCommand.php:451
C:\Users\USUARIO\Documents\Documentos Christian\Archivos Estudio\Sena\PROYECTO FORMATIVO\BackEnd\Conexion-EcoRisaralda\vendor\laravel\framework\src\Illuminate\Testing\PendingCommand.php:675
C:\Users\USUARIO\Documents\Documentos Christian\Archivos Estudio\Sena\PROYECTO FORMATIVO\BackEnd\Conexion-EcoRisaralda\vendor\laravel\framework\src\Illuminate\Foundation\Testing\Concerns\InteractsWithConsole.php:87
C:\Users\USUARIO\Documents\Documentos Christian\Archivos Estudio\Sena\PROYECTO FORMATIVO\BackEnd\Conexion-EcoRisaralda\vendor\laravel\framework\src\Illuminate\Foundation\Testing\RefreshDatabase.php:119
C:\Users\USUARIO\Documents\Documentos Christian\Archivos Estudio\Sena\PROYECTO FORMATIVO\BackEnd\Conexion-EcoRisaralda\vendor\laravel\framework\src\Illuminate\Foundation\Testing\RefreshDatabase.php:84
C:\Users\USUARIO\Documents\Documentos Christian\Archivos Estudio\Sena\PROYECTO FORMATIVO\BackEnd\Conexion-EcoRisaralda\vendor\laravel\framework\src\Illuminate\Foundation\Testing\RefreshDatabase.php:25
C:\Users\USUARIO\Documents\Documentos Christian\Archivos Estudio\Sena\PROYECTO FORMATIVO\BackEnd\Conexion-EcoRisaralda\vendor\laravel\framework\src\Illuminate\Foundation\Testing\Concerns\InteractsWithTestCaseLifecycle.php:217
C:\Users\USUARIO\Documents\Documentos Christian\Archivos Estudio\Sena\PROYECTO FORMATIVO\BackEnd\Conexion-EcoRisaralda\vendor\laravel\framework\src\Illuminate\Foundation\Testing\Concerns\InteractsWithTestCaseLifecycle.php:101
C:\Users\USUARIO\Documents\Documentos Christian\Archivos Estudio\Sena\PROYECTO FORMATIVO\BackEnd\Conexion-EcoRisaralda\vendor\laravel\framework\src\Illuminate\Foundation\Testing\TestCase.php:63</error>
        </testcase>
        <testcase name="test_review_rating_must_be_between_1_and_5" file="C:\Users\USUARIO\Documents\Documentos Christian\Archivos Estudio\Sena\PROYECTO FORMATIVO\BackEnd\Conexion-EcoRisaralda\tests\Feature\ReviewsApiTest.php" line="69" class="Tests\Feature\ReviewsApiTest" classname="Tests.Feature.ReviewsApiTest" assertions="0" time="0.000000">
          <error type="Illuminate\Database\QueryException">Tests\Feature\ReviewsApiTest::test_review_rating_must_be_between_1_and_5&#13;
Illuminate\Database\QueryException: SQLSTATE[HY000]: General error: 1 near "MODIFY": syntax error (Connection: sqlite, Database: :memory:, SQL: ALTER TABLE users MODIFY status ENUM('pending','approved','rejected','active','inactive') DEFAULT 'active')
&#13;
C:\Users\USUARIO\Documents\Documentos Christian\Archivos Estudio\Sena\PROYECTO FORMATIVO\BackEnd\Conexion-EcoRisaralda\vendor\laravel\framework\src\Illuminate\Database\Connection.php:838
C:\Users\USUARIO\Documents\Documentos Christian\Archivos Estudio\Sena\PROYECTO FORMATIVO\BackEnd\Conexion-EcoRisaralda\vendor\laravel\framework\src\Illuminate\Database\Connection.php:794
C:\Users\USUARIO\Documents\Documentos Christian\Archivos Estudio\Sena\PROYECTO FORMATIVO\BackEnd\Conexion-EcoRisaralda\vendor\laravel\framework\src\Illuminate\Database\Connection.php:573
C:\Users\USUARIO\Documents\Documentos Christian\Archivos Estudio\Sena\PROYECTO FORMATIVO\BackEnd\Conexion-EcoRisaralda\vendor\laravel\framework\src\Illuminate\Database\DatabaseManager.php:491
C:\Users\USUARIO\Documents\Documentos Christian\Archivos Estudio\Sena\PROYECTO FORMATIVO\BackEnd\Conexion-EcoRisaralda\vendor\laravel\framework\src\Illuminate\Support\Facades\Facade.php:363
C:\Users\USUARIO\Documents\Documentos Christian\Archivos Estudio\Sena\PROYECTO FORMATIVO\BackEnd\Conexion-EcoRisaralda\database\migrations\2026_02_09_000001_add_inactive_to_status_enum_on_users_table.php:16
C:\Users\USUARIO\Documents\Documentos Christian\Archivos Estudio\Sena\PROYECTO FORMATIVO\BackEnd\Conexion-EcoRisaralda\vendor\laravel\framework\src\Illuminate\Database\Migrations\Migrator.php:517
C:\Users\USUARIO\Documents\Documentos Christian\Archivos Estudio\Sena\PROYECTO FORMATIVO\BackEnd\Conexion-EcoRisaralda\vendor\laravel\framework\src\Illuminate\Database\Migrations\Migrator.php:442
C:\Users\USUARIO\Documents\Documentos Christian\Archivos Estudio\Sena\PROYECTO FORMATIVO\BackEnd\Conexion-EcoRisaralda\vendor\laravel\framework\src\Illuminate\Database\Migrations\Migrator.php:451
C:\Users\USUARIO\Documents\Documentos Christian\Archivos Estudio\Sena\PROYECTO FORMATIVO\BackEnd\Conexion-EcoRisaralda\vendor\laravel\framework\src\Illuminate\Database\Migrations\Migrator.php:253
C:\Users\USUARIO\Documents\Documentos Christian\Archivos Estudio\Sena\PROYECTO FORMATIVO\BackEnd\Conexion-EcoRisaralda\vendor\laravel\framework\src\Illuminate\Console\View\Components\Task.php:41
C:\Users\USUARIO\Documents\Documentos Christian\Archivos Estudio\Sena\PROYECTO FORMATIVO\BackEnd\Conexion-EcoRisaralda\vendor\laravel\framework\src\Illuminate\Database\Migrations\Migrator.php:814
C:\Users\USUARIO\Documents\Documentos Christian\Archivos Estudio\Sena\PROYECTO FORMATIVO\BackEnd\Conexion-EcoRisaralda\vendor\laravel\framework\src\Illuminate\Database\Migrations\Migrator.php:253
C:\Users\USUARIO\Documents\Documentos Christian\Archivos Estudio\Sena\PROYECTO FORMATIVO\BackEnd\Conexion-EcoRisaralda\vendor\laravel\framework\src\Illuminate\Database\Migrations\Migrator.php:211
C:\Users\USUARIO\Documents\Documentos Christian\Archivos Estudio\Sena\PROYECTO FORMATIVO\BackEnd\Conexion-EcoRisaralda\vendor\laravel\framework\src\Illuminate\Database\Migrations\Migrator.php:138
C:\Users\USUARIO\Documents\Documentos Christian\Archivos Estudio\Sena\PROYECTO FORMATIVO\BackEnd\Conexion-EcoRisaralda\vendor\laravel\framework\src\Illuminate\Database\Console\Migrations\MigrateCommand.php:116
C:\Users\USUARIO\Documents\Documentos Christian\Archivos Estudio\Sena\PROYECTO FORMATIVO\BackEnd\Conexion-EcoRisaralda\vendor\laravel\framework\src\Illuminate\Database\Migrations\Migrator.php:671
C:\Users\USUARIO\Documents\Documentos Christian\Archivos Estudio\Sena\PROYECTO FORMATIVO\BackEnd\Conexion-EcoRisaralda\vendor\laravel\framework\src\Illuminate\Database\Console\Migrations\MigrateCommand.php:109
C:\Users\USUARIO\Documents\Documentos Christian\Archivos Estudio\Sena\PROYECTO FORMATIVO\BackEnd\Conexion-EcoRisaralda\vendor\laravel\framework\src\Illuminate\Database\Console\Migrations\MigrateCommand.php:88
C:\Users\USUARIO\Documents\Documentos Christian\Archivos Estudio\Sena\PROYECTO FORMATIVO\BackEnd\Conexion-EcoRisaralda\vendor\laravel\framework\src\Illuminate\Container\BoundMethod.php:36
C:\Users\USUARIO\Documents\Documentos Christian\Archivos Estudio\Sena\PROYECTO FORMATIVO\BackEnd\Conexion-EcoRisaralda\vendor\laravel\framework\src\Illuminate\Container\Util.php:43
C:\Users\USUARIO\Documents\Documentos Christian\Archivos Estudio\Sena\PROYECTO FORMATIVO\BackEnd\Conexion-EcoRisaralda\vendor\laravel\framework\src\Illuminate\Container\BoundMethod.php:96
C:\Users\USUARIO\Documents\Documentos Christian\Archivos Estudio\Sena\PROYECTO FORMATIVO\BackEnd\Conexion-EcoRisaralda\vendor\laravel\framework\src\Illuminate\Container\BoundMethod.php:35
C:\Users\USUARIO\Documents\Documentos Christian\Archivos Estudio\Sena\PROYECTO FORMATIVO\BackEnd\Conexion-EcoRisaralda\vendor\laravel\framework\src\Illuminate\Container\Container.php:799
C:\Users\USUARIO\Documents\Documentos Christian\Archivos Estudio\Sena\PROYECTO FORMATIVO\BackEnd\Conexion-EcoRisaralda\vendor\laravel\framework\src\Illuminate\Console\Command.php:211
C:\Users\USUARIO\Documents\Documentos Christian\Archivos Estudio\Sena\PROYECTO FORMATIVO\BackEnd\Conexion-EcoRisaralda\vendor\symfony\console\Command\Command.php:341
C:\Users\USUARIO\Documents\Documentos Christian\Archivos Estudio\Sena\PROYECTO FORMATIVO\BackEnd\Conexion-EcoRisaralda\vendor\laravel\framework\src\Illuminate\Console\Command.php:180
C:\Users\USUARIO\Documents\Documentos Christian\Archivos Estudio\Sena\PROYECTO FORMATIVO\BackEnd\Conexion-EcoRisaralda\vendor\laravel\framework\src\Illuminate\Console\Concerns\CallsCommands.php:68
C:\Users\USUARIO\Documents\Documentos Christian\Archivos Estudio\Sena\PROYECTO FORMATIVO\BackEnd\Conexion-EcoRisaralda\vendor\laravel\framework\src\Illuminate\Console\Concerns\CallsCommands.php:29
C:\Users\USUARIO\Documents\Documentos Christian\Archivos Estudio\Sena\PROYECTO FORMATIVO\BackEnd\Conexion-EcoRisaralda\vendor\laravel\framework\src\Illuminate\Database\Console\Migrations\FreshCommand.php:81
C:\Users\USUARIO\Documents\Documentos Christian\Archivos Estudio\Sena\PROYECTO FORMATIVO\BackEnd\Conexion-EcoRisaralda\vendor\laravel\framework\src\Illuminate\Container\BoundMethod.php:36
C:\Users\USUARIO\Documents\Documentos Christian\Archivos Estudio\Sena\PROYECTO FORMATIVO\BackEnd\Conexion-EcoRisaralda\vendor\laravel\framework\src\Illuminate\Container\Util.php:43
C:\Users\USUARIO\Documents\Documentos Christian\Archivos Estudio\Sena\PROYECTO FORMATIVO\BackEnd\Conexion-EcoRisaralda\vendor\laravel\framework\src\Illuminate\Container\BoundMethod.php:96
C:\Users\USUARIO\Documents\Documentos Christian\Archivos Estudio\Sena\PROYECTO FORMATIVO\BackEnd\Conexion-EcoRisaralda\vendor\laravel\framework\src\Illuminate\Container\BoundMethod.php:35
C:\Users\USUARIO\Documents\Documentos Christian\Archivos Estudio\Sena\PROYECTO FORMATIVO\BackEnd\Conexion-EcoRisaralda\vendor\laravel\framework\src\Illuminate\Container\Container.php:799
C:\Users\USUARIO\Documents\Documentos Christian\Archivos Estudio\Sena\PROYECTO FORMATIVO\BackEnd\Conexion-EcoRisaralda\vendor\laravel\framework\src\Illuminate\Console\Command.php:211
C:\Users\USUARIO\Documents\Documentos Christian\Archivos Estudio\Sena\PROYECTO FORMATIVO\BackEnd\Conexion-EcoRisaralda\vendor\symfony\console\Command\Command.php:341
C:\Users\USUARIO\Documents\Documentos Christian\Archivos Estudio\Sena\PROYECTO FORMATIVO\BackEnd\Conexion-EcoRisaralda\vendor\laravel\framework\src\Illuminate\Console\Command.php:180
C:\Users\USUARIO\Documents\Documentos Christian\Archivos Estudio\Sena\PROYECTO FORMATIVO\BackEnd\Conexion-EcoRisaralda\vendor\symfony\console\Application.php:1079
C:\Users\USUARIO\Documents\Documentos Christian\Archivos Estudio\Sena\PROYECTO FORMATIVO\BackEnd\Conexion-EcoRisaralda\vendor\symfony\console\Application.php:356
C:\Users\USUARIO\Documents\Documentos Christian\Archivos Estudio\Sena\PROYECTO FORMATIVO\BackEnd\Conexion-EcoRisaralda\vendor\symfony\console\Application.php:195
C:\Users\USUARIO\Documents\Documentos Christian\Archivos Estudio\Sena\PROYECTO FORMATIVO\BackEnd\Conexion-EcoRisaralda\vendor\laravel\framework\src\Illuminate\Console\Application.php:165
C:\Users\USUARIO\Documents\Documentos Christian\Archivos Estudio\Sena\PROYECTO FORMATIVO\BackEnd\Conexion-EcoRisaralda\vendor\laravel\framework\src\Illuminate\Foundation\Console\Kernel.php:447
C:\Users\USUARIO\Documents\Documentos Christian\Archivos Estudio\Sena\PROYECTO FORMATIVO\BackEnd\Conexion-EcoRisaralda\vendor\laravel\framework\src\Illuminate\Testing\PendingCommand.php:451
C:\Users\USUARIO\Documents\Documentos Christian\Archivos Estudio\Sena\PROYECTO FORMATIVO\BackEnd\Conexion-EcoRisaralda\vendor\laravel\framework\src\Illuminate\Testing\PendingCommand.php:675
C:\Users\USUARIO\Documents\Documentos Christian\Archivos Estudio\Sena\PROYECTO FORMATIVO\BackEnd\Conexion-EcoRisaralda\vendor\laravel\framework\src\Illuminate\Foundation\Testing\Concerns\InteractsWithConsole.php:87
C:\Users\USUARIO\Documents\Documentos Christian\Archivos Estudio\Sena\PROYECTO FORMATIVO\BackEnd\Conexion-EcoRisaralda\vendor\laravel\framework\src\Illuminate\Foundation\Testing\RefreshDatabase.php:119
C:\Users\USUARIO\Documents\Documentos Christian\Archivos Estudio\Sena\PROYECTO FORMATIVO\BackEnd\Conexion-EcoRisaralda\vendor\laravel\framework\src\Illuminate\Foundation\Testing\RefreshDatabase.php:84
C:\Users\USUARIO\Documents\Documentos Christian\Archivos Estudio\Sena\PROYECTO FORMATIVO\BackEnd\Conexion-EcoRisaralda\vendor\laravel\framework\src\Illuminate\Foundation\Testing\RefreshDatabase.php:25
C:\Users\USUARIO\Documents\Documentos Christian\Archivos Estudio\Sena\PROYECTO FORMATIVO\BackEnd\Conexion-EcoRisaralda\vendor\laravel\framework\src\Illuminate\Foundation\Testing\Concerns\InteractsWithTestCaseLifecycle.php:217
C:\Users\USUARIO\Documents\Documentos Christian\Archivos Estudio\Sena\PROYECTO FORMATIVO\BackEnd\Conexion-EcoRisaralda\vendor\laravel\framework\src\Illuminate\Foundation\Testing\Concerns\InteractsWithTestCaseLifecycle.php:101
C:\Users\USUARIO\Documents\Documentos Christian\Archivos Estudio\Sena\PROYECTO FORMATIVO\BackEnd\Conexion-EcoRisaralda\vendor\laravel\framework\src\Illuminate\Foundation\Testing\TestCase.php:63</error>
        </testcase>
        <testcase name="test_user_can_delete_own_review" file="C:\Users\USUARIO\Documents\Documentos Christian\Archivos Estudio\Sena\PROYECTO FORMATIVO\BackEnd\Conexion-EcoRisaralda\tests\Feature\ReviewsApiTest.php" line="83" class="Tests\Feature\ReviewsApiTest" classname="Tests.Feature.ReviewsApiTest" assertions="0" time="0.000000">
          <error type="Illuminate\Database\QueryException">Tests\Feature\ReviewsApiTest::test_user_can_delete_own_review&#13;
Illuminate\Database\QueryException: SQLSTATE[HY000]: General error: 1 near "MODIFY": syntax error (Connection: sqlite, Database: :memory:, SQL: ALTER TABLE users MODIFY status ENUM('pending','approved','rejected','active','inactive') DEFAULT 'active')
&#13;
C:\Users\USUARIO\Documents\Documentos Christian\Archivos Estudio\Sena\PROYECTO FORMATIVO\BackEnd\Conexion-EcoRisaralda\vendor\laravel\framework\src\Illuminate\Database\Connection.php:838
C:\Users\USUARIO\Documents\Documentos Christian\Archivos Estudio\Sena\PROYECTO FORMATIVO\BackEnd\Conexion-EcoRisaralda\vendor\laravel\framework\src\Illuminate\Database\Connection.php:794
C:\Users\USUARIO\Documents\Documentos Christian\Archivos Estudio\Sena\PROYECTO FORMATIVO\BackEnd\Conexion-EcoRisaralda\vendor\laravel\framework\src\Illuminate\Database\Connection.php:573
C:\Users\USUARIO\Documents\Documentos Christian\Archivos Estudio\Sena\PROYECTO FORMATIVO\BackEnd\Conexion-EcoRisaralda\vendor\laravel\framework\src\Illuminate\Database\DatabaseManager.php:491
C:\Users\USUARIO\Documents\Documentos Christian\Archivos Estudio\Sena\PROYECTO FORMATIVO\BackEnd\Conexion-EcoRisaralda\vendor\laravel\framework\src\Illuminate\Support\Facades\Facade.php:363
C:\Users\USUARIO\Documents\Documentos Christian\Archivos Estudio\Sena\PROYECTO FORMATIVO\BackEnd\Conexion-EcoRisaralda\database\migrations\2026_02_09_000001_add_inactive_to_status_enum_on_users_table.php:16
C:\Users\USUARIO\Documents\Documentos Christian\Archivos Estudio\Sena\PROYECTO FORMATIVO\BackEnd\Conexion-EcoRisaralda\vendor\laravel\framework\src\Illuminate\Database\Migrations\Migrator.php:517
C:\Users\USUARIO\Documents\Documentos Christian\Archivos Estudio\Sena\PROYECTO FORMATIVO\BackEnd\Conexion-EcoRisaralda\vendor\laravel\framework\src\Illuminate\Database\Migrations\Migrator.php:442
C:\Users\USUARIO\Documents\Documentos Christian\Archivos Estudio\Sena\PROYECTO FORMATIVO\BackEnd\Conexion-EcoRisaralda\vendor\laravel\framework\src\Illuminate\Database\Migrations\Migrator.php:451
C:\Users\USUARIO\Documents\Documentos Christian\Archivos Estudio\Sena\PROYECTO FORMATIVO\BackEnd\Conexion-EcoRisaralda\vendor\laravel\framework\src\Illuminate\Database\Migrations\Migrator.php:253
C:\Users\USUARIO\Documents\Documentos Christian\Archivos Estudio\Sena\PROYECTO FORMATIVO\BackEnd\Conexion-EcoRisaralda\vendor\laravel\framework\src\Illuminate\Console\View\Components\Task.php:41
C:\Users\USUARIO\Documents\Documentos Christian\Archivos Estudio\Sena\PROYECTO FORMATIVO\BackEnd\Conexion-EcoRisaralda\vendor\laravel\framework\src\Illuminate\Database\Migrations\Migrator.php:814
C:\Users\USUARIO\Documents\Documentos Christian\Archivos Estudio\Sena\PROYECTO FORMATIVO\BackEnd\Conexion-EcoRisaralda\vendor\laravel\framework\src\Illuminate\Database\Migrations\Migrator.php:253
C:\Users\USUARIO\Documents\Documentos Christian\Archivos Estudio\Sena\PROYECTO FORMATIVO\BackEnd\Conexion-EcoRisaralda\vendor\laravel\framework\src\Illuminate\Database\Migrations\Migrator.php:211
C:\Users\USUARIO\Documents\Documentos Christian\Archivos Estudio\Sena\PROYECTO FORMATIVO\BackEnd\Conexion-EcoRisaralda\vendor\laravel\framework\src\Illuminate\Database\Migrations\Migrator.php:138
C:\Users\USUARIO\Documents\Documentos Christian\Archivos Estudio\Sena\PROYECTO FORMATIVO\BackEnd\Conexion-EcoRisaralda\vendor\laravel\framework\src\Illuminate\Database\Console\Migrations\MigrateCommand.php:116
C:\Users\USUARIO\Documents\Documentos Christian\Archivos Estudio\Sena\PROYECTO FORMATIVO\BackEnd\Conexion-EcoRisaralda\vendor\laravel\framework\src\Illuminate\Database\Migrations\Migrator.php:671
C:\Users\USUARIO\Documents\Documentos Christian\Archivos Estudio\Sena\PROYECTO FORMATIVO\BackEnd\Conexion-EcoRisaralda\vendor\laravel\framework\src\Illuminate\Database\Console\Migrations\MigrateCommand.php:109
C:\Users\USUARIO\Documents\Documentos Christian\Archivos Estudio\Sena\PROYECTO FORMATIVO\BackEnd\Conexion-EcoRisaralda\vendor\laravel\framework\src\Illuminate\Database\Console\Migrations\MigrateCommand.php:88
C:\Users\USUARIO\Documents\Documentos Christian\Archivos Estudio\Sena\PROYECTO FORMATIVO\BackEnd\Conexion-EcoRisaralda\vendor\laravel\framework\src\Illuminate\Container\BoundMethod.php:36
C:\Users\USUARIO\Documents\Documentos Christian\Archivos Estudio\Sena\PROYECTO FORMATIVO\BackEnd\Conexion-EcoRisaralda\vendor\laravel\framework\src\Illuminate\Container\Util.php:43
C:\Users\USUARIO\Documents\Documentos Christian\Archivos Estudio\Sena\PROYECTO FORMATIVO\BackEnd\Conexion-EcoRisaralda\vendor\laravel\framework\src\Illuminate\Container\BoundMethod.php:96
C:\Users\USUARIO\Documents\Documentos Christian\Archivos Estudio\Sena\PROYECTO FORMATIVO\BackEnd\Conexion-EcoRisaralda\vendor\laravel\framework\src\Illuminate\Container\BoundMethod.php:35
C:\Users\USUARIO\Documents\Documentos Christian\Archivos Estudio\Sena\PROYECTO FORMATIVO\BackEnd\Conexion-EcoRisaralda\vendor\laravel\framework\src\Illuminate\Container\Container.php:799
C:\Users\USUARIO\Documents\Documentos Christian\Archivos Estudio\Sena\PROYECTO FORMATIVO\BackEnd\Conexion-EcoRisaralda\vendor\laravel\framework\src\Illuminate\Console\Command.php:211
C:\Users\USUARIO\Documents\Documentos Christian\Archivos Estudio\Sena\PROYECTO FORMATIVO\BackEnd\Conexion-EcoRisaralda\vendor\symfony\console\Command\Command.php:341
C:\Users\USUARIO\Documents\Documentos Christian\Archivos Estudio\Sena\PROYECTO FORMATIVO\BackEnd\Conexion-EcoRisaralda\vendor\laravel\framework\src\Illuminate\Console\Command.php:180
C:\Users\USUARIO\Documents\Documentos Christian\Archivos Estudio\Sena\PROYECTO FORMATIVO\BackEnd\Conexion-EcoRisaralda\vendor\laravel\framework\src\Illuminate\Console\Concerns\CallsCommands.php:68
C:\Users\USUARIO\Documents\Documentos Christian\Archivos Estudio\Sena\PROYECTO FORMATIVO\BackEnd\Conexion-EcoRisaralda\vendor\laravel\framework\src\Illuminate\Console\Concerns\CallsCommands.php:29
C:\Users\USUARIO\Documents\Documentos Christian\Archivos Estudio\Sena\PROYECTO FORMATIVO\BackEnd\Conexion-EcoRisaralda\vendor\laravel\framework\src\Illuminate\Database\Console\Migrations\FreshCommand.php:81
C:\Users\USUARIO\Documents\Documentos Christian\Archivos Estudio\Sena\PROYECTO FORMATIVO\BackEnd\Conexion-EcoRisaralda\vendor\laravel\framework\src\Illuminate\Container\BoundMethod.php:36
C:\Users\USUARIO\Documents\Documentos Christian\Archivos Estudio\Sena\PROYECTO FORMATIVO\BackEnd\Conexion-EcoRisaralda\vendor\laravel\framework\src\Illuminate\Container\Util.php:43
C:\Users\USUARIO\Documents\Documentos Christian\Archivos Estudio\Sena\PROYECTO FORMATIVO\BackEnd\Conexion-EcoRisaralda\vendor\laravel\framework\src\Illuminate\Container\BoundMethod.php:96
C:\Users\USUARIO\Documents\Documentos Christian\Archivos Estudio\Sena\PROYECTO FORMATIVO\BackEnd\Conexion-EcoRisaralda\vendor\laravel\framework\src\Illuminate\Container\BoundMethod.php:35
C:\Users\USUARIO\Documents\Documentos Christian\Archivos Estudio\Sena\PROYECTO FORMATIVO\BackEnd\Conexion-EcoRisaralda\vendor\laravel\framework\src\Illuminate\Container\Container.php:799
C:\Users\USUARIO\Documents\Documentos Christian\Archivos Estudio\Sena\PROYECTO FORMATIVO\BackEnd\Conexion-EcoRisaralda\vendor\laravel\framework\src\Illuminate\Console\Command.php:211
C:\Users\USUARIO\Documents\Documentos Christian\Archivos Estudio\Sena\PROYECTO FORMATIVO\BackEnd\Conexion-EcoRisaralda\vendor\symfony\console\Command\Command.php:341
C:\Users\USUARIO\Documents\Documentos Christian\Archivos Estudio\Sena\PROYECTO FORMATIVO\BackEnd\Conexion-EcoRisaralda\vendor\laravel\framework\src\Illuminate\Console\Command.php:180
C:\Users\USUARIO\Documents\Documentos Christian\Archivos Estudio\Sena\PROYECTO FORMATIVO\BackEnd\Conexion-EcoRisaralda\vendor\symfony\console\Application.php:1079
C:\Users\USUARIO\Documents\Documentos Christian\Archivos Estudio\Sena\PROYECTO FORMATIVO\BackEnd\Conexion-EcoRisaralda\vendor\symfony\console\Application.php:356
C:\Users\USUARIO\Documents\Documentos Christian\Archivos Estudio\Sena\PROYECTO FORMATIVO\BackEnd\Conexion-EcoRisaralda\vendor\symfony\console\Application.php:195
C:\Users\USUARIO\Documents\Documentos Christian\Archivos Estudio\Sena\PROYECTO FORMATIVO\BackEnd\Conexion-EcoRisaralda\vendor\laravel\framework\src\Illuminate\Console\Application.php:165
C:\Users\USUARIO\Documents\Documentos Christian\Archivos Estudio\Sena\PROYECTO FORMATIVO\BackEnd\Conexion-EcoRisaralda\vendor\laravel\framework\src\Illuminate\Foundation\Console\Kernel.php:447
C:\Users\USUARIO\Documents\Documentos Christian\Archivos Estudio\Sena\PROYECTO FORMATIVO\BackEnd\Conexion-EcoRisaralda\vendor\laravel\framework\src\Illuminate\Testing\PendingCommand.php:451
C:\Users\USUARIO\Documents\Documentos Christian\Archivos Estudio\Sena\PROYECTO FORMATIVO\BackEnd\Conexion-EcoRisaralda\vendor\laravel\framework\src\Illuminate\Testing\PendingCommand.php:675
C:\Users\USUARIO\Documents\Documentos Christian\Archivos Estudio\Sena\PROYECTO FORMATIVO\BackEnd\Conexion-EcoRisaralda\vendor\laravel\framework\src\Illuminate\Foundation\Testing\Concerns\InteractsWithConsole.php:87
C:\Users\USUARIO\Documents\Documentos Christian\Archivos Estudio\Sena\PROYECTO FORMATIVO\BackEnd\Conexion-EcoRisaralda\vendor\laravel\framework\src\Illuminate\Foundation\Testing\RefreshDatabase.php:119
C:\Users\USUARIO\Documents\Documentos Christian\Archivos Estudio\Sena\PROYECTO FORMATIVO\BackEnd\Conexion-EcoRisaralda\vendor\laravel\framework\src\Illuminate\Foundation\Testing\RefreshDatabase.php:84
C:\Users\USUARIO\Documents\Documentos Christian\Archivos Estudio\Sena\PROYECTO FORMATIVO\BackEnd\Conexion-EcoRisaralda\vendor\laravel\framework\src\Illuminate\Foundation\Testing\RefreshDatabase.php:25
C:\Users\USUARIO\Documents\Documentos Christian\Archivos Estudio\Sena\PROYECTO FORMATIVO\BackEnd\Conexion-EcoRisaralda\vendor\laravel\framework\src\Illuminate\Foundation\Testing\Concerns\InteractsWithTestCaseLifecycle.php:217
C:\Users\USUARIO\Documents\Documentos Christian\Archivos Estudio\Sena\PROYECTO FORMATIVO\BackEnd\Conexion-EcoRisaralda\vendor\laravel\framework\src\Illuminate\Foundation\Testing\Concerns\InteractsWithTestCaseLifecycle.php:101
C:\Users\USUARIO\Documents\Documentos Christian\Archivos Estudio\Sena\PROYECTO FORMATIVO\BackEnd\Conexion-EcoRisaralda\vendor\laravel\framework\src\Illuminate\Foundation\Testing\TestCase.php:63</error>
        </testcase>
        <testcase name="test_user_cannot_delete_others_review" file="C:\Users\USUARIO\Documents\Documentos Christian\Archivos Estudio\Sena\PROYECTO FORMATIVO\BackEnd\Conexion-EcoRisaralda\tests\Feature\ReviewsApiTest.php" line="102" class="Tests\Feature\ReviewsApiTest" classname="Tests.Feature.ReviewsApiTest" assertions="0" time="0.000000">
          <error type="Illuminate\Database\QueryException">Tests\Feature\ReviewsApiTest::test_user_cannot_delete_others_review&#13;
Illuminate\Database\QueryException: SQLSTATE[HY000]: General error: 1 near "MODIFY": syntax error (Connection: sqlite, Database: :memory:, SQL: ALTER TABLE users MODIFY status ENUM('pending','approved','rejected','active','inactive') DEFAULT 'active')
&#13;
C:\Users\USUARIO\Documents\Documentos Christian\Archivos Estudio\Sena\PROYECTO FORMATIVO\BackEnd\Conexion-EcoRisaralda\vendor\laravel\framework\src\Illuminate\Database\Connection.php:838
C:\Users\USUARIO\Documents\Documentos Christian\Archivos Estudio\Sena\PROYECTO FORMATIVO\BackEnd\Conexion-EcoRisaralda\vendor\laravel\framework\src\Illuminate\Database\Connection.php:794
C:\Users\USUARIO\Documents\Documentos Christian\Archivos Estudio\Sena\PROYECTO FORMATIVO\BackEnd\Conexion-EcoRisaralda\vendor\laravel\framework\src\Illuminate\Database\Connection.php:573
C:\Users\USUARIO\Documents\Documentos Christian\Archivos Estudio\Sena\PROYECTO FORMATIVO\BackEnd\Conexion-EcoRisaralda\vendor\laravel\framework\src\Illuminate\Database\DatabaseManager.php:491
C:\Users\USUARIO\Documents\Documentos Christian\Archivos Estudio\Sena\PROYECTO FORMATIVO\BackEnd\Conexion-EcoRisaralda\vendor\laravel\framework\src\Illuminate\Support\Facades\Facade.php:363
C:\Users\USUARIO\Documents\Documentos Christian\Archivos Estudio\Sena\PROYECTO FORMATIVO\BackEnd\Conexion-EcoRisaralda\database\migrations\2026_02_09_000001_add_inactive_to_status_enum_on_users_table.php:16
C:\Users\USUARIO\Documents\Documentos Christian\Archivos Estudio\Sena\PROYECTO FORMATIVO\BackEnd\Conexion-EcoRisaralda\vendor\laravel\framework\src\Illuminate\Database\Migrations\Migrator.php:517
C:\Users\USUARIO\Documents\Documentos Christian\Archivos Estudio\Sena\PROYECTO FORMATIVO\BackEnd\Conexion-EcoRisaralda\vendor\laravel\framework\src\Illuminate\Database\Migrations\Migrator.php:442
C:\Users\USUARIO\Documents\Documentos Christian\Archivos Estudio\Sena\PROYECTO FORMATIVO\BackEnd\Conexion-EcoRisaralda\vendor\laravel\framework\src\Illuminate\Database\Migrations\Migrator.php:451
C:\Users\USUARIO\Documents\Documentos Christian\Archivos Estudio\Sena\PROYECTO FORMATIVO\BackEnd\Conexion-EcoRisaralda\vendor\laravel\framework\src\Illuminate\Database\Migrations\Migrator.php:253
C:\Users\USUARIO\Documents\Documentos Christian\Archivos Estudio\Sena\PROYECTO FORMATIVO\BackEnd\Conexion-EcoRisaralda\vendor\laravel\framework\src\Illuminate\Console\View\Components\Task.php:41
C:\Users\USUARIO\Documents\Documentos Christian\Archivos Estudio\Sena\PROYECTO FORMATIVO\BackEnd\Conexion-EcoRisaralda\vendor\laravel\framework\src\Illuminate\Database\Migrations\Migrator.php:814
C:\Users\USUARIO\Documents\Documentos Christian\Archivos Estudio\Sena\PROYECTO FORMATIVO\BackEnd\Conexion-EcoRisaralda\vendor\laravel\framework\src\Illuminate\Database\Migrations\Migrator.php:253
C:\Users\USUARIO\Documents\Documentos Christian\Archivos Estudio\Sena\PROYECTO FORMATIVO\BackEnd\Conexion-EcoRisaralda\vendor\laravel\framework\src\Illuminate\Database\Migrations\Migrator.php:211
C:\Users\USUARIO\Documents\Documentos Christian\Archivos Estudio\Sena\PROYECTO FORMATIVO\BackEnd\Conexion-EcoRisaralda\vendor\laravel\framework\src\Illuminate\Database\Migrations\Migrator.php:138
C:\Users\USUARIO\Documents\Documentos Christian\Archivos Estudio\Sena\PROYECTO FORMATIVO\BackEnd\Conexion-EcoRisaralda\vendor\laravel\framework\src\Illuminate\Database\Console\Migrations\MigrateCommand.php:116
C:\Users\USUARIO\Documents\Documentos Christian\Archivos Estudio\Sena\PROYECTO FORMATIVO\BackEnd\Conexion-EcoRisaralda\vendor\laravel\framework\src\Illuminate\Database\Migrations\Migrator.php:671
C:\Users\USUARIO\Documents\Documentos Christian\Archivos Estudio\Sena\PROYECTO FORMATIVO\BackEnd\Conexion-EcoRisaralda\vendor\laravel\framework\src\Illuminate\Database\Console\Migrations\MigrateCommand.php:109
C:\Users\USUARIO\Documents\Documentos Christian\Archivos Estudio\Sena\PROYECTO FORMATIVO\BackEnd\Conexion-EcoRisaralda\vendor\laravel\framework\src\Illuminate\Database\Console\Migrations\MigrateCommand.php:88
C:\Users\USUARIO\Documents\Documentos Christian\Archivos Estudio\Sena\PROYECTO FORMATIVO\BackEnd\Conexion-EcoRisaralda\vendor\laravel\framework\src\Illuminate\Container\BoundMethod.php:36
C:\Users\USUARIO\Documents\Documentos Christian\Archivos Estudio\Sena\PROYECTO FORMATIVO\BackEnd\Conexion-EcoRisaralda\vendor\laravel\framework\src\Illuminate\Container\Util.php:43
C:\Users\USUARIO\Documents\Documentos Christian\Archivos Estudio\Sena\PROYECTO FORMATIVO\BackEnd\Conexion-EcoRisaralda\vendor\laravel\framework\src\Illuminate\Container\BoundMethod.php:96
C:\Users\USUARIO\Documents\Documentos Christian\Archivos Estudio\Sena\PROYECTO FORMATIVO\BackEnd\Conexion-EcoRisaralda\vendor\laravel\framework\src\Illuminate\Container\BoundMethod.php:35
C:\Users\USUARIO\Documents\Documentos Christian\Archivos Estudio\Sena\PROYECTO FORMATIVO\BackEnd\Conexion-EcoRisaralda\vendor\laravel\framework\src\Illuminate\Container\Container.php:799
C:\Users\USUARIO\Documents\Documentos Christian\Archivos Estudio\Sena\PROYECTO FORMATIVO\BackEnd\Conexion-EcoRisaralda\vendor\laravel\framework\src\Illuminate\Console\Command.php:211
C:\Users\USUARIO\Documents\Documentos Christian\Archivos Estudio\Sena\PROYECTO FORMATIVO\BackEnd\Conexion-EcoRisaralda\vendor\symfony\console\Command\Command.php:341
C:\Users\USUARIO\Documents\Documentos Christian\Archivos Estudio\Sena\PROYECTO FORMATIVO\BackEnd\Conexion-EcoRisaralda\vendor\laravel\framework\src\Illuminate\Console\Command.php:180
C:\Users\USUARIO\Documents\Documentos Christian\Archivos Estudio\Sena\PROYECTO FORMATIVO\BackEnd\Conexion-EcoRisaralda\vendor\laravel\framework\src\Illuminate\Console\Concerns\CallsCommands.php:68
C:\Users\USUARIO\Documents\Documentos Christian\Archivos Estudio\Sena\PROYECTO FORMATIVO\BackEnd\Conexion-EcoRisaralda\vendor\laravel\framework\src\Illuminate\Console\Concerns\CallsCommands.php:29
C:\Users\USUARIO\Documents\Documentos Christian\Archivos Estudio\Sena\PROYECTO FORMATIVO\BackEnd\Conexion-EcoRisaralda\vendor\laravel\framework\src\Illuminate\Database\Console\Migrations\FreshCommand.php:81
C:\Users\USUARIO\Documents\Documentos Christian\Archivos Estudio\Sena\PROYECTO FORMATIVO\BackEnd\Conexion-EcoRisaralda\vendor\laravel\framework\src\Illuminate\Container\BoundMethod.php:36
C:\Users\USUARIO\Documents\Documentos Christian\Archivos Estudio\Sena\PROYECTO FORMATIVO\BackEnd\Conexion-EcoRisaralda\vendor\laravel\framework\src\Illuminate\Container\Util.php:43
C:\Users\USUARIO\Documents\Documentos Christian\Archivos Estudio\Sena\PROYECTO FORMATIVO\BackEnd\Conexion-EcoRisaralda\vendor\laravel\framework\src\Illuminate\Container\BoundMethod.php:96
C:\Users\USUARIO\Documents\Documentos Christian\Archivos Estudio\Sena\PROYECTO FORMATIVO\BackEnd\Conexion-EcoRisaralda\vendor\laravel\framework\src\Illuminate\Container\BoundMethod.php:35
C:\Users\USUARIO\Documents\Documentos Christian\Archivos Estudio\Sena\PROYECTO FORMATIVO\BackEnd\Conexion-EcoRisaralda\vendor\laravel\framework\src\Illuminate\Container\Container.php:799
C:\Users\USUARIO\Documents\Documentos Christian\Archivos Estudio\Sena\PROYECTO FORMATIVO\BackEnd\Conexion-EcoRisaralda\vendor\laravel\framework\src\Illuminate\Console\Command.php:211
C:\Users\USUARIO\Documents\Documentos Christian\Archivos Estudio\Sena\PROYECTO FORMATIVO\BackEnd\Conexion-EcoRisaralda\vendor\symfony\console\Command\Command.php:341
C:\Users\USUARIO\Documents\Documentos Christian\Archivos Estudio\Sena\PROYECTO FORMATIVO\BackEnd\Conexion-EcoRisaralda\vendor\laravel\framework\src\Illuminate\Console\Command.php:180
C:\Users\USUARIO\Documents\Documentos Christian\Archivos Estudio\Sena\PROYECTO FORMATIVO\BackEnd\Conexion-EcoRisaralda\vendor\symfony\console\Application.php:1079
C:\Users\USUARIO\Documents\Documentos Christian\Archivos Estudio\Sena\PROYECTO FORMATIVO\BackEnd\Conexion-EcoRisaralda\vendor\symfony\console\Application.php:356
C:\Users\USUARIO\Documents\Documentos Christian\Archivos Estudio\Sena\PROYECTO FORMATIVO\BackEnd\Conexion-EcoRisaralda\vendor\symfony\console\Application.php:195
C:\Users\USUARIO\Documents\Documentos Christian\Archivos Estudio\Sena\PROYECTO FORMATIVO\BackEnd\Conexion-EcoRisaralda\vendor\laravel\framework\src\Illuminate\Console\Application.php:165
C:\Users\USUARIO\Documents\Documentos Christian\Archivos Estudio\Sena\PROYECTO FORMATIVO\BackEnd\Conexion-EcoRisaralda\vendor\laravel\framework\src\Illuminate\Foundation\Console\Kernel.php:447
C:\Users\USUARIO\Documents\Documentos Christian\Archivos Estudio\Sena\PROYECTO FORMATIVO\BackEnd\Conexion-EcoRisaralda\vendor\laravel\framework\src\Illuminate\Testing\PendingCommand.php:451
C:\Users\USUARIO\Documents\Documentos Christian\Archivos Estudio\Sena\PROYECTO FORMATIVO\BackEnd\Conexion-EcoRisaralda\vendor\laravel\framework\src\Illuminate\Testing\PendingCommand.php:675
C:\Users\USUARIO\Documents\Documentos Christian\Archivos Estudio\Sena\PROYECTO FORMATIVO\BackEnd\Conexion-EcoRisaralda\vendor\laravel\framework\src\Illuminate\Foundation\Testing\Concerns\InteractsWithConsole.php:87
C:\Users\USUARIO\Documents\Documentos Christian\Archivos Estudio\Sena\PROYECTO FORMATIVO\BackEnd\Conexion-EcoRisaralda\vendor\laravel\framework\src\Illuminate\Foundation\Testing\RefreshDatabase.php:119
C:\Users\USUARIO\Documents\Documentos Christian\Archivos Estudio\Sena\PROYECTO FORMATIVO\BackEnd\Conexion-EcoRisaralda\vendor\laravel\framework\src\Illuminate\Foundation\Testing\RefreshDatabase.php:84
C:\Users\USUARIO\Documents\Documentos Christian\Archivos Estudio\Sena\PROYECTO FORMATIVO\BackEnd\Conexion-EcoRisaralda\vendor\laravel\framework\src\Illuminate\Foundation\Testing\RefreshDatabase.php:25
C:\Users\USUARIO\Documents\Documentos Christian\Archivos Estudio\Sena\PROYECTO FORMATIVO\BackEnd\Conexion-EcoRisaralda\vendor\laravel\framework\src\Illuminate\Foundation\Testing\Concerns\InteractsWithTestCaseLifecycle.php:217
C:\Users\USUARIO\Documents\Documentos Christian\Archivos Estudio\Sena\PROYECTO FORMATIVO\BackEnd\Conexion-EcoRisaralda\vendor\laravel\framework\src\Illuminate\Foundation\Testing\Concerns\InteractsWithTestCaseLifecycle.php:101
C:\Users\USUARIO\Documents\Documentos Christian\Archivos Estudio\Sena\PROYECTO FORMATIVO\BackEnd\Conexion-EcoRisaralda\vendor\laravel\framework\src\Illuminate\Foundation\Testing\TestCase.php:63</error>
        </testcase>
        <testcase name="test_user_can_react_to_review" file="C:\Users\USUARIO\Documents\Documentos Christian\Archivos Estudio\Sena\PROYECTO FORMATIVO\BackEnd\Conexion-EcoRisaralda\tests\Feature\ReviewsApiTest.php" line="120" class="Tests\Feature\ReviewsApiTest" classname="Tests.Feature.ReviewsApiTest" assertions="0" time="0.000000">
          <error type="Illuminate\Database\QueryException">Tests\Feature\ReviewsApiTest::test_user_can_react_to_review&#13;
Illuminate\Database\QueryException: SQLSTATE[HY000]: General error: 1 near "MODIFY": syntax error (Connection: sqlite, Database: :memory:, SQL: ALTER TABLE users MODIFY status ENUM('pending','approved','rejected','active','inactive') DEFAULT 'active')
&#13;
C:\Users\USUARIO\Documents\Documentos Christian\Archivos Estudio\Sena\PROYECTO FORMATIVO\BackEnd\Conexion-EcoRisaralda\vendor\laravel\framework\src\Illuminate\Database\Connection.php:838
C:\Users\USUARIO\Documents\Documentos Christian\Archivos Estudio\Sena\PROYECTO FORMATIVO\BackEnd\Conexion-EcoRisaralda\vendor\laravel\framework\src\Illuminate\Database\Connection.php:794
C:\Users\USUARIO\Documents\Documentos Christian\Archivos Estudio\Sena\PROYECTO FORMATIVO\BackEnd\Conexion-EcoRisaralda\vendor\laravel\framework\src\Illuminate\Database\Connection.php:573
C:\Users\USUARIO\Documents\Documentos Christian\Archivos Estudio\Sena\PROYECTO FORMATIVO\BackEnd\Conexion-EcoRisaralda\vendor\laravel\framework\src\Illuminate\Database\DatabaseManager.php:491
C:\Users\USUARIO\Documents\Documentos Christian\Archivos Estudio\Sena\PROYECTO FORMATIVO\BackEnd\Conexion-EcoRisaralda\vendor\laravel\framework\src\Illuminate\Support\Facades\Facade.php:363
C:\Users\USUARIO\Documents\Documentos Christian\Archivos Estudio\Sena\PROYECTO FORMATIVO\BackEnd\Conexion-EcoRisaralda\database\migrations\2026_02_09_000001_add_inactive_to_status_enum_on_users_table.php:16
C:\Users\USUARIO\Documents\Documentos Christian\Archivos Estudio\Sena\PROYECTO FORMATIVO\BackEnd\Conexion-EcoRisaralda\vendor\laravel\framework\src\Illuminate\Database\Migrations\Migrator.php:517
C:\Users\USUARIO\Documents\Documentos Christian\Archivos Estudio\Sena\PROYECTO FORMATIVO\BackEnd\Conexion-EcoRisaralda\vendor\laravel\framework\src\Illuminate\Database\Migrations\Migrator.php:442
C:\Users\USUARIO\Documents\Documentos Christian\Archivos Estudio\Sena\PROYECTO FORMATIVO\BackEnd\Conexion-EcoRisaralda\vendor\laravel\framework\src\Illuminate\Database\Migrations\Migrator.php:451
C:\Users\USUARIO\Documents\Documentos Christian\Archivos Estudio\Sena\PROYECTO FORMATIVO\BackEnd\Conexion-EcoRisaralda\vendor\laravel\framework\src\Illuminate\Database\Migrations\Migrator.php:253
C:\Users\USUARIO\Documents\Documentos Christian\Archivos Estudio\Sena\PROYECTO FORMATIVO\BackEnd\Conexion-EcoRisaralda\vendor\laravel\framework\src\Illuminate\Console\View\Components\Task.php:41
C:\Users\USUARIO\Documents\Documentos Christian\Archivos Estudio\Sena\PROYECTO FORMATIVO\BackEnd\Conexion-EcoRisaralda\vendor\laravel\framework\src\Illuminate\Database\Migrations\Migrator.php:814
C:\Users\USUARIO\Documents\Documentos Christian\Archivos Estudio\Sena\PROYECTO FORMATIVO\BackEnd\Conexion-EcoRisaralda\vendor\laravel\framework\src\Illuminate\Database\Migrations\Migrator.php:253
C:\Users\USUARIO\Documents\Documentos Christian\Archivos Estudio\Sena\PROYECTO FORMATIVO\BackEnd\Conexion-EcoRisaralda\vendor\laravel\framework\src\Illuminate\Database\Migrations\Migrator.php:211
C:\Users\USUARIO\Documents\Documentos Christian\Archivos Estudio\Sena\PROYECTO FORMATIVO\BackEnd\Conexion-EcoRisaralda\vendor\laravel\framework\src\Illuminate\Database\Migrations\Migrator.php:138
C:\Users\USUARIO\Documents\Documentos Christian\Archivos Estudio\Sena\PROYECTO FORMATIVO\BackEnd\Conexion-EcoRisaralda\vendor\laravel\framework\src\Illuminate\Database\Console\Migrations\MigrateCommand.php:116
C:\Users\USUARIO\Documents\Documentos Christian\Archivos Estudio\Sena\PROYECTO FORMATIVO\BackEnd\Conexion-EcoRisaralda\vendor\laravel\framework\src\Illuminate\Database\Migrations\Migrator.php:671
C:\Users\USUARIO\Documents\Documentos Christian\Archivos Estudio\Sena\PROYECTO FORMATIVO\BackEnd\Conexion-EcoRisaralda\vendor\laravel\framework\src\Illuminate\Database\Console\Migrations\MigrateCommand.php:109
C:\Users\USUARIO\Documents\Documentos Christian\Archivos Estudio\Sena\PROYECTO FORMATIVO\BackEnd\Conexion-EcoRisaralda\vendor\laravel\framework\src\Illuminate\Database\Console\Migrations\MigrateCommand.php:88
C:\Users\USUARIO\Documents\Documentos Christian\Archivos Estudio\Sena\PROYECTO FORMATIVO\BackEnd\Conexion-EcoRisaralda\vendor\laravel\framework\src\Illuminate\Container\BoundMethod.php:36
C:\Users\USUARIO\Documents\Documentos Christian\Archivos Estudio\Sena\PROYECTO FORMATIVO\BackEnd\Conexion-EcoRisaralda\vendor\laravel\framework\src\Illuminate\Container\Util.php:43
C:\Users\USUARIO\Documents\Documentos Christian\Archivos Estudio\Sena\PROYECTO FORMATIVO\BackEnd\Conexion-EcoRisaralda\vendor\laravel\framework\src\Illuminate\Container\BoundMethod.php:96
C:\Users\USUARIO\Documents\Documentos Christian\Archivos Estudio\Sena\PROYECTO FORMATIVO\BackEnd\Conexion-EcoRisaralda\vendor\laravel\framework\src\Illuminate\Container\BoundMethod.php:35
C:\Users\USUARIO\Documents\Documentos Christian\Archivos Estudio\Sena\PROYECTO FORMATIVO\BackEnd\Conexion-EcoRisaralda\vendor\laravel\framework\src\Illuminate\Container\Container.php:799
C:\Users\USUARIO\Documents\Documentos Christian\Archivos Estudio\Sena\PROYECTO FORMATIVO\BackEnd\Conexion-EcoRisaralda\vendor\laravel\framework\src\Illuminate\Console\Command.php:211
C:\Users\USUARIO\Documents\Documentos Christian\Archivos Estudio\Sena\PROYECTO FORMATIVO\BackEnd\Conexion-EcoRisaralda\vendor\symfony\console\Command\Command.php:341
C:\Users\USUARIO\Documents\Documentos Christian\Archivos Estudio\Sena\PROYECTO FORMATIVO\BackEnd\Conexion-EcoRisaralda\vendor\laravel\framework\src\Illuminate\Console\Command.php:180
C:\Users\USUARIO\Documents\Documentos Christian\Archivos Estudio\Sena\PROYECTO FORMATIVO\BackEnd\Conexion-EcoRisaralda\vendor\laravel\framework\src\Illuminate\Console\Concerns\CallsCommands.php:68
C:\Users\USUARIO\Documents\Documentos Christian\Archivos Estudio\Sena\PROYECTO FORMATIVO\BackEnd\Conexion-EcoRisaralda\vendor\laravel\framework\src\Illuminate\Console\Concerns\CallsCommands.php:29
C:\Users\USUARIO\Documents\Documentos Christian\Archivos Estudio\Sena\PROYECTO FORMATIVO\BackEnd\Conexion-EcoRisaralda\vendor\laravel\framework\src\Illuminate\Database\Console\Migrations\FreshCommand.php:81
C:\Users\USUARIO\Documents\Documentos Christian\Archivos Estudio\Sena\PROYECTO FORMATIVO\BackEnd\Conexion-EcoRisaralda\vendor\laravel\framework\src\Illuminate\Container\BoundMethod.php:36
C:\Users\USUARIO\Documents\Documentos Christian\Archivos Estudio\Sena\PROYECTO FORMATIVO\BackEnd\Conexion-EcoRisaralda\vendor\laravel\framework\src\Illuminate\Container\Util.php:43
C:\Users\USUARIO\Documents\Documentos Christian\Archivos Estudio\Sena\PROYECTO FORMATIVO\BackEnd\Conexion-EcoRisaralda\vendor\laravel\framework\src\Illuminate\Container\BoundMethod.php:96
C:\Users\USUARIO\Documents\Documentos Christian\Archivos Estudio\Sena\PROYECTO FORMATIVO\BackEnd\Conexion-EcoRisaralda\vendor\laravel\framework\src\Illuminate\Container\BoundMethod.php:35
C:\Users\USUARIO\Documents\Documentos Christian\Archivos Estudio\Sena\PROYECTO FORMATIVO\BackEnd\Conexion-EcoRisaralda\vendor\laravel\framework\src\Illuminate\Container\Container.php:799
C:\Users\USUARIO\Documents\Documentos Christian\Archivos Estudio\Sena\PROYECTO FORMATIVO\BackEnd\Conexion-EcoRisaralda\vendor\laravel\framework\src\Illuminate\Console\Command.php:211
C:\Users\USUARIO\Documents\Documentos Christian\Archivos Estudio\Sena\PROYECTO FORMATIVO\BackEnd\Conexion-EcoRisaralda\vendor\symfony\console\Command\Command.php:341
C:\Users\USUARIO\Documents\Documentos Christian\Archivos Estudio\Sena\PROYECTO FORMATIVO\BackEnd\Conexion-EcoRisaralda\vendor\laravel\framework\src\Illuminate\Console\Command.php:180
C:\Users\USUARIO\Documents\Documentos Christian\Archivos Estudio\Sena\PROYECTO FORMATIVO\BackEnd\Conexion-EcoRisaralda\vendor\symfony\console\Application.php:1079
C:\Users\USUARIO\Documents\Documentos Christian\Archivos Estudio\Sena\PROYECTO FORMATIVO\BackEnd\Conexion-EcoRisaralda\vendor\symfony\console\Application.php:356
C:\Users\USUARIO\Documents\Documentos Christian\Archivos Estudio\Sena\PROYECTO FORMATIVO\BackEnd\Conexion-EcoRisaralda\vendor\symfony\console\Application.php:195
C:\Users\USUARIO\Documents\Documentos Christian\Archivos Estudio\Sena\PROYECTO FORMATIVO\BackEnd\Conexion-EcoRisaralda\vendor\laravel\framework\src\Illuminate\Console\Application.php:165
C:\Users\USUARIO\Documents\Documentos Christian\Archivos Estudio\Sena\PROYECTO FORMATIVO\BackEnd\Conexion-EcoRisaralda\vendor\laravel\framework\src\Illuminate\Foundation\Console\Kernel.php:447
C:\Users\USUARIO\Documents\Documentos Christian\Archivos Estudio\Sena\PROYECTO FORMATIVO\BackEnd\Conexion-EcoRisaralda\vendor\laravel\framework\src\Illuminate\Testing\PendingCommand.php:451
C:\Users\USUARIO\Documents\Documentos Christian\Archivos Estudio\Sena\PROYECTO FORMATIVO\BackEnd\Conexion-EcoRisaralda\vendor\laravel\framework\src\Illuminate\Testing\PendingCommand.php:675
C:\Users\USUARIO\Documents\Documentos Christian\Archivos Estudio\Sena\PROYECTO FORMATIVO\BackEnd\Conexion-EcoRisaralda\vendor\laravel\framework\src\Illuminate\Foundation\Testing\Concerns\InteractsWithConsole.php:87
C:\Users\USUARIO\Documents\Documentos Christian\Archivos Estudio\Sena\PROYECTO FORMATIVO\BackEnd\Conexion-EcoRisaralda\vendor\laravel\framework\src\Illuminate\Foundation\Testing\RefreshDatabase.php:119
C:\Users\USUARIO\Documents\Documentos Christian\Archivos Estudio\Sena\PROYECTO FORMATIVO\BackEnd\Conexion-EcoRisaralda\vendor\laravel\framework\src\Illuminate\Foundation\Testing\RefreshDatabase.php:84
C:\Users\USUARIO\Documents\Documentos Christian\Archivos Estudio\Sena\PROYECTO FORMATIVO\BackEnd\Conexion-EcoRisaralda\vendor\laravel\framework\src\Illuminate\Foundation\Testing\RefreshDatabase.php:25
C:\Users\USUARIO\Documents\Documentos Christian\Archivos Estudio\Sena\PROYECTO FORMATIVO\BackEnd\Conexion-EcoRisaralda\vendor\laravel\framework\src\Illuminate\Foundation\Testing\Concerns\InteractsWithTestCaseLifecycle.php:217
C:\Users\USUARIO\Documents\Documentos Christian\Archivos Estudio\Sena\PROYECTO FORMATIVO\BackEnd\Conexion-EcoRisaralda\vendor\laravel\framework\src\Illuminate\Foundation\Testing\Concerns\InteractsWithTestCaseLifecycle.php:101
C:\Users\USUARIO\Documents\Documentos Christian\Archivos Estudio\Sena\PROYECTO FORMATIVO\BackEnd\Conexion-EcoRisaralda\vendor\laravel\framework\src\Illuminate\Foundation\Testing\TestCase.php:63</error>
        </testcase>
        <testcase name="test_unauthenticated_user_cannot_create_review" file="C:\Users\USUARIO\Documents\Documentos Christian\Archivos Estudio\Sena\PROYECTO FORMATIVO\BackEnd\Conexion-EcoRisaralda\tests\Feature\ReviewsApiTest.php" line="141" class="Tests\Feature\ReviewsApiTest" classname="Tests.Feature.ReviewsApiTest" assertions="0" time="0.000000">
          <error type="Illuminate\Database\QueryException">Tests\Feature\ReviewsApiTest::test_unauthenticated_user_cannot_create_review&#13;
Illuminate\Database\QueryException: SQLSTATE[HY000]: General error: 1 near "MODIFY": syntax error (Connection: sqlite, Database: :memory:, SQL: ALTER TABLE users MODIFY status ENUM('pending','approved','rejected','active','inactive') DEFAULT 'active')
&#13;
C:\Users\USUARIO\Documents\Documentos Christian\Archivos Estudio\Sena\PROYECTO FORMATIVO\BackEnd\Conexion-EcoRisaralda\vendor\laravel\framework\src\Illuminate\Database\Connection.php:838
C:\Users\USUARIO\Documents\Documentos Christian\Archivos Estudio\Sena\PROYECTO FORMATIVO\BackEnd\Conexion-EcoRisaralda\vendor\laravel\framework\src\Illuminate\Database\Connection.php:794
C:\Users\USUARIO\Documents\Documentos Christian\Archivos Estudio\Sena\PROYECTO FORMATIVO\BackEnd\Conexion-EcoRisaralda\vendor\laravel\framework\src\Illuminate\Database\Connection.php:573
C:\Users\USUARIO\Documents\Documentos Christian\Archivos Estudio\Sena\PROYECTO FORMATIVO\BackEnd\Conexion-EcoRisaralda\vendor\laravel\framework\src\Illuminate\Database\DatabaseManager.php:491
C:\Users\USUARIO\Documents\Documentos Christian\Archivos Estudio\Sena\PROYECTO FORMATIVO\BackEnd\Conexion-EcoRisaralda\vendor\laravel\framework\src\Illuminate\Support\Facades\Facade.php:363
C:\Users\USUARIO\Documents\Documentos Christian\Archivos Estudio\Sena\PROYECTO FORMATIVO\BackEnd\Conexion-EcoRisaralda\database\migrations\2026_02_09_000001_add_inactive_to_status_enum_on_users_table.php:16
C:\Users\USUARIO\Documents\Documentos Christian\Archivos Estudio\Sena\PROYECTO FORMATIVO\BackEnd\Conexion-EcoRisaralda\vendor\laravel\framework\src\Illuminate\Database\Migrations\Migrator.php:517
C:\Users\USUARIO\Documents\Documentos Christian\Archivos Estudio\Sena\PROYECTO FORMATIVO\BackEnd\Conexion-EcoRisaralda\vendor\laravel\framework\src\Illuminate\Database\Migrations\Migrator.php:442
C:\Users\USUARIO\Documents\Documentos Christian\Archivos Estudio\Sena\PROYECTO FORMATIVO\BackEnd\Conexion-EcoRisaralda\vendor\laravel\framework\src\Illuminate\Database\Migrations\Migrator.php:451
C:\Users\USUARIO\Documents\Documentos Christian\Archivos Estudio\Sena\PROYECTO FORMATIVO\BackEnd\Conexion-EcoRisaralda\vendor\laravel\framework\src\Illuminate\Database\Migrations\Migrator.php:253
C:\Users\USUARIO\Documents\Documentos Christian\Archivos Estudio\Sena\PROYECTO FORMATIVO\BackEnd\Conexion-EcoRisaralda\vendor\laravel\framework\src\Illuminate\Console\View\Components\Task.php:41
C:\Users\USUARIO\Documents\Documentos Christian\Archivos Estudio\Sena\PROYECTO FORMATIVO\BackEnd\Conexion-EcoRisaralda\vendor\laravel\framework\src\Illuminate\Database\Migrations\Migrator.php:814
C:\Users\USUARIO\Documents\Documentos Christian\Archivos Estudio\Sena\PROYECTO FORMATIVO\BackEnd\Conexion-EcoRisaralda\vendor\laravel\framework\src\Illuminate\Database\Migrations\Migrator.php:253
C:\Users\USUARIO\Documents\Documentos Christian\Archivos Estudio\Sena\PROYECTO FORMATIVO\BackEnd\Conexion-EcoRisaralda\vendor\laravel\framework\src\Illuminate\Database\Migrations\Migrator.php:211
C:\Users\USUARIO\Documents\Documentos Christian\Archivos Estudio\Sena\PROYECTO FORMATIVO\BackEnd\Conexion-EcoRisaralda\vendor\laravel\framework\src\Illuminate\Database\Migrations\Migrator.php:138
C:\Users\USUARIO\Documents\Documentos Christian\Archivos Estudio\Sena\PROYECTO FORMATIVO\BackEnd\Conexion-EcoRisaralda\vendor\laravel\framework\src\Illuminate\Database\Console\Migrations\MigrateCommand.php:116
C:\Users\USUARIO\Documents\Documentos Christian\Archivos Estudio\Sena\PROYECTO FORMATIVO\BackEnd\Conexion-EcoRisaralda\vendor\laravel\framework\src\Illuminate\Database\Migrations\Migrator.php:671
C:\Users\USUARIO\Documents\Documentos Christian\Archivos Estudio\Sena\PROYECTO FORMATIVO\BackEnd\Conexion-EcoRisaralda\vendor\laravel\framework\src\Illuminate\Database\Console\Migrations\MigrateCommand.php:109
C:\Users\USUARIO\Documents\Documentos Christian\Archivos Estudio\Sena\PROYECTO FORMATIVO\BackEnd\Conexion-EcoRisaralda\vendor\laravel\framework\src\Illuminate\Database\Console\Migrations\MigrateCommand.php:88
C:\Users\USUARIO\Documents\Documentos Christian\Archivos Estudio\Sena\PROYECTO FORMATIVO\BackEnd\Conexion-EcoRisaralda\vendor\laravel\framework\src\Illuminate\Container\BoundMethod.php:36
C:\Users\USUARIO\Documents\Documentos Christian\Archivos Estudio\Sena\PROYECTO FORMATIVO\BackEnd\Conexion-EcoRisaralda\vendor\laravel\framework\src\Illuminate\Container\Util.php:43
C:\Users\USUARIO\Documents\Documentos Christian\Archivos Estudio\Sena\PROYECTO FORMATIVO\BackEnd\Conexion-EcoRisaralda\vendor\laravel\framework\src\Illuminate\Container\BoundMethod.php:96
C:\Users\USUARIO\Documents\Documentos Christian\Archivos Estudio\Sena\PROYECTO FORMATIVO\BackEnd\Conexion-EcoRisaralda\vendor\laravel\framework\src\Illuminate\Container\BoundMethod.php:35
C:\Users\USUARIO\Documents\Documentos Christian\Archivos Estudio\Sena\PROYECTO FORMATIVO\BackEnd\Conexion-EcoRisaralda\vendor\laravel\framework\src\Illuminate\Container\Container.php:799
C:\Users\USUARIO\Documents\Documentos Christian\Archivos Estudio\Sena\PROYECTO FORMATIVO\BackEnd\Conexion-EcoRisaralda\vendor\laravel\framework\src\Illuminate\Console\Command.php:211
C:\Users\USUARIO\Documents\Documentos Christian\Archivos Estudio\Sena\PROYECTO FORMATIVO\BackEnd\Conexion-EcoRisaralda\vendor\symfony\console\Command\Command.php:341
C:\Users\USUARIO\Documents\Documentos Christian\Archivos Estudio\Sena\PROYECTO FORMATIVO\BackEnd\Conexion-EcoRisaralda\vendor\laravel\framework\src\Illuminate\Console\Command.php:180
C:\Users\USUARIO\Documents\Documentos Christian\Archivos Estudio\Sena\PROYECTO FORMATIVO\BackEnd\Conexion-EcoRisaralda\vendor\laravel\framework\src\Illuminate\Console\Concerns\CallsCommands.php:68
C:\Users\USUARIO\Documents\Documentos Christian\Archivos Estudio\Sena\PROYECTO FORMATIVO\BackEnd\Conexion-EcoRisaralda\vendor\laravel\framework\src\Illuminate\Console\Concerns\CallsCommands.php:29
C:\Users\USUARIO\Documents\Documentos Christian\Archivos Estudio\Sena\PROYECTO FORMATIVO\BackEnd\Conexion-EcoRisaralda\vendor\laravel\framework\src\Illuminate\Database\Console\Migrations\FreshCommand.php:81
C:\Users\USUARIO\Documents\Documentos Christian\Archivos Estudio\Sena\PROYECTO FORMATIVO\BackEnd\Conexion-EcoRisaralda\vendor\laravel\framework\src\Illuminate\Container\BoundMethod.php:36
C:\Users\USUARIO\Documents\Documentos Christian\Archivos Estudio\Sena\PROYECTO FORMATIVO\BackEnd\Conexion-EcoRisaralda\vendor\laravel\framework\src\Illuminate\Container\Util.php:43
C:\Users\USUARIO\Documents\Documentos Christian\Archivos Estudio\Sena\PROYECTO FORMATIVO\BackEnd\Conexion-EcoRisaralda\vendor\laravel\framework\src\Illuminate\Container\BoundMethod.php:96
C:\Users\USUARIO\Documents\Documentos Christian\Archivos Estudio\Sena\PROYECTO FORMATIVO\BackEnd\Conexion-EcoRisaralda\vendor\laravel\framework\src\Illuminate\Container\BoundMethod.php:35
C:\Users\USUARIO\Documents\Documentos Christian\Archivos Estudio\Sena\PROYECTO FORMATIVO\BackEnd\Conexion-EcoRisaralda\vendor\laravel\framework\src\Illuminate\Container\Container.php:799
C:\Users\USUARIO\Documents\Documentos Christian\Archivos Estudio\Sena\PROYECTO FORMATIVO\BackEnd\Conexion-EcoRisaralda\vendor\laravel\framework\src\Illuminate\Console\Command.php:211
C:\Users\USUARIO\Documents\Documentos Christian\Archivos Estudio\Sena\PROYECTO FORMATIVO\BackEnd\Conexion-EcoRisaralda\vendor\symfony\console\Command\Command.php:341
C:\Users\USUARIO\Documents\Documentos Christian\Archivos Estudio\Sena\PROYECTO FORMATIVO\BackEnd\Conexion-EcoRisaralda\vendor\laravel\framework\src\Illuminate\Console\Command.php:180
C:\Users\USUARIO\Documents\Documentos Christian\Archivos Estudio\Sena\PROYECTO FORMATIVO\BackEnd\Conexion-EcoRisaralda\vendor\symfony\console\Application.php:1079
C:\Users\USUARIO\Documents\Documentos Christian\Archivos Estudio\Sena\PROYECTO FORMATIVO\BackEnd\Conexion-EcoRisaralda\vendor\symfony\console\Application.php:356
C:\Users\USUARIO\Documents\Documentos Christian\Archivos Estudio\Sena\PROYECTO FORMATIVO\BackEnd\Conexion-EcoRisaralda\vendor\symfony\console\Application.php:195
C:\Users\USUARIO\Documents\Documentos Christian\Archivos Estudio\Sena\PROYECTO FORMATIVO\BackEnd\Conexion-EcoRisaralda\vendor\laravel\framework\src\Illuminate\Console\Application.php:165
C:\Users\USUARIO\Documents\Documentos Christian\Archivos Estudio\Sena\PROYECTO FORMATIVO\BackEnd\Conexion-EcoRisaralda\vendor\laravel\framework\src\Illuminate\Foundation\Console\Kernel.php:447
C:\Users\USUARIO\Documents\Documentos Christian\Archivos Estudio\Sena\PROYECTO FORMATIVO\BackEnd\Conexion-EcoRisaralda\vendor\laravel\framework\src\Illuminate\Testing\PendingCommand.php:451
C:\Users\USUARIO\Documents\Documentos Christian\Archivos Estudio\Sena\PROYECTO FORMATIVO\BackEnd\Conexion-EcoRisaralda\vendor\laravel\framework\src\Illuminate\Testing\PendingCommand.php:675
C:\Users\USUARIO\Documents\Documentos Christian\Archivos Estudio\Sena\PROYECTO FORMATIVO\BackEnd\Conexion-EcoRisaralda\vendor\laravel\framework\src\Illuminate\Foundation\Testing\Concerns\InteractsWithConsole.php:87
C:\Users\USUARIO\Documents\Documentos Christian\Archivos Estudio\Sena\PROYECTO FORMATIVO\BackEnd\Conexion-EcoRisaralda\vendor\laravel\framework\src\Illuminate\Foundation\Testing\RefreshDatabase.php:119
C:\Users\USUARIO\Documents\Documentos Christian\Archivos Estudio\Sena\PROYECTO FORMATIVO\BackEnd\Conexion-EcoRisaralda\vendor\laravel\framework\src\Illuminate\Foundation\Testing\RefreshDatabase.php:84
C:\Users\USUARIO\Documents\Documentos Christian\Archivos Estudio\Sena\PROYECTO FORMATIVO\BackEnd\Conexion-EcoRisaralda\vendor\laravel\framework\src\Illuminate\Foundation\Testing\RefreshDatabase.php:25
C:\Users\USUARIO\Documents\Documentos Christian\Archivos Estudio\Sena\PROYECTO FORMATIVO\BackEnd\Conexion-EcoRisaralda\vendor\laravel\framework\src\Illuminate\Foundation\Testing\Concerns\InteractsWithTestCaseLifecycle.php:217
C:\Users\USUARIO\Documents\Documentos Christian\Archivos Estudio\Sena\PROYECTO FORMATIVO\BackEnd\Conexion-EcoRisaralda\vendor\laravel\framework\src\Illuminate\Foundation\Testing\Concerns\InteractsWithTestCaseLifecycle.php:101
C:\Users\USUARIO\Documents\Documentos Christian\Archivos Estudio\Sena\PROYECTO FORMATIVO\BackEnd\Conexion-EcoRisaralda\vendor\laravel\framework\src\Illuminate\Foundation\Testing\TestCase.php:63</error>
        </testcase>
        <testcase name="test_review_rejects_profanity" file="C:\Users\USUARIO\Documents\Documentos Christian\Archivos Estudio\Sena\PROYECTO FORMATIVO\BackEnd\Conexion-EcoRisaralda\tests\Feature\ReviewsApiTest.php" line="154" class="Tests\Feature\ReviewsApiTest" classname="Tests.Feature.ReviewsApiTest" assertions="0" time="0.000000">
          <error type="Illuminate\Database\QueryException">Tests\Feature\ReviewsApiTest::test_review_rejects_profanity&#13;
Illuminate\Database\QueryException: SQLSTATE[HY000]: General error: 1 near "MODIFY": syntax error (Connection: sqlite, Database: :memory:, SQL: ALTER TABLE users MODIFY status ENUM('pending','approved','rejected','active','inactive') DEFAULT 'active')
&#13;
C:\Users\USUARIO\Documents\Documentos Christian\Archivos Estudio\Sena\PROYECTO FORMATIVO\BackEnd\Conexion-EcoRisaralda\vendor\laravel\framework\src\Illuminate\Database\Connection.php:838
C:\Users\USUARIO\Documents\Documentos Christian\Archivos Estudio\Sena\PROYECTO FORMATIVO\BackEnd\Conexion-EcoRisaralda\vendor\laravel\framework\src\Illuminate\Database\Connection.php:794
C:\Users\USUARIO\Documents\Documentos Christian\Archivos Estudio\Sena\PROYECTO FORMATIVO\BackEnd\Conexion-EcoRisaralda\vendor\laravel\framework\src\Illuminate\Database\Connection.php:573
C:\Users\USUARIO\Documents\Documentos Christian\Archivos Estudio\Sena\PROYECTO FORMATIVO\BackEnd\Conexion-EcoRisaralda\vendor\laravel\framework\src\Illuminate\Database\DatabaseManager.php:491
C:\Users\USUARIO\Documents\Documentos Christian\Archivos Estudio\Sena\PROYECTO FORMATIVO\BackEnd\Conexion-EcoRisaralda\vendor\laravel\framework\src\Illuminate\Support\Facades\Facade.php:363
C:\Users\USUARIO\Documents\Documentos Christian\Archivos Estudio\Sena\PROYECTO FORMATIVO\BackEnd\Conexion-EcoRisaralda\database\migrations\2026_02_09_000001_add_inactive_to_status_enum_on_users_table.php:16
C:\Users\USUARIO\Documents\Documentos Christian\Archivos Estudio\Sena\PROYECTO FORMATIVO\BackEnd\Conexion-EcoRisaralda\vendor\laravel\framework\src\Illuminate\Database\Migrations\Migrator.php:517
C:\Users\USUARIO\Documents\Documentos Christian\Archivos Estudio\Sena\PROYECTO FORMATIVO\BackEnd\Conexion-EcoRisaralda\vendor\laravel\framework\src\Illuminate\Database\Migrations\Migrator.php:442
C:\Users\USUARIO\Documents\Documentos Christian\Archivos Estudio\Sena\PROYECTO FORMATIVO\BackEnd\Conexion-EcoRisaralda\vendor\laravel\framework\src\Illuminate\Database\Migrations\Migrator.php:451
C:\Users\USUARIO\Documents\Documentos Christian\Archivos Estudio\Sena\PROYECTO FORMATIVO\BackEnd\Conexion-EcoRisaralda\vendor\laravel\framework\src\Illuminate\Database\Migrations\Migrator.php:253
C:\Users\USUARIO\Documents\Documentos Christian\Archivos Estudio\Sena\PROYECTO FORMATIVO\BackEnd\Conexion-EcoRisaralda\vendor\laravel\framework\src\Illuminate\Console\View\Components\Task.php:41
C:\Users\USUARIO\Documents\Documentos Christian\Archivos Estudio\Sena\PROYECTO FORMATIVO\BackEnd\Conexion-EcoRisaralda\vendor\laravel\framework\src\Illuminate\Database\Migrations\Migrator.php:814
C:\Users\USUARIO\Documents\Documentos Christian\Archivos Estudio\Sena\PROYECTO FORMATIVO\BackEnd\Conexion-EcoRisaralda\vendor\laravel\framework\src\Illuminate\Database\Migrations\Migrator.php:253
C:\Users\USUARIO\Documents\Documentos Christian\Archivos Estudio\Sena\PROYECTO FORMATIVO\BackEnd\Conexion-EcoRisaralda\vendor\laravel\framework\src\Illuminate\Database\Migrations\Migrator.php:211
C:\Users\USUARIO\Documents\Documentos Christian\Archivos Estudio\Sena\PROYECTO FORMATIVO\BackEnd\Conexion-EcoRisaralda\vendor\laravel\framework\src\Illuminate\Database\Migrations\Migrator.php:138
C:\Users\USUARIO\Documents\Documentos Christian\Archivos Estudio\Sena\PROYECTO FORMATIVO\BackEnd\Conexion-EcoRisaralda\vendor\laravel\framework\src\Illuminate\Database\Console\Migrations\MigrateCommand.php:116
C:\Users\USUARIO\Documents\Documentos Christian\Archivos Estudio\Sena\PROYECTO FORMATIVO\BackEnd\Conexion-EcoRisaralda\vendor\laravel\framework\src\Illuminate\Database\Migrations\Migrator.php:671
C:\Users\USUARIO\Documents\Documentos Christian\Archivos Estudio\Sena\PROYECTO FORMATIVO\BackEnd\Conexion-EcoRisaralda\vendor\laravel\framework\src\Illuminate\Database\Console\Migrations\MigrateCommand.php:109
C:\Users\USUARIO\Documents\Documentos Christian\Archivos Estudio\Sena\PROYECTO FORMATIVO\BackEnd\Conexion-EcoRisaralda\vendor\laravel\framework\src\Illuminate\Database\Console\Migrations\MigrateCommand.php:88
C:\Users\USUARIO\Documents\Documentos Christian\Archivos Estudio\Sena\PROYECTO FORMATIVO\BackEnd\Conexion-EcoRisaralda\vendor\laravel\framework\src\Illuminate\Container\BoundMethod.php:36
C:\Users\USUARIO\Documents\Documentos Christian\Archivos Estudio\Sena\PROYECTO FORMATIVO\BackEnd\Conexion-EcoRisaralda\vendor\laravel\framework\src\Illuminate\Container\Util.php:43
C:\Users\USUARIO\Documents\Documentos Christian\Archivos Estudio\Sena\PROYECTO FORMATIVO\BackEnd\Conexion-EcoRisaralda\vendor\laravel\framework\src\Illuminate\Container\BoundMethod.php:96
C:\Users\USUARIO\Documents\Documentos Christian\Archivos Estudio\Sena\PROYECTO FORMATIVO\BackEnd\Conexion-EcoRisaralda\vendor\laravel\framework\src\Illuminate\Container\BoundMethod.php:35
C:\Users\USUARIO\Documents\Documentos Christian\Archivos Estudio\Sena\PROYECTO FORMATIVO\BackEnd\Conexion-EcoRisaralda\vendor\laravel\framework\src\Illuminate\Container\Container.php:799
C:\Users\USUARIO\Documents\Documentos Christian\Archivos Estudio\Sena\PROYECTO FORMATIVO\BackEnd\Conexion-EcoRisaralda\vendor\laravel\framework\src\Illuminate\Console\Command.php:211
C:\Users\USUARIO\Documents\Documentos Christian\Archivos Estudio\Sena\PROYECTO FORMATIVO\BackEnd\Conexion-EcoRisaralda\vendor\symfony\console\Command\Command.php:341
C:\Users\USUARIO\Documents\Documentos Christian\Archivos Estudio\Sena\PROYECTO FORMATIVO\BackEnd\Conexion-EcoRisaralda\vendor\laravel\framework\src\Illuminate\Console\Command.php:180
C:\Users\USUARIO\Documents\Documentos Christian\Archivos Estudio\Sena\PROYECTO FORMATIVO\BackEnd\Conexion-EcoRisaralda\vendor\laravel\framework\src\Illuminate\Console\Concerns\CallsCommands.php:68
C:\Users\USUARIO\Documents\Documentos Christian\Archivos Estudio\Sena\PROYECTO FORMATIVO\BackEnd\Conexion-EcoRisaralda\vendor\laravel\framework\src\Illuminate\Console\Concerns\CallsCommands.php:29
C:\Users\USUARIO\Documents\Documentos Christian\Archivos Estudio\Sena\PROYECTO FORMATIVO\BackEnd\Conexion-EcoRisaralda\vendor\laravel\framework\src\Illuminate\Database\Console\Migrations\FreshCommand.php:81
C:\Users\USUARIO\Documents\Documentos Christian\Archivos Estudio\Sena\PROYECTO FORMATIVO\BackEnd\Conexion-EcoRisaralda\vendor\laravel\framework\src\Illuminate\Container\BoundMethod.php:36
C:\Users\USUARIO\Documents\Documentos Christian\Archivos Estudio\Sena\PROYECTO FORMATIVO\BackEnd\Conexion-EcoRisaralda\vendor\laravel\framework\src\Illuminate\Container\Util.php:43
C:\Users\USUARIO\Documents\Documentos Christian\Archivos Estudio\Sena\PROYECTO FORMATIVO\BackEnd\Conexion-EcoRisaralda\vendor\laravel\framework\src\Illuminate\Container\BoundMethod.php:96
C:\Users\USUARIO\Documents\Documentos Christian\Archivos Estudio\Sena\PROYECTO FORMATIVO\BackEnd\Conexion-EcoRisaralda\vendor\laravel\framework\src\Illuminate\Container\BoundMethod.php:35
C:\Users\USUARIO\Documents\Documentos Christian\Archivos Estudio\Sena\PROYECTO FORMATIVO\BackEnd\Conexion-EcoRisaralda\vendor\laravel\framework\src\Illuminate\Container\Container.php:799
C:\Users\USUARIO\Documents\Documentos Christian\Archivos Estudio\Sena\PROYECTO FORMATIVO\BackEnd\Conexion-EcoRisaralda\vendor\laravel\framework\src\Illuminate\Console\Command.php:211
C:\Users\USUARIO\Documents\Documentos Christian\Archivos Estudio\Sena\PROYECTO FORMATIVO\BackEnd\Conexion-EcoRisaralda\vendor\symfony\console\Command\Command.php:341
C:\Users\USUARIO\Documents\Documentos Christian\Archivos Estudio\Sena\PROYECTO FORMATIVO\BackEnd\Conexion-EcoRisaralda\vendor\laravel\framework\src\Illuminate\Console\Command.php:180
C:\Users\USUARIO\Documents\Documentos Christian\Archivos Estudio\Sena\PROYECTO FORMATIVO\BackEnd\Conexion-EcoRisaralda\vendor\symfony\console\Application.php:1079
C:\Users\USUARIO\Documents\Documentos Christian\Archivos Estudio\Sena\PROYECTO FORMATIVO\BackEnd\Conexion-EcoRisaralda\vendor\symfony\console\Application.php:356
C:\Users\USUARIO\Documents\Documentos Christian\Archivos Estudio\Sena\PROYECTO FORMATIVO\BackEnd\Conexion-EcoRisaralda\vendor\symfony\console\Application.php:195
C:\Users\USUARIO\Documents\Documentos Christian\Archivos Estudio\Sena\PROYECTO FORMATIVO\BackEnd\Conexion-EcoRisaralda\vendor\laravel\framework\src\Illuminate\Console\Application.php:165
C:\Users\USUARIO\Documents\Documentos Christian\Archivos Estudio\Sena\PROYECTO FORMATIVO\BackEnd\Conexion-EcoRisaralda\vendor\laravel\framework\src\Illuminate\Foundation\Console\Kernel.php:447
C:\Users\USUARIO\Documents\Documentos Christian\Archivos Estudio\Sena\PROYECTO FORMATIVO\BackEnd\Conexion-EcoRisaralda\vendor\laravel\framework\src\Illuminate\Testing\PendingCommand.php:451
C:\Users\USUARIO\Documents\Documentos Christian\Archivos Estudio\Sena\PROYECTO FORMATIVO\BackEnd\Conexion-EcoRisaralda\vendor\laravel\framework\src\Illuminate\Testing\PendingCommand.php:675
C:\Users\USUARIO\Documents\Documentos Christian\Archivos Estudio\Sena\PROYECTO FORMATIVO\BackEnd\Conexion-EcoRisaralda\vendor\laravel\framework\src\Illuminate\Foundation\Testing\Concerns\InteractsWithConsole.php:87
C:\Users\USUARIO\Documents\Documentos Christian\Archivos Estudio\Sena\PROYECTO FORMATIVO\BackEnd\Conexion-EcoRisaralda\vendor\laravel\framework\src\Illuminate\Foundation\Testing\RefreshDatabase.php:119
C:\Users\USUARIO\Documents\Documentos Christian\Archivos Estudio\Sena\PROYECTO FORMATIVO\BackEnd\Conexion-EcoRisaralda\vendor\laravel\framework\src\Illuminate\Foundation\Testing\RefreshDatabase.php:84
C:\Users\USUARIO\Documents\Documentos Christian\Archivos Estudio\Sena\PROYECTO FORMATIVO\BackEnd\Conexion-EcoRisaralda\vendor\laravel\framework\src\Illuminate\Foundation\Testing\RefreshDatabase.php:25
C:\Users\USUARIO\Documents\Documentos Christian\Archivos Estudio\Sena\PROYECTO FORMATIVO\BackEnd\Conexion-EcoRisaralda\vendor\laravel\framework\src\Illuminate\Foundation\Testing\Concerns\InteractsWithTestCaseLifecycle.php:217
C:\Users\USUARIO\Documents\Documentos Christian\Archivos Estudio\Sena\PROYECTO FORMATIVO\BackEnd\Conexion-EcoRisaralda\vendor\laravel\framework\src\Illuminate\Foundation\Testing\Concerns\InteractsWithTestCaseLifecycle.php:101
C:\Users\USUARIO\Documents\Documentos Christian\Archivos Estudio\Sena\PROYECTO FORMATIVO\BackEnd\Conexion-EcoRisaralda\vendor\laravel\framework\src\Illuminate\Foundation\Testing\TestCase.php:63</error>
        </testcase>
      </testsuite>
    </testsuite>
  </testsuite>
</testsuites>
